2026-02-11T15:10:15.0881491Z Current runner version: '2.331.0'
2026-02-11T15:10:15.0905387Z ##[group]Runner Image Provisioner
2026-02-11T15:10:15.0906201Z Hosted Compute Agent
2026-02-11T15:10:15.0906703Z Version: 20260123.484
2026-02-11T15:10:15.0907383Z Commit: 6bd6555ca37d84114959e1c76d2c01448ff61c5d
2026-02-11T15:10:15.0908029Z Build Date: 2026-01-23T19:41:17Z
2026-02-11T15:10:15.0908647Z Worker ID: {34988249-d3d8-4f14-9428-96076d50d81a}
2026-02-11T15:10:15.0909551Z Azure Region: westus
2026-02-11T15:10:15.0910087Z ##[endgroup]
2026-02-11T15:10:15.0911468Z ##[group]Operating System
2026-02-11T15:10:15.0912132Z Ubuntu
2026-02-11T15:10:15.0912598Z 24.04.3
2026-02-11T15:10:15.0913006Z LTS
2026-02-11T15:10:15.0913533Z ##[endgroup]
2026-02-11T15:10:15.0913986Z ##[group]Runner Image
2026-02-11T15:10:15.0914508Z Image: ubuntu-24.04
2026-02-11T15:10:15.0915001Z Version: 20260201.15.1
2026-02-11T15:10:15.0916174Z Included Software: https://github.com/actions/runner-images/blob/ubuntu24/20260201.15/images/ubuntu/Ubuntu2404-Readme.md
2026-02-11T15:10:15.0917669Z Image Release: https://github.com/actions/runner-images/releases/tag/ubuntu24%2F20260201.15
2026-02-11T15:10:15.0918611Z ##[endgroup]
2026-02-11T15:10:15.0919895Z ##[group]GITHUB_TOKEN Permissions
2026-02-11T15:10:15.0921674Z Contents: read
2026-02-11T15:10:15.0922226Z Metadata: read
2026-02-11T15:10:15.0922829Z Packages: read
2026-02-11T15:10:15.0923302Z ##[endgroup]
2026-02-11T15:10:15.0925423Z Secret source: Actions
2026-02-11T15:10:15.0926072Z Prepare workflow directory
2026-02-11T15:10:15.1535605Z Prepare all required actions
2026-02-11T15:10:15.1574085Z Getting action download info
2026-02-11T15:10:15.6025147Z Download action repository 'actions/checkout@v6' (SHA:de0fac2e4500dabe0009e67214ff5f5447ce83dd)
2026-02-11T15:10:15.7966626Z Complete job name: Test on ubuntu-24.04
2026-02-11T15:10:15.8512725Z ##[group]Checking docker version
2026-02-11T15:10:15.8526095Z ##[command]/usr/bin/docker version --format '{{.Server.APIVersion}}'
2026-02-11T15:10:15.9357955Z '1.48'
2026-02-11T15:10:15.9370249Z Docker daemon API version: '1.48'
2026-02-11T15:10:15.9371002Z ##[command]/usr/bin/docker version --format '{{.Client.APIVersion}}'
2026-02-11T15:10:15.9568181Z '1.48'
2026-02-11T15:10:15.9582576Z Docker client API version: '1.48'
2026-02-11T15:10:15.9588770Z ##[endgroup]
2026-02-11T15:10:15.9592156Z ##[group]Clean up resources from previous jobs
2026-02-11T15:10:15.9597659Z ##[command]/usr/bin/docker ps --all --quiet --no-trunc --filter "label=2b8d3b"
2026-02-11T15:10:15.9743864Z ##[command]/usr/bin/docker network prune --force --filter "label=2b8d3b"
2026-02-11T15:10:15.9883151Z ##[endgroup]
2026-02-11T15:10:15.9883654Z ##[group]Create local container network
2026-02-11T15:10:15.9894372Z ##[command]/usr/bin/docker network create --label 2b8d3b github_network_eec7ef5239e24c7e8e5e8e89fd705e51
2026-02-11T15:10:16.0403380Z a3db4b19dbd1e68b6ffdccff6363b30c6e1fca1a2e37fc68c1cd953b3db9382e
2026-02-11T15:10:16.0423671Z ##[endgroup]
2026-02-11T15:10:16.0447002Z ##[group]Starting job container
2026-02-11T15:10:16.0469786Z ##[command]/usr/bin/docker pull ubuntu:24.04
2026-02-11T15:10:16.9615355Z 24.04: Pulling from library/ubuntu
2026-02-11T15:10:17.2313244Z a3629ac5b9f4: Pulling fs layer
2026-02-11T15:10:17.6145359Z a3629ac5b9f4: Verifying Checksum
2026-02-11T15:10:17.6145971Z a3629ac5b9f4: Download complete
2026-02-11T15:10:18.6712474Z a3629ac5b9f4: Pull complete
2026-02-11T15:10:18.6794860Z Digest: sha256:cd1dba651b3080c3686ecf4e3c4220f026b521fb76978881737d24f200828b2b
2026-02-11T15:10:18.6808689Z Status: Downloaded newer image for ubuntu:24.04
2026-02-11T15:10:18.6818478Z docker.io/library/ubuntu:24.04
2026-02-11T15:10:18.6904734Z ##[command]/usr/bin/docker create --name 2b5466ff6ae6406b88df783154e68218_ubuntu2404_3abde4 --label 2b8d3b --workdir /__w/ImunoEdge/ImunoEdge --network github_network_eec7ef5239e24c7e8e5e8e89fd705e51  -e "HOME=/github/home" -e GITHUB_ACTIONS=true -e CI=true -v "/var/run/docker.sock":"/var/run/docker.sock" -v "/home/runner/work":"/__w" -v "/home/runner/actions-runner/cached/externals":"/__e":ro -v "/home/runner/work/_temp":"/__w/_temp" -v "/home/runner/work/_actions":"/__w/_actions" -v "/opt/hostedtoolcache":"/__t" -v "/home/runner/work/_temp/_github_home":"/github/home" -v "/home/runner/work/_temp/_github_workflow":"/github/workflow" --entrypoint "tail" ubuntu:24.04 "-f" "/dev/null"
2026-02-11T15:10:18.7600983Z f9bdd445f4c07e5da815c94474198d7462175107fe2d7a13abfe609070309687
2026-02-11T15:10:18.7627000Z ##[command]/usr/bin/docker start f9bdd445f4c07e5da815c94474198d7462175107fe2d7a13abfe609070309687
2026-02-11T15:10:19.0211134Z f9bdd445f4c07e5da815c94474198d7462175107fe2d7a13abfe609070309687
2026-02-11T15:10:19.0230424Z ##[command]/usr/bin/docker ps --all --filter id=f9bdd445f4c07e5da815c94474198d7462175107fe2d7a13abfe609070309687 --filter status=running --no-trunc --format "{{.ID}} {{.Status}}"
2026-02-11T15:10:19.0346906Z f9bdd445f4c07e5da815c94474198d7462175107fe2d7a13abfe609070309687 Up Less than a second
2026-02-11T15:10:19.0367175Z ##[command]/usr/bin/docker inspect --format "{{range .Config.Env}}{{println .}}{{end}}" f9bdd445f4c07e5da815c94474198d7462175107fe2d7a13abfe609070309687
2026-02-11T15:10:19.0493658Z GITHUB_ACTIONS=true
2026-02-11T15:10:19.0494250Z CI=true
2026-02-11T15:10:19.0494584Z HOME=/github/home
2026-02-11T15:10:19.0495169Z PATH=/usr/local/sbin:/usr/local/bin:/usr/sbin:/usr/bin:/sbin:/bin
2026-02-11T15:10:19.0516888Z ##[endgroup]
2026-02-11T15:10:19.0526308Z ##[group]Waiting for all services to be ready
2026-02-11T15:10:19.0528019Z ##[endgroup]
2026-02-11T15:10:19.0756673Z ##[group]Run apt-get update
2026-02-11T15:10:19.0757142Z [36;1mapt-get update[0m
2026-02-11T15:10:19.0757545Z [36;1mapt-get install -y python3 python3-pip python3-venv git[0m
2026-02-11T15:10:19.0761594Z shell: sh -e {0}
2026-02-11T15:10:19.0762119Z env:
2026-02-11T15:10:19.0762356Z   PYTHON_VERSION_DEFAULT: 3.11
2026-02-11T15:10:19.0762637Z ##[endgroup]
2026-02-11T15:10:20.2883042Z Get:1 http://archive.ubuntu.com/ubuntu noble InRelease [256 kB]
2026-02-11T15:10:20.2883687Z Get:2 http://security.ubuntu.com/ubuntu noble-security InRelease [126 kB]
2026-02-11T15:10:21.0105281Z Get:3 http://archive.ubuntu.com/ubuntu noble-updates InRelease [126 kB]
2026-02-11T15:10:21.1849486Z Get:4 http://security.ubuntu.com/ubuntu noble-security/multiverse amd64 Packages [34.8 kB]
2026-02-11T15:10:21.1980252Z Get:5 http://archive.ubuntu.com/ubuntu noble-backports InRelease [126 kB]
2026-02-11T15:10:21.3755069Z Get:6 http://security.ubuntu.com/ubuntu noble-security/universe amd64 Packages [1199 kB]
2026-02-11T15:10:21.3892680Z Get:7 http://archive.ubuntu.com/ubuntu noble/universe amd64 Packages [19.3 MB]
2026-02-11T15:10:21.8799967Z Get:8 http://security.ubuntu.com/ubuntu noble-security/main amd64 Packages [1822 kB]
2026-02-11T15:10:22.0685281Z Get:9 http://security.ubuntu.com/ubuntu noble-security/restricted amd64 Packages [3106 kB]
2026-02-11T15:10:22.4827307Z Get:10 http://archive.ubuntu.com/ubuntu noble/main amd64 Packages [1808 kB]
2026-02-11T15:10:22.5270594Z Get:11 http://archive.ubuntu.com/ubuntu noble/restricted amd64 Packages [117 kB]
2026-02-11T15:10:22.5275975Z Get:12 http://archive.ubuntu.com/ubuntu noble/multiverse amd64 Packages [331 kB]
2026-02-11T15:10:22.5370459Z Get:13 http://archive.ubuntu.com/ubuntu noble-updates/multiverse amd64 Packages [38.1 kB]
2026-02-11T15:10:22.5386966Z Get:14 http://archive.ubuntu.com/ubuntu noble-updates/main amd64 Packages [2201 kB]
2026-02-11T15:10:22.6214152Z Get:15 http://archive.ubuntu.com/ubuntu noble-updates/restricted amd64 Packages [3287 kB]
2026-02-11T15:10:22.7222273Z Get:16 http://archive.ubuntu.com/ubuntu noble-updates/universe amd64 Packages [1978 kB]
2026-02-11T15:10:22.7852077Z Get:17 http://archive.ubuntu.com/ubuntu noble-backports/main amd64 Packages [49.5 kB]
2026-02-11T15:10:22.7864024Z Get:18 http://archive.ubuntu.com/ubuntu noble-backports/universe amd64 Packages [34.6 kB]
2026-02-11T15:10:23.4330259Z Fetched 36.0 MB in 3s (10.3 MB/s)
2026-02-11T15:10:24.2443301Z Reading package lists...
2026-02-11T15:10:25.0644909Z Reading package lists...
2026-02-11T15:10:25.2592644Z Building dependency tree...
2026-02-11T15:10:25.2665136Z Reading state information...
2026-02-11T15:10:25.4493049Z The following additional packages will be installed:
2026-02-11T15:10:25.4494173Z   adduser binutils binutils-common binutils-x86-64-linux-gnu build-essential
2026-02-11T15:10:25.4495140Z   bzip2 ca-certificates cpp cpp-13 cpp-13-x86-64-linux-gnu
2026-02-11T15:10:25.4496019Z   cpp-x86-64-linux-gnu dirmngr dpkg-dev fakeroot fontconfig-config
2026-02-11T15:10:25.4497180Z   fonts-dejavu-core fonts-dejavu-mono g++ g++-13 g++-13-x86-64-linux-gnu
2026-02-11T15:10:25.4498453Z   g++-x86-64-linux-gnu gcc gcc-13 gcc-13-base gcc-13-x86-64-linux-gnu
2026-02-11T15:10:25.4500433Z   gcc-x86-64-linux-gnu git-man gnupg gnupg-l10n gnupg-utils gpg gpg-agent
2026-02-11T15:10:25.4501246Z   gpg-wks-client gpgconf gpgsm javascript-common keyboxd krb5-locales less
2026-02-11T15:10:25.4502154Z   libalgorithm-diff-perl libalgorithm-diff-xs-perl libalgorithm-merge-perl
2026-02-11T15:10:25.4503084Z   libaom3 libasan8 libatomic1 libbinutils libbrotli1 libbsd0 libc-bin
2026-02-11T15:10:25.4503906Z   libc-dev-bin libc-devtools libc6 libc6-dev libcbor0.10 libcc1-0 libcrypt-dev
2026-02-11T15:10:25.4504784Z   libctf-nobfd0 libctf0 libcurl3t64-gnutls libde265-0 libdeflate0 libdpkg-perl
2026-02-11T15:10:25.4505639Z   libedit2 liberror-perl libexpat1 libexpat1-dev libfakeroot libfido2-1
2026-02-11T15:10:25.4506542Z   libfile-fcntllock-perl libfontconfig1 libfreetype6 libgcc-13-dev libgd3
2026-02-11T15:10:25.4508052Z   libgdbm-compat4t64 libgdbm6t64 libgomp1 libgprofng0 libgssapi-krb5-2
2026-02-11T15:10:25.4509287Z   libheif-plugin-aomdec libheif-plugin-aomenc libheif-plugin-libde265 libheif1
2026-02-11T15:10:25.4510243Z   libhwasan0 libisl23 libitm1 libjansson4 libjbig0 libjpeg-turbo8 libjpeg8
2026-02-11T15:10:25.4511103Z   libjs-jquery libjs-sphinxdoc libjs-underscore libk5crypto3 libkeyutils1
2026-02-11T15:10:25.4511947Z   libkrb5-3 libkrb5support0 libksba8 libldap-common libldap2 liblerc4
2026-02-11T15:10:25.4512709Z   liblocale-gettext-perl liblsan0 libmpc3 libmpfr6 libnghttp2-14
2026-02-11T15:10:25.4513562Z   libperl5.38t64 libpng16-16t64 libpsl5t64 libpython3-dev libpython3-stdlib
2026-02-11T15:10:25.4514363Z   libpython3.12-dev libpython3.12-minimal libpython3.12-stdlib
2026-02-11T15:10:25.4515162Z   libpython3.12t64 libquadmath0 libreadline8t64 librtmp1 libsasl2-2
2026-02-11T15:10:25.4515993Z   libsasl2-modules libsasl2-modules-db libsframe1 libsharpyuv0 libsqlite3-0
2026-02-11T15:10:25.4516891Z   libssh-4 libssl3t64 libstdc++-13-dev libtiff6 libtsan2 libubsan1 libwebp7
2026-02-11T15:10:25.4517738Z   libx11-6 libx11-data libxau6 libxcb1 libxdmcp6 libxext6 libxmuu1 libxpm4
2026-02-11T15:10:25.4518605Z   linux-libc-dev lto-disabled-list make manpages manpages-dev media-types
2026-02-11T15:10:25.4519690Z   netbase openssh-client openssl patch perl perl-modules-5.38 pinentry-curses
2026-02-11T15:10:25.4520467Z   publicsuffix python3-dev python3-minimal python3-pip-whl
2026-02-11T15:10:25.4521205Z   python3-pkg-resources python3-setuptools python3-setuptools-whl
2026-02-11T15:10:25.4522030Z   python3-wheel python3.12 python3.12-dev python3.12-minimal python3.12-venv
2026-02-11T15:10:25.4522962Z   readline-common rpcsvc-proto tzdata xauth xz-utils zlib1g-dev
2026-02-11T15:10:25.4523650Z Suggested packages:
2026-02-11T15:10:25.4524099Z   cron quota ecryptfs-utils binutils-doc gprofng-gui bzip2-doc cpp-doc
2026-02-11T15:10:25.4524577Z   gcc-13-locales cpp-13-doc dbus-user-session libpam-systemd pinentry-gnome3
2026-02-11T15:10:25.4525264Z   tor debian-keyring g++-multilib g++-13-multilib gcc-13-doc gcc-multilib
2026-02-11T15:10:25.4525771Z   autoconf automake libtool flex bison gdb gcc-doc gcc-13-multilib
2026-02-11T15:10:25.4526236Z   gdb-x86-64-linux-gnu gettext-base git-daemon-run | git-daemon-sysvinit
2026-02-11T15:10:25.4526882Z   git-doc git-email git-gui gitk gitweb git-cvs git-mediawiki git-svn
2026-02-11T15:10:25.4527352Z   parcimonie xloadimage gpg-wks-server scdaemon apache2 | lighttpd | httpd
2026-02-11T15:10:25.4528230Z   glibc-doc locales libnss-nis libnss-nisplus bzr libgd-tools gdbm-l10n
2026-02-11T15:10:25.4528670Z   krb5-doc krb5-user libheif-plugin-x265 libheif-plugin-ffmpegdec
2026-02-11T15:10:25.4529555Z   libheif-plugin-jpegdec libheif-plugin-jpegenc libheif-plugin-j2kdec
2026-02-11T15:10:25.4530019Z   libheif-plugin-j2kenc libheif-plugin-rav1e libheif-plugin-svtenc
2026-02-11T15:10:25.4530457Z   libsasl2-modules-gssapi-mit | libsasl2-modules-gssapi-heimdal
2026-02-11T15:10:25.4530882Z   libsasl2-modules-ldap libsasl2-modules-otp libsasl2-modules-sql
2026-02-11T15:10:25.4531524Z   libstdc++-13-doc make-doc man-browser keychain libpam-ssh monkeysphere
2026-02-11T15:10:25.4531964Z   ssh-askpass ed diffutils-doc perl-doc libterm-readline-gnu-perl
2026-02-11T15:10:25.4532559Z   | libterm-readline-perl-perl libtap-harness-archive-perl pinentry-doc
2026-02-11T15:10:25.4533059Z   python3-doc python3-tk python-setuptools-doc python3.12-doc binfmt-support
2026-02-11T15:10:25.4533520Z   readline-doc
2026-02-11T15:10:25.6983195Z The following NEW packages will be installed:
2026-02-11T15:10:25.6984111Z   adduser binutils binutils-common binutils-x86-64-linux-gnu build-essential
2026-02-11T15:10:25.6985015Z   bzip2 ca-certificates cpp cpp-13 cpp-13-x86-64-linux-gnu
2026-02-11T15:10:25.6985832Z   cpp-x86-64-linux-gnu dirmngr dpkg-dev fakeroot fontconfig-config
2026-02-11T15:10:25.6986690Z   fonts-dejavu-core fonts-dejavu-mono g++ g++-13 g++-13-x86-64-linux-gnu
2026-02-11T15:10:25.6988087Z   g++-x86-64-linux-gnu gcc gcc-13 gcc-13-base gcc-13-x86-64-linux-gnu
2026-02-11T15:10:25.6988988Z   gcc-x86-64-linux-gnu git git-man gnupg gnupg-l10n gnupg-utils gpg gpg-agent
2026-02-11T15:10:25.6990115Z   gpg-wks-client gpgconf gpgsm javascript-common keyboxd krb5-locales less
2026-02-11T15:10:25.6991078Z   libalgorithm-diff-perl libalgorithm-diff-xs-perl libalgorithm-merge-perl
2026-02-11T15:10:25.6992026Z   libaom3 libasan8 libatomic1 libbinutils libbrotli1 libbsd0 libc-dev-bin
2026-02-11T15:10:25.6992967Z   libc-devtools libc6-dev libcbor0.10 libcc1-0 libcrypt-dev libctf-nobfd0
2026-02-11T15:10:25.6993904Z   libctf0 libcurl3t64-gnutls libde265-0 libdeflate0 libdpkg-perl libedit2
2026-02-11T15:10:25.6994755Z   liberror-perl libexpat1 libexpat1-dev libfakeroot libfido2-1
2026-02-11T15:10:25.6995563Z   libfile-fcntllock-perl libfontconfig1 libfreetype6 libgcc-13-dev libgd3
2026-02-11T15:10:25.6996409Z   libgdbm-compat4t64 libgdbm6t64 libgomp1 libgprofng0 libgssapi-krb5-2
2026-02-11T15:10:25.6997320Z   libheif-plugin-aomdec libheif-plugin-aomenc libheif-plugin-libde265 libheif1
2026-02-11T15:10:25.6998218Z   libhwasan0 libisl23 libitm1 libjansson4 libjbig0 libjpeg-turbo8 libjpeg8
2026-02-11T15:10:25.6999213Z   libjs-jquery libjs-sphinxdoc libjs-underscore libk5crypto3 libkeyutils1
2026-02-11T15:10:25.7000040Z   libkrb5-3 libkrb5support0 libksba8 libldap-common libldap2 liblerc4
2026-02-11T15:10:25.7000823Z   liblocale-gettext-perl liblsan0 libmpc3 libmpfr6 libnghttp2-14
2026-02-11T15:10:25.7001630Z   libperl5.38t64 libpng16-16t64 libpsl5t64 libpython3-dev libpython3-stdlib
2026-02-11T15:10:25.7002426Z   libpython3.12-dev libpython3.12-minimal libpython3.12-stdlib
2026-02-11T15:10:25.7003172Z   libpython3.12t64 libquadmath0 libreadline8t64 librtmp1 libsasl2-2
2026-02-11T15:10:25.7003992Z   libsasl2-modules libsasl2-modules-db libsframe1 libsharpyuv0 libsqlite3-0
2026-02-11T15:10:25.7004904Z   libssh-4 libstdc++-13-dev libtiff6 libtsan2 libubsan1 libwebp7 libx11-6
2026-02-11T15:10:25.7005612Z   libx11-data libxau6 libxcb1 libxdmcp6 libxext6 libxmuu1 libxpm4
2026-02-11T15:10:25.7006361Z   linux-libc-dev lto-disabled-list make manpages manpages-dev media-types
2026-02-11T15:10:25.7007203Z   netbase openssh-client openssl patch perl perl-modules-5.38 pinentry-curses
2026-02-11T15:10:25.7008086Z   publicsuffix python3 python3-dev python3-minimal python3-pip python3-pip-whl
2026-02-11T15:10:25.7009311Z   python3-pkg-resources python3-setuptools python3-setuptools-whl python3-venv
2026-02-11T15:10:25.7010253Z   python3-wheel python3.12 python3.12-dev python3.12-minimal python3.12-venv
2026-02-11T15:10:25.7011518Z   readline-common rpcsvc-proto tzdata xauth xz-utils zlib1g-dev
2026-02-11T15:10:25.7012225Z The following packages will be upgraded:
2026-02-11T15:10:25.7017288Z   libc-bin libc6 libssl3t64
2026-02-11T15:10:26.0107287Z 3 upgraded, 170 newly installed, 0 to remove and 1 not upgraded.
2026-02-11T15:10:26.0108010Z Need to get 130 MB of archives.
2026-02-11T15:10:26.0108546Z After this operation, 455 MB of additional disk space will be used.
2026-02-11T15:10:26.0109747Z Get:1 http://archive.ubuntu.com/ubuntu noble-updates/main amd64 libc6 amd64 2.39-0ubuntu8.7 [3263 kB]
2026-02-11T15:10:27.2915692Z Get:2 http://archive.ubuntu.com/ubuntu noble-updates/main amd64 libc-bin amd64 2.39-0ubuntu8.7 [682 kB]
2026-02-11T15:10:27.3108216Z Get:3 http://archive.ubuntu.com/ubuntu noble/main amd64 liblocale-gettext-perl amd64 1.07-6ubuntu5 [15.8 kB]
2026-02-11T15:10:27.3114383Z Get:4 http://archive.ubuntu.com/ubuntu noble-updates/main amd64 libssl3t64 amd64 3.0.13-0ubuntu3.7 [1942 kB]
2026-02-11T15:10:27.3692224Z Get:5 http://archive.ubuntu.com/ubuntu noble-updates/main amd64 libpython3.12-minimal amd64 3.12.3-1ubuntu0.11 [837 kB]
2026-02-11T15:10:27.4347264Z Get:6 http://archive.ubuntu.com/ubuntu noble-updates/main amd64 libexpat1 amd64 2.6.1-2ubuntu0.3 [88.0 kB]
2026-02-11T15:10:27.4370840Z Get:7 http://archive.ubuntu.com/ubuntu noble-updates/main amd64 python3.12-minimal amd64 3.12.3-1ubuntu0.11 [2342 kB]
2026-02-11T15:10:27.5067619Z Get:8 http://archive.ubuntu.com/ubuntu noble-updates/main amd64 python3-minimal amd64 3.12.3-0ubuntu2.1 [27.4 kB]
2026-02-11T15:10:27.5072305Z Get:9 http://archive.ubuntu.com/ubuntu noble/main amd64 media-types all 10.1.0 [27.5 kB]
2026-02-11T15:10:27.5078230Z Get:10 http://archive.ubuntu.com/ubuntu noble/main amd64 netbase all 6.4 [13.1 kB]
2026-02-11T15:10:27.5082099Z Get:11 http://archive.ubuntu.com/ubuntu noble-updates/main amd64 tzdata all 2025b-0ubuntu0.24.04.1 [276 kB]
2026-02-11T15:10:27.5669992Z Get:12 http://archive.ubuntu.com/ubuntu noble/main amd64 readline-common all 8.2-4build1 [56.5 kB]
2026-02-11T15:10:27.5677752Z Get:13 http://archive.ubuntu.com/ubuntu noble/main amd64 libreadline8t64 amd64 8.2-4build1 [153 kB]
2026-02-11T15:10:27.5694917Z Get:14 http://archive.ubuntu.com/ubuntu noble-updates/main amd64 libsqlite3-0 amd64 3.45.1-1ubuntu2.5 [701 kB]
2026-02-11T15:10:27.7048942Z Get:15 http://archive.ubuntu.com/ubuntu noble-updates/main amd64 libpython3.12-stdlib amd64 3.12.3-1ubuntu0.11 [2069 kB]
2026-02-11T15:10:27.7343023Z Get:16 http://archive.ubuntu.com/ubuntu noble-updates/main amd64 python3.12 amd64 3.12.3-1ubuntu0.11 [651 kB]
2026-02-11T15:10:27.7428754Z Get:17 http://archive.ubuntu.com/ubuntu noble-updates/main amd64 libpython3-stdlib amd64 3.12.3-0ubuntu2.1 [10.1 kB]
2026-02-11T15:10:27.7431142Z Get:18 http://archive.ubuntu.com/ubuntu noble-updates/main amd64 python3 amd64 3.12.3-0ubuntu2.1 [23.0 kB]
2026-02-11T15:10:27.7436121Z Get:19 http://archive.ubuntu.com/ubuntu noble-updates/main amd64 perl-modules-5.38 all 5.38.2-3.2ubuntu0.2 [3110 kB]
2026-02-11T15:10:27.8651782Z Get:20 http://archive.ubuntu.com/ubuntu noble/main amd64 libgdbm6t64 amd64 1.23-5.1build1 [34.4 kB]
2026-02-11T15:10:27.8658110Z Get:21 http://archive.ubuntu.com/ubuntu noble/main amd64 libgdbm-compat4t64 amd64 1.23-5.1build1 [6710 B]
2026-02-11T15:10:27.8660072Z Get:22 http://archive.ubuntu.com/ubuntu noble-updates/main amd64 libperl5.38t64 amd64 5.38.2-3.2ubuntu0.2 [4874 kB]
2026-02-11T15:10:28.0121992Z Get:23 http://archive.ubuntu.com/ubuntu noble-updates/main amd64 perl amd64 5.38.2-3.2ubuntu0.2 [231 kB]
2026-02-11T15:10:28.0143531Z Get:24 http://archive.ubuntu.com/ubuntu noble/main amd64 adduser all 3.137ubuntu1 [101 kB]
2026-02-11T15:10:28.0153980Z Get:25 http://archive.ubuntu.com/ubuntu noble-updates/main amd64 openssl amd64 3.0.13-0ubuntu3.7 [1003 kB]
2026-02-11T15:10:28.0305478Z Get:26 http://archive.ubuntu.com/ubuntu noble/main amd64 ca-certificates all 20240203 [159 kB]
2026-02-11T15:10:28.0320794Z Get:27 http://archive.ubuntu.com/ubuntu noble-updates/main amd64 krb5-locales all 1.20.1-6ubuntu2.6 [14.8 kB]
2026-02-11T15:10:28.0324006Z Get:28 http://archive.ubuntu.com/ubuntu noble-updates/main amd64 less amd64 590-2ubuntu2.1 [142 kB]
2026-02-11T15:10:28.1190516Z Get:29 http://archive.ubuntu.com/ubuntu noble-updates/main amd64 libbsd0 amd64 0.12.1-1build1.1 [41.2 kB]
2026-02-11T15:10:28.1197143Z Get:30 http://archive.ubuntu.com/ubuntu noble-updates/main amd64 libkrb5support0 amd64 1.20.1-6ubuntu2.6 [34.4 kB]
2026-02-11T15:10:28.1201944Z Get:31 http://archive.ubuntu.com/ubuntu noble-updates/main amd64 libk5crypto3 amd64 1.20.1-6ubuntu2.6 [82.0 kB]
2026-02-11T15:10:28.2571341Z Get:32 http://archive.ubuntu.com/ubuntu noble/main amd64 libkeyutils1 amd64 1.6.3-3build1 [9490 B]
2026-02-11T15:10:28.2576778Z Get:33 http://archive.ubuntu.com/ubuntu noble-updates/main amd64 libkrb5-3 amd64 1.20.1-6ubuntu2.6 [348 kB]
2026-02-11T15:10:28.2608594Z Get:34 http://archive.ubuntu.com/ubuntu noble-updates/main amd64 libgssapi-krb5-2 amd64 1.20.1-6ubuntu2.6 [143 kB]
2026-02-11T15:10:28.2623045Z Get:35 http://archive.ubuntu.com/ubuntu noble-updates/main amd64 python3-pkg-resources all 68.1.2-2ubuntu1.2 [168 kB]
2026-02-11T15:10:28.2639330Z Get:36 http://archive.ubuntu.com/ubuntu noble/main amd64 libcbor0.10 amd64 0.10.2-1.2ubuntu2 [25.8 kB]
2026-02-11T15:10:28.2645256Z Get:37 http://archive.ubuntu.com/ubuntu noble/main amd64 libedit2 amd64 3.1-20230828-1build1 [97.6 kB]
2026-02-11T15:10:28.2655392Z Get:38 http://archive.ubuntu.com/ubuntu noble/main amd64 libfido2-1 amd64 1.14.0-1build3 [83.5 kB]
2026-02-11T15:10:28.3956183Z Get:39 http://archive.ubuntu.com/ubuntu noble/main amd64 libjansson4 amd64 2.14-2build2 [32.8 kB]
2026-02-11T15:10:28.3960747Z Get:40 http://archive.ubuntu.com/ubuntu noble-updates/main amd64 libnghttp2-14 amd64 1.59.0-1ubuntu0.2 [74.3 kB]
2026-02-11T15:10:28.3968267Z Get:41 http://archive.ubuntu.com/ubuntu noble-updates/main amd64 libpng16-16t64 amd64 1.6.43-5ubuntu0.4 [188 kB]
2026-02-11T15:10:28.5337378Z Get:42 http://archive.ubuntu.com/ubuntu noble/main amd64 libpsl5t64 amd64 0.21.2-1.1build1 [57.1 kB]
2026-02-11T15:10:28.5345893Z Get:43 http://archive.ubuntu.com/ubuntu noble/main amd64 libxau6 amd64 1:1.0.9-1build6 [7160 B]
2026-02-11T15:10:28.5350733Z Get:44 http://archive.ubuntu.com/ubuntu noble/main amd64 libxdmcp6 amd64 1:1.1.3-0ubuntu6 [10.3 kB]
2026-02-11T15:10:28.5355388Z Get:45 http://archive.ubuntu.com/ubuntu noble/main amd64 libxcb1 amd64 1.15-1ubuntu2 [47.7 kB]
2026-02-11T15:10:28.5362100Z Get:46 http://archive.ubuntu.com/ubuntu noble/main amd64 libx11-data all 2:1.8.7-1build1 [115 kB]
2026-02-11T15:10:28.5374210Z Get:47 http://archive.ubuntu.com/ubuntu noble/main amd64 libx11-6 amd64 2:1.8.7-1build1 [650 kB]
2026-02-11T15:10:28.5430602Z Get:48 http://archive.ubuntu.com/ubuntu noble/main amd64 libxext6 amd64 2:1.3.4-1build2 [30.4 kB]
2026-02-11T15:10:28.6718042Z Get:49 http://archive.ubuntu.com/ubuntu noble/main amd64 libxmuu1 amd64 2:1.1.3-3build2 [8958 B]
2026-02-11T15:10:28.6722991Z Get:50 http://archive.ubuntu.com/ubuntu noble/main amd64 manpages all 6.7-2 [1384 kB]
2026-02-11T15:10:28.6868925Z Get:51 http://archive.ubuntu.com/ubuntu noble-updates/main amd64 openssh-client amd64 1:9.6p1-3ubuntu13.14 [906 kB]
2026-02-11T15:10:28.8096272Z Get:52 http://archive.ubuntu.com/ubuntu noble/main amd64 publicsuffix all 20231001.0357-0.1 [129 kB]
2026-02-11T15:10:28.8109209Z Get:53 http://archive.ubuntu.com/ubuntu noble/main amd64 xauth amd64 1:1.1.2-1build1 [25.6 kB]
2026-02-11T15:10:28.8114383Z Get:54 http://archive.ubuntu.com/ubuntu noble-updates/main amd64 xz-utils amd64 5.6.1+really5.4.5-1ubuntu0.2 [267 kB]
2026-02-11T15:10:28.8137302Z Get:55 http://archive.ubuntu.com/ubuntu noble-updates/main amd64 binutils-common amd64 2.42-4ubuntu2.8 [240 kB]
2026-02-11T15:10:28.8164058Z Get:56 http://archive.ubuntu.com/ubuntu noble-updates/main amd64 libsframe1 amd64 2.42-4ubuntu2.8 [15.6 kB]
2026-02-11T15:10:28.8167138Z Get:57 http://archive.ubuntu.com/ubuntu noble-updates/main amd64 libbinutils amd64 2.42-4ubuntu2.8 [576 kB]
2026-02-11T15:10:28.8230970Z Get:58 http://archive.ubuntu.com/ubuntu noble-updates/main amd64 libctf-nobfd0 amd64 2.42-4ubuntu2.8 [97.9 kB]
2026-02-11T15:10:28.9478813Z Get:59 http://archive.ubuntu.com/ubuntu noble-updates/main amd64 libctf0 amd64 2.42-4ubuntu2.8 [94.5 kB]
2026-02-11T15:10:28.9489313Z Get:60 http://archive.ubuntu.com/ubuntu noble-updates/main amd64 libgprofng0 amd64 2.42-4ubuntu2.8 [849 kB]
2026-02-11T15:10:28.9578725Z Get:61 http://archive.ubuntu.com/ubuntu noble-updates/main amd64 binutils-x86-64-linux-gnu amd64 2.42-4ubuntu2.8 [2463 kB]
2026-02-11T15:10:29.0906043Z Get:62 http://archive.ubuntu.com/ubuntu noble-updates/main amd64 binutils amd64 2.42-4ubuntu2.8 [18.1 kB]
2026-02-11T15:10:29.0911888Z Get:63 http://archive.ubuntu.com/ubuntu noble-updates/main amd64 libc-dev-bin amd64 2.39-0ubuntu8.7 [20.4 kB]
2026-02-11T15:10:29.0913689Z Get:64 http://archive.ubuntu.com/ubuntu noble-updates/main amd64 linux-libc-dev amd64 6.8.0-100.100 [2042 kB]
2026-02-11T15:10:29.1137590Z Get:65 http://archive.ubuntu.com/ubuntu noble/main amd64 libcrypt-dev amd64 1:4.4.36-4build1 [112 kB]
2026-02-11T15:10:29.1147809Z Get:66 http://archive.ubuntu.com/ubuntu noble/main amd64 rpcsvc-proto amd64 1.4.2-0ubuntu7 [67.4 kB]
2026-02-11T15:10:29.1154776Z Get:67 http://archive.ubuntu.com/ubuntu noble-updates/main amd64 libc6-dev amd64 2.39-0ubuntu8.7 [2124 kB]
2026-02-11T15:10:29.2298581Z Get:68 http://archive.ubuntu.com/ubuntu noble-updates/main amd64 gcc-13-base amd64 13.3.0-6ubuntu2~24.04 [51.5 kB]
2026-02-11T15:10:29.2304954Z Get:69 http://archive.ubuntu.com/ubuntu noble-updates/main amd64 libisl23 amd64 0.26-3build1.1 [680 kB]
2026-02-11T15:10:29.2376245Z Get:70 http://archive.ubuntu.com/ubuntu noble-updates/main amd64 libmpfr6 amd64 4.2.1-1build1.1 [353 kB]
2026-02-11T15:10:29.2414742Z Get:71 http://archive.ubuntu.com/ubuntu noble-updates/main amd64 libmpc3 amd64 1.3.1-1build1.1 [54.6 kB]
2026-02-11T15:10:29.3664986Z Get:72 http://archive.ubuntu.com/ubuntu noble-updates/main amd64 cpp-13-x86-64-linux-gnu amd64 13.3.0-6ubuntu2~24.04 [10.7 MB]
2026-02-11T15:10:29.6691544Z Get:73 http://archive.ubuntu.com/ubuntu noble-updates/main amd64 cpp-13 amd64 13.3.0-6ubuntu2~24.04 [1038 B]
2026-02-11T15:10:29.6693259Z Get:74 http://archive.ubuntu.com/ubuntu noble/main amd64 cpp-x86-64-linux-gnu amd64 4:13.2.0-7ubuntu1 [5326 B]
2026-02-11T15:10:29.6694806Z Get:75 http://archive.ubuntu.com/ubuntu noble/main amd64 cpp amd64 4:13.2.0-7ubuntu1 [22.4 kB]
2026-02-11T15:10:29.6699635Z Get:76 http://archive.ubuntu.com/ubuntu noble-updates/main amd64 libcc1-0 amd64 14.2.0-4ubuntu2~24.04 [48.0 kB]
2026-02-11T15:10:29.6705488Z Get:77 http://archive.ubuntu.com/ubuntu noble-updates/main amd64 libgomp1 amd64 14.2.0-4ubuntu2~24.04 [148 kB]
2026-02-11T15:10:29.6718797Z Get:78 http://archive.ubuntu.com/ubuntu noble-updates/main amd64 libitm1 amd64 14.2.0-4ubuntu2~24.04 [29.7 kB]
2026-02-11T15:10:29.6723019Z Get:79 http://archive.ubuntu.com/ubuntu noble-updates/main amd64 libatomic1 amd64 14.2.0-4ubuntu2~24.04 [10.5 kB]
2026-02-11T15:10:29.6726884Z Get:80 http://archive.ubuntu.com/ubuntu noble-updates/main amd64 libasan8 amd64 14.2.0-4ubuntu2~24.04 [3031 kB]
2026-02-11T15:10:29.8096039Z Get:81 http://archive.ubuntu.com/ubuntu noble-updates/main amd64 liblsan0 amd64 14.2.0-4ubuntu2~24.04 [1322 kB]
2026-02-11T15:10:29.9477450Z Get:82 http://archive.ubuntu.com/ubuntu noble-updates/main amd64 libtsan2 amd64 14.2.0-4ubuntu2~24.04 [2772 kB]
2026-02-11T15:10:30.0359581Z Get:83 http://archive.ubuntu.com/ubuntu noble-updates/main amd64 libubsan1 amd64 14.2.0-4ubuntu2~24.04 [1184 kB]
2026-02-11T15:10:30.0735314Z Get:84 http://archive.ubuntu.com/ubuntu noble-updates/main amd64 libhwasan0 amd64 14.2.0-4ubuntu2~24.04 [1641 kB]
2026-02-11T15:10:30.1260130Z Get:85 http://archive.ubuntu.com/ubuntu noble-updates/main amd64 libquadmath0 amd64 14.2.0-4ubuntu2~24.04 [153 kB]
2026-02-11T15:10:30.1305300Z Get:86 http://archive.ubuntu.com/ubuntu noble-updates/main amd64 libgcc-13-dev amd64 13.3.0-6ubuntu2~24.04 [2681 kB]
2026-02-11T15:10:30.2167320Z Get:87 http://archive.ubuntu.com/ubuntu noble-updates/main amd64 gcc-13-x86-64-linux-gnu amd64 13.3.0-6ubuntu2~24.04 [21.1 MB]
2026-02-11T15:10:30.8931168Z Get:88 http://archive.ubuntu.com/ubuntu noble-updates/main amd64 gcc-13 amd64 13.3.0-6ubuntu2~24.04 [494 kB]
2026-02-11T15:10:30.9061352Z Get:89 http://archive.ubuntu.com/ubuntu noble/main amd64 gcc-x86-64-linux-gnu amd64 4:13.2.0-7ubuntu1 [1212 B]
2026-02-11T15:10:30.9063123Z Get:90 http://archive.ubuntu.com/ubuntu noble/main amd64 gcc amd64 4:13.2.0-7ubuntu1 [5018 B]
2026-02-11T15:10:30.9065645Z Get:91 http://archive.ubuntu.com/ubuntu noble-updates/main amd64 libstdc++-13-dev amd64 13.3.0-6ubuntu2~24.04 [2420 kB]
2026-02-11T15:10:30.9816939Z Get:92 http://archive.ubuntu.com/ubuntu noble-updates/main amd64 g++-13-x86-64-linux-gnu amd64 13.3.0-6ubuntu2~24.04 [12.2 MB]
2026-02-11T15:10:31.3686756Z Get:93 http://archive.ubuntu.com/ubuntu noble-updates/main amd64 g++-13 amd64 13.3.0-6ubuntu2~24.04 [16.1 kB]
2026-02-11T15:10:31.3689277Z Get:94 http://archive.ubuntu.com/ubuntu noble/main amd64 g++-x86-64-linux-gnu amd64 4:13.2.0-7ubuntu1 [964 B]
2026-02-11T15:10:31.3691587Z Get:95 http://archive.ubuntu.com/ubuntu noble/main amd64 g++ amd64 4:13.2.0-7ubuntu1 [1100 B]
2026-02-11T15:10:31.3692617Z Get:96 http://archive.ubuntu.com/ubuntu noble/main amd64 make amd64 4.3-4.1build2 [180 kB]
2026-02-11T15:10:31.3770799Z Get:97 http://archive.ubuntu.com/ubuntu noble-updates/main amd64 libdpkg-perl all 1.22.6ubuntu6.5 [269 kB]
2026-02-11T15:10:31.3833354Z Get:98 http://archive.ubuntu.com/ubuntu noble-updates/main amd64 bzip2 amd64 1.0.8-5.1build0.1 [34.5 kB]
2026-02-11T15:10:31.3837824Z Get:99 http://archive.ubuntu.com/ubuntu noble/main amd64 patch amd64 2.7.6-7build3 [104 kB]
2026-02-11T15:10:31.3872722Z Get:100 http://archive.ubuntu.com/ubuntu noble/main amd64 lto-disabled-list all 47 [12.4 kB]
2026-02-11T15:10:31.3876078Z Get:101 http://archive.ubuntu.com/ubuntu noble-updates/main amd64 dpkg-dev all 1.22.6ubuntu6.5 [1074 kB]
2026-02-11T15:10:31.6982647Z Get:102 http://archive.ubuntu.com/ubuntu noble/main amd64 build-essential amd64 12.10ubuntu1 [4928 B]
2026-02-11T15:10:31.8358708Z Get:103 http://archive.ubuntu.com/ubuntu noble-updates/main amd64 gpgconf amd64 2.4.4-2ubuntu17.4 [104 kB]
2026-02-11T15:10:32.2060378Z Get:104 http://archive.ubuntu.com/ubuntu noble/main amd64 libksba8 amd64 1.6.6-1build1 [122 kB]
2026-02-11T15:10:32.3559946Z Get:105 http://archive.ubuntu.com/ubuntu noble-updates/main amd64 libsasl2-modules-db amd64 2.1.28+dfsg1-5ubuntu3.1 [20.4 kB]
2026-02-11T15:10:32.3748632Z Get:106 http://archive.ubuntu.com/ubuntu noble-updates/main amd64 libsasl2-2 amd64 2.1.28+dfsg1-5ubuntu3.1 [53.2 kB]
2026-02-11T15:10:32.4164777Z Get:107 http://archive.ubuntu.com/ubuntu noble-updates/main amd64 libldap2 amd64 2.6.10+dfsg-0ubuntu0.24.04.1 [198 kB]
2026-02-11T15:10:32.5166578Z Get:108 http://archive.ubuntu.com/ubuntu noble-updates/main amd64 dirmngr amd64 2.4.4-2ubuntu17.4 [323 kB]
2026-02-11T15:10:32.6150125Z Get:109 http://archive.ubuntu.com/ubuntu noble/main amd64 libfakeroot amd64 1.33-1 [32.4 kB]
2026-02-11T15:10:32.6228566Z Get:110 http://archive.ubuntu.com/ubuntu noble/main amd64 fakeroot amd64 1.33-1 [67.2 kB]
2026-02-11T15:10:32.6374013Z Get:111 http://archive.ubuntu.com/ubuntu noble/main amd64 fonts-dejavu-mono all 2.37-8 [502 kB]
2026-02-11T15:10:32.7229872Z Get:112 http://archive.ubuntu.com/ubuntu noble/main amd64 fonts-dejavu-core all 2.37-8 [835 kB]
2026-02-11T15:10:32.8131589Z Get:113 http://archive.ubuntu.com/ubuntu noble/main amd64 fontconfig-config amd64 2.15.0-1.1ubuntu2 [37.3 kB]
2026-02-11T15:10:32.8155886Z Get:114 http://archive.ubuntu.com/ubuntu noble/main amd64 libbrotli1 amd64 1.1.0-2build2 [331 kB]
2026-02-11T15:10:32.8427406Z Get:115 http://archive.ubuntu.com/ubuntu noble/main amd64 librtmp1 amd64 2.4+20151223.gitfa8646d.1-2build7 [56.3 kB]
2026-02-11T15:10:32.8456987Z Get:116 http://archive.ubuntu.com/ubuntu noble-updates/main amd64 libssh-4 amd64 0.10.6-2ubuntu0.2 [188 kB]
2026-02-11T15:10:32.8595573Z Get:117 http://archive.ubuntu.com/ubuntu noble-updates/main amd64 libcurl3t64-gnutls amd64 8.5.0-2ubuntu10.6 [333 kB]
2026-02-11T15:10:32.8807491Z Get:118 http://archive.ubuntu.com/ubuntu noble/main amd64 liberror-perl all 0.17029-2 [25.6 kB]
2026-02-11T15:10:32.8819814Z Get:119 http://archive.ubuntu.com/ubuntu noble-updates/main amd64 git-man all 1:2.43.0-1ubuntu7.3 [1100 kB]
2026-02-11T15:10:32.9414967Z Get:120 http://archive.ubuntu.com/ubuntu noble-updates/main amd64 git amd64 1:2.43.0-1ubuntu7.3 [3680 kB]
2026-02-11T15:10:33.0642274Z Get:121 http://archive.ubuntu.com/ubuntu noble-updates/main amd64 gnupg-utils amd64 2.4.4-2ubuntu17.4 [109 kB]
2026-02-11T15:10:33.0654059Z Get:122 http://archive.ubuntu.com/ubuntu noble-updates/main amd64 gpg amd64 2.4.4-2ubuntu17.4 [565 kB]
2026-02-11T15:10:33.0785372Z Get:123 http://archive.ubuntu.com/ubuntu noble/main amd64 pinentry-curses amd64 1.2.1-3ubuntu5 [35.2 kB]
2026-02-11T15:10:33.0793434Z Get:124 http://archive.ubuntu.com/ubuntu noble-updates/main amd64 gpg-agent amd64 2.4.4-2ubuntu17.4 [227 kB]
2026-02-11T15:10:33.0886345Z Get:125 http://archive.ubuntu.com/ubuntu noble-updates/main amd64 gpgsm amd64 2.4.4-2ubuntu17.4 [232 kB]
2026-02-11T15:10:33.0988530Z Get:126 http://archive.ubuntu.com/ubuntu noble-updates/main amd64 keyboxd amd64 2.4.4-2ubuntu17.4 [78.3 kB]
2026-02-11T15:10:33.1014757Z Get:127 http://archive.ubuntu.com/ubuntu noble-updates/main amd64 gnupg all 2.4.4-2ubuntu17.4 [359 kB]
2026-02-11T15:10:33.1172079Z Get:128 http://archive.ubuntu.com/ubuntu noble-updates/main amd64 gnupg-l10n all 2.4.4-2ubuntu17.4 [66.4 kB]
2026-02-11T15:10:33.1816834Z Get:129 http://archive.ubuntu.com/ubuntu noble-updates/main amd64 gpg-wks-client amd64 2.4.4-2ubuntu17.4 [70.8 kB]
2026-02-11T15:10:33.2600102Z Get:130 http://archive.ubuntu.com/ubuntu noble/main amd64 javascript-common all 11+nmu1 [5936 B]
2026-02-11T15:10:33.2603782Z Get:131 http://archive.ubuntu.com/ubuntu noble/main amd64 libalgorithm-diff-perl all 1.201-1 [41.8 kB]
2026-02-11T15:10:33.2607707Z Get:132 http://archive.ubuntu.com/ubuntu noble/main amd64 libalgorithm-diff-xs-perl amd64 0.04-8build3 [11.2 kB]
2026-02-11T15:10:33.2609820Z Get:133 http://archive.ubuntu.com/ubuntu noble/main amd64 libalgorithm-merge-perl all 0.08-5 [11.4 kB]
2026-02-11T15:10:33.2614866Z Get:134 http://archive.ubuntu.com/ubuntu noble-updates/main amd64 libaom3 amd64 3.8.2-2ubuntu0.1 [1941 kB]
2026-02-11T15:10:33.2820421Z Get:135 http://archive.ubuntu.com/ubuntu noble/main amd64 libfreetype6 amd64 2.13.2+dfsg-1build3 [402 kB]
2026-02-11T15:10:33.2858741Z Get:136 http://archive.ubuntu.com/ubuntu noble/main amd64 libfontconfig1 amd64 2.15.0-1.1ubuntu2 [139 kB]
2026-02-11T15:10:33.2875894Z Get:137 http://archive.ubuntu.com/ubuntu noble/main amd64 libsharpyuv0 amd64 1.3.2-0.4build3 [15.8 kB]
2026-02-11T15:10:33.2878949Z Get:138 http://archive.ubuntu.com/ubuntu noble-updates/main amd64 libheif-plugin-aomdec amd64 1.17.6-1ubuntu4.2 [10.6 kB]
2026-02-11T15:10:33.3205467Z Get:139 http://archive.ubuntu.com/ubuntu noble/main amd64 libde265-0 amd64 1.0.15-1build3 [166 kB]
2026-02-11T15:10:33.4574076Z Get:140 http://archive.ubuntu.com/ubuntu noble-updates/main amd64 libheif-plugin-libde265 amd64 1.17.6-1ubuntu4.2 [8174 B]
2026-02-11T15:10:33.4575756Z Get:141 http://archive.ubuntu.com/ubuntu noble-updates/main amd64 libheif1 amd64 1.17.6-1ubuntu4.2 [276 kB]
2026-02-11T15:10:33.4599649Z Get:142 http://archive.ubuntu.com/ubuntu noble/main amd64 libjpeg-turbo8 amd64 2.1.5-2ubuntu2 [150 kB]
2026-02-11T15:10:33.4615307Z Get:143 http://archive.ubuntu.com/ubuntu noble/main amd64 libjpeg8 amd64 8c-2ubuntu11 [2148 B]
2026-02-11T15:10:33.4616746Z Get:144 http://archive.ubuntu.com/ubuntu noble-updates/main amd64 libdeflate0 amd64 1.19-1build1.1 [43.9 kB]
2026-02-11T15:10:33.4624130Z Get:145 http://archive.ubuntu.com/ubuntu noble/main amd64 libjbig0 amd64 2.1-6.1ubuntu2 [29.7 kB]
2026-02-11T15:10:33.4626931Z Get:146 http://archive.ubuntu.com/ubuntu noble/main amd64 liblerc4 amd64 4.0.0+ds-4ubuntu2 [179 kB]
2026-02-11T15:10:33.4641119Z Get:147 http://archive.ubuntu.com/ubuntu noble/main amd64 libwebp7 amd64 1.3.2-0.4build3 [230 kB]
2026-02-11T15:10:33.4668474Z Get:148 http://archive.ubuntu.com/ubuntu noble-updates/main amd64 libtiff6 amd64 4.5.1+git230720-4ubuntu2.4 [199 kB]
2026-02-11T15:10:33.5938535Z Get:149 http://archive.ubuntu.com/ubuntu noble/main amd64 libxpm4 amd64 1:3.5.17-1build2 [36.5 kB]
2026-02-11T15:10:33.7305521Z Get:150 http://archive.ubuntu.com/ubuntu noble/main amd64 libgd3 amd64 2.3.3-9ubuntu5 [128 kB]
2026-02-11T15:10:33.7315966Z Get:151 http://archive.ubuntu.com/ubuntu noble-updates/main amd64 libc-devtools amd64 2.39-0ubuntu8.7 [29.3 kB]
2026-02-11T15:10:33.7319881Z Get:152 http://archive.ubuntu.com/ubuntu noble-updates/main amd64 libexpat1-dev amd64 2.6.1-2ubuntu0.3 [140 kB]
2026-02-11T15:10:33.7333483Z Get:153 http://archive.ubuntu.com/ubuntu noble/main amd64 libfile-fcntllock-perl amd64 0.22-4ubuntu5 [30.7 kB]
2026-02-11T15:10:33.7337962Z Get:154 http://archive.ubuntu.com/ubuntu noble-updates/main amd64 libheif-plugin-aomenc amd64 1.17.6-1ubuntu4.2 [14.7 kB]
2026-02-11T15:10:33.7343417Z Get:155 http://archive.ubuntu.com/ubuntu noble/main amd64 libjs-jquery all 3.6.1+dfsg+~3.5.14-1 [328 kB]
2026-02-11T15:10:33.7374765Z Get:156 http://archive.ubuntu.com/ubuntu noble/main amd64 libjs-underscore all 1.13.4~dfsg+~1.11.4-3 [118 kB]
2026-02-11T15:10:33.7386767Z Get:157 http://archive.ubuntu.com/ubuntu noble/main amd64 libjs-sphinxdoc all 7.2.6-6 [149 kB]
2026-02-11T15:10:33.7402465Z Get:158 http://archive.ubuntu.com/ubuntu noble-updates/main amd64 libldap-common all 2.6.10+dfsg-0ubuntu0.24.04.1 [32.9 kB]
2026-02-11T15:10:33.8671575Z Get:159 http://archive.ubuntu.com/ubuntu noble-updates/main amd64 libpython3.12t64 amd64 3.12.3-1ubuntu0.11 [2345 kB]
2026-02-11T15:10:34.0037557Z Get:160 http://archive.ubuntu.com/ubuntu noble-updates/main amd64 zlib1g-dev amd64 1:1.3.dfsg-3.1ubuntu2.1 [894 kB]
2026-02-11T15:10:34.0134520Z Get:161 http://archive.ubuntu.com/ubuntu noble-updates/main amd64 libpython3.12-dev amd64 3.12.3-1ubuntu0.11 [5683 kB]
2026-02-11T15:10:34.1657492Z Get:162 http://archive.ubuntu.com/ubuntu noble-updates/main amd64 libpython3-dev amd64 3.12.3-0ubuntu2.1 [10.3 kB]
2026-02-11T15:10:34.1659472Z Get:163 http://archive.ubuntu.com/ubuntu noble-updates/main amd64 libsasl2-modules amd64 2.1.28+dfsg1-5ubuntu3.1 [69.9 kB]
2026-02-11T15:10:34.1667428Z Get:164 http://archive.ubuntu.com/ubuntu noble/main amd64 manpages-dev all 6.7-2 [2013 kB]
2026-02-11T15:10:34.1884613Z Get:165 http://archive.ubuntu.com/ubuntu noble-updates/main amd64 python3.12-dev amd64 3.12.3-1ubuntu0.11 [498 kB]
2026-02-11T15:10:34.2838280Z Get:166 http://archive.ubuntu.com/ubuntu noble-updates/main amd64 python3-dev amd64 3.12.3-0ubuntu2.1 [26.7 kB]
2026-02-11T15:10:34.2839536Z Get:167 http://archive.ubuntu.com/ubuntu noble-updates/main amd64 python3-setuptools all 68.1.2-2ubuntu1.2 [397 kB]
2026-02-11T15:10:34.2878912Z Get:168 http://archive.ubuntu.com/ubuntu noble/universe amd64 python3-wheel all 0.42.0-2 [53.1 kB]
2026-02-11T15:10:34.2885673Z Get:169 http://archive.ubuntu.com/ubuntu noble-updates/universe amd64 python3-pip all 24.0+dfsg-1ubuntu1.3 [1320 kB]
2026-02-11T15:10:34.3043202Z Get:170 http://archive.ubuntu.com/ubuntu noble-updates/universe amd64 python3-pip-whl all 24.0+dfsg-1ubuntu1.3 [1707 kB]
2026-02-11T15:10:34.4133736Z Get:171 http://archive.ubuntu.com/ubuntu noble-updates/universe amd64 python3-setuptools-whl all 68.1.2-2ubuntu1.2 [716 kB]
2026-02-11T15:10:34.4210399Z Get:172 http://archive.ubuntu.com/ubuntu noble-updates/universe amd64 python3.12-venv amd64 3.12.3-1ubuntu0.11 [5680 B]
2026-02-11T15:10:34.4212124Z Get:173 http://archive.ubuntu.com/ubuntu noble-updates/universe amd64 python3-venv amd64 3.12.3-0ubuntu2.1 [1032 B]
2026-02-11T15:10:35.0139865Z debconf: delaying package configuration, since apt-utils is not installed
2026-02-11T15:10:35.0481980Z Fetched 130 MB in 9s (14.9 MB/s)
2026-02-11T15:10:35.1612623Z (Reading database ... 
2026-02-11T15:10:35.1613050Z (Reading database ... 5%
2026-02-11T15:10:35.1613424Z (Reading database ... 10%
2026-02-11T15:10:35.1613768Z (Reading database ... 15%
2026-02-11T15:10:35.1614104Z (Reading database ... 20%
2026-02-11T15:10:35.1614423Z (Reading database ... 25%
2026-02-11T15:10:35.1615395Z (Reading database ... 30%
2026-02-11T15:10:35.1615714Z (Reading database ... 35%
2026-02-11T15:10:35.1616042Z (Reading database ... 40%
2026-02-11T15:10:35.1616378Z (Reading database ... 45%
2026-02-11T15:10:35.1616701Z (Reading database ... 50%
2026-02-11T15:10:35.1617024Z (Reading database ... 55%
2026-02-11T15:10:35.1617341Z (Reading database ... 60%
2026-02-11T15:10:35.1884081Z (Reading database ... 65%
2026-02-11T15:10:35.2169287Z (Reading database ... 70%
2026-02-11T15:10:35.2500547Z (Reading database ... 75%
2026-02-11T15:10:35.2754053Z (Reading database ... 80%
2026-02-11T15:10:35.3169934Z (Reading database ... 85%
2026-02-11T15:10:35.3558049Z (Reading database ... 90%
2026-02-11T15:10:35.3961317Z (Reading database ... 95%
2026-02-11T15:10:35.3961808Z (Reading database ... 100%
2026-02-11T15:10:35.3962261Z (Reading database ... 4381 files and directories currently installed.)
2026-02-11T15:10:35.3967021Z Preparing to unpack .../libc6_2.39-0ubuntu8.7_amd64.deb ...
2026-02-11T15:10:35.5167517Z debconf: unable to initialize frontend: Dialog
2026-02-11T15:10:35.5167999Z debconf: (TERM is not set, so the dialog frontend is not usable.)
2026-02-11T15:10:35.5168552Z debconf: falling back to frontend: Readline
2026-02-11T15:10:35.5172311Z debconf: unable to initialize frontend: Readline
2026-02-11T15:10:35.5186351Z debconf: (Can't locate Term/ReadLine.pm in @INC (you may need to install the Term::ReadLine module) (@INC entries checked: /etc/perl /usr/local/lib/x86_64-linux-gnu/perl/5.38.2 /usr/local/share/perl/5.38.2 /usr/lib/x86_64-linux-gnu/perl5/5.38 /usr/share/perl5 /usr/lib/x86_64-linux-gnu/perl-base /usr/lib/x86_64-linux-gnu/perl/5.38 /usr/share/perl/5.38 /usr/local/lib/site_perl) at /usr/share/perl5/Debconf/FrontEnd/Readline.pm line 8.)
2026-02-11T15:10:35.5188134Z debconf: falling back to frontend: Teletype
2026-02-11T15:10:35.5838592Z Unpacking libc6:amd64 (2.39-0ubuntu8.7) over (2.39-0ubuntu8.6) ...
2026-02-11T15:10:36.8831285Z Setting up libc6:amd64 (2.39-0ubuntu8.7) ...
2026-02-11T15:10:36.9427992Z debconf: unable to initialize frontend: Dialog
2026-02-11T15:10:36.9428710Z debconf: (TERM is not set, so the dialog frontend is not usable.)
2026-02-11T15:10:36.9429518Z debconf: falling back to frontend: Readline
2026-02-11T15:10:36.9430095Z debconf: unable to initialize frontend: Readline
2026-02-11T15:10:36.9433052Z debconf: (Can't locate Term/ReadLine.pm in @INC (you may need to install the Term::ReadLine module) (@INC entries checked: /etc/perl /usr/local/lib/x86_64-linux-gnu/perl/5.38.2 /usr/local/share/perl/5.38.2 /usr/lib/x86_64-linux-gnu/perl5/5.38 /usr/share/perl5 /usr/lib/x86_64-linux-gnu/perl-base /usr/lib/x86_64-linux-gnu/perl/5.38 /usr/share/perl/5.38 /usr/local/lib/site_perl) at /usr/share/perl5/Debconf/FrontEnd/Readline.pm line 8.)
2026-02-11T15:10:36.9434932Z debconf: falling back to frontend: Teletype
2026-02-11T15:10:38.0235799Z (Reading database ... 
2026-02-11T15:10:38.0236248Z (Reading database ... 5%
2026-02-11T15:10:38.0236609Z (Reading database ... 10%
2026-02-11T15:10:38.0237004Z (Reading database ... 15%
2026-02-11T15:10:38.0237322Z (Reading database ... 20%
2026-02-11T15:10:38.0237663Z (Reading database ... 25%
2026-02-11T15:10:38.0237864Z (Reading database ... 30%
2026-02-11T15:10:38.0238059Z (Reading database ... 35%
2026-02-11T15:10:38.0238241Z (Reading database ... 40%
2026-02-11T15:10:38.0238432Z (Reading database ... 45%
2026-02-11T15:10:38.0238619Z (Reading database ... 50%
2026-02-11T15:10:38.0238821Z (Reading database ... 55%
2026-02-11T15:10:38.0239242Z (Reading database ... 60%
2026-02-11T15:10:38.0246342Z (Reading database ... 65%
2026-02-11T15:10:38.0251650Z (Reading database ... 70%
2026-02-11T15:10:38.0254508Z (Reading database ... 75%
2026-02-11T15:10:38.0260017Z (Reading database ... 80%
2026-02-11T15:10:38.0263329Z (Reading database ... 85%
2026-02-11T15:10:38.0265594Z (Reading database ... 90%
2026-02-11T15:10:38.0268283Z (Reading database ... 95%
2026-02-11T15:10:38.0268720Z (Reading database ... 100%
2026-02-11T15:10:38.0269710Z (Reading database ... 4381 files and directories currently installed.)
2026-02-11T15:10:38.0273276Z Preparing to unpack .../libc-bin_2.39-0ubuntu8.7_amd64.deb ...
2026-02-11T15:10:38.0305978Z Unpacking libc-bin (2.39-0ubuntu8.7) over (2.39-0ubuntu8.6) ...
2026-02-11T15:10:38.3069548Z Setting up libc-bin (2.39-0ubuntu8.7) ...
2026-02-11T15:10:38.6522496Z Selecting previously unselected package liblocale-gettext-perl.
2026-02-11T15:10:38.6530840Z (Reading database ... 
2026-02-11T15:10:38.6531309Z (Reading database ... 5%
2026-02-11T15:10:38.6531706Z (Reading database ... 10%
2026-02-11T15:10:38.6532093Z (Reading database ... 15%
2026-02-11T15:10:38.6532465Z (Reading database ... 20%
2026-02-11T15:10:38.6532842Z (Reading database ... 25%
2026-02-11T15:10:38.6533222Z (Reading database ... 30%
2026-02-11T15:10:38.6533605Z (Reading database ... 35%
2026-02-11T15:10:38.6533974Z (Reading database ... 40%
2026-02-11T15:10:38.6534348Z (Reading database ... 45%
2026-02-11T15:10:38.6534723Z (Reading database ... 50%
2026-02-11T15:10:38.6535122Z (Reading database ... 55%
2026-02-11T15:10:38.6535499Z (Reading database ... 60%
2026-02-11T15:10:38.6542606Z (Reading database ... 65%
2026-02-11T15:10:38.6548408Z (Reading database ... 70%
2026-02-11T15:10:38.6550784Z (Reading database ... 75%
2026-02-11T15:10:38.6556662Z (Reading database ... 80%
2026-02-11T15:10:38.6559880Z (Reading database ... 85%
2026-02-11T15:10:38.6562693Z (Reading database ... 90%
2026-02-11T15:10:38.6565665Z (Reading database ... 95%
2026-02-11T15:10:38.6566023Z (Reading database ... 100%
2026-02-11T15:10:38.6566545Z (Reading database ... 4381 files and directories currently installed.)
2026-02-11T15:10:38.6571661Z Preparing to unpack .../liblocale-gettext-perl_1.07-6ubuntu5_amd64.deb ...
2026-02-11T15:10:38.6582043Z Unpacking liblocale-gettext-perl (1.07-6ubuntu5) ...
2026-02-11T15:10:38.6748901Z Preparing to unpack .../libssl3t64_3.0.13-0ubuntu3.7_amd64.deb ...
2026-02-11T15:10:38.6787945Z Unpacking libssl3t64:amd64 (3.0.13-0ubuntu3.7) over (3.0.13-0ubuntu3.6) ...
2026-02-11T15:10:38.9344863Z Setting up libssl3t64:amd64 (3.0.13-0ubuntu3.7) ...
2026-02-11T15:10:38.9515889Z Selecting previously unselected package libpython3.12-minimal:amd64.
2026-02-11T15:10:38.9524392Z (Reading database ... 
2026-02-11T15:10:38.9524757Z (Reading database ... 5%
2026-02-11T15:10:38.9525054Z (Reading database ... 10%
2026-02-11T15:10:38.9525342Z (Reading database ... 15%
2026-02-11T15:10:38.9525623Z (Reading database ... 20%
2026-02-11T15:10:38.9525916Z (Reading database ... 25%
2026-02-11T15:10:38.9526194Z (Reading database ... 30%
2026-02-11T15:10:38.9526462Z (Reading database ... 35%
2026-02-11T15:10:38.9526735Z (Reading database ... 40%
2026-02-11T15:10:38.9527005Z (Reading database ... 45%
2026-02-11T15:10:38.9527273Z (Reading database ... 50%
2026-02-11T15:10:38.9527536Z (Reading database ... 55%
2026-02-11T15:10:38.9527808Z (Reading database ... 60%
2026-02-11T15:10:38.9535348Z (Reading database ... 65%
2026-02-11T15:10:38.9541550Z (Reading database ... 70%
2026-02-11T15:10:38.9544611Z (Reading database ... 75%
2026-02-11T15:10:38.9550339Z (Reading database ... 80%
2026-02-11T15:10:38.9553375Z (Reading database ... 85%
2026-02-11T15:10:38.9555542Z (Reading database ... 90%
2026-02-11T15:10:38.9558103Z (Reading database ... 95%
2026-02-11T15:10:38.9558479Z (Reading database ... 100%
2026-02-11T15:10:38.9558995Z (Reading database ... 4395 files and directories currently installed.)
2026-02-11T15:10:38.9563850Z Preparing to unpack .../libpython3.12-minimal_3.12.3-1ubuntu0.11_amd64.deb ...
2026-02-11T15:10:38.9616928Z Unpacking libpython3.12-minimal:amd64 (3.12.3-1ubuntu0.11) ...
2026-02-11T15:10:39.0363796Z Selecting previously unselected package libexpat1:amd64.
2026-02-11T15:10:39.0372701Z Preparing to unpack .../libexpat1_2.6.1-2ubuntu0.3_amd64.deb ...
2026-02-11T15:10:39.0382411Z Unpacking libexpat1:amd64 (2.6.1-2ubuntu0.3) ...
2026-02-11T15:10:39.0540697Z Selecting previously unselected package python3.12-minimal.
2026-02-11T15:10:39.0550295Z Preparing to unpack .../python3.12-minimal_3.12.3-1ubuntu0.11_amd64.deb ...
2026-02-11T15:10:39.1011313Z Unpacking python3.12-minimal (3.12.3-1ubuntu0.11) ...
2026-02-11T15:10:39.1487022Z Setting up libpython3.12-minimal:amd64 (3.12.3-1ubuntu0.11) ...
2026-02-11T15:10:39.1539836Z Setting up libexpat1:amd64 (2.6.1-2ubuntu0.3) ...
2026-02-11T15:10:39.1567504Z Setting up python3.12-minimal (3.12.3-1ubuntu0.11) ...
2026-02-11T15:10:39.9307514Z Selecting previously unselected package python3-minimal.
2026-02-11T15:10:39.9315614Z (Reading database ... 
2026-02-11T15:10:39.9315921Z (Reading database ... 5%
2026-02-11T15:10:39.9316191Z (Reading database ... 10%
2026-02-11T15:10:39.9316462Z (Reading database ... 15%
2026-02-11T15:10:39.9316713Z (Reading database ... 20%
2026-02-11T15:10:39.9316962Z (Reading database ... 25%
2026-02-11T15:10:39.9317205Z (Reading database ... 30%
2026-02-11T15:10:39.9317456Z (Reading database ... 35%
2026-02-11T15:10:39.9317706Z (Reading database ... 40%
2026-02-11T15:10:39.9317950Z (Reading database ... 45%
2026-02-11T15:10:39.9318213Z (Reading database ... 50%
2026-02-11T15:10:39.9318452Z (Reading database ... 55%
2026-02-11T15:10:39.9318701Z (Reading database ... 60%
2026-02-11T15:10:39.9328303Z (Reading database ... 65%
2026-02-11T15:10:39.9333421Z (Reading database ... 70%
2026-02-11T15:10:39.9336356Z (Reading database ... 75%
2026-02-11T15:10:39.9341959Z (Reading database ... 80%
2026-02-11T15:10:39.9344946Z (Reading database ... 85%
2026-02-11T15:10:39.9347906Z (Reading database ... 90%
2026-02-11T15:10:39.9350355Z (Reading database ... 95%
2026-02-11T15:10:39.9350601Z (Reading database ... 100%
2026-02-11T15:10:39.9350955Z (Reading database ... 4714 files and directories currently installed.)
2026-02-11T15:10:39.9355638Z Preparing to unpack .../0-python3-minimal_3.12.3-0ubuntu2.1_amd64.deb ...
2026-02-11T15:10:39.9366809Z Unpacking python3-minimal (3.12.3-0ubuntu2.1) ...
2026-02-11T15:10:39.9546229Z Selecting previously unselected package media-types.
2026-02-11T15:10:39.9555432Z Preparing to unpack .../1-media-types_10.1.0_all.deb ...
2026-02-11T15:10:39.9565104Z Unpacking media-types (10.1.0) ...
2026-02-11T15:10:39.9779749Z Selecting previously unselected package netbase.
2026-02-11T15:10:39.9788603Z Preparing to unpack .../2-netbase_6.4_all.deb ...
2026-02-11T15:10:39.9799193Z Unpacking netbase (6.4) ...
2026-02-11T15:10:39.9950850Z Selecting previously unselected package tzdata.
2026-02-11T15:10:39.9960373Z Preparing to unpack .../3-tzdata_2025b-0ubuntu0.24.04.1_all.deb ...
2026-02-11T15:10:39.9994427Z Unpacking tzdata (2025b-0ubuntu0.24.04.1) ...
2026-02-11T15:10:40.0900103Z Selecting previously unselected package readline-common.
2026-02-11T15:10:40.0910692Z Preparing to unpack .../4-readline-common_8.2-4build1_all.deb ...
2026-02-11T15:10:40.0923079Z Unpacking readline-common (8.2-4build1) ...
2026-02-11T15:10:40.1070060Z Selecting previously unselected package libreadline8t64:amd64.
2026-02-11T15:10:40.1080055Z Preparing to unpack .../5-libreadline8t64_8.2-4build1_amd64.deb ...
2026-02-11T15:10:40.1118249Z Adding 'diversion of /lib/x86_64-linux-gnu/libhistory.so.8 to /lib/x86_64-linux-gnu/libhistory.so.8.usr-is-merged by libreadline8t64'
2026-02-11T15:10:40.1153913Z Adding 'diversion of /lib/x86_64-linux-gnu/libhistory.so.8.2 to /lib/x86_64-linux-gnu/libhistory.so.8.2.usr-is-merged by libreadline8t64'
2026-02-11T15:10:40.1182966Z Adding 'diversion of /lib/x86_64-linux-gnu/libreadline.so.8 to /lib/x86_64-linux-gnu/libreadline.so.8.usr-is-merged by libreadline8t64'
2026-02-11T15:10:40.1213261Z Adding 'diversion of /lib/x86_64-linux-gnu/libreadline.so.8.2 to /lib/x86_64-linux-gnu/libreadline.so.8.2.usr-is-merged by libreadline8t64'
2026-02-11T15:10:40.1227587Z Unpacking libreadline8t64:amd64 (8.2-4build1) ...
2026-02-11T15:10:40.1379366Z Selecting previously unselected package libsqlite3-0:amd64.
2026-02-11T15:10:40.1388725Z Preparing to unpack .../6-libsqlite3-0_3.45.1-1ubuntu2.5_amd64.deb ...
2026-02-11T15:10:40.1397308Z Unpacking libsqlite3-0:amd64 (3.45.1-1ubuntu2.5) ...
2026-02-11T15:10:40.1588060Z Selecting previously unselected package libpython3.12-stdlib:amd64.
2026-02-11T15:10:40.1598247Z Preparing to unpack .../7-libpython3.12-stdlib_3.12.3-1ubuntu0.11_amd64.deb ...
2026-02-11T15:10:40.1606645Z Unpacking libpython3.12-stdlib:amd64 (3.12.3-1ubuntu0.11) ...
2026-02-11T15:10:40.2592027Z Selecting previously unselected package python3.12.
2026-02-11T15:10:40.2603113Z Preparing to unpack .../8-python3.12_3.12.3-1ubuntu0.11_amd64.deb ...
2026-02-11T15:10:40.2611581Z Unpacking python3.12 (3.12.3-1ubuntu0.11) ...
2026-02-11T15:10:40.2821411Z Selecting previously unselected package libpython3-stdlib:amd64.
2026-02-11T15:10:40.2832031Z Preparing to unpack .../9-libpython3-stdlib_3.12.3-0ubuntu2.1_amd64.deb ...
2026-02-11T15:10:40.2840325Z Unpacking libpython3-stdlib:amd64 (3.12.3-0ubuntu2.1) ...
2026-02-11T15:10:40.2984123Z Setting up python3-minimal (3.12.3-0ubuntu2.1) ...
2026-02-11T15:10:40.4247400Z Selecting previously unselected package python3.
2026-02-11T15:10:40.4255857Z (Reading database ... 
2026-02-11T15:10:40.4256399Z (Reading database ... 5%
2026-02-11T15:10:40.4256775Z (Reading database ... 10%
2026-02-11T15:10:40.4257117Z (Reading database ... 15%
2026-02-11T15:10:40.4257462Z (Reading database ... 20%
2026-02-11T15:10:40.4257684Z (Reading database ... 25%
2026-02-11T15:10:40.4257911Z (Reading database ... 30%
2026-02-11T15:10:40.4258128Z (Reading database ... 35%
2026-02-11T15:10:40.4258349Z (Reading database ... 40%
2026-02-11T15:10:40.4258940Z (Reading database ... 45%
2026-02-11T15:10:40.4259492Z (Reading database ... 50%
2026-02-11T15:10:40.4259822Z (Reading database ... 55%
2026-02-11T15:10:40.4260175Z (Reading database ... 60%
2026-02-11T15:10:40.4260719Z (Reading database ... 65%
2026-02-11T15:10:40.4267253Z (Reading database ... 70%
2026-02-11T15:10:40.4271596Z (Reading database ... 75%
2026-02-11T15:10:40.4275611Z (Reading database ... 80%
2026-02-11T15:10:40.4281243Z (Reading database ... 85%
2026-02-11T15:10:40.4283433Z (Reading database ... 90%
2026-02-11T15:10:40.4286527Z (Reading database ... 95%
2026-02-11T15:10:40.4287053Z (Reading database ... 100%
2026-02-11T15:10:40.4287586Z (Reading database ... 5720 files and directories currently installed.)
2026-02-11T15:10:40.4293053Z Preparing to unpack .../0-python3_3.12.3-0ubuntu2.1_amd64.deb ...
2026-02-11T15:10:40.4424651Z Unpacking python3 (3.12.3-0ubuntu2.1) ...
2026-02-11T15:10:40.4620668Z Selecting previously unselected package perl-modules-5.38.
2026-02-11T15:10:40.4631271Z Preparing to unpack .../1-perl-modules-5.38_5.38.2-3.2ubuntu0.2_all.deb ...
2026-02-11T15:10:40.4640321Z Unpacking perl-modules-5.38 (5.38.2-3.2ubuntu0.2) ...
2026-02-11T15:10:40.7327931Z Selecting previously unselected package libgdbm6t64:amd64.
2026-02-11T15:10:40.7341195Z Preparing to unpack .../2-libgdbm6t64_1.23-5.1build1_amd64.deb ...
2026-02-11T15:10:40.7350127Z Unpacking libgdbm6t64:amd64 (1.23-5.1build1) ...
2026-02-11T15:10:40.7496999Z Selecting previously unselected package libgdbm-compat4t64:amd64.
2026-02-11T15:10:40.7507985Z Preparing to unpack .../3-libgdbm-compat4t64_1.23-5.1build1_amd64.deb ...
2026-02-11T15:10:40.7517439Z Unpacking libgdbm-compat4t64:amd64 (1.23-5.1build1) ...
2026-02-11T15:10:40.7656408Z Selecting previously unselected package libperl5.38t64:amd64.
2026-02-11T15:10:40.7667971Z Preparing to unpack .../4-libperl5.38t64_5.38.2-3.2ubuntu0.2_amd64.deb ...
2026-02-11T15:10:40.7676361Z Unpacking libperl5.38t64:amd64 (5.38.2-3.2ubuntu0.2) ...
2026-02-11T15:10:40.9523014Z Selecting previously unselected package perl.
2026-02-11T15:10:40.9536106Z Preparing to unpack .../5-perl_5.38.2-3.2ubuntu0.2_amd64.deb ...
2026-02-11T15:10:40.9773207Z Unpacking perl (5.38.2-3.2ubuntu0.2) ...
2026-02-11T15:10:41.0057048Z Selecting previously unselected package adduser.
2026-02-11T15:10:41.0075459Z Preparing to unpack .../6-adduser_3.137ubuntu1_all.deb ...
2026-02-11T15:10:41.0101193Z Unpacking adduser (3.137ubuntu1) ...
2026-02-11T15:10:41.0574137Z Setting up adduser (3.137ubuntu1) ...
2026-02-11T15:10:41.0814523Z Selecting previously unselected package openssl.
2026-02-11T15:10:41.0824725Z (Reading database ... 
2026-02-11T15:10:41.0825325Z (Reading database ... 5%
2026-02-11T15:10:41.0825699Z (Reading database ... 10%
2026-02-11T15:10:41.0826078Z (Reading database ... 15%
2026-02-11T15:10:41.0826438Z (Reading database ... 20%
2026-02-11T15:10:41.0826804Z (Reading database ... 25%
2026-02-11T15:10:41.0827162Z (Reading database ... 30%
2026-02-11T15:10:41.0827529Z (Reading database ... 35%
2026-02-11T15:10:41.0827904Z (Reading database ... 40%
2026-02-11T15:10:41.0828267Z (Reading database ... 45%
2026-02-11T15:10:41.0828565Z (Reading database ... 50%
2026-02-11T15:10:41.0828822Z (Reading database ... 55%
2026-02-11T15:10:41.0829264Z (Reading database ... 60%
2026-02-11T15:10:41.0829507Z (Reading database ... 65%
2026-02-11T15:10:41.0831586Z (Reading database ... 70%
2026-02-11T15:10:41.0838448Z (Reading database ... 75%
2026-02-11T15:10:41.0843361Z (Reading database ... 80%
2026-02-11T15:10:41.0849805Z (Reading database ... 85%
2026-02-11T15:10:41.0853997Z (Reading database ... 90%
2026-02-11T15:10:41.0857478Z (Reading database ... 95%
2026-02-11T15:10:41.0857855Z (Reading database ... 100%
2026-02-11T15:10:41.0858380Z (Reading database ... 7801 files and directories currently installed.)
2026-02-11T15:10:41.0863463Z Preparing to unpack .../000-openssl_3.0.13-0ubuntu3.7_amd64.deb ...
2026-02-11T15:10:41.0871678Z Unpacking openssl (3.0.13-0ubuntu3.7) ...
2026-02-11T15:10:41.1247836Z Selecting previously unselected package ca-certificates.
2026-02-11T15:10:41.1259232Z Preparing to unpack .../001-ca-certificates_20240203_all.deb ...
2026-02-11T15:10:41.1266598Z Unpacking ca-certificates (20240203) ...
2026-02-11T15:10:41.1659759Z Selecting previously unselected package krb5-locales.
2026-02-11T15:10:41.1671500Z Preparing to unpack .../002-krb5-locales_1.20.1-6ubuntu2.6_all.deb ...
2026-02-11T15:10:41.1686380Z Unpacking krb5-locales (1.20.1-6ubuntu2.6) ...
2026-02-11T15:10:41.1825374Z Selecting previously unselected package less.
2026-02-11T15:10:41.1838215Z Preparing to unpack .../003-less_590-2ubuntu2.1_amd64.deb ...
2026-02-11T15:10:41.1859341Z Unpacking less (590-2ubuntu2.1) ...
2026-02-11T15:10:41.2091449Z Selecting previously unselected package libbsd0:amd64.
2026-02-11T15:10:41.2103973Z Preparing to unpack .../004-libbsd0_0.12.1-1build1.1_amd64.deb ...
2026-02-11T15:10:41.2113354Z Unpacking libbsd0:amd64 (0.12.1-1build1.1) ...
2026-02-11T15:10:41.2260481Z Selecting previously unselected package libkrb5support0:amd64.
2026-02-11T15:10:41.2272527Z Preparing to unpack .../005-libkrb5support0_1.20.1-6ubuntu2.6_amd64.deb ...
2026-02-11T15:10:41.2286188Z Unpacking libkrb5support0:amd64 (1.20.1-6ubuntu2.6) ...
2026-02-11T15:10:41.2426936Z Selecting previously unselected package libk5crypto3:amd64.
2026-02-11T15:10:41.2439511Z Preparing to unpack .../006-libk5crypto3_1.20.1-6ubuntu2.6_amd64.deb ...
2026-02-11T15:10:41.2447600Z Unpacking libk5crypto3:amd64 (1.20.1-6ubuntu2.6) ...
2026-02-11T15:10:41.2603698Z Selecting previously unselected package libkeyutils1:amd64.
2026-02-11T15:10:41.2616579Z Preparing to unpack .../007-libkeyutils1_1.6.3-3build1_amd64.deb ...
2026-02-11T15:10:41.2625555Z Unpacking libkeyutils1:amd64 (1.6.3-3build1) ...
2026-02-11T15:10:41.2765832Z Selecting previously unselected package libkrb5-3:amd64.
2026-02-11T15:10:41.2778717Z Preparing to unpack .../008-libkrb5-3_1.20.1-6ubuntu2.6_amd64.deb ...
2026-02-11T15:10:41.2787511Z Unpacking libkrb5-3:amd64 (1.20.1-6ubuntu2.6) ...
2026-02-11T15:10:41.2993666Z Selecting previously unselected package libgssapi-krb5-2:amd64.
2026-02-11T15:10:41.3006645Z Preparing to unpack .../009-libgssapi-krb5-2_1.20.1-6ubuntu2.6_amd64.deb ...
2026-02-11T15:10:41.3016082Z Unpacking libgssapi-krb5-2:amd64 (1.20.1-6ubuntu2.6) ...
2026-02-11T15:10:41.3177830Z Selecting previously unselected package python3-pkg-resources.
2026-02-11T15:10:41.3191465Z Preparing to unpack .../010-python3-pkg-resources_68.1.2-2ubuntu1.2_all.deb ...
2026-02-11T15:10:41.3199911Z Unpacking python3-pkg-resources (68.1.2-2ubuntu1.2) ...
2026-02-11T15:10:41.3433843Z Selecting previously unselected package libcbor0.10:amd64.
2026-02-11T15:10:41.3446279Z Preparing to unpack .../011-libcbor0.10_0.10.2-1.2ubuntu2_amd64.deb ...
2026-02-11T15:10:41.3454695Z Unpacking libcbor0.10:amd64 (0.10.2-1.2ubuntu2) ...
2026-02-11T15:10:41.3588577Z Selecting previously unselected package libedit2:amd64.
2026-02-11T15:10:41.3601070Z Preparing to unpack .../012-libedit2_3.1-20230828-1build1_amd64.deb ...
2026-02-11T15:10:41.3610127Z Unpacking libedit2:amd64 (3.1-20230828-1build1) ...
2026-02-11T15:10:41.3761457Z Selecting previously unselected package libfido2-1:amd64.
2026-02-11T15:10:41.3774608Z Preparing to unpack .../013-libfido2-1_1.14.0-1build3_amd64.deb ...
2026-02-11T15:10:41.3784111Z Unpacking libfido2-1:amd64 (1.14.0-1build3) ...
2026-02-11T15:10:41.3946163Z Selecting previously unselected package libjansson4:amd64.
2026-02-11T15:10:41.3959308Z Preparing to unpack .../014-libjansson4_2.14-2build2_amd64.deb ...
2026-02-11T15:10:41.3967224Z Unpacking libjansson4:amd64 (2.14-2build2) ...
2026-02-11T15:10:41.4144949Z Selecting previously unselected package libnghttp2-14:amd64.
2026-02-11T15:10:41.4158340Z Preparing to unpack .../015-libnghttp2-14_1.59.0-1ubuntu0.2_amd64.deb ...
2026-02-11T15:10:41.4167764Z Unpacking libnghttp2-14:amd64 (1.59.0-1ubuntu0.2) ...
2026-02-11T15:10:41.4310205Z Selecting previously unselected package libpng16-16t64:amd64.
2026-02-11T15:10:41.4322800Z Preparing to unpack .../016-libpng16-16t64_1.6.43-5ubuntu0.4_amd64.deb ...
2026-02-11T15:10:41.4330509Z Unpacking libpng16-16t64:amd64 (1.6.43-5ubuntu0.4) ...
2026-02-11T15:10:41.4480035Z Selecting previously unselected package libpsl5t64:amd64.
2026-02-11T15:10:41.4493081Z Preparing to unpack .../017-libpsl5t64_0.21.2-1.1build1_amd64.deb ...
2026-02-11T15:10:41.4503099Z Unpacking libpsl5t64:amd64 (0.21.2-1.1build1) ...
2026-02-11T15:10:41.4640358Z Selecting previously unselected package libxau6:amd64.
2026-02-11T15:10:41.4652929Z Preparing to unpack .../018-libxau6_1%3a1.0.9-1build6_amd64.deb ...
2026-02-11T15:10:41.4661575Z Unpacking libxau6:amd64 (1:1.0.9-1build6) ...
2026-02-11T15:10:41.4790790Z Selecting previously unselected package libxdmcp6:amd64.
2026-02-11T15:10:41.4803456Z Preparing to unpack .../019-libxdmcp6_1%3a1.1.3-0ubuntu6_amd64.deb ...
2026-02-11T15:10:41.4812783Z Unpacking libxdmcp6:amd64 (1:1.1.3-0ubuntu6) ...
2026-02-11T15:10:41.4944463Z Selecting previously unselected package libxcb1:amd64.
2026-02-11T15:10:41.4957196Z Preparing to unpack .../020-libxcb1_1.15-1ubuntu2_amd64.deb ...
2026-02-11T15:10:41.4965843Z Unpacking libxcb1:amd64 (1.15-1ubuntu2) ...
2026-02-11T15:10:41.5100459Z Selecting previously unselected package libx11-data.
2026-02-11T15:10:41.5113292Z Preparing to unpack .../021-libx11-data_2%3a1.8.7-1build1_all.deb ...
2026-02-11T15:10:41.5121716Z Unpacking libx11-data (2:1.8.7-1build1) ...
2026-02-11T15:10:41.5647024Z Selecting previously unselected package libx11-6:amd64.
2026-02-11T15:10:41.5659741Z Preparing to unpack .../022-libx11-6_2%3a1.8.7-1build1_amd64.deb ...
2026-02-11T15:10:41.5668247Z Unpacking libx11-6:amd64 (2:1.8.7-1build1) ...
2026-02-11T15:10:41.5869610Z Selecting previously unselected package libxext6:amd64.
2026-02-11T15:10:41.5882842Z Preparing to unpack .../023-libxext6_2%3a1.3.4-1build2_amd64.deb ...
2026-02-11T15:10:41.5892742Z Unpacking libxext6:amd64 (2:1.3.4-1build2) ...
2026-02-11T15:10:41.6047535Z Selecting previously unselected package libxmuu1:amd64.
2026-02-11T15:10:41.6060756Z Preparing to unpack .../024-libxmuu1_2%3a1.1.3-3build2_amd64.deb ...
2026-02-11T15:10:41.6069556Z Unpacking libxmuu1:amd64 (2:1.1.3-3build2) ...
2026-02-11T15:10:41.6194695Z Selecting previously unselected package manpages.
2026-02-11T15:10:41.6207585Z Preparing to unpack .../025-manpages_6.7-2_all.deb ...
2026-02-11T15:10:41.6217715Z Unpacking manpages (6.7-2) ...
2026-02-11T15:10:41.6595067Z Selecting previously unselected package openssh-client.
2026-02-11T15:10:41.6609606Z Preparing to unpack .../026-openssh-client_1%3a9.6p1-3ubuntu13.14_amd64.deb ...
2026-02-11T15:10:41.6660273Z Unpacking openssh-client (1:9.6p1-3ubuntu13.14) ...
2026-02-11T15:10:41.6992542Z Selecting previously unselected package publicsuffix.
2026-02-11T15:10:41.7005568Z Preparing to unpack .../027-publicsuffix_20231001.0357-0.1_all.deb ...
2026-02-11T15:10:41.7014395Z Unpacking publicsuffix (20231001.0357-0.1) ...
2026-02-11T15:10:41.7161770Z Selecting previously unselected package xauth.
2026-02-11T15:10:41.7175021Z Preparing to unpack .../028-xauth_1%3a1.1.2-1build1_amd64.deb ...
2026-02-11T15:10:41.7184152Z Unpacking xauth (1:1.1.2-1build1) ...
2026-02-11T15:10:41.7320496Z Selecting previously unselected package xz-utils.
2026-02-11T15:10:41.7333804Z Preparing to unpack .../029-xz-utils_5.6.1+really5.4.5-1ubuntu0.2_amd64.deb ...
2026-02-11T15:10:41.7342057Z Unpacking xz-utils (5.6.1+really5.4.5-1ubuntu0.2) ...
2026-02-11T15:10:41.7676320Z Selecting previously unselected package binutils-common:amd64.
2026-02-11T15:10:41.7689822Z Preparing to unpack .../030-binutils-common_2.42-4ubuntu2.8_amd64.deb ...
2026-02-11T15:10:41.7701154Z Unpacking binutils-common:amd64 (2.42-4ubuntu2.8) ...
2026-02-11T15:10:41.7866572Z Selecting previously unselected package libsframe1:amd64.
2026-02-11T15:10:41.7879884Z Preparing to unpack .../031-libsframe1_2.42-4ubuntu2.8_amd64.deb ...
2026-02-11T15:10:41.7888967Z Unpacking libsframe1:amd64 (2.42-4ubuntu2.8) ...
2026-02-11T15:10:41.8023369Z Selecting previously unselected package libbinutils:amd64.
2026-02-11T15:10:41.8037012Z Preparing to unpack .../032-libbinutils_2.42-4ubuntu2.8_amd64.deb ...
2026-02-11T15:10:41.8046491Z Unpacking libbinutils:amd64 (2.42-4ubuntu2.8) ...
2026-02-11T15:10:41.8280564Z Selecting previously unselected package libctf-nobfd0:amd64.
2026-02-11T15:10:41.8294918Z Preparing to unpack .../033-libctf-nobfd0_2.42-4ubuntu2.8_amd64.deb ...
2026-02-11T15:10:41.8304414Z Unpacking libctf-nobfd0:amd64 (2.42-4ubuntu2.8) ...
2026-02-11T15:10:41.8453332Z Selecting previously unselected package libctf0:amd64.
2026-02-11T15:10:41.8467015Z Preparing to unpack .../034-libctf0_2.42-4ubuntu2.8_amd64.deb ...
2026-02-11T15:10:41.8476178Z Unpacking libctf0:amd64 (2.42-4ubuntu2.8) ...
2026-02-11T15:10:41.8624804Z Selecting previously unselected package libgprofng0:amd64.
2026-02-11T15:10:41.8638206Z Preparing to unpack .../035-libgprofng0_2.42-4ubuntu2.8_amd64.deb ...
2026-02-11T15:10:41.8647998Z Unpacking libgprofng0:amd64 (2.42-4ubuntu2.8) ...
2026-02-11T15:10:41.8922895Z Selecting previously unselected package binutils-x86-64-linux-gnu.
2026-02-11T15:10:41.8936781Z Preparing to unpack .../036-binutils-x86-64-linux-gnu_2.42-4ubuntu2.8_amd64.deb ...
2026-02-11T15:10:41.8944523Z Unpacking binutils-x86-64-linux-gnu (2.42-4ubuntu2.8) ...
2026-02-11T15:10:41.9742309Z Selecting previously unselected package binutils.
2026-02-11T15:10:41.9756610Z Preparing to unpack .../037-binutils_2.42-4ubuntu2.8_amd64.deb ...
2026-02-11T15:10:41.9764284Z Unpacking binutils (2.42-4ubuntu2.8) ...
2026-02-11T15:10:41.9939296Z Selecting previously unselected package libc-dev-bin.
2026-02-11T15:10:41.9952392Z Preparing to unpack .../038-libc-dev-bin_2.39-0ubuntu8.7_amd64.deb ...
2026-02-11T15:10:41.9960930Z Unpacking libc-dev-bin (2.39-0ubuntu8.7) ...
2026-02-11T15:10:42.0082007Z Selecting previously unselected package linux-libc-dev:amd64.
2026-02-11T15:10:42.0095307Z Preparing to unpack .../039-linux-libc-dev_6.8.0-100.100_amd64.deb ...
2026-02-11T15:10:42.0103235Z Unpacking linux-libc-dev:amd64 (6.8.0-100.100) ...
2026-02-11T15:10:42.2076371Z Selecting previously unselected package libcrypt-dev:amd64.
2026-02-11T15:10:42.2092612Z Preparing to unpack .../040-libcrypt-dev_1%3a4.4.36-4build1_amd64.deb ...
2026-02-11T15:10:42.2141491Z Unpacking libcrypt-dev:amd64 (1:4.4.36-4build1) ...
2026-02-11T15:10:42.2288685Z Selecting previously unselected package rpcsvc-proto.
2026-02-11T15:10:42.2303140Z Preparing to unpack .../041-rpcsvc-proto_1.4.2-0ubuntu7_amd64.deb ...
2026-02-11T15:10:42.2312843Z Unpacking rpcsvc-proto (1.4.2-0ubuntu7) ...
2026-02-11T15:10:42.2492221Z Selecting previously unselected package libc6-dev:amd64.
2026-02-11T15:10:42.2508676Z Preparing to unpack .../042-libc6-dev_2.39-0ubuntu8.7_amd64.deb ...
2026-02-11T15:10:42.2518056Z Unpacking libc6-dev:amd64 (2.39-0ubuntu8.7) ...
2026-02-11T15:10:42.3905961Z Selecting previously unselected package gcc-13-base:amd64.
2026-02-11T15:10:42.3921303Z Preparing to unpack .../043-gcc-13-base_13.3.0-6ubuntu2~24.04_amd64.deb ...
2026-02-11T15:10:42.3930460Z Unpacking gcc-13-base:amd64 (13.3.0-6ubuntu2~24.04) ...
2026-02-11T15:10:42.4067372Z Selecting previously unselected package libisl23:amd64.
2026-02-11T15:10:42.4082102Z Preparing to unpack .../044-libisl23_0.26-3build1.1_amd64.deb ...
2026-02-11T15:10:42.4090320Z Unpacking libisl23:amd64 (0.26-3build1.1) ...
2026-02-11T15:10:42.4318421Z Selecting previously unselected package libmpfr6:amd64.
2026-02-11T15:10:42.4332833Z Preparing to unpack .../045-libmpfr6_4.2.1-1build1.1_amd64.deb ...
2026-02-11T15:10:42.4341859Z Unpacking libmpfr6:amd64 (4.2.1-1build1.1) ...
2026-02-11T15:10:42.4534512Z Selecting previously unselected package libmpc3:amd64.
2026-02-11T15:10:42.4549228Z Preparing to unpack .../046-libmpc3_1.3.1-1build1.1_amd64.deb ...
2026-02-11T15:10:42.4557395Z Unpacking libmpc3:amd64 (1.3.1-1build1.1) ...
2026-02-11T15:10:42.4689869Z Selecting previously unselected package cpp-13-x86-64-linux-gnu.
2026-02-11T15:10:42.4704638Z Preparing to unpack .../047-cpp-13-x86-64-linux-gnu_13.3.0-6ubuntu2~24.04_amd64.deb ...
2026-02-11T15:10:42.4715622Z Unpacking cpp-13-x86-64-linux-gnu (13.3.0-6ubuntu2~24.04) ...
2026-02-11T15:10:42.6053771Z Selecting previously unselected package cpp-13.
2026-02-11T15:10:42.6068581Z Preparing to unpack .../048-cpp-13_13.3.0-6ubuntu2~24.04_amd64.deb ...
2026-02-11T15:10:42.6076936Z Unpacking cpp-13 (13.3.0-6ubuntu2~24.04) ...
2026-02-11T15:10:42.6218403Z Selecting previously unselected package cpp-x86-64-linux-gnu.
2026-02-11T15:10:42.6235139Z Preparing to unpack .../049-cpp-x86-64-linux-gnu_4%3a13.2.0-7ubuntu1_amd64.deb ...
2026-02-11T15:10:42.6243272Z Unpacking cpp-x86-64-linux-gnu (4:13.2.0-7ubuntu1) ...
2026-02-11T15:10:42.6389887Z Selecting previously unselected package cpp.
2026-02-11T15:10:42.6405184Z Preparing to unpack .../050-cpp_4%3a13.2.0-7ubuntu1_amd64.deb ...
2026-02-11T15:10:42.6456059Z Unpacking cpp (4:13.2.0-7ubuntu1) ...
2026-02-11T15:10:42.6606102Z Selecting previously unselected package libcc1-0:amd64.
2026-02-11T15:10:42.6621378Z Preparing to unpack .../051-libcc1-0_14.2.0-4ubuntu2~24.04_amd64.deb ...
2026-02-11T15:10:42.6630763Z Unpacking libcc1-0:amd64 (14.2.0-4ubuntu2~24.04) ...
2026-02-11T15:10:42.6776925Z Selecting previously unselected package libgomp1:amd64.
2026-02-11T15:10:42.6792122Z Preparing to unpack .../052-libgomp1_14.2.0-4ubuntu2~24.04_amd64.deb ...
2026-02-11T15:10:42.6802200Z Unpacking libgomp1:amd64 (14.2.0-4ubuntu2~24.04) ...
2026-02-11T15:10:42.6956858Z Selecting previously unselected package libitm1:amd64.
2026-02-11T15:10:42.6972324Z Preparing to unpack .../053-libitm1_14.2.0-4ubuntu2~24.04_amd64.deb ...
2026-02-11T15:10:42.6982252Z Unpacking libitm1:amd64 (14.2.0-4ubuntu2~24.04) ...
2026-02-11T15:10:42.7123729Z Selecting previously unselected package libatomic1:amd64.
2026-02-11T15:10:42.7139785Z Preparing to unpack .../054-libatomic1_14.2.0-4ubuntu2~24.04_amd64.deb ...
2026-02-11T15:10:42.7151285Z Unpacking libatomic1:amd64 (14.2.0-4ubuntu2~24.04) ...
2026-02-11T15:10:42.7294263Z Selecting previously unselected package libasan8:amd64.
2026-02-11T15:10:42.7310429Z Preparing to unpack .../055-libasan8_14.2.0-4ubuntu2~24.04_amd64.deb ...
2026-02-11T15:10:42.7354801Z Unpacking libasan8:amd64 (14.2.0-4ubuntu2~24.04) ...
2026-02-11T15:10:42.7886351Z Selecting previously unselected package liblsan0:amd64.
2026-02-11T15:10:42.7902085Z Preparing to unpack .../056-liblsan0_14.2.0-4ubuntu2~24.04_amd64.deb ...
2026-02-11T15:10:42.7912340Z Unpacking liblsan0:amd64 (14.2.0-4ubuntu2~24.04) ...
2026-02-11T15:10:42.8228135Z Selecting previously unselected package libtsan2:amd64.
2026-02-11T15:10:42.8243179Z Preparing to unpack .../057-libtsan2_14.2.0-4ubuntu2~24.04_amd64.deb ...
2026-02-11T15:10:42.8252065Z Unpacking libtsan2:amd64 (14.2.0-4ubuntu2~24.04) ...
2026-02-11T15:10:42.8783855Z Selecting previously unselected package libubsan1:amd64.
2026-02-11T15:10:42.8798380Z Preparing to unpack .../058-libubsan1_14.2.0-4ubuntu2~24.04_amd64.deb ...
2026-02-11T15:10:42.8807518Z Unpacking libubsan1:amd64 (14.2.0-4ubuntu2~24.04) ...
2026-02-11T15:10:42.9085268Z Selecting previously unselected package libhwasan0:amd64.
2026-02-11T15:10:42.9100452Z Preparing to unpack .../059-libhwasan0_14.2.0-4ubuntu2~24.04_amd64.deb ...
2026-02-11T15:10:42.9109923Z Unpacking libhwasan0:amd64 (14.2.0-4ubuntu2~24.04) ...
2026-02-11T15:10:42.9477540Z Selecting previously unselected package libquadmath0:amd64.
2026-02-11T15:10:42.9492921Z Preparing to unpack .../060-libquadmath0_14.2.0-4ubuntu2~24.04_amd64.deb ...
2026-02-11T15:10:42.9502374Z Unpacking libquadmath0:amd64 (14.2.0-4ubuntu2~24.04) ...
2026-02-11T15:10:42.9645452Z Selecting previously unselected package libgcc-13-dev:amd64.
2026-02-11T15:10:42.9660705Z Preparing to unpack .../061-libgcc-13-dev_13.3.0-6ubuntu2~24.04_amd64.deb ...
2026-02-11T15:10:42.9669905Z Unpacking libgcc-13-dev:amd64 (13.3.0-6ubuntu2~24.04) ...
2026-02-11T15:10:43.0535001Z Selecting previously unselected package gcc-13-x86-64-linux-gnu.
2026-02-11T15:10:43.0550818Z Preparing to unpack .../062-gcc-13-x86-64-linux-gnu_13.3.0-6ubuntu2~24.04_amd64.deb ...
2026-02-11T15:10:43.0561822Z Unpacking gcc-13-x86-64-linux-gnu (13.3.0-6ubuntu2~24.04) ...
2026-02-11T15:10:43.3065215Z Selecting previously unselected package gcc-13.
2026-02-11T15:10:43.3080178Z Preparing to unpack .../063-gcc-13_13.3.0-6ubuntu2~24.04_amd64.deb ...
2026-02-11T15:10:43.3088036Z Unpacking gcc-13 (13.3.0-6ubuntu2~24.04) ...
2026-02-11T15:10:43.3257955Z Selecting previously unselected package gcc-x86-64-linux-gnu.
2026-02-11T15:10:43.3272865Z Preparing to unpack .../064-gcc-x86-64-linux-gnu_4%3a13.2.0-7ubuntu1_amd64.deb ...
2026-02-11T15:10:43.3281812Z Unpacking gcc-x86-64-linux-gnu (4:13.2.0-7ubuntu1) ...
2026-02-11T15:10:43.3423690Z Selecting previously unselected package gcc.
2026-02-11T15:10:43.3439676Z Preparing to unpack .../065-gcc_4%3a13.2.0-7ubuntu1_amd64.deb ...
2026-02-11T15:10:43.3447639Z Unpacking gcc (4:13.2.0-7ubuntu1) ...
2026-02-11T15:10:43.3595001Z Selecting previously unselected package libstdc++-13-dev:amd64.
2026-02-11T15:10:43.3610898Z Preparing to unpack .../066-libstdc++-13-dev_13.3.0-6ubuntu2~24.04_amd64.deb ...
2026-02-11T15:10:43.3621467Z Unpacking libstdc++-13-dev:amd64 (13.3.0-6ubuntu2~24.04) ...
2026-02-11T15:10:43.5764870Z Selecting previously unselected package g++-13-x86-64-linux-gnu.
2026-02-11T15:10:43.5781825Z Preparing to unpack .../067-g++-13-x86-64-linux-gnu_13.3.0-6ubuntu2~24.04_amd64.deb ...
2026-02-11T15:10:43.5791782Z Unpacking g++-13-x86-64-linux-gnu (13.3.0-6ubuntu2~24.04) ...
2026-02-11T15:10:43.7175290Z Selecting previously unselected package g++-13.
2026-02-11T15:10:43.7190914Z Preparing to unpack .../068-g++-13_13.3.0-6ubuntu2~24.04_amd64.deb ...
2026-02-11T15:10:43.7202978Z Unpacking g++-13 (13.3.0-6ubuntu2~24.04) ...
2026-02-11T15:10:43.7338456Z Selecting previously unselected package g++-x86-64-linux-gnu.
2026-02-11T15:10:43.7354864Z Preparing to unpack .../069-g++-x86-64-linux-gnu_4%3a13.2.0-7ubuntu1_amd64.deb ...
2026-02-11T15:10:43.7362623Z Unpacking g++-x86-64-linux-gnu (4:13.2.0-7ubuntu1) ...
2026-02-11T15:10:43.7485674Z Selecting previously unselected package g++.
2026-02-11T15:10:43.7502617Z Preparing to unpack .../070-g++_4%3a13.2.0-7ubuntu1_amd64.deb ...
2026-02-11T15:10:43.7512558Z Unpacking g++ (4:13.2.0-7ubuntu1) ...
2026-02-11T15:10:43.7636238Z Selecting previously unselected package make.
2026-02-11T15:10:43.7652266Z Preparing to unpack .../071-make_4.3-4.1build2_amd64.deb ...
2026-02-11T15:10:43.7661619Z Unpacking make (4.3-4.1build2) ...
2026-02-11T15:10:43.7819457Z Selecting previously unselected package libdpkg-perl.
2026-02-11T15:10:43.7835170Z Preparing to unpack .../072-libdpkg-perl_1.22.6ubuntu6.5_all.deb ...
2026-02-11T15:10:43.7844163Z Unpacking libdpkg-perl (1.22.6ubuntu6.5) ...
2026-02-11T15:10:43.8195863Z Selecting previously unselected package bzip2.
2026-02-11T15:10:43.8212084Z Preparing to unpack .../073-bzip2_1.0.8-5.1build0.1_amd64.deb ...
2026-02-11T15:10:43.8221076Z Unpacking bzip2 (1.0.8-5.1build0.1) ...
2026-02-11T15:10:43.8376643Z Selecting previously unselected package patch.
2026-02-11T15:10:43.8393519Z Preparing to unpack .../074-patch_2.7.6-7build3_amd64.deb ...
2026-02-11T15:10:43.8402369Z Unpacking patch (2.7.6-7build3) ...
2026-02-11T15:10:43.8546972Z Selecting previously unselected package lto-disabled-list.
2026-02-11T15:10:43.8564446Z Preparing to unpack .../075-lto-disabled-list_47_all.deb ...
2026-02-11T15:10:43.8572558Z Unpacking lto-disabled-list (47) ...
2026-02-11T15:10:43.8707057Z Selecting previously unselected package dpkg-dev.
2026-02-11T15:10:43.8723741Z Preparing to unpack .../076-dpkg-dev_1.22.6ubuntu6.5_all.deb ...
2026-02-11T15:10:43.8732375Z Unpacking dpkg-dev (1.22.6ubuntu6.5) ...
2026-02-11T15:10:43.9453755Z Selecting previously unselected package build-essential.
2026-02-11T15:10:43.9472231Z Preparing to unpack .../077-build-essential_12.10ubuntu1_amd64.deb ...
2026-02-11T15:10:43.9495657Z Unpacking build-essential (12.10ubuntu1) ...
2026-02-11T15:10:43.9625340Z Selecting previously unselected package gpgconf.
2026-02-11T15:10:43.9642615Z Preparing to unpack .../078-gpgconf_2.4.4-2ubuntu17.4_amd64.deb ...
2026-02-11T15:10:43.9651469Z Unpacking gpgconf (2.4.4-2ubuntu17.4) ...
2026-02-11T15:10:43.9820081Z Selecting previously unselected package libksba8:amd64.
2026-02-11T15:10:43.9837236Z Preparing to unpack .../079-libksba8_1.6.6-1build1_amd64.deb ...
2026-02-11T15:10:43.9848354Z Unpacking libksba8:amd64 (1.6.6-1build1) ...
2026-02-11T15:10:44.0062339Z Selecting previously unselected package libsasl2-modules-db:amd64.
2026-02-11T15:10:44.0079705Z Preparing to unpack .../080-libsasl2-modules-db_2.1.28+dfsg1-5ubuntu3.1_amd64.deb ...
2026-02-11T15:10:44.0088010Z Unpacking libsasl2-modules-db:amd64 (2.1.28+dfsg1-5ubuntu3.1) ...
2026-02-11T15:10:44.0232490Z Selecting previously unselected package libsasl2-2:amd64.
2026-02-11T15:10:44.0249756Z Preparing to unpack .../081-libsasl2-2_2.1.28+dfsg1-5ubuntu3.1_amd64.deb ...
2026-02-11T15:10:44.0270371Z Unpacking libsasl2-2:amd64 (2.1.28+dfsg1-5ubuntu3.1) ...
2026-02-11T15:10:44.0465451Z Selecting previously unselected package libldap2:amd64.
2026-02-11T15:10:44.0482074Z Preparing to unpack .../082-libldap2_2.6.10+dfsg-0ubuntu0.24.04.1_amd64.deb ...
2026-02-11T15:10:44.0490991Z Unpacking libldap2:amd64 (2.6.10+dfsg-0ubuntu0.24.04.1) ...
2026-02-11T15:10:44.0697878Z Selecting previously unselected package dirmngr.
2026-02-11T15:10:44.0715108Z Preparing to unpack .../083-dirmngr_2.4.4-2ubuntu17.4_amd64.deb ...
2026-02-11T15:10:44.0827972Z Unpacking dirmngr (2.4.4-2ubuntu17.4) ...
2026-02-11T15:10:44.1144352Z Selecting previously unselected package libfakeroot:amd64.
2026-02-11T15:10:44.1160799Z Preparing to unpack .../084-libfakeroot_1.33-1_amd64.deb ...
2026-02-11T15:10:44.1169967Z Unpacking libfakeroot:amd64 (1.33-1) ...
2026-02-11T15:10:44.1346405Z Selecting previously unselected package fakeroot.
2026-02-11T15:10:44.1363669Z Preparing to unpack .../085-fakeroot_1.33-1_amd64.deb ...
2026-02-11T15:10:44.1372275Z Unpacking fakeroot (1.33-1) ...
2026-02-11T15:10:44.1555560Z Selecting previously unselected package fonts-dejavu-mono.
2026-02-11T15:10:44.1573634Z Preparing to unpack .../086-fonts-dejavu-mono_2.37-8_all.deb ...
2026-02-11T15:10:44.1582286Z Unpacking fonts-dejavu-mono (2.37-8) ...
2026-02-11T15:10:44.1886814Z Selecting previously unselected package fonts-dejavu-core.
2026-02-11T15:10:44.1904876Z Preparing to unpack .../087-fonts-dejavu-core_2.37-8_all.deb ...
2026-02-11T15:10:44.2050777Z Unpacking fonts-dejavu-core (2.37-8) ...
2026-02-11T15:10:44.2341877Z Selecting previously unselected package fontconfig-config.
2026-02-11T15:10:44.2359491Z Preparing to unpack .../088-fontconfig-config_2.15.0-1.1ubuntu2_amd64.deb ...
2026-02-11T15:10:44.3630075Z Unpacking fontconfig-config (2.15.0-1.1ubuntu2) ...
2026-02-11T15:10:44.3883918Z Selecting previously unselected package libbrotli1:amd64.
2026-02-11T15:10:44.3901114Z Preparing to unpack .../089-libbrotli1_1.1.0-2build2_amd64.deb ...
2026-02-11T15:10:44.3911783Z Unpacking libbrotli1:amd64 (1.1.0-2build2) ...
2026-02-11T15:10:44.4129679Z Selecting previously unselected package librtmp1:amd64.
2026-02-11T15:10:44.4147035Z Preparing to unpack .../090-librtmp1_2.4+20151223.gitfa8646d.1-2build7_amd64.deb ...
2026-02-11T15:10:44.4155993Z Unpacking librtmp1:amd64 (2.4+20151223.gitfa8646d.1-2build7) ...
2026-02-11T15:10:44.4304225Z Selecting previously unselected package libssh-4:amd64.
2026-02-11T15:10:44.4321570Z Preparing to unpack .../091-libssh-4_0.10.6-2ubuntu0.2_amd64.deb ...
2026-02-11T15:10:44.4330283Z Unpacking libssh-4:amd64 (0.10.6-2ubuntu0.2) ...
2026-02-11T15:10:44.4515265Z Selecting previously unselected package libcurl3t64-gnutls:amd64.
2026-02-11T15:10:44.4533385Z Preparing to unpack .../092-libcurl3t64-gnutls_8.5.0-2ubuntu10.6_amd64.deb ...
2026-02-11T15:10:44.4542085Z Unpacking libcurl3t64-gnutls:amd64 (8.5.0-2ubuntu10.6) ...
2026-02-11T15:10:44.4725982Z Selecting previously unselected package liberror-perl.
2026-02-11T15:10:44.4743695Z Preparing to unpack .../093-liberror-perl_0.17029-2_all.deb ...
2026-02-11T15:10:44.4755907Z Unpacking liberror-perl (0.17029-2) ...
2026-02-11T15:10:44.4899945Z Selecting previously unselected package git-man.
2026-02-11T15:10:44.4917341Z Preparing to unpack .../094-git-man_1%3a2.43.0-1ubuntu7.3_all.deb ...
2026-02-11T15:10:44.4925493Z Unpacking git-man (1:2.43.0-1ubuntu7.3) ...
2026-02-11T15:10:44.5188186Z Selecting previously unselected package git.
2026-02-11T15:10:44.5206725Z Preparing to unpack .../095-git_1%3a2.43.0-1ubuntu7.3_amd64.deb ...
2026-02-11T15:10:44.5256969Z Unpacking git (1:2.43.0-1ubuntu7.3) ...
2026-02-11T15:10:44.6575987Z Selecting previously unselected package gnupg-utils.
2026-02-11T15:10:44.6594978Z Preparing to unpack .../096-gnupg-utils_2.4.4-2ubuntu17.4_amd64.deb ...
2026-02-11T15:10:44.6603513Z Unpacking gnupg-utils (2.4.4-2ubuntu17.4) ...
2026-02-11T15:10:44.6765728Z Selecting previously unselected package gpg.
2026-02-11T15:10:44.6784326Z Preparing to unpack .../097-gpg_2.4.4-2ubuntu17.4_amd64.deb ...
2026-02-11T15:10:44.6793159Z Unpacking gpg (2.4.4-2ubuntu17.4) ...
2026-02-11T15:10:44.6981709Z Selecting previously unselected package pinentry-curses.
2026-02-11T15:10:44.6999347Z Preparing to unpack .../098-pinentry-curses_1.2.1-3ubuntu5_amd64.deb ...
2026-02-11T15:10:44.7007860Z Unpacking pinentry-curses (1.2.1-3ubuntu5) ...
2026-02-11T15:10:44.7165188Z Selecting previously unselected package gpg-agent.
2026-02-11T15:10:44.7183835Z Preparing to unpack .../099-gpg-agent_2.4.4-2ubuntu17.4_amd64.deb ...
2026-02-11T15:10:44.7191892Z Unpacking gpg-agent (2.4.4-2ubuntu17.4) ...
2026-02-11T15:10:44.7418055Z Selecting previously unselected package gpgsm.
2026-02-11T15:10:44.7436127Z Preparing to unpack .../100-gpgsm_2.4.4-2ubuntu17.4_amd64.deb ...
2026-02-11T15:10:44.7445013Z Unpacking gpgsm (2.4.4-2ubuntu17.4) ...
2026-02-11T15:10:44.7617048Z Selecting previously unselected package keyboxd.
2026-02-11T15:10:44.7637279Z Preparing to unpack .../101-keyboxd_2.4.4-2ubuntu17.4_amd64.deb ...
2026-02-11T15:10:44.7645662Z Unpacking keyboxd (2.4.4-2ubuntu17.4) ...
2026-02-11T15:10:44.7794982Z Selecting previously unselected package gnupg.
2026-02-11T15:10:44.7812792Z Preparing to unpack .../102-gnupg_2.4.4-2ubuntu17.4_all.deb ...
2026-02-11T15:10:44.7823738Z Unpacking gnupg (2.4.4-2ubuntu17.4) ...
2026-02-11T15:10:44.7992338Z Selecting previously unselected package gnupg-l10n.
2026-02-11T15:10:44.8012638Z Preparing to unpack .../103-gnupg-l10n_2.4.4-2ubuntu17.4_all.deb ...
2026-02-11T15:10:44.8021909Z Unpacking gnupg-l10n (2.4.4-2ubuntu17.4) ...
2026-02-11T15:10:44.8205108Z Selecting previously unselected package gpg-wks-client.
2026-02-11T15:10:44.8223637Z Preparing to unpack .../104-gpg-wks-client_2.4.4-2ubuntu17.4_amd64.deb ...
2026-02-11T15:10:44.8232028Z Unpacking gpg-wks-client (2.4.4-2ubuntu17.4) ...
2026-02-11T15:10:44.8398482Z Selecting previously unselected package javascript-common.
2026-02-11T15:10:44.8416329Z Preparing to unpack .../105-javascript-common_11+nmu1_all.deb ...
2026-02-11T15:10:44.8519900Z Unpacking javascript-common (11+nmu1) ...
2026-02-11T15:10:44.8664962Z Selecting previously unselected package libalgorithm-diff-perl.
2026-02-11T15:10:44.8682894Z Preparing to unpack .../106-libalgorithm-diff-perl_1.201-1_all.deb ...
2026-02-11T15:10:44.8692460Z Unpacking libalgorithm-diff-perl (1.201-1) ...
2026-02-11T15:10:44.8853145Z Selecting previously unselected package libalgorithm-diff-xs-perl:amd64.
2026-02-11T15:10:44.8871310Z Preparing to unpack .../107-libalgorithm-diff-xs-perl_0.04-8build3_amd64.deb ...
2026-02-11T15:10:44.8882079Z Unpacking libalgorithm-diff-xs-perl:amd64 (0.04-8build3) ...
2026-02-11T15:10:44.9029333Z Selecting previously unselected package libalgorithm-merge-perl.
2026-02-11T15:10:44.9047105Z Preparing to unpack .../108-libalgorithm-merge-perl_0.08-5_all.deb ...
2026-02-11T15:10:44.9055862Z Unpacking libalgorithm-merge-perl (0.08-5) ...
2026-02-11T15:10:44.9195070Z Selecting previously unselected package libaom3:amd64.
2026-02-11T15:10:44.9213047Z Preparing to unpack .../109-libaom3_3.8.2-2ubuntu0.1_amd64.deb ...
2026-02-11T15:10:44.9221557Z Unpacking libaom3:amd64 (3.8.2-2ubuntu0.1) ...
2026-02-11T15:10:44.9589576Z Selecting previously unselected package libfreetype6:amd64.
2026-02-11T15:10:44.9607283Z Preparing to unpack .../110-libfreetype6_2.13.2+dfsg-1build3_amd64.deb ...
2026-02-11T15:10:44.9618919Z Unpacking libfreetype6:amd64 (2.13.2+dfsg-1build3) ...
2026-02-11T15:10:44.9807105Z Selecting previously unselected package libfontconfig1:amd64.
2026-02-11T15:10:44.9824884Z Preparing to unpack .../111-libfontconfig1_2.15.0-1.1ubuntu2_amd64.deb ...
2026-02-11T15:10:44.9833225Z Unpacking libfontconfig1:amd64 (2.15.0-1.1ubuntu2) ...
2026-02-11T15:10:45.0003615Z Selecting previously unselected package libsharpyuv0:amd64.
2026-02-11T15:10:45.0021955Z Preparing to unpack .../112-libsharpyuv0_1.3.2-0.4build3_amd64.deb ...
2026-02-11T15:10:45.0031176Z Unpacking libsharpyuv0:amd64 (1.3.2-0.4build3) ...
2026-02-11T15:10:45.0162787Z Selecting previously unselected package libheif-plugin-aomdec:amd64.
2026-02-11T15:10:45.0181417Z Preparing to unpack .../113-libheif-plugin-aomdec_1.17.6-1ubuntu4.2_amd64.deb ...
2026-02-11T15:10:45.0189797Z Unpacking libheif-plugin-aomdec:amd64 (1.17.6-1ubuntu4.2) ...
2026-02-11T15:10:45.0335216Z Selecting previously unselected package libde265-0:amd64.
2026-02-11T15:10:45.0353558Z Preparing to unpack .../114-libde265-0_1.0.15-1build3_amd64.deb ...
2026-02-11T15:10:45.0363282Z Unpacking libde265-0:amd64 (1.0.15-1build3) ...
2026-02-11T15:10:45.0533171Z Selecting previously unselected package libheif-plugin-libde265:amd64.
2026-02-11T15:10:45.0550185Z Preparing to unpack .../115-libheif-plugin-libde265_1.17.6-1ubuntu4.2_amd64.deb ...
2026-02-11T15:10:45.0560557Z Unpacking libheif-plugin-libde265:amd64 (1.17.6-1ubuntu4.2) ...
2026-02-11T15:10:45.0714990Z Selecting previously unselected package libheif1:amd64.
2026-02-11T15:10:45.0733834Z Preparing to unpack .../116-libheif1_1.17.6-1ubuntu4.2_amd64.deb ...
2026-02-11T15:10:45.0744107Z Unpacking libheif1:amd64 (1.17.6-1ubuntu4.2) ...
2026-02-11T15:10:45.0930124Z Selecting previously unselected package libjpeg-turbo8:amd64.
2026-02-11T15:10:45.0948329Z Preparing to unpack .../117-libjpeg-turbo8_2.1.5-2ubuntu2_amd64.deb ...
2026-02-11T15:10:45.0963026Z Unpacking libjpeg-turbo8:amd64 (2.1.5-2ubuntu2) ...
2026-02-11T15:10:45.1127449Z Selecting previously unselected package libjpeg8:amd64.
2026-02-11T15:10:45.1145958Z Preparing to unpack .../118-libjpeg8_8c-2ubuntu11_amd64.deb ...
2026-02-11T15:10:45.1155679Z Unpacking libjpeg8:amd64 (8c-2ubuntu11) ...
2026-02-11T15:10:45.1298222Z Selecting previously unselected package libdeflate0:amd64.
2026-02-11T15:10:45.1316897Z Preparing to unpack .../119-libdeflate0_1.19-1build1.1_amd64.deb ...
2026-02-11T15:10:45.1325819Z Unpacking libdeflate0:amd64 (1.19-1build1.1) ...
2026-02-11T15:10:45.1472045Z Selecting previously unselected package libjbig0:amd64.
2026-02-11T15:10:45.1490728Z Preparing to unpack .../120-libjbig0_2.1-6.1ubuntu2_amd64.deb ...
2026-02-11T15:10:45.1499936Z Unpacking libjbig0:amd64 (2.1-6.1ubuntu2) ...
2026-02-11T15:10:45.1653795Z Selecting previously unselected package liblerc4:amd64.
2026-02-11T15:10:45.1671976Z Preparing to unpack .../121-liblerc4_4.0.0+ds-4ubuntu2_amd64.deb ...
2026-02-11T15:10:45.1684208Z Unpacking liblerc4:amd64 (4.0.0+ds-4ubuntu2) ...
2026-02-11T15:10:45.1849812Z Selecting previously unselected package libwebp7:amd64.
2026-02-11T15:10:45.1867972Z Preparing to unpack .../122-libwebp7_1.3.2-0.4build3_amd64.deb ...
2026-02-11T15:10:45.1878854Z Unpacking libwebp7:amd64 (1.3.2-0.4build3) ...
2026-02-11T15:10:45.2061725Z Selecting previously unselected package libtiff6:amd64.
2026-02-11T15:10:45.2079962Z Preparing to unpack .../123-libtiff6_4.5.1+git230720-4ubuntu2.4_amd64.deb ...
2026-02-11T15:10:45.2089855Z Unpacking libtiff6:amd64 (4.5.1+git230720-4ubuntu2.4) ...
2026-02-11T15:10:45.2264544Z Selecting previously unselected package libxpm4:amd64.
2026-02-11T15:10:45.2283417Z Preparing to unpack .../124-libxpm4_1%3a3.5.17-1build2_amd64.deb ...
2026-02-11T15:10:45.2292227Z Unpacking libxpm4:amd64 (1:3.5.17-1build2) ...
2026-02-11T15:10:45.2455430Z Selecting previously unselected package libgd3:amd64.
2026-02-11T15:10:45.2473989Z Preparing to unpack .../125-libgd3_2.3.3-9ubuntu5_amd64.deb ...
2026-02-11T15:10:45.2483143Z Unpacking libgd3:amd64 (2.3.3-9ubuntu5) ...
2026-02-11T15:10:45.2635026Z Selecting previously unselected package libc-devtools.
2026-02-11T15:10:45.2653087Z Preparing to unpack .../126-libc-devtools_2.39-0ubuntu8.7_amd64.deb ...
2026-02-11T15:10:45.2661914Z Unpacking libc-devtools (2.39-0ubuntu8.7) ...
2026-02-11T15:10:45.2808755Z Selecting previously unselected package libexpat1-dev:amd64.
2026-02-11T15:10:45.2827631Z Preparing to unpack .../127-libexpat1-dev_2.6.1-2ubuntu0.3_amd64.deb ...
2026-02-11T15:10:45.2835825Z Unpacking libexpat1-dev:amd64 (2.6.1-2ubuntu0.3) ...
2026-02-11T15:10:45.3039457Z Selecting previously unselected package libfile-fcntllock-perl.
2026-02-11T15:10:45.3056893Z Preparing to unpack .../128-libfile-fcntllock-perl_0.22-4ubuntu5_amd64.deb ...
2026-02-11T15:10:45.3066322Z Unpacking libfile-fcntllock-perl (0.22-4ubuntu5) ...
2026-02-11T15:10:45.3227286Z Selecting previously unselected package libheif-plugin-aomenc:amd64.
2026-02-11T15:10:45.3245080Z Preparing to unpack .../129-libheif-plugin-aomenc_1.17.6-1ubuntu4.2_amd64.deb ...
2026-02-11T15:10:45.3254513Z Unpacking libheif-plugin-aomenc:amd64 (1.17.6-1ubuntu4.2) ...
2026-02-11T15:10:45.3437578Z Selecting previously unselected package libjs-jquery.
2026-02-11T15:10:45.3455672Z Preparing to unpack .../130-libjs-jquery_3.6.1+dfsg+~3.5.14-1_all.deb ...
2026-02-11T15:10:45.3508545Z Unpacking libjs-jquery (3.6.1+dfsg+~3.5.14-1) ...
2026-02-11T15:10:45.3674271Z Selecting previously unselected package libjs-underscore.
2026-02-11T15:10:45.3692778Z Preparing to unpack .../131-libjs-underscore_1.13.4~dfsg+~1.11.4-3_all.deb ...
2026-02-11T15:10:45.3702371Z Unpacking libjs-underscore (1.13.4~dfsg+~1.11.4-3) ...
2026-02-11T15:10:45.3857672Z Selecting previously unselected package libjs-sphinxdoc.
2026-02-11T15:10:45.3875991Z Preparing to unpack .../132-libjs-sphinxdoc_7.2.6-6_all.deb ...
2026-02-11T15:10:45.3885584Z Unpacking libjs-sphinxdoc (7.2.6-6) ...
2026-02-11T15:10:45.4060122Z Selecting previously unselected package libldap-common.
2026-02-11T15:10:45.4078336Z Preparing to unpack .../133-libldap-common_2.6.10+dfsg-0ubuntu0.24.04.1_all.deb ...
2026-02-11T15:10:45.4087395Z Unpacking libldap-common (2.6.10+dfsg-0ubuntu0.24.04.1) ...
2026-02-11T15:10:45.4236254Z Selecting previously unselected package libpython3.12t64:amd64.
2026-02-11T15:10:45.4254845Z Preparing to unpack .../134-libpython3.12t64_3.12.3-1ubuntu0.11_amd64.deb ...
2026-02-11T15:10:45.4264034Z Unpacking libpython3.12t64:amd64 (3.12.3-1ubuntu0.11) ...
2026-02-11T15:10:45.4762298Z Selecting previously unselected package zlib1g-dev:amd64.
2026-02-11T15:10:45.4780815Z Preparing to unpack .../135-zlib1g-dev_1%3a1.3.dfsg-3.1ubuntu2.1_amd64.deb ...
2026-02-11T15:10:45.4789331Z Unpacking zlib1g-dev:amd64 (1:1.3.dfsg-3.1ubuntu2.1) ...
2026-02-11T15:10:45.4971598Z Selecting previously unselected package libpython3.12-dev:amd64.
2026-02-11T15:10:45.4989697Z Preparing to unpack .../136-libpython3.12-dev_3.12.3-1ubuntu0.11_amd64.deb ...
2026-02-11T15:10:45.5009389Z Unpacking libpython3.12-dev:amd64 (3.12.3-1ubuntu0.11) ...
2026-02-11T15:10:45.6601629Z Selecting previously unselected package libpython3-dev:amd64.
2026-02-11T15:10:45.6620062Z Preparing to unpack .../137-libpython3-dev_3.12.3-0ubuntu2.1_amd64.deb ...
2026-02-11T15:10:45.6628479Z Unpacking libpython3-dev:amd64 (3.12.3-0ubuntu2.1) ...
2026-02-11T15:10:45.6775567Z Selecting previously unselected package libsasl2-modules:amd64.
2026-02-11T15:10:45.6794090Z Preparing to unpack .../138-libsasl2-modules_2.1.28+dfsg1-5ubuntu3.1_amd64.deb ...
2026-02-11T15:10:45.6844317Z Unpacking libsasl2-modules:amd64 (2.1.28+dfsg1-5ubuntu3.1) ...
2026-02-11T15:10:45.7036652Z Selecting previously unselected package manpages-dev.
2026-02-11T15:10:45.7054866Z Preparing to unpack .../139-manpages-dev_6.7-2_all.deb ...
2026-02-11T15:10:45.7063307Z Unpacking manpages-dev (6.7-2) ...
2026-02-11T15:10:45.8045576Z Selecting previously unselected package python3.12-dev.
2026-02-11T15:10:45.8069787Z Preparing to unpack .../140-python3.12-dev_3.12.3-1ubuntu0.11_amd64.deb ...
2026-02-11T15:10:45.8078315Z Unpacking python3.12-dev (3.12.3-1ubuntu0.11) ...
2026-02-11T15:10:45.8219602Z Selecting previously unselected package python3-dev.
2026-02-11T15:10:45.8239742Z Preparing to unpack .../141-python3-dev_3.12.3-0ubuntu2.1_amd64.deb ...
2026-02-11T15:10:45.8248235Z Unpacking python3-dev (3.12.3-0ubuntu2.1) ...
2026-02-11T15:10:45.8396794Z Selecting previously unselected package python3-setuptools.
2026-02-11T15:10:45.8418370Z Preparing to unpack .../142-python3-setuptools_68.1.2-2ubuntu1.2_all.deb ...
2026-02-11T15:10:45.8428007Z Unpacking python3-setuptools (68.1.2-2ubuntu1.2) ...
2026-02-11T15:10:45.8933059Z Selecting previously unselected package python3-wheel.
2026-02-11T15:10:45.8952982Z Preparing to unpack .../143-python3-wheel_0.42.0-2_all.deb ...
2026-02-11T15:10:45.8961795Z Unpacking python3-wheel (0.42.0-2) ...
2026-02-11T15:10:45.9171352Z Selecting previously unselected package python3-pip.
2026-02-11T15:10:45.9191283Z Preparing to unpack .../144-python3-pip_24.0+dfsg-1ubuntu1.3_all.deb ...
2026-02-11T15:10:45.9199720Z Unpacking python3-pip (24.0+dfsg-1ubuntu1.3) ...
2026-02-11T15:10:46.0390403Z Selecting previously unselected package python3-pip-whl.
2026-02-11T15:10:46.0413236Z Preparing to unpack .../145-python3-pip-whl_24.0+dfsg-1ubuntu1.3_all.deb ...
2026-02-11T15:10:46.0421950Z Unpacking python3-pip-whl (24.0+dfsg-1ubuntu1.3) ...
2026-02-11T15:10:46.0642086Z Selecting previously unselected package python3-setuptools-whl.
2026-02-11T15:10:46.0662417Z Preparing to unpack .../146-python3-setuptools-whl_68.1.2-2ubuntu1.2_all.deb ...
2026-02-11T15:10:46.0672797Z Unpacking python3-setuptools-whl (68.1.2-2ubuntu1.2) ...
2026-02-11T15:10:46.0861971Z Selecting previously unselected package python3.12-venv.
2026-02-11T15:10:46.0882504Z Preparing to unpack .../147-python3.12-venv_3.12.3-1ubuntu0.11_amd64.deb ...
2026-02-11T15:10:46.0891543Z Unpacking python3.12-venv (3.12.3-1ubuntu0.11) ...
2026-02-11T15:10:46.1034401Z Selecting previously unselected package python3-venv.
2026-02-11T15:10:46.1054823Z Preparing to unpack .../148-python3-venv_3.12.3-0ubuntu2.1_amd64.deb ...
2026-02-11T15:10:46.1062642Z Unpacking python3-venv (3.12.3-0ubuntu2.1) ...
2026-02-11T15:10:46.1339445Z Setting up libksba8:amd64 (1.6.6-1build1) ...
2026-02-11T15:10:46.1363950Z Setting up pinentry-curses (1.2.1-3ubuntu5) ...
2026-02-11T15:10:46.1495874Z Setting up media-types (10.1.0) ...
2026-02-11T15:10:46.1526474Z Setting up javascript-common (11+nmu1) ...
2026-02-11T15:10:46.1740421Z Setting up libsharpyuv0:amd64 (1.3.2-0.4build3) ...
2026-02-11T15:10:46.1764718Z Setting up libaom3:amd64 (3.8.2-2ubuntu0.1) ...
2026-02-11T15:10:46.1787687Z Setting up libxau6:amd64 (1:1.0.9-1build6) ...
2026-02-11T15:10:46.1811984Z Setting up python3-setuptools-whl (68.1.2-2ubuntu1.2) ...
2026-02-11T15:10:46.1839675Z Setting up libkeyutils1:amd64 (1.6.3-3build1) ...
2026-02-11T15:10:46.1871531Z Setting up lto-disabled-list (47) ...
2026-02-11T15:10:46.1897537Z Setting up liblerc4:amd64 (4.0.0+ds-4ubuntu2) ...
2026-02-11T15:10:46.1921670Z Setting up libgdbm6t64:amd64 (1.23-5.1build1) ...
2026-02-11T15:10:46.1944188Z Setting up libgdbm-compat4t64:amd64 (1.23-5.1build1) ...
2026-02-11T15:10:46.1969825Z Setting up libcbor0.10:amd64 (0.10.2-1.2ubuntu2) ...
2026-02-11T15:10:46.1996967Z Setting up manpages (6.7-2) ...
2026-02-11T15:10:46.2018780Z Setting up libbrotli1:amd64 (1.1.0-2build2) ...
2026-02-11T15:10:46.2056310Z Setting up libsqlite3-0:amd64 (3.45.1-1ubuntu2.5) ...
2026-02-11T15:10:46.2091442Z Setting up libsasl2-modules:amd64 (2.1.28+dfsg1-5ubuntu3.1) ...
2026-02-11T15:10:46.2152891Z Setting up binutils-common:amd64 (2.42-4ubuntu2.8) ...
2026-02-11T15:10:46.2187771Z Setting up libpsl5t64:amd64 (0.21.2-1.1build1) ...
2026-02-11T15:10:46.2212822Z Setting up libnghttp2-14:amd64 (1.59.0-1ubuntu0.2) ...
2026-02-11T15:10:46.2239323Z Setting up libdeflate0:amd64 (1.19-1build1.1) ...
2026-02-11T15:10:46.2264164Z Setting up less (590-2ubuntu2.1) ...
2026-02-11T15:10:46.2318271Z Setting up linux-libc-dev:amd64 (6.8.0-100.100) ...
2026-02-11T15:10:46.2340011Z Setting up libctf-nobfd0:amd64 (2.42-4ubuntu2.8) ...
2026-02-11T15:10:46.2365364Z Setting up krb5-locales (1.20.1-6ubuntu2.6) ...
2026-02-11T15:10:46.2388833Z Setting up libgomp1:amd64 (14.2.0-4ubuntu2~24.04) ...
2026-02-11T15:10:46.2414383Z Setting up bzip2 (1.0.8-5.1build0.1) ...
2026-02-11T15:10:46.2437318Z Setting up libldap-common (2.6.10+dfsg-0ubuntu0.24.04.1) ...
2026-02-11T15:10:46.2470835Z Setting up libjbig0:amd64 (2.1-6.1ubuntu2) ...
2026-02-11T15:10:46.2495117Z Setting up libsframe1:amd64 (2.42-4ubuntu2.8) ...
2026-02-11T15:10:46.2531055Z Setting up libfakeroot:amd64 (1.33-1) ...
2026-02-11T15:10:46.2561658Z Setting up libjansson4:amd64 (2.14-2build2) ...
2026-02-11T15:10:46.2586296Z Setting up libkrb5support0:amd64 (1.20.1-6ubuntu2.6) ...
2026-02-11T15:10:46.2609712Z Setting up libsasl2-modules-db:amd64 (2.1.28+dfsg1-5ubuntu3.1) ...
2026-02-11T15:10:46.2631848Z Setting up tzdata (2025b-0ubuntu0.24.04.1) ...
2026-02-11T15:10:46.3324899Z debconf: unable to initialize frontend: Dialog
2026-02-11T15:10:46.3325644Z debconf: (TERM is not set, so the dialog frontend is not usable.)
2026-02-11T15:10:46.3326280Z debconf: falling back to frontend: Readline
2026-02-11T15:10:46.3386918Z debconf: unable to initialize frontend: Readline
2026-02-11T15:10:46.3387548Z debconf: (This frontend requires a controlling tty.)
2026-02-11T15:10:46.3388054Z debconf: falling back to frontend: Teletype
2026-02-11T15:10:46.3831866Z Configuring tzdata
2026-02-11T15:10:46.3832298Z ------------------
2026-02-11T15:10:46.3832601Z 
2026-02-11T15:10:46.3833044Z Please select the geographic area in which you live. Subsequent configuration
2026-02-11T15:10:46.3834083Z questions will narrow this down by presenting a list of cities, representing
2026-02-11T15:10:46.3834871Z the time zones in which they are located.
2026-02-11T15:10:46.3835251Z 
2026-02-11T15:10:46.3835476Z   1. Africa      4. Arctic    7. Australia  10. Pacific
2026-02-11T15:10:46.3836109Z   2. America     5. Asia      8. Europe     11. Etc
2026-02-11T15:10:46.3836646Z   3. Antarctica  6. Atlantic  9. Indian     12. Legacy
2026-02-11T15:10:46.3837006Z Geographic area: 
2026-02-11T15:10:46.3837512Z Use of uninitialized value $_[1] in join or string at /usr/share/perl5/Debconf/DbDriver/Stack.pm line 112.
2026-02-11T15:10:46.4060489Z 
2026-02-11T15:10:46.4061061Z Current default time zone: '/UTC'
2026-02-11T15:10:46.4191073Z Local time is now:      Wed Feb 11 15:10:46 UTC 2026.
2026-02-11T15:10:46.4191672Z Universal Time is now:  Wed Feb 11 15:10:46 UTC 2026.
2026-02-11T15:10:46.4192653Z Run 'dpkg-reconfigure tzdata' if you wish to change it.
2026-02-11T15:10:46.4193082Z 
2026-02-11T15:10:46.4198006Z Use of uninitialized value $val in substitution (s///) at /usr/share/perl5/Debconf/Format/822.pm line 84, <GEN6> line 4.
2026-02-11T15:10:46.4199511Z Use of uninitialized value $val in concatenation (.) or string at /usr/share/perl5/Debconf/Format/822.pm line 85, <GEN6> line 4.
2026-02-11T15:10:46.4292462Z Setting up fakeroot (1.33-1) ...
2026-02-11T15:10:46.4326585Z update-alternatives: using /usr/bin/fakeroot-sysv to provide /usr/bin/fakeroot (fakeroot) in auto mode
2026-02-11T15:10:46.4328341Z update-alternatives: warning: skip creation of /usr/share/man/man1/fakeroot.1.gz because associated file /usr/share/man/man1/fakeroot-sysv.1.gz (of link group fakeroot) doesn't exist
2026-02-11T15:10:46.4330724Z update-alternatives: warning: skip creation of /usr/share/man/man1/faked.1.gz because associated file /usr/share/man/man1/faked-sysv.1.gz (of link group fakeroot) doesn't exist
2026-02-11T15:10:46.4332310Z update-alternatives: warning: skip creation of /usr/share/man/es/man1/fakeroot.1.gz because associated file /usr/share/man/es/man1/fakeroot-sysv.1.gz (of link group fakeroot) doesn't exist
2026-02-11T15:10:46.4333816Z update-alternatives: warning: skip creation of /usr/share/man/es/man1/faked.1.gz because associated file /usr/share/man/es/man1/faked-sysv.1.gz (of link group fakeroot) doesn't exist
2026-02-11T15:10:46.4335391Z update-alternatives: warning: skip creation of /usr/share/man/fr/man1/fakeroot.1.gz because associated file /usr/share/man/fr/man1/fakeroot-sysv.1.gz (of link group fakeroot) doesn't exist
2026-02-11T15:10:46.4337065Z update-alternatives: warning: skip creation of /usr/share/man/fr/man1/faked.1.gz because associated file /usr/share/man/fr/man1/faked-sysv.1.gz (of link group fakeroot) doesn't exist
2026-02-11T15:10:46.4338359Z update-alternatives: warning: skip creation of /usr/share/man/sv/man1/fakeroot.1.gz because associated file /usr/share/man/sv/man1/fakeroot-sysv.1.gz (of link group fakeroot) doesn't exist
2026-02-11T15:10:46.4340224Z update-alternatives: warning: skip creation of /usr/share/man/sv/man1/faked.1.gz because associated file /usr/share/man/sv/man1/faked-sysv.1.gz (of link group fakeroot) doesn't exist
2026-02-11T15:10:46.4361034Z Setting up rpcsvc-proto (1.4.2-0ubuntu7) ...
2026-02-11T15:10:46.4383447Z Setting up gcc-13-base:amd64 (13.3.0-6ubuntu2~24.04) ...
2026-02-11T15:10:46.4413173Z Setting up libx11-data (2:1.8.7-1build1) ...
2026-02-11T15:10:46.4438612Z Setting up make (4.3-4.1build2) ...
2026-02-11T15:10:46.4463567Z Setting up libmpfr6:amd64 (4.2.1-1build1.1) ...
2026-02-11T15:10:46.4491148Z Setting up gnupg-l10n (2.4.4-2ubuntu17.4) ...
2026-02-11T15:10:46.4515666Z Setting up librtmp1:amd64 (2.4+20151223.gitfa8646d.1-2build7) ...
2026-02-11T15:10:46.4544277Z Setting up xz-utils (5.6.1+really5.4.5-1ubuntu0.2) ...
2026-02-11T15:10:46.4579616Z update-alternatives: using /usr/bin/xz to provide /usr/bin/lzma (lzma) in auto mode
2026-02-11T15:10:46.4581110Z update-alternatives: warning: skip creation of /usr/share/man/man1/lzma.1.gz because associated file /usr/share/man/man1/xz.1.gz (of link group lzma) doesn't exist
2026-02-11T15:10:46.4583509Z update-alternatives: warning: skip creation of /usr/share/man/man1/unlzma.1.gz because associated file /usr/share/man/man1/unxz.1.gz (of link group lzma) doesn't exist
2026-02-11T15:10:46.4585504Z update-alternatives: warning: skip creation of /usr/share/man/man1/lzcat.1.gz because associated file /usr/share/man/man1/xzcat.1.gz (of link group lzma) doesn't exist
2026-02-11T15:10:46.4587526Z update-alternatives: warning: skip creation of /usr/share/man/man1/lzmore.1.gz because associated file /usr/share/man/man1/xzmore.1.gz (of link group lzma) doesn't exist
2026-02-11T15:10:46.4589746Z update-alternatives: warning: skip creation of /usr/share/man/man1/lzless.1.gz because associated file /usr/share/man/man1/xzless.1.gz (of link group lzma) doesn't exist
2026-02-11T15:10:46.4592116Z update-alternatives: warning: skip creation of /usr/share/man/man1/lzdiff.1.gz because associated file /usr/share/man/man1/xzdiff.1.gz (of link group lzma) doesn't exist
2026-02-11T15:10:46.4594106Z update-alternatives: warning: skip creation of /usr/share/man/man1/lzcmp.1.gz because associated file /usr/share/man/man1/xzcmp.1.gz (of link group lzma) doesn't exist
2026-02-11T15:10:46.4596030Z update-alternatives: warning: skip creation of /usr/share/man/man1/lzgrep.1.gz because associated file /usr/share/man/man1/xzgrep.1.gz (of link group lzma) doesn't exist
2026-02-11T15:10:46.4597960Z update-alternatives: warning: skip creation of /usr/share/man/man1/lzegrep.1.gz because associated file /usr/share/man/man1/xzegrep.1.gz (of link group lzma) doesn't exist
2026-02-11T15:10:46.4599757Z update-alternatives: warning: skip creation of /usr/share/man/man1/lzfgrep.1.gz because associated file /usr/share/man/man1/xzfgrep.1.gz (of link group lzma) doesn't exist
2026-02-11T15:10:46.4623794Z Setting up perl-modules-5.38 (5.38.2-3.2ubuntu0.2) ...
2026-02-11T15:10:46.4648951Z Setting up libquadmath0:amd64 (14.2.0-4ubuntu2~24.04) ...
2026-02-11T15:10:46.4671296Z Setting up fonts-dejavu-mono (2.37-8) ...
2026-02-11T15:10:46.4727111Z Setting up libpng16-16t64:amd64 (1.6.43-5ubuntu0.4) ...
2026-02-11T15:10:46.4754381Z Setting up libmpc3:amd64 (1.3.1-1build1.1) ...
2026-02-11T15:10:46.4777439Z Setting up libatomic1:amd64 (14.2.0-4ubuntu2~24.04) ...
2026-02-11T15:10:46.4813344Z Setting up patch (2.7.6-7build3) ...
2026-02-11T15:10:46.4841360Z Setting up fonts-dejavu-core (2.37-8) ...
2026-02-11T15:10:46.5057624Z Setting up libk5crypto3:amd64 (1.20.1-6ubuntu2.6) ...
2026-02-11T15:10:46.5140417Z Setting up libjpeg-turbo8:amd64 (2.1.5-2ubuntu2) ...
2026-02-11T15:10:46.5165820Z Setting up libsasl2-2:amd64 (2.1.28+dfsg1-5ubuntu3.1) ...
2026-02-11T15:10:46.5188514Z Setting up libwebp7:amd64 (1.3.2-0.4build3) ...
2026-02-11T15:10:46.5220375Z Setting up libubsan1:amd64 (14.2.0-4ubuntu2~24.04) ...
2026-02-11T15:10:46.5243888Z Setting up libhwasan0:amd64 (14.2.0-4ubuntu2~24.04) ...
2026-02-11T15:10:46.5270522Z Setting up libcrypt-dev:amd64 (1:4.4.36-4build1) ...
2026-02-11T15:10:46.5340840Z Setting up libasan8:amd64 (14.2.0-4ubuntu2~24.04) ...
2026-02-11T15:10:46.5365803Z Setting up git-man (1:2.43.0-1ubuntu7.3) ...
2026-02-11T15:10:46.5401503Z Setting up netbase (6.4) ...
2026-02-11T15:10:46.5484312Z Setting up libkrb5-3:amd64 (1.20.1-6ubuntu2.6) ...
2026-02-11T15:10:46.5510609Z Setting up libperl5.38t64:amd64 (5.38.2-3.2ubuntu0.2) ...
2026-02-11T15:10:46.5538828Z Setting up libtsan2:amd64 (14.2.0-4ubuntu2~24.04) ...
2026-02-11T15:10:46.5569466Z Setting up libjs-jquery (3.6.1+dfsg+~3.5.14-1) ...
2026-02-11T15:10:46.5638611Z Setting up libbinutils:amd64 (2.42-4ubuntu2.8) ...
2026-02-11T15:10:46.5660356Z Setting up libfido2-1:amd64 (1.14.0-1build3) ...
2026-02-11T15:10:46.5686375Z Setting up libisl23:amd64 (0.26-3build1.1) ...
2026-02-11T15:10:46.5715051Z Setting up libde265-0:amd64 (1.0.15-1build3) ...
2026-02-11T15:10:46.5739641Z Setting up libc-dev-bin (2.39-0ubuntu8.7) ...
2026-02-11T15:10:46.5765704Z Setting up openssl (3.0.13-0ubuntu3.7) ...
2026-02-11T15:10:46.5808496Z Setting up libbsd0:amd64 (0.12.1-1build1.1) ...
2026-02-11T15:10:46.5834651Z Setting up readline-common (8.2-4build1) ...
2026-02-11T15:10:46.6010007Z Setting up publicsuffix (20231001.0357-0.1) ...
2026-02-11T15:10:46.6129930Z Setting up libcc1-0:amd64 (14.2.0-4ubuntu2~24.04) ...
2026-02-11T15:10:46.6154524Z Setting up libldap2:amd64 (2.6.10+dfsg-0ubuntu0.24.04.1) ...
2026-02-11T15:10:46.6195235Z Setting up liblocale-gettext-perl (1.07-6ubuntu5) ...
2026-02-11T15:10:46.6216543Z Setting up liblsan0:amd64 (14.2.0-4ubuntu2~24.04) ...
2026-02-11T15:10:46.6242464Z Setting up libitm1:amd64 (14.2.0-4ubuntu2~24.04) ...
2026-02-11T15:10:46.6266186Z Setting up libjs-underscore (1.13.4~dfsg+~1.11.4-3) ...
2026-02-11T15:10:46.6290359Z Setting up gnupg-utils (2.4.4-2ubuntu17.4) ...
2026-02-11T15:10:46.6320895Z Setting up libctf0:amd64 (2.42-4ubuntu2.8) ...
2026-02-11T15:10:46.6352140Z Setting up libjpeg8:amd64 (8c-2ubuntu11) ...
2026-02-11T15:10:46.6372660Z Setting up manpages-dev (6.7-2) ...
2026-02-11T15:10:46.6394023Z Setting up libxdmcp6:amd64 (1:1.1.3-0ubuntu6) ...
2026-02-11T15:10:46.6421724Z Setting up libxcb1:amd64 (1.15-1ubuntu2) ...
2026-02-11T15:10:46.6446300Z Setting up cpp-13-x86-64-linux-gnu (13.3.0-6ubuntu2~24.04) ...
2026-02-11T15:10:46.6475403Z Setting up fontconfig-config (2.15.0-1.1ubuntu2) ...
2026-02-11T15:10:46.7791920Z Setting up libedit2:amd64 (3.1-20230828-1build1) ...
2026-02-11T15:10:46.7820078Z Setting up ca-certificates (20240203) ...
2026-02-11T15:10:46.8729964Z debconf: unable to initialize frontend: Dialog
2026-02-11T15:10:46.8730665Z debconf: (TERM is not set, so the dialog frontend is not usable.)
2026-02-11T15:10:46.8731280Z debconf: falling back to frontend: Readline
2026-02-11T15:10:46.8790234Z debconf: unable to initialize frontend: Readline
2026-02-11T15:10:46.8790840Z debconf: (This frontend requires a controlling tty.)
2026-02-11T15:10:46.8791357Z debconf: falling back to frontend: Teletype
2026-02-11T15:10:47.2989215Z Updating certificates in /etc/ssl/certs...
2026-02-11T15:10:47.8725167Z 146 added, 0 removed; done.
2026-02-11T15:10:47.8947031Z Setting up perl (5.38.2-3.2ubuntu0.2) ...
2026-02-11T15:10:47.9039700Z Setting up libgprofng0:amd64 (2.42-4ubuntu2.8) ...
2026-02-11T15:10:47.9065908Z Setting up libfreetype6:amd64 (2.13.2+dfsg-1build3) ...
2026-02-11T15:10:47.9093184Z Setting up libgssapi-krb5-2:amd64 (1.20.1-6ubuntu2.6) ...
2026-02-11T15:10:47.9125819Z Setting up libjs-sphinxdoc (7.2.6-6) ...
2026-02-11T15:10:47.9151811Z Setting up libdpkg-perl (1.22.6ubuntu6.5) ...
2026-02-11T15:10:47.9175424Z Setting up libssh-4:amd64 (0.10.6-2ubuntu0.2) ...
2026-02-11T15:10:47.9202397Z Setting up libreadline8t64:amd64 (8.2-4build1) ...
2026-02-11T15:10:47.9228966Z Setting up libgcc-13-dev:amd64 (13.3.0-6ubuntu2~24.04) ...
2026-02-11T15:10:47.9255343Z Setting up libtiff6:amd64 (4.5.1+git230720-4ubuntu2.4) ...
2026-02-11T15:10:47.9281120Z Setting up gpgconf (2.4.4-2ubuntu17.4) ...
2026-02-11T15:10:47.9307315Z Setting up libc6-dev:amd64 (2.39-0ubuntu8.7) ...
2026-02-11T15:10:47.9331115Z Setting up libx11-6:amd64 (2:1.8.7-1build1) ...
2026-02-11T15:10:47.9355203Z Setting up libfontconfig1:amd64 (2.15.0-1.1ubuntu2) ...
2026-02-11T15:10:47.9380345Z Setting up libxmuu1:amd64 (2:1.1.3-3build2) ...
2026-02-11T15:10:47.9407594Z Setting up gpg (2.4.4-2ubuntu17.4) ...
2026-02-11T15:10:47.9430483Z Setting up libstdc++-13-dev:amd64 (13.3.0-6ubuntu2~24.04) ...
2026-02-11T15:10:47.9454595Z Setting up binutils-x86-64-linux-gnu (2.42-4ubuntu2.8) ...
2026-02-11T15:10:47.9481024Z Setting up cpp-x86-64-linux-gnu (4:13.2.0-7ubuntu1) ...
2026-02-11T15:10:47.9503596Z Setting up gpg-agent (2.4.4-2ubuntu17.4) ...
2026-02-11T15:10:48.3702728Z Setting up libpython3.12-stdlib:amd64 (3.12.3-1ubuntu0.11) ...
2026-02-11T15:10:48.3723667Z Setting up libxpm4:amd64 (1:3.5.17-1build2) ...
2026-02-11T15:10:48.3751084Z Setting up cpp-13 (13.3.0-6ubuntu2~24.04) ...
2026-02-11T15:10:48.3782001Z Setting up libfile-fcntllock-perl (0.22-4ubuntu5) ...
2026-02-11T15:10:48.3806855Z Setting up python3-pip-whl (24.0+dfsg-1ubuntu1.3) ...
2026-02-11T15:10:48.3831196Z Setting up libalgorithm-diff-perl (1.201-1) ...
2026-02-11T15:10:48.3861059Z Setting up openssh-client (1:9.6p1-3ubuntu13.14) ...
2026-02-11T15:10:48.4583325Z Setting up gcc-13-x86-64-linux-gnu (13.3.0-6ubuntu2~24.04) ...
2026-02-11T15:10:48.4609577Z Setting up python3.12 (3.12.3-1ubuntu0.11) ...
2026-02-11T15:10:49.2429413Z Setting up gpgsm (2.4.4-2ubuntu17.4) ...
2026-02-11T15:10:49.2448650Z Setting up libcurl3t64-gnutls:amd64 (8.5.0-2ubuntu10.6) ...
2026-02-11T15:10:49.2474177Z Setting up libxext6:amd64 (2:1.3.4-1build2) ...
2026-02-11T15:10:49.2499507Z Setting up binutils (2.42-4ubuntu2.8) ...
2026-02-11T15:10:49.2528005Z Setting up dpkg-dev (1.22.6ubuntu6.5) ...
2026-02-11T15:10:49.2566359Z Setting up liberror-perl (0.17029-2) ...
2026-02-11T15:10:49.2591813Z Setting up libpython3.12t64:amd64 (3.12.3-1ubuntu0.11) ...
2026-02-11T15:10:49.2614293Z Setting up dirmngr (2.4.4-2ubuntu17.4) ...
2026-02-11T15:10:49.3764300Z Setting up libexpat1-dev:amd64 (2.6.1-2ubuntu0.3) ...
2026-02-11T15:10:49.3789262Z Setting up gcc-13 (13.3.0-6ubuntu2~24.04) ...
2026-02-11T15:10:49.3812618Z Setting up keyboxd (2.4.4-2ubuntu17.4) ...
2026-02-11T15:10:49.4881867Z Setting up git (1:2.43.0-1ubuntu7.3) ...
2026-02-11T15:10:49.4953340Z Setting up zlib1g-dev:amd64 (1:1.3.dfsg-3.1ubuntu2.1) ...
2026-02-11T15:10:49.4994679Z Setting up xauth (1:1.1.2-1build1) ...
2026-02-11T15:10:49.5022254Z Setting up cpp (4:13.2.0-7ubuntu1) ...
2026-02-11T15:10:49.5103004Z Setting up gnupg (2.4.4-2ubuntu17.4) ...
2026-02-11T15:10:49.5130109Z Setting up libalgorithm-diff-xs-perl:amd64 (0.04-8build3) ...
2026-02-11T15:10:49.5152809Z Setting up libpython3-stdlib:amd64 (3.12.3-0ubuntu2.1) ...
2026-02-11T15:10:49.5182298Z Setting up libalgorithm-merge-perl (0.08-5) ...
2026-02-11T15:10:49.5207776Z Setting up g++-13-x86-64-linux-gnu (13.3.0-6ubuntu2~24.04) ...
2026-02-11T15:10:49.5233488Z Setting up gcc-x86-64-linux-gnu (4:13.2.0-7ubuntu1) ...
2026-02-11T15:10:49.5259628Z Setting up gpg-wks-client (2.4.4-2ubuntu17.4) ...
2026-02-11T15:10:49.5286809Z Setting up python3.12-venv (3.12.3-1ubuntu0.11) ...
2026-02-11T15:10:49.5761327Z Setting up python3 (3.12.3-0ubuntu2.1) ...
2026-02-11T15:10:49.5812807Z running python rtupdate hooks for python3.12...
2026-02-11T15:10:49.5813618Z running python post-rtupdate hooks for python3.12...
2026-02-11T15:10:49.6668587Z Setting up libpython3.12-dev:amd64 (3.12.3-1ubuntu0.11) ...
2026-02-11T15:10:49.6690056Z Setting up python3-wheel (0.42.0-2) ...
2026-02-11T15:10:49.7999769Z Setting up gcc (4:13.2.0-7ubuntu1) ...
2026-02-11T15:10:49.8090009Z Setting up python3-venv (3.12.3-0ubuntu2.1) ...
2026-02-11T15:10:49.8112484Z Setting up python3.12-dev (3.12.3-1ubuntu0.11) ...
2026-02-11T15:10:49.8135548Z Setting up g++-x86-64-linux-gnu (4:13.2.0-7ubuntu1) ...
2026-02-11T15:10:49.8161663Z Setting up python3-pkg-resources (68.1.2-2ubuntu1.2) ...
2026-02-11T15:10:49.9934227Z Setting up g++-13 (13.3.0-6ubuntu2~24.04) ...
2026-02-11T15:10:49.9957379Z Setting up libpython3-dev:amd64 (3.12.3-0ubuntu2.1) ...
2026-02-11T15:10:49.9981805Z Setting up python3-setuptools (68.1.2-2ubuntu1.2) ...
2026-02-11T15:10:50.3956807Z Setting up python3-dev (3.12.3-0ubuntu2.1) ...
2026-02-11T15:10:50.3980825Z Setting up python3-pip (24.0+dfsg-1ubuntu1.3) ...
2026-02-11T15:10:51.4642318Z Setting up g++ (4:13.2.0-7ubuntu1) ...
2026-02-11T15:10:51.4673525Z update-alternatives: using /usr/bin/g++ to provide /usr/bin/c++ (c++) in auto mode
2026-02-11T15:10:51.4675632Z update-alternatives: warning: skip creation of /usr/share/man/man1/c++.1.gz because associated file /usr/share/man/man1/g++.1.gz (of link group c++) doesn't exist
2026-02-11T15:10:51.4691301Z Setting up build-essential (12.10ubuntu1) ...
2026-02-11T15:10:51.4715986Z Setting up libheif1:amd64 (1.17.6-1ubuntu4.2) ...
2026-02-11T15:10:51.4737916Z Setting up libgd3:amd64 (2.3.3-9ubuntu5) ...
2026-02-11T15:10:51.4762183Z Setting up libc-devtools (2.39-0ubuntu8.7) ...
2026-02-11T15:10:51.4783414Z Setting up libheif-plugin-aomdec:amd64 (1.17.6-1ubuntu4.2) ...
2026-02-11T15:10:51.4805083Z Setting up libheif-plugin-libde265:amd64 (1.17.6-1ubuntu4.2) ...
2026-02-11T15:10:51.4824858Z Setting up libheif-plugin-aomenc:amd64 (1.17.6-1ubuntu4.2) ...
2026-02-11T15:10:51.4846939Z Processing triggers for libc-bin (2.39-0ubuntu8.7) ...
2026-02-11T15:10:51.4965609Z Processing triggers for ca-certificates (20240203) ...
2026-02-11T15:10:51.5005625Z Updating certificates in /etc/ssl/certs...
2026-02-11T15:10:51.9319850Z 0 added, 0 removed; done.
2026-02-11T15:10:51.9320379Z Running hooks in /etc/ca-certificates/update.d...
2026-02-11T15:10:51.9446614Z done.
2026-02-11T15:10:52.0080195Z ##[group]Run actions/checkout@v6
2026-02-11T15:10:52.0080464Z with:
2026-02-11T15:10:52.0080637Z   submodules: recursive
2026-02-11T15:10:52.0080852Z   repository: gabrielima7/ImunoEdge
2026-02-11T15:10:52.0081237Z   token: ***
2026-02-11T15:10:52.0081407Z   ssh-strict: true
2026-02-11T15:10:52.0081785Z   ssh-user: git
2026-02-11T15:10:52.0081975Z   persist-credentials: true
2026-02-11T15:10:52.0082184Z   clean: true
2026-02-11T15:10:52.0082364Z   sparse-checkout-cone-mode: true
2026-02-11T15:10:52.0082589Z   fetch-depth: 1
2026-02-11T15:10:52.0082764Z   fetch-tags: false
2026-02-11T15:10:52.0082942Z   show-progress: true
2026-02-11T15:10:52.0083123Z   lfs: false
2026-02-11T15:10:52.0083284Z   set-safe-directory: true
2026-02-11T15:10:52.0083483Z env:
2026-02-11T15:10:52.0083639Z   PYTHON_VERSION_DEFAULT: 3.11
2026-02-11T15:10:52.0083876Z ##[endgroup]
2026-02-11T15:10:52.0128113Z ##[command]/usr/bin/docker exec  f9bdd445f4c07e5da815c94474198d7462175107fe2d7a13abfe609070309687 sh -c "cat /etc/*release | grep ^ID"
2026-02-11T15:10:52.2073294Z Syncing repository: gabrielima7/ImunoEdge
2026-02-11T15:10:52.2075220Z ##[group]Getting Git version info
2026-02-11T15:10:52.2075734Z Working directory is '/__w/ImunoEdge/ImunoEdge'
2026-02-11T15:10:52.2076491Z [command]/usr/bin/git version
2026-02-11T15:10:52.2076878Z git version 2.43.0
2026-02-11T15:10:52.2080392Z ##[endgroup]
2026-02-11T15:10:52.2097762Z Temporarily overriding HOME='/__w/_temp/e21a3ebe-8eab-4b89-8ef4-0c6922c286c2' before making global git config changes
2026-02-11T15:10:52.2098684Z Adding repository directory to the temporary git global config as a safe directory
2026-02-11T15:10:52.2102603Z [command]/usr/bin/git config --global --add safe.directory /__w/ImunoEdge/ImunoEdge
2026-02-11T15:10:52.2133361Z Deleting the contents of '/__w/ImunoEdge/ImunoEdge'
2026-02-11T15:10:52.2137066Z ##[group]Initializing the repository
2026-02-11T15:10:52.2140681Z [command]/usr/bin/git init /__w/ImunoEdge/ImunoEdge
2026-02-11T15:10:52.2171710Z hint: Using 'master' as the name for the initial branch. This default branch name
2026-02-11T15:10:52.2172438Z hint: is subject to change. To configure the initial branch name to use in all
2026-02-11T15:10:52.2172921Z hint: of your new repositories, which will suppress this warning, call:
2026-02-11T15:10:52.2173258Z hint: 
2026-02-11T15:10:52.2173506Z hint: 	git config --global init.defaultBranch <name>
2026-02-11T15:10:52.2173929Z hint: 
2026-02-11T15:10:52.2174194Z hint: Names commonly chosen instead of 'master' are 'main', 'trunk' and
2026-02-11T15:10:52.2174643Z hint: 'development'. The just-created branch can be renamed via this command:
2026-02-11T15:10:52.2175100Z hint: 
2026-02-11T15:10:52.2175263Z hint: 	git branch -m <name>
2026-02-11T15:10:52.2179878Z Initialized empty Git repository in /__w/ImunoEdge/ImunoEdge/.git/
2026-02-11T15:10:52.2191222Z [command]/usr/bin/git remote add origin https://github.com/gabrielima7/ImunoEdge
2026-02-11T15:10:52.2219267Z ##[endgroup]
2026-02-11T15:10:52.2219826Z ##[group]Disabling automatic garbage collection
2026-02-11T15:10:52.2223023Z [command]/usr/bin/git config --local gc.auto 0
2026-02-11T15:10:52.2248023Z ##[endgroup]
2026-02-11T15:10:52.2248607Z ##[group]Setting up auth
2026-02-11T15:10:52.2250235Z Removing SSH command configuration
2026-02-11T15:10:52.2255591Z [command]/usr/bin/git config --local --name-only --get-regexp core\.sshCommand
2026-02-11T15:10:52.2284577Z [command]/usr/bin/git submodule foreach --recursive sh -c "git config --local --name-only --get-regexp 'core\.sshCommand' && git config --local --unset-all 'core.sshCommand' || :"
2026-02-11T15:10:52.2503273Z Removing HTTP extra header
2026-02-11T15:10:52.2508352Z [command]/usr/bin/git config --local --name-only --get-regexp http\.https\:\/\/github\.com\/\.extraheader
2026-02-11T15:10:52.2537831Z [command]/usr/bin/git submodule foreach --recursive sh -c "git config --local --name-only --get-regexp 'http\.https\:\/\/github\.com\/\.extraheader' && git config --local --unset-all 'http.https://github.com/.extraheader' || :"
2026-02-11T15:10:52.2751688Z Removing includeIf entries pointing to credentials config files
2026-02-11T15:10:52.2757547Z [command]/usr/bin/git config --local --name-only --get-regexp ^includeIf\.gitdir:
2026-02-11T15:10:52.2785225Z [command]/usr/bin/git submodule foreach --recursive git config --local --show-origin --name-only --get-regexp remote.origin.url
2026-02-11T15:10:52.3007023Z [command]/usr/bin/git config --file /__w/_temp/git-credentials-3d93d540-62fb-467c-b8b4-022bde259cbd.config http.https://github.com/.extraheader AUTHORIZATION: basic ***
2026-02-11T15:10:52.3041990Z [command]/usr/bin/git config --local includeIf.gitdir:/__w/ImunoEdge/ImunoEdge/.git.path /__w/_temp/git-credentials-3d93d540-62fb-467c-b8b4-022bde259cbd.config
2026-02-11T15:10:52.3068444Z [command]/usr/bin/git config --local includeIf.gitdir:/__w/ImunoEdge/ImunoEdge/.git/worktrees/*.path /__w/_temp/git-credentials-3d93d540-62fb-467c-b8b4-022bde259cbd.config
2026-02-11T15:10:52.3096822Z [command]/usr/bin/git config --local includeIf.gitdir:/github/workspace/.git.path /github/runner_temp/git-credentials-3d93d540-62fb-467c-b8b4-022bde259cbd.config
2026-02-11T15:10:52.3123382Z [command]/usr/bin/git config --local includeIf.gitdir:/github/workspace/.git/worktrees/*.path /github/runner_temp/git-credentials-3d93d540-62fb-467c-b8b4-022bde259cbd.config
2026-02-11T15:10:52.3147780Z ##[endgroup]
2026-02-11T15:10:52.3148373Z ##[group]Fetching the repository
2026-02-11T15:10:52.3156345Z [command]/usr/bin/git -c protocol.version=2 fetch --no-tags --prune --no-recurse-submodules --depth=1 origin +986309715c873a9d0321898c95101bb9865bc9d0:refs/remotes/origin/main
2026-02-11T15:10:52.9090337Z From https://github.com/gabrielima7/ImunoEdge
2026-02-11T15:10:52.9091102Z  * [new ref]         986309715c873a9d0321898c95101bb9865bc9d0 -> origin/main
2026-02-11T15:10:52.9117825Z [command]/usr/bin/git branch --list --remote origin/main
2026-02-11T15:10:52.9142238Z   origin/main
2026-02-11T15:10:52.9151902Z [command]/usr/bin/git rev-parse refs/remotes/origin/main
2026-02-11T15:10:52.9173425Z 986309715c873a9d0321898c95101bb9865bc9d0
2026-02-11T15:10:52.9180778Z ##[endgroup]
2026-02-11T15:10:52.9181378Z ##[group]Determining the checkout info
2026-02-11T15:10:52.9183763Z ##[endgroup]
2026-02-11T15:10:52.9185501Z [command]/usr/bin/git sparse-checkout disable
2026-02-11T15:10:52.9221325Z [command]/usr/bin/git config --local --unset-all extensions.worktreeConfig
2026-02-11T15:10:52.9246700Z ##[group]Checking out the ref
2026-02-11T15:10:52.9250339Z [command]/usr/bin/git checkout --progress --force -B main refs/remotes/origin/main
2026-02-11T15:10:52.9307026Z Switched to a new branch 'main'
2026-02-11T15:10:52.9307603Z branch 'main' set up to track 'origin/main'.
2026-02-11T15:10:52.9312807Z ##[endgroup]
2026-02-11T15:10:52.9316779Z ##[group]Setting up auth for fetching submodules
2026-02-11T15:10:52.9317796Z [command]/usr/bin/git config --file /__w/_temp/git-credentials-3d93d540-62fb-467c-b8b4-022bde259cbd.config http.https://github.com/.extraheader AUTHORIZATION: basic ***
2026-02-11T15:10:52.9349269Z [command]/usr/bin/git config --global include.path /__w/_temp/git-credentials-3d93d540-62fb-467c-b8b4-022bde259cbd.config
2026-02-11T15:10:52.9383531Z [command]/usr/bin/git config --global --unset-all url.https://github.com/.insteadOf
2026-02-11T15:10:52.9412011Z [command]/usr/bin/git config --global --add url.https://github.com/.insteadOf git@github.com:
2026-02-11T15:10:52.9441332Z [command]/usr/bin/git config --global --add url.https://github.com/.insteadOf org-230595838@github.com:
2026-02-11T15:10:52.9467215Z ##[endgroup]
2026-02-11T15:10:52.9467906Z ##[group]Fetching submodules
2026-02-11T15:10:52.9471165Z [command]/usr/bin/git submodule sync --recursive
2026-02-11T15:10:52.9697635Z [command]/usr/bin/git -c protocol.version=2 submodule update --init --force --depth=1 --recursive
2026-02-11T15:10:52.9919464Z Submodule 'TaipanStack' (https://github.com/gabrielima7/TaipanStack.git) registered for path 'TaipanStack'
2026-02-11T15:10:52.9944838Z Cloning into '/__w/ImunoEdge/ImunoEdge/TaipanStack'...
2026-02-11T15:10:53.7957807Z Submodule path 'TaipanStack': checked out '788267ef00de0831d0cbe7423802ecc040dd79f8'
2026-02-11T15:10:53.7985063Z [command]/usr/bin/git submodule foreach --recursive git config --local gc.auto 0
2026-02-11T15:10:53.8204053Z Entering 'TaipanStack'
2026-02-11T15:10:53.8247023Z ##[endgroup]
2026-02-11T15:10:53.8247605Z ##[group]Persisting credentials for submodules
2026-02-11T15:10:53.8252861Z [command]/usr/bin/git submodule foreach --recursive sh -c "git config --local --name-only --get-regexp 'url\.https\:\/\/github\.com\/\.insteadOf' && git config --local --unset-all 'url.https://github.com/.insteadOf' || :"
2026-02-11T15:10:53.8467479Z Entering 'TaipanStack'
2026-02-11T15:10:53.8517443Z [command]/usr/bin/git submodule foreach --recursive git config --local --show-origin --name-only --get-regexp remote.origin.url
2026-02-11T15:10:53.8737655Z Entering 'TaipanStack'
2026-02-11T15:10:53.8754304Z file:/__w/ImunoEdge/ImunoEdge/.git/modules/TaipanStack/config	remote.origin.url
2026-02-11T15:10:53.8783838Z [command]/usr/bin/git config --file /__w/ImunoEdge/ImunoEdge/.git/modules/TaipanStack/config includeIf.gitdir:/__w/ImunoEdge/ImunoEdge/.git/modules/TaipanStack.path /__w/_temp/git-credentials-3d93d540-62fb-467c-b8b4-022bde259cbd.config
2026-02-11T15:10:53.8815228Z [command]/usr/bin/git config --file /__w/ImunoEdge/ImunoEdge/.git/modules/TaipanStack/config includeIf.gitdir:/github/workspace/.git/modules/TaipanStack.path /github/runner_temp/git-credentials-3d93d540-62fb-467c-b8b4-022bde259cbd.config
2026-02-11T15:10:53.8848336Z [command]/usr/bin/git submodule foreach --recursive git config --local --add 'url.https://github.com/.insteadOf' 'git@github.com:'
2026-02-11T15:10:53.9063252Z Entering 'TaipanStack'
2026-02-11T15:10:53.9109722Z [command]/usr/bin/git submodule foreach --recursive git config --local --add 'url.https://github.com/.insteadOf' 'org-230595838@github.com:'
2026-02-11T15:10:53.9322960Z Entering 'TaipanStack'
2026-02-11T15:10:53.9365598Z ##[endgroup]
2026-02-11T15:10:53.9399518Z [command]/usr/bin/git log -1 --format=%H
2026-02-11T15:10:53.9422951Z 986309715c873a9d0321898c95101bb9865bc9d0
2026-02-11T15:10:53.9565960Z ##[group]Run python3 -m pip install --upgrade pip --break-system-packages || python3 -m pip install --upgrade pip || true
2026-02-11T15:10:53.9566854Z [36;1mpython3 -m pip install --upgrade pip --break-system-packages || python3 -m pip install --upgrade pip || true[0m
2026-02-11T15:10:53.9567536Z [36;1mpython3 -m pip install -e . --break-system-packages || python3 -m pip install -e .[0m
2026-02-11T15:10:53.9568060Z shell: sh -e {0}
2026-02-11T15:10:53.9568232Z env:
2026-02-11T15:10:53.9568400Z   PYTHON_VERSION_DEFAULT: 3.11
2026-02-11T15:10:53.9568614Z ##[endgroup]
2026-02-11T15:10:54.2645376Z WARNING: The directory '/github/home/.cache/pip' or its parent directory is not owned or is not writable by the current user. The cache has been disabled. Check the permissions and owner of that directory. If executing pip with sudo, you should use sudo's -H flag.
2026-02-11T15:10:54.2920430Z Requirement already satisfied: pip in /usr/lib/python3/dist-packages (24.0)
2026-02-11T15:10:54.3825766Z Collecting pip
2026-02-11T15:10:54.4151175Z   Downloading pip-26.0.1-py3-none-any.whl.metadata (4.7 kB)
2026-02-11T15:10:54.4199798Z Downloading pip-26.0.1-py3-none-any.whl (1.8 MB)
2026-02-11T15:10:54.4443061Z    ━━━━━━━━━━━━━━━━━━━━━━━━━━━━━━━━━━━━━━━━ 1.8/1.8 MB 80.7 MB/s eta 0:00:00
2026-02-11T15:10:54.4728445Z Installing collected packages: pip
2026-02-11T15:10:54.4728996Z   Attempting uninstall: pip
2026-02-11T15:10:54.4755457Z     Found existing installation: pip 24.0
2026-02-11T15:10:54.4766630Z ERROR: Cannot uninstall pip 24.0, RECORD file not found. Hint: The package was installed by debian.
2026-02-11T15:10:54.7786641Z WARNING: The directory '/github/home/.cache/pip' or its parent directory is not owned or is not writable by the current user. The cache has been disabled. Check the permissions and owner of that directory. If executing pip with sudo, you should use sudo's -H flag.
2026-02-11T15:10:54.7826555Z error: externally-managed-environment
2026-02-11T15:10:54.7826873Z 
2026-02-11T15:10:54.7827291Z × This environment is externally managed
2026-02-11T15:10:54.7827900Z ╰─> To install Python packages system-wide, try apt install
2026-02-11T15:10:54.7828826Z     python3-xyz, where xyz is the package you are trying to
2026-02-11T15:10:54.7829504Z     install.
2026-02-11T15:10:54.7829732Z     
2026-02-11T15:10:54.7830089Z     If you wish to install a non-Debian-packaged Python package,
2026-02-11T15:10:54.7830736Z     create a virtual environment using python3 -m venv path/to/venv.
2026-02-11T15:10:54.7831392Z     Then use path/to/venv/bin/python and path/to/venv/bin/pip. Make
2026-02-11T15:10:54.7831920Z     sure you have python3-full installed.
2026-02-11T15:10:54.7832259Z     
2026-02-11T15:10:54.7832609Z     If you wish to install a non-Debian packaged Python application,
2026-02-11T15:10:54.7833188Z     it may be easiest to use pipx install xyz, which will manage a
2026-02-11T15:10:54.7833793Z     virtual environment for you. Make sure you have pipx installed.
2026-02-11T15:10:54.7834256Z     
2026-02-11T15:10:54.7834598Z     See /usr/share/doc/python3.12/README.venv for more information.
2026-02-11T15:10:54.7834970Z 
2026-02-11T15:10:54.7836040Z note: If you believe this is a mistake, please contact your Python installation or OS distribution provider. You can override this, at the risk of breaking your Python installation or OS, by passing --break-system-packages.
2026-02-11T15:10:54.7837452Z hint: See PEP 668 for the detailed specification.
2026-02-11T15:10:55.0750406Z WARNING: The directory '/github/home/.cache/pip' or its parent directory is not owned or is not writable by the current user. The cache has been disabled. Check the permissions and owner of that directory. If executing pip with sudo, you should use sudo's -H flag.
2026-02-11T15:10:55.1019341Z Obtaining file:///__w/ImunoEdge/ImunoEdge
2026-02-11T15:10:55.1040872Z   Installing build dependencies: started
2026-02-11T15:10:56.3890805Z   Installing build dependencies: finished with status 'done'
2026-02-11T15:10:56.3904924Z   Checking if build backend supports build_editable: started
2026-02-11T15:10:56.5243645Z   Checking if build backend supports build_editable: finished with status 'done'
2026-02-11T15:10:56.5275574Z ERROR: Exception:
2026-02-11T15:10:56.5275935Z Traceback (most recent call last):
2026-02-11T15:10:56.5276714Z   File "/usr/lib/python3/dist-packages/pip/_internal/cli/base_command.py", line 180, in exc_logging_wrapper
2026-02-11T15:10:56.5277248Z     status = run_func(*args)
2026-02-11T15:10:56.5277465Z              ^^^^^^^^^^^^^^^
2026-02-11T15:10:56.5277866Z   File "/usr/lib/python3/dist-packages/pip/_internal/cli/req_command.py", line 245, in wrapper
2026-02-11T15:10:56.5278329Z     return func(self, options, args)
2026-02-11T15:10:56.5278563Z            ^^^^^^^^^^^^^^^^^^^^^^^^^
2026-02-11T15:10:56.5278963Z   File "/usr/lib/python3/dist-packages/pip/_internal/commands/install.py", line 377, in run
2026-02-11T15:10:56.5279731Z     requirement_set = resolver.resolve(
2026-02-11T15:10:56.5280010Z                       ^^^^^^^^^^^^^^^^^
2026-02-11T15:10:56.5280497Z   File "/usr/lib/python3/dist-packages/pip/_internal/resolution/resolvelib/resolver.py", line 76, in resolve
2026-02-11T15:10:56.5281087Z     collected = self.factory.collect_root_requirements(root_reqs)
2026-02-11T15:10:56.5281438Z                 ^^^^^^^^^^^^^^^^^^^^^^^^^^^^^^^^^^^^^^^^^^^^^^^^^
2026-02-11T15:10:56.5282005Z   File "/usr/lib/python3/dist-packages/pip/_internal/resolution/resolvelib/factory.py", line 534, in collect_root_requirements
2026-02-11T15:10:56.5282561Z     reqs = list(
2026-02-11T15:10:56.5282757Z            ^^^^^
2026-02-11T15:10:56.5283287Z   File "/usr/lib/python3/dist-packages/pip/_internal/resolution/resolvelib/factory.py", line 490, in _make_requirements_from_install_req
2026-02-11T15:10:56.5283910Z     cand = self._make_base_candidate_from_link(
2026-02-11T15:10:56.5284195Z            ^^^^^^^^^^^^^^^^^^^^^^^^^^^^^^^^^^^^
2026-02-11T15:10:56.5284797Z   File "/usr/lib/python3/dist-packages/pip/_internal/resolution/resolvelib/factory.py", line 207, in _make_base_candidate_from_link
2026-02-11T15:10:56.5285455Z     self._editable_candidate_cache[link] = EditableCandidate(
2026-02-11T15:10:56.5286036Z                                            ^^^^^^^^^^^^^^^^^^
2026-02-11T15:10:56.5286562Z   File "/usr/lib/python3/dist-packages/pip/_internal/resolution/resolvelib/candidates.py", line 315, in __init__
2026-02-11T15:10:56.5287065Z     super().__init__(
2026-02-11T15:10:56.5287510Z   File "/usr/lib/python3/dist-packages/pip/_internal/resolution/resolvelib/candidates.py", line 156, in __init__
2026-02-11T15:10:56.5288017Z     self.dist = self._prepare()
2026-02-11T15:10:56.5288237Z                 ^^^^^^^^^^^^^^^
2026-02-11T15:10:56.5288693Z   File "/usr/lib/python3/dist-packages/pip/_internal/resolution/resolvelib/candidates.py", line 222, in _prepare
2026-02-11T15:10:56.5289330Z     dist = self._prepare_distribution()
2026-02-11T15:10:56.5289578Z            ^^^^^^^^^^^^^^^^^^^^^^^^^^^^
2026-02-11T15:10:56.5290114Z   File "/usr/lib/python3/dist-packages/pip/_internal/resolution/resolvelib/candidates.py", line 325, in _prepare_distribution
2026-02-11T15:10:56.5290804Z     return self._factory.preparer.prepare_editable_requirement(self._ireq)
2026-02-11T15:10:56.5291198Z            ^^^^^^^^^^^^^^^^^^^^^^^^^^^^^^^^^^^^^^^^^^^^^^^^^^^^^^^^^^^^^^^
2026-02-11T15:10:56.5291752Z   File "/usr/lib/python3/dist-packages/pip/_internal/operations/prepare.py", line 696, in prepare_editable_requirement
2026-02-11T15:10:56.5292293Z     dist = _get_prepared_distribution(
2026-02-11T15:10:56.5292527Z            ^^^^^^^^^^^^^^^^^^^^^^^^^^^
2026-02-11T15:10:56.5293014Z   File "/usr/lib/python3/dist-packages/pip/_internal/operations/prepare.py", line 71, in _get_prepared_distribution
2026-02-11T15:10:56.5293570Z     abstract_dist.prepare_distribution_metadata(
2026-02-11T15:10:56.5294104Z   File "/usr/lib/python3/dist-packages/pip/_internal/distributions/sdist.py", line 52, in prepare_distribution_metadata
2026-02-11T15:10:56.5294767Z     self.req.isolated_editable_sanity_check()
2026-02-11T15:10:56.5295270Z   File "/usr/lib/python3/dist-packages/pip/_internal/req/req_install.py", line 545, in isolated_editable_sanity_check
2026-02-11T15:10:56.5295783Z     and not self.supports_pyproject_editable()
2026-02-11T15:10:56.5296026Z             ^^^^^^^^^^^^^^^^^^^^^^^^^^^^^^^^^^
2026-02-11T15:10:56.5296485Z   File "/usr/lib/python3/dist-packages/pip/_internal/req/req_install.py", line 257, in supports_pyproject_editable
2026-02-11T15:10:56.5297050Z     return "build_editable" in self.pep517_backend._supported_features()
2026-02-11T15:10:56.5297408Z                                ^^^^^^^^^^^^^^^^^^^^^^^^^^^^^^^^^^^^^^^^^
2026-02-11T15:10:56.5297885Z   File "/usr/lib/python3/dist-packages/pip/_vendor/pyproject_hooks/_impl.py", line 153, in _supported_features
2026-02-11T15:10:56.5298388Z     return self._call_hook('_supported_features', {})
2026-02-11T15:10:56.5298666Z            ^^^^^^^^^^^^^^^^^^^^^^^^^^^^^^^^^^^^^^^^^^
2026-02-11T15:10:56.5299195Z   File "/usr/lib/python3/dist-packages/pip/_vendor/pyproject_hooks/_impl.py", line 321, in _call_hook
2026-02-11T15:10:56.5299680Z     raise BackendUnavailable(data.get('traceback', ''))
2026-02-11T15:10:56.5300122Z pip._vendor.pyproject_hooks._impl.BackendUnavailable: Traceback (most recent call last):
2026-02-11T15:10:56.5300779Z   File "/usr/lib/python3/dist-packages/pip/_vendor/pyproject_hooks/_in_process/_in_process.py", line 77, in _build_backend
2026-02-11T15:10:56.5301284Z     obj = import_module(mod_path)
2026-02-11T15:10:56.5301496Z           ^^^^^^^^^^^^^^^^^^^^^^^
2026-02-11T15:10:56.5301803Z   File "/usr/lib/python3.12/importlib/__init__.py", line 90, in import_module
2026-02-11T15:10:56.5302209Z     return _bootstrap._gcd_import(name[level:], package, level)
2026-02-11T15:10:56.5302526Z            ^^^^^^^^^^^^^^^^^^^^^^^^^^^^^^^^^^^^^^^^^^^^^^^^^^^^
2026-02-11T15:10:56.5302850Z   File "<frozen importlib._bootstrap>", line 1387, in _gcd_import
2026-02-11T15:10:56.5303266Z   File "<frozen importlib._bootstrap>", line 1360, in _find_and_load
2026-02-11T15:10:56.5303685Z   File "<frozen importlib._bootstrap>", line 1310, in _find_and_load_unlocked
2026-02-11T15:10:56.5304126Z   File "<frozen importlib._bootstrap>", line 488, in _call_with_frames_removed
2026-02-11T15:10:56.5304668Z   File "<frozen importlib._bootstrap>", line 1387, in _gcd_import
2026-02-11T15:10:56.5305117Z   File "<frozen importlib._bootstrap>", line 1360, in _find_and_load
2026-02-11T15:10:56.5305535Z   File "<frozen importlib._bootstrap>", line 1324, in _find_and_load_unlocked
2026-02-11T15:10:56.5305955Z ModuleNotFoundError: No module named 'setuptools.backends'
2026-02-11T15:10:56.5306194Z 
2026-02-11T15:10:56.8469786Z WARNING: The directory '/github/home/.cache/pip' or its parent directory is not owned or is not writable by the current user. The cache has been disabled. Check the permissions and owner of that directory. If executing pip with sudo, you should use sudo's -H flag.
2026-02-11T15:10:56.8509765Z error: externally-managed-environment
2026-02-11T15:10:56.8510139Z 
2026-02-11T15:10:56.8510578Z × This environment is externally managed
2026-02-11T15:10:56.8511187Z ╰─> To install Python packages system-wide, try apt install
2026-02-11T15:10:56.8511775Z     python3-xyz, where xyz is the package you are trying to
2026-02-11T15:10:56.8512228Z     install.
2026-02-11T15:10:56.8512449Z     
2026-02-11T15:10:56.8512797Z     If you wish to install a non-Debian-packaged Python package,
2026-02-11T15:10:56.8513419Z     create a virtual environment using python3 -m venv path/to/venv.
2026-02-11T15:10:56.8514047Z     Then use path/to/venv/bin/python and path/to/venv/bin/pip. Make
2026-02-11T15:10:56.8514589Z     sure you have python3-full installed.
2026-02-11T15:10:56.8514931Z     
2026-02-11T15:10:56.8530156Z     If you wish to install a non-Debian packaged Python application,
2026-02-11T15:10:56.8530834Z     it may be easiest to use pipx install xyz, which will manage a
2026-02-11T15:10:56.8531779Z     virtual environment for you. Make sure you have pipx installed.
2026-02-11T15:10:56.8532256Z     
2026-02-11T15:10:56.8532606Z     See /usr/share/doc/python3.12/README.venv for more information.
2026-02-11T15:10:56.8533036Z 
2026-02-11T15:10:56.8534062Z note: If you believe this is a mistake, please contact your Python installation or OS distribution provider. You can override this, at the risk of breaking your Python installation or OS, by passing --break-system-packages.
2026-02-11T15:10:56.8535407Z hint: See PEP 668 for the detailed specification.
2026-02-11T15:10:56.8918800Z ##[error]Process completed with exit code 1.
2026-02-11T15:10:56.9024597Z Post job cleanup.
2026-02-11T15:10:56.9029247Z ##[command]/usr/bin/docker exec  f9bdd445f4c07e5da815c94474198d7462175107fe2d7a13abfe609070309687 sh -c "cat /etc/*release | grep ^ID"
2026-02-11T15:10:57.0774169Z [command]/usr/bin/git version
2026-02-11T15:10:57.0807635Z git version 2.43.0
2026-02-11T15:10:57.0852722Z Temporarily overriding HOME='/__w/_temp/8c45c172-1d7f-417d-a53f-5f4c0a3c59e9' before making global git config changes
2026-02-11T15:10:57.0853993Z Adding repository directory to the temporary git global config as a safe directory
2026-02-11T15:10:57.0857236Z [command]/usr/bin/git config --global --add safe.directory /__w/ImunoEdge/ImunoEdge
2026-02-11T15:10:57.0885671Z Removing SSH command configuration
2026-02-11T15:10:57.0891655Z [command]/usr/bin/git config --local --name-only --get-regexp core\.sshCommand
2026-02-11T15:10:57.0924224Z [command]/usr/bin/git submodule foreach --recursive sh -c "git config --local --name-only --get-regexp 'core\.sshCommand' && git config --local --unset-all 'core.sshCommand' || :"
2026-02-11T15:10:57.1155368Z Entering 'TaipanStack'
2026-02-11T15:10:57.1207847Z Removing HTTP extra header
2026-02-11T15:10:57.1214594Z [command]/usr/bin/git config --local --name-only --get-regexp http\.https\:\/\/github\.com\/\.extraheader
2026-02-11T15:10:57.1246233Z [command]/usr/bin/git submodule foreach --recursive sh -c "git config --local --name-only --get-regexp 'http\.https\:\/\/github\.com\/\.extraheader' && git config --local --unset-all 'http.https://github.com/.extraheader' || :"
2026-02-11T15:10:57.1457244Z Entering 'TaipanStack'
2026-02-11T15:10:57.1504394Z Removing includeIf entries pointing to credentials config files
2026-02-11T15:10:57.1510000Z [command]/usr/bin/git config --local --name-only --get-regexp ^includeIf\.gitdir:
2026-02-11T15:10:57.1529836Z includeif.gitdir:/__w/ImunoEdge/ImunoEdge/.git.path
2026-02-11T15:10:57.1530329Z includeif.gitdir:/__w/ImunoEdge/ImunoEdge/.git/worktrees/*.path
2026-02-11T15:10:57.1533844Z includeif.gitdir:/github/workspace/.git.path
2026-02-11T15:10:57.1535025Z includeif.gitdir:/github/workspace/.git/worktrees/*.path
2026-02-11T15:10:57.1540450Z [command]/usr/bin/git config --local --get-all includeif.gitdir:/__w/ImunoEdge/ImunoEdge/.git.path
2026-02-11T15:10:57.1559846Z /__w/_temp/git-credentials-3d93d540-62fb-467c-b8b4-022bde259cbd.config
2026-02-11T15:10:57.1569621Z [command]/usr/bin/git config --local --unset includeif.gitdir:/__w/ImunoEdge/ImunoEdge/.git.path /__w/_temp/git-credentials-3d93d540-62fb-467c-b8b4-022bde259cbd.config
2026-02-11T15:10:57.1598869Z [command]/usr/bin/git config --local --get-all includeif.gitdir:/__w/ImunoEdge/ImunoEdge/.git/worktrees/*.path
2026-02-11T15:10:57.1617729Z /__w/_temp/git-credentials-3d93d540-62fb-467c-b8b4-022bde259cbd.config
2026-02-11T15:10:57.1627685Z [command]/usr/bin/git config --local --unset includeif.gitdir:/__w/ImunoEdge/ImunoEdge/.git/worktrees/*.path /__w/_temp/git-credentials-3d93d540-62fb-467c-b8b4-022bde259cbd.config
2026-02-11T15:10:57.1654744Z [command]/usr/bin/git config --local --get-all includeif.gitdir:/github/workspace/.git.path
2026-02-11T15:10:57.1673347Z /github/runner_temp/git-credentials-3d93d540-62fb-467c-b8b4-022bde259cbd.config
2026-02-11T15:10:57.1682296Z [command]/usr/bin/git config --local --unset includeif.gitdir:/github/workspace/.git.path /github/runner_temp/git-credentials-3d93d540-62fb-467c-b8b4-022bde259cbd.config
2026-02-11T15:10:57.1710185Z [command]/usr/bin/git config --local --get-all includeif.gitdir:/github/workspace/.git/worktrees/*.path
2026-02-11T15:10:57.1728747Z /github/runner_temp/git-credentials-3d93d540-62fb-467c-b8b4-022bde259cbd.config
2026-02-11T15:10:57.1737589Z [command]/usr/bin/git config --local --unset includeif.gitdir:/github/workspace/.git/worktrees/*.path /github/runner_temp/git-credentials-3d93d540-62fb-467c-b8b4-022bde259cbd.config
2026-02-11T15:10:57.1768361Z [command]/usr/bin/git submodule foreach --recursive git config --local --show-origin --name-only --get-regexp remote.origin.url
2026-02-11T15:10:57.1976797Z Entering 'TaipanStack'
2026-02-11T15:10:57.1994162Z file:/__w/ImunoEdge/ImunoEdge/.git/modules/TaipanStack/config	remote.origin.url
2026-02-11T15:10:57.2028448Z [command]/usr/bin/git config --file /__w/ImunoEdge/ImunoEdge/.git/modules/TaipanStack/config --name-only --get-regexp ^includeIf\.gitdir:
2026-02-11T15:10:57.2049232Z includeif.gitdir:/__w/ImunoEdge/ImunoEdge/.git/modules/TaipanStack.path
2026-02-11T15:10:57.2050030Z includeif.gitdir:/github/workspace/.git/modules/TaipanStack.path
2026-02-11T15:10:57.2058514Z [command]/usr/bin/git config --file /__w/ImunoEdge/ImunoEdge/.git/modules/TaipanStack/config --get-all includeif.gitdir:/__w/ImunoEdge/ImunoEdge/.git/modules/TaipanStack.path
2026-02-11T15:10:57.2077334Z /__w/_temp/git-credentials-3d93d540-62fb-467c-b8b4-022bde259cbd.config
2026-02-11T15:10:57.2087426Z [command]/usr/bin/git config --file /__w/ImunoEdge/ImunoEdge/.git/modules/TaipanStack/config --unset includeif.gitdir:/__w/ImunoEdge/ImunoEdge/.git/modules/TaipanStack.path /__w/_temp/git-credentials-3d93d540-62fb-467c-b8b4-022bde259cbd.config
2026-02-11T15:10:57.2117098Z [command]/usr/bin/git config --file /__w/ImunoEdge/ImunoEdge/.git/modules/TaipanStack/config --get-all includeif.gitdir:/github/workspace/.git/modules/TaipanStack.path
2026-02-11T15:10:57.2136460Z /github/runner_temp/git-credentials-3d93d540-62fb-467c-b8b4-022bde259cbd.config
2026-02-11T15:10:57.2145353Z [command]/usr/bin/git config --file /__w/ImunoEdge/ImunoEdge/.git/modules/TaipanStack/config --unset includeif.gitdir:/github/workspace/.git/modules/TaipanStack.path /github/runner_temp/git-credentials-3d93d540-62fb-467c-b8b4-022bde259cbd.config
2026-02-11T15:10:57.2171299Z Removing credentials config '/__w/_temp/git-credentials-3d93d540-62fb-467c-b8b4-022bde259cbd.config'
2026-02-11T15:10:57.2297625Z Stop and remove container: 2b5466ff6ae6406b88df783154e68218_ubuntu2404_3abde4
2026-02-11T15:10:57.2302942Z ##[command]/usr/bin/docker rm --force f9bdd445f4c07e5da815c94474198d7462175107fe2d7a13abfe609070309687
2026-02-11T15:10:58.6152984Z f9bdd445f4c07e5da815c94474198d7462175107fe2d7a13abfe609070309687
2026-02-11T15:10:58.6192354Z Remove container network: github_network_eec7ef5239e24c7e8e5e8e89fd705e51
2026-02-11T15:10:58.6196704Z ##[command]/usr/bin/docker network rm github_network_eec7ef5239e24c7e8e5e8e89fd705e51
2026-02-11T15:10:58.7392777Z github_network_eec7ef5239e24c7e8e5e8e89fd705e51
2026-02-11T15:10:58.7452673Z Cleaning up orphan processes
