2026-02-11T15:10:15.8678212Z Current runner version: '2.331.0'
2026-02-11T15:10:15.8702001Z ##[group]Runner Image Provisioner
2026-02-11T15:10:15.8702901Z Hosted Compute Agent
2026-02-11T15:10:15.8703465Z Version: 20260123.484
2026-02-11T15:10:15.8704061Z Commit: 6bd6555ca37d84114959e1c76d2c01448ff61c5d
2026-02-11T15:10:15.8704836Z Build Date: 2026-01-23T19:41:17Z
2026-02-11T15:10:15.8705453Z Worker ID: {1c46a9a5-83db-435f-96d9-506f291f9c7d}
2026-02-11T15:10:15.8706145Z Azure Region: northcentralus
2026-02-11T15:10:15.8706720Z ##[endgroup]
2026-02-11T15:10:15.8708194Z ##[group]Operating System
2026-02-11T15:10:15.8708756Z Ubuntu
2026-02-11T15:10:15.8709331Z 24.04.3
2026-02-11T15:10:15.8709770Z LTS
2026-02-11T15:10:15.8710223Z ##[endgroup]
2026-02-11T15:10:15.8710749Z ##[group]Runner Image
2026-02-11T15:10:15.8711282Z Image: ubuntu-24.04
2026-02-11T15:10:15.8712072Z Version: 20260201.15.1
2026-02-11T15:10:15.8713359Z Included Software: https://github.com/actions/runner-images/blob/ubuntu24/20260201.15/images/ubuntu/Ubuntu2404-Readme.md
2026-02-11T15:10:15.8714784Z Image Release: https://github.com/actions/runner-images/releases/tag/ubuntu24%2F20260201.15
2026-02-11T15:10:15.8715732Z ##[endgroup]
2026-02-11T15:10:15.8716806Z ##[group]GITHUB_TOKEN Permissions
2026-02-11T15:10:15.8718642Z Contents: read
2026-02-11T15:10:15.8719244Z Metadata: read
2026-02-11T15:10:15.8719739Z Packages: read
2026-02-11T15:10:15.8720190Z ##[endgroup]
2026-02-11T15:10:15.8722772Z Secret source: Actions
2026-02-11T15:10:15.8723434Z Prepare workflow directory
2026-02-11T15:10:15.9473426Z Prepare all required actions
2026-02-11T15:10:15.9529140Z Getting action download info
2026-02-11T15:10:17.6635807Z Download action repository 'actions/checkout@v6' (SHA:de0fac2e4500dabe0009e67214ff5f5447ce83dd)
2026-02-11T15:10:17.8679456Z Complete job name: Test on archlinux
2026-02-11T15:10:17.9306281Z ##[group]Checking docker version
2026-02-11T15:10:17.9320596Z ##[command]/usr/bin/docker version --format '{{.Server.APIVersion}}'
2026-02-11T15:10:17.9973718Z '1.48'
2026-02-11T15:10:17.9985078Z Docker daemon API version: '1.48'
2026-02-11T15:10:17.9986611Z ##[command]/usr/bin/docker version --format '{{.Client.APIVersion}}'
2026-02-11T15:10:18.0160869Z '1.48'
2026-02-11T15:10:18.0175129Z Docker client API version: '1.48'
2026-02-11T15:10:18.0181163Z ##[endgroup]
2026-02-11T15:10:18.0185332Z ##[group]Clean up resources from previous jobs
2026-02-11T15:10:18.0191095Z ##[command]/usr/bin/docker ps --all --quiet --no-trunc --filter "label=1af40f"
2026-02-11T15:10:18.0336646Z ##[command]/usr/bin/docker network prune --force --filter "label=1af40f"
2026-02-11T15:10:18.0473597Z ##[endgroup]
2026-02-11T15:10:18.0474850Z ##[group]Create local container network
2026-02-11T15:10:18.0486631Z ##[command]/usr/bin/docker network create --label 1af40f github_network_a6c1d60e7d744c2494344be82d08ffe8
2026-02-11T15:10:18.0997672Z 191d6e3ced3b500e7692aa3c29c985672e33bb596d1d942fb48211276113b046
2026-02-11T15:10:18.1017255Z ##[endgroup]
2026-02-11T15:10:18.1043171Z ##[group]Starting job container
2026-02-11T15:10:18.1066313Z ##[command]/usr/bin/docker pull archlinux:latest
2026-02-11T15:10:18.5377205Z latest: Pulling from library/archlinux
2026-02-11T15:10:18.6551418Z 2efc828fc4c1: Pulling fs layer
2026-02-11T15:10:18.6552269Z d92388da7a72: Pulling fs layer
2026-02-11T15:10:18.9044434Z d92388da7a72: Verifying Checksum
2026-02-11T15:10:18.9045107Z d92388da7a72: Download complete
2026-02-11T15:10:20.8857358Z 2efc828fc4c1: Download complete
2026-02-11T15:10:25.9079427Z 2efc828fc4c1: Pull complete
2026-02-11T15:10:27.2387690Z d92388da7a72: Pull complete
2026-02-11T15:10:27.2429425Z Digest: sha256:644b416048d39616bbaca93ce768ba492655c83fba80ceca65a4f59dcabdcac0
2026-02-11T15:10:27.2443913Z Status: Downloaded newer image for archlinux:latest
2026-02-11T15:10:27.2453604Z docker.io/library/archlinux:latest
2026-02-11T15:10:27.2551036Z ##[command]/usr/bin/docker create --name 73dd655330a643a5a1335a0d9cb8567c_archlinuxlatest_1cca0b --label 1af40f --workdir /__w/ImunoEdge/ImunoEdge --network github_network_a6c1d60e7d744c2494344be82d08ffe8  -e "HOME=/github/home" -e GITHUB_ACTIONS=true -e CI=true -v "/var/run/docker.sock":"/var/run/docker.sock" -v "/home/runner/work":"/__w" -v "/home/runner/actions-runner/cached/externals":"/__e":ro -v "/home/runner/work/_temp":"/__w/_temp" -v "/home/runner/work/_actions":"/__w/_actions" -v "/opt/hostedtoolcache":"/__t" -v "/home/runner/work/_temp/_github_home":"/github/home" -v "/home/runner/work/_temp/_github_workflow":"/github/workflow" --entrypoint "tail" archlinux:latest "-f" "/dev/null"
2026-02-11T15:10:27.2828154Z b39c97ea987c379fc80a26dd8705e536cf60d52fffe299a1f852e77911837c48
2026-02-11T15:10:27.2853156Z ##[command]/usr/bin/docker start b39c97ea987c379fc80a26dd8705e536cf60d52fffe299a1f852e77911837c48
2026-02-11T15:10:27.4638773Z b39c97ea987c379fc80a26dd8705e536cf60d52fffe299a1f852e77911837c48
2026-02-11T15:10:27.4658175Z ##[command]/usr/bin/docker ps --all --filter id=b39c97ea987c379fc80a26dd8705e536cf60d52fffe299a1f852e77911837c48 --filter status=running --no-trunc --format "{{.ID}} {{.Status}}"
2026-02-11T15:10:27.4775454Z b39c97ea987c379fc80a26dd8705e536cf60d52fffe299a1f852e77911837c48 Up Less than a second
2026-02-11T15:10:27.4795544Z ##[command]/usr/bin/docker inspect --format "{{range .Config.Env}}{{println .}}{{end}}" b39c97ea987c379fc80a26dd8705e536cf60d52fffe299a1f852e77911837c48
2026-02-11T15:10:27.4915717Z HOME=/github/home
2026-02-11T15:10:27.4916202Z GITHUB_ACTIONS=true
2026-02-11T15:10:27.4916621Z CI=true
2026-02-11T15:10:27.4917088Z PATH=/usr/local/sbin:/usr/local/bin:/usr/sbin:/usr/bin:/sbin:/bin
2026-02-11T15:10:27.4917659Z LANG=C.UTF-8
2026-02-11T15:10:27.4939238Z ##[endgroup]
2026-02-11T15:10:27.4948702Z ##[group]Waiting for all services to be ready
2026-02-11T15:10:27.4950457Z ##[endgroup]
2026-02-11T15:10:27.5159647Z ##[group]Run pacman -Syu --noconfirm python python-pip git
2026-02-11T15:10:27.5160207Z [36;1mpacman -Syu --noconfirm python python-pip git[0m
2026-02-11T15:10:27.5164706Z shell: sh -e {0}
2026-02-11T15:10:27.5165208Z env:
2026-02-11T15:10:27.5165409Z   PYTHON_VERSION_DEFAULT: 3.11
2026-02-11T15:10:27.5165694Z ##[endgroup]
2026-02-11T15:10:27.5944141Z :: Synchronizing package databases...
2026-02-11T15:10:28.3236246Z  core downloading...
2026-02-11T15:10:28.3236649Z  extra downloading...
2026-02-11T15:10:28.5006345Z :: Starting full system upgrade...
2026-02-11T15:10:28.5017608Z resolving dependencies...
2026-02-11T15:10:28.5045193Z looking for conflicting packages...
2026-02-11T15:10:28.5066598Z 
2026-02-11T15:10:28.5067983Z Package (36)               Old Version                  New Version                  Net Change   Download Size
2026-02-11T15:10:28.5068649Z 
2026-02-11T15:10:28.5069407Z core/binutils              2.45.1+r35+g12d0a1dbc1b9-1   2.46-1                          0.64 MiB       7.93 MiB
2026-02-11T15:10:28.5070399Z core/db5.3                                              5.3.28-5                        6.45 MiB       1.18 MiB
2026-02-11T15:10:28.5071431Z core/gcc-libs              15.2.1+r447+g6a64f6c3ebb8-1  15.2.1+r604+g0b99615a8aef-1  -152.20 MiB       0.00 MiB
2026-02-11T15:10:28.5072874Z core/glibc                 2.42+r51+gcbf39c26b258-2     2.43+r5+g856c426a7534-1         0.48 MiB      10.13 MiB
2026-02-11T15:10:28.5073887Z core/libasan                                            15.2.1+r604+g0b99615a8aef-1     1.79 MiB       0.48 MiB
2026-02-11T15:10:28.5074873Z core/libatomic                                          15.2.1+r604+g0b99615a8aef-1     0.04 MiB       0.01 MiB
2026-02-11T15:10:28.5075714Z core/libgcc                                             15.2.1+r604+g0b99615a8aef-1     0.17 MiB       0.08 MiB
2026-02-11T15:10:28.5076293Z core/libgfortran                                        15.2.1+r604+g0b99615a8aef-1     3.46 MiB       0.89 MiB
2026-02-11T15:10:28.5076841Z core/libgomp                                            15.2.1+r604+g0b99615a8aef-1     0.40 MiB       0.21 MiB
2026-02-11T15:10:28.5077344Z core/liblsan                                            15.2.1+r604+g0b99615a8aef-1     0.53 MiB       0.21 MiB
2026-02-11T15:10:28.5078195Z core/libmakepkg-dropins    18-1                         20-1                            0.00 MiB       0.01 MiB
2026-02-11T15:10:28.5079113Z core/libobjc                                            15.2.1+r604+g0b99615a8aef-1     0.09 MiB       0.04 MiB
2026-02-11T15:10:28.5079896Z core/libp11-kit            0.26.1-1                     0.26.2-1                        0.00 MiB       0.49 MiB
2026-02-11T15:10:28.5080463Z core/libquadmath                                        15.2.1+r604+g0b99615a8aef-1     0.30 MiB       0.16 MiB
2026-02-11T15:10:28.5080994Z core/libstdc++                                          15.2.1+r604+g0b99615a8aef-1     2.57 MiB       0.75 MiB
2026-02-11T15:10:28.5081554Z extra/libsysprof-capture   49.0-1                       49.0-2                          0.00 MiB       0.05 MiB
2026-02-11T15:10:28.5082345Z core/libtsan                                            15.2.1+r604+g0b99615a8aef-1     1.41 MiB       0.43 MiB
2026-02-11T15:10:28.5082863Z core/libubsan                                           15.2.1+r604+g0b99615a8aef-1     0.48 MiB       0.19 MiB
2026-02-11T15:10:28.5083429Z core/linux-api-headers     6.18-1                       6.19-1                          0.09 MiB       1.49 MiB
2026-02-11T15:10:28.5084161Z core/mpdecimal                                          4.0.1-1                         0.33 MiB       0.10 MiB
2026-02-11T15:10:28.5085073Z core/p11-kit               0.26.1-1                     0.26.2-1                        0.00 MiB       0.24 MiB
2026-02-11T15:10:28.5086587Z core/perl                                               5.42.0-1                       69.88 MiB      20.40 MiB
2026-02-11T15:10:28.5087743Z extra/perl-error                                        0.17030-3                       0.04 MiB       0.02 MiB
2026-02-11T15:10:28.5088642Z extra/perl-mailtools                                    2.22-3                          0.10 MiB       0.06 MiB
2026-02-11T15:10:28.5089521Z extra/perl-timedate                                     2.33-9                          0.08 MiB       0.03 MiB
2026-02-11T15:10:28.5090406Z extra/python-attrs                                      25.4.0-3                        0.63 MiB       0.11 MiB
2026-02-11T15:10:28.5091297Z extra/python-cffi                                       2.0.0-2                         1.38 MiB       0.28 MiB
2026-02-11T15:10:28.5092460Z extra/python-cryptography                               46.0.4-1                        5.66 MiB       1.29 MiB
2026-02-11T15:10:28.5093388Z extra/python-filelock                                   3.20.3-1                        0.15 MiB       0.03 MiB
2026-02-11T15:10:28.5094405Z extra/python-packaging                                  26.0-1                          0.89 MiB       0.15 MiB
2026-02-11T15:10:28.5095350Z extra/python-pycparser                                  2.23-2                          2.97 MiB       0.33 MiB
2026-02-11T15:10:28.5096190Z extra/python-wheel                                      0.46.3-1                        0.31 MiB       0.07 MiB
2026-02-11T15:10:28.5096993Z extra/zlib-ng                                           2.3.3-1                         0.28 MiB       0.11 MiB
2026-02-11T15:10:28.5097760Z extra/git                                               2.53.0-1                       29.72 MiB       6.83 MiB
2026-02-11T15:10:28.5098528Z core/python                                             3.14.2-2                       72.04 MiB      13.00 MiB
2026-02-11T15:10:28.5099224Z extra/python-pip                                        26.0.1-1                       16.23 MiB       2.67 MiB
2026-02-11T15:10:28.5099553Z 
2026-02-11T15:10:28.5099679Z Total Download Size:    70.48 MiB
2026-02-11T15:10:28.5099963Z Total Installed Size:  322.11 MiB
2026-02-11T15:10:28.5100258Z Net Upgrade Size:       67.38 MiB
2026-02-11T15:10:28.5100438Z 
2026-02-11T15:10:28.5100652Z :: Proceed with installation? [Y/n] 
2026-02-11T15:10:28.5100977Z :: Retrieving packages...
2026-02-11T15:10:28.8337705Z  perl-5.42.0-1-x86_64 downloading...
2026-02-11T15:10:28.8338388Z  python-3.14.2-2-x86_64 downloading...
2026-02-11T15:10:28.8338715Z  glibc-2.43+r5+g856c426a7534-1-x86_64 downloading...
2026-02-11T15:10:28.8339040Z  binutils-2.46-1-x86_64 downloading...
2026-02-11T15:10:28.8339303Z  git-2.53.0-1-x86_64 downloading...
2026-02-11T15:10:28.8339573Z  python-pip-26.0.1-1-any downloading...
2026-02-11T15:10:28.8339878Z  linux-api-headers-6.19-1-x86_64 downloading...
2026-02-11T15:10:28.8340232Z  python-cryptography-46.0.4-1-x86_64 downloading...
2026-02-11T15:10:28.8340550Z  db5.3-5.3.28-5-x86_64 downloading...
2026-02-11T15:10:28.8340903Z  libgfortran-15.2.1+r604+g0b99615a8aef-1-x86_64 downloading...
2026-02-11T15:10:28.8341360Z  libstdc++-15.2.1+r604+g0b99615a8aef-1-x86_64 downloading...
2026-02-11T15:10:28.8341981Z  libp11-kit-0.26.2-1-x86_64 downloading...
2026-02-11T15:10:28.8342341Z  libasan-15.2.1+r604+g0b99615a8aef-1-x86_64 downloading...
2026-02-11T15:10:28.8342740Z  libtsan-15.2.1+r604+g0b99615a8aef-1-x86_64 downloading...
2026-02-11T15:10:28.8343109Z  python-pycparser-2.23-2-any downloading...
2026-02-11T15:10:28.8343429Z  python-cffi-2.0.0-2-x86_64 downloading...
2026-02-11T15:10:28.8343713Z  p11-kit-0.26.2-1-x86_64 downloading...
2026-02-11T15:10:28.8344044Z  liblsan-15.2.1+r604+g0b99615a8aef-1-x86_64 downloading...
2026-02-11T15:10:28.8344428Z  libgomp-15.2.1+r604+g0b99615a8aef-1-x86_64 downloading...
2026-02-11T15:10:28.8344825Z  libubsan-15.2.1+r604+g0b99615a8aef-1-x86_64 downloading...
2026-02-11T15:10:28.8345242Z  libquadmath-15.2.1+r604+g0b99615a8aef-1-x86_64 downloading...
2026-02-11T15:10:28.8345627Z  python-packaging-26.0-1-any downloading...
2026-02-11T15:10:28.8345931Z  python-attrs-25.4.0-3-any downloading...
2026-02-11T15:10:28.8346517Z  zlib-ng-2.3.3-1-x86_64 downloading...
2026-02-11T15:10:28.8346968Z  mpdecimal-4.0.1-1-x86_64 downloading...
2026-02-11T15:10:28.8347543Z  libgcc-15.2.1+r604+g0b99615a8aef-1-x86_64 downloading...
2026-02-11T15:10:28.8348193Z  python-wheel-0.46.3-1-any downloading...
2026-02-11T15:10:28.8348744Z  perl-mailtools-2.22-3-any downloading...
2026-02-11T15:10:28.8349347Z  libsysprof-capture-49.0-2-x86_64 downloading...
2026-02-11T15:10:28.8350064Z  libobjc-15.2.1+r604+g0b99615a8aef-1-x86_64 downloading...
2026-02-11T15:10:28.8350716Z  perl-timedate-2.33-9-any downloading...
2026-02-11T15:10:28.8351283Z  python-filelock-3.20.3-1-any downloading...
2026-02-11T15:10:28.8352010Z  perl-error-0.17030-3-any downloading...
2026-02-11T15:10:28.8352543Z  libatomic-15.2.1+r604+g0b99615a8aef-1-x86_64 downloading...
2026-02-11T15:10:28.8353095Z  libmakepkg-dropins-20-1-any downloading...
2026-02-11T15:10:28.8353621Z  gcc-libs-15.2.1+r604+g0b99615a8aef-1-x86_64 downloading...
2026-02-11T15:10:28.8354102Z checking keyring...
2026-02-11T15:10:28.9321887Z checking package integrity...
2026-02-11T15:10:29.7296368Z loading package files...
2026-02-11T15:10:29.7774012Z checking for file conflicts...
2026-02-11T15:10:29.7971041Z :: Processing package changes...
2026-02-11T15:10:29.7971915Z upgrading linux-api-headers...
2026-02-11T15:10:29.9866904Z upgrading glibc...
2026-02-11T15:10:30.2830594Z Generating locales...
2026-02-11T15:10:30.2901983Z Generation complete.
2026-02-11T15:10:30.3161876Z installing libasan...
2026-02-11T15:10:30.3231045Z installing libatomic...
2026-02-11T15:10:30.3242440Z installing libgfortran...
2026-02-11T15:10:30.3329990Z installing libgcc...
2026-02-11T15:10:30.3349794Z installing libgomp...
2026-02-11T15:10:30.3373339Z installing liblsan...
2026-02-11T15:10:30.3399885Z installing libobjc...
2026-02-11T15:10:30.3412705Z installing libquadmath...
2026-02-11T15:10:30.3432415Z installing libstdc++...
2026-02-11T15:10:30.3505443Z installing libtsan...
2026-02-11T15:10:30.3551874Z installing libubsan...
2026-02-11T15:10:30.3578527Z upgrading gcc-libs...
2026-02-11T15:10:30.3608623Z installing mpdecimal...
2026-02-11T15:10:30.3640028Z installing python...
2026-02-11T15:10:30.8056146Z Optional dependencies for python
2026-02-11T15:10:30.8056997Z     python-setuptools: for building Python packages using tooling that is usually bundled with Python
2026-02-11T15:10:30.8058568Z     python-pip: for installing Python packages using tooling that is usually bundled with Python [pending]
2026-02-11T15:10:30.8059585Z     python-pipx: for installing Python software not packaged on Arch Linux
2026-02-11T15:10:30.8060307Z     sqlite: for a default database integration [installed]
2026-02-11T15:10:30.8060822Z     xz: for lzma [installed]
2026-02-11T15:10:30.8061182Z     tk: for tkinter
2026-02-11T15:10:30.8061507Z installing python-attrs...
2026-02-11T15:10:30.8157489Z installing python-pycparser...
2026-02-11T15:10:30.8279242Z installing python-cffi...
2026-02-11T15:10:30.8383555Z Optional dependencies for python-cffi
2026-02-11T15:10:30.8384286Z     python-setuptools: "limited api" version checking in cffi.setuptools_ext
2026-02-11T15:10:30.8384959Z installing python-cryptography...
2026-02-11T15:10:30.8840621Z installing python-filelock...
2026-02-11T15:10:30.8885317Z installing python-packaging...
2026-02-11T15:10:30.8975384Z installing python-wheel...
2026-02-11T15:10:30.9048238Z Optional dependencies for python-wheel
2026-02-11T15:10:30.9049096Z     python-keyring: for wheel.signatures
2026-02-11T15:10:30.9049562Z     python-xdg: for wheel.signatures
2026-02-11T15:10:30.9050098Z     python-setuptools: for legacy bdist_wheel subcommand
2026-02-11T15:10:30.9050625Z installing python-pip...
2026-02-11T15:10:31.1079413Z installing db5.3...
2026-02-11T15:10:31.1244932Z installing perl...
2026-02-11T15:10:31.5208186Z installing perl-error...
2026-02-11T15:10:31.5217613Z installing perl-timedate...
2026-02-11T15:10:31.5270734Z installing perl-mailtools...
2026-02-11T15:10:31.5300126Z installing zlib-ng...
2026-02-11T15:10:31.5346254Z upgrading libp11-kit...
2026-02-11T15:10:31.5497064Z upgrading p11-kit...
2026-02-11T15:10:31.5634136Z installing git...
2026-02-11T15:10:31.7243227Z Optional dependencies for git
2026-02-11T15:10:31.7243754Z     git-zsh-completion: upstream zsh completion
2026-02-11T15:10:31.7244222Z     tk: gitk and git gui
2026-02-11T15:10:31.7244617Z     openssh: ssh transport and crypto
2026-02-11T15:10:31.7245101Z     man: show help with `git command --help`
2026-02-11T15:10:31.7245533Z     perl-libwww: git svn
2026-02-11T15:10:31.7246007Z     perl-term-readkey: git svn and interactive.singlekey setting
2026-02-11T15:10:31.7246623Z     perl-io-socket-ssl: git send-email TLS support
2026-02-11T15:10:31.7247129Z     perl-authen-sasl: git send-email TLS support
2026-02-11T15:10:31.7247603Z     perl-cgi: gitweb (web interface) support
2026-02-11T15:10:31.7248034Z     python: git svn & git p4 [installed]
2026-02-11T15:10:31.7248441Z     subversion: git svn
2026-02-11T15:10:31.7248860Z     org.freedesktop.secrets: keyring credential helper
2026-02-11T15:10:31.7249423Z     libsecret: libsecret credential helper [installed]
2026-02-11T15:10:31.7249905Z     less: the default pager for git
2026-02-11T15:10:31.7250284Z upgrading binutils...
2026-02-11T15:10:31.8457156Z New optional dependencies for binutils
2026-02-11T15:10:31.8458195Z     perl: for gprofng-display-html [installed]
2026-02-11T15:10:31.8458674Z upgrading libmakepkg-dropins...
2026-02-11T15:10:31.8499583Z upgrading libsysprof-capture...
2026-02-11T15:10:32.7718589Z :: Running post-transaction hooks...
2026-02-11T15:10:32.7719208Z (1/5) Creating system user accounts...
2026-02-11T15:10:32.8388563Z Creating group 'git' with GID 969.
2026-02-11T15:10:32.8392787Z Creating user 'git' (git daemon user) with UID 969 and GID 969.
2026-02-11T15:10:32.8453325Z (2/5) Reloading system manager configuration...
2026-02-11T15:10:32.9103495Z   Skipped: Current root is not booted.
2026-02-11T15:10:32.9104195Z (3/5) Reloading user manager configuration...
2026-02-11T15:10:32.9754898Z   Skipped: Current root is not booted.
2026-02-11T15:10:32.9755658Z (4/5) Arming ConditionNeedsUpdate...
2026-02-11T15:10:33.0363831Z (5/5) Checking for old perl modules...
2026-02-11T15:10:33.1407644Z ##[group]Run actions/checkout@v6
2026-02-11T15:10:33.1407923Z with:
2026-02-11T15:10:33.1408097Z   submodules: recursive
2026-02-11T15:10:33.1408502Z   repository: gabrielima7/ImunoEdge
2026-02-11T15:10:33.1408870Z   token: ***
2026-02-11T15:10:33.1409049Z   ssh-strict: true
2026-02-11T15:10:33.1409226Z   ssh-user: git
2026-02-11T15:10:33.1409405Z   persist-credentials: true
2026-02-11T15:10:33.1409615Z   clean: true
2026-02-11T15:10:33.1409793Z   sparse-checkout-cone-mode: true
2026-02-11T15:10:33.1410017Z   fetch-depth: 1
2026-02-11T15:10:33.1410185Z   fetch-tags: false
2026-02-11T15:10:33.1410366Z   show-progress: true
2026-02-11T15:10:33.1410541Z   lfs: false
2026-02-11T15:10:33.1410708Z   set-safe-directory: true
2026-02-11T15:10:33.1410904Z env:
2026-02-11T15:10:33.1411060Z   PYTHON_VERSION_DEFAULT: 3.11
2026-02-11T15:10:33.1411265Z ##[endgroup]
2026-02-11T15:10:33.1453986Z ##[command]/usr/bin/docker exec  b39c97ea987c379fc80a26dd8705e536cf60d52fffe299a1f852e77911837c48 sh -c "cat /etc/*release | grep ^ID"
2026-02-11T15:10:33.3505854Z Syncing repository: gabrielima7/ImunoEdge
2026-02-11T15:10:33.3507949Z ##[group]Getting Git version info
2026-02-11T15:10:33.3508537Z Working directory is '/__w/ImunoEdge/ImunoEdge'
2026-02-11T15:10:33.3509372Z [command]/usr/sbin/git version
2026-02-11T15:10:33.3509774Z git version 2.53.0
2026-02-11T15:10:33.3522610Z ##[endgroup]
2026-02-11T15:10:33.3540418Z Temporarily overriding HOME='/__w/_temp/11836c0a-8c1b-4349-87ef-9eb09b72884d' before making global git config changes
2026-02-11T15:10:33.3541205Z Adding repository directory to the temporary git global config as a safe directory
2026-02-11T15:10:33.3546182Z [command]/usr/sbin/git config --global --add safe.directory /__w/ImunoEdge/ImunoEdge
2026-02-11T15:10:33.3580828Z Deleting the contents of '/__w/ImunoEdge/ImunoEdge'
2026-02-11T15:10:33.3585098Z ##[group]Initializing the repository
2026-02-11T15:10:33.3589239Z [command]/usr/sbin/git init /__w/ImunoEdge/ImunoEdge
2026-02-11T15:10:33.3632605Z hint: Using 'master' as the name for the initial branch. This default branch name
2026-02-11T15:10:33.3633665Z hint: will change to "main" in Git 3.0. To configure the initial branch name
2026-02-11T15:10:33.3634563Z hint: to use in all of your new repositories, which will suppress this warning,
2026-02-11T15:10:33.3635206Z hint: call:
2026-02-11T15:10:33.3635473Z hint:
2026-02-11T15:10:33.3635942Z hint: 	git config --global init.defaultBranch <name>
2026-02-11T15:10:33.3636460Z hint:
2026-02-11T15:10:33.3636940Z hint: Names commonly chosen instead of 'master' are 'main', 'trunk' and
2026-02-11T15:10:33.3637798Z hint: 'development'. The just-created branch can be renamed via this command:
2026-02-11T15:10:33.3638401Z hint:
2026-02-11T15:10:33.3638696Z hint: 	git branch -m <name>
2026-02-11T15:10:33.3639057Z hint:
2026-02-11T15:10:33.3639607Z hint: Disable this message with "git config set advice.defaultBranchName false"
2026-02-11T15:10:33.3640503Z Initialized empty Git repository in /__w/ImunoEdge/ImunoEdge/.git/
2026-02-11T15:10:33.3646377Z [command]/usr/sbin/git remote add origin https://github.com/gabrielima7/ImunoEdge
2026-02-11T15:10:33.3681086Z ##[endgroup]
2026-02-11T15:10:33.3681446Z ##[group]Disabling automatic garbage collection
2026-02-11T15:10:33.3685956Z [command]/usr/sbin/git config --local gc.auto 0
2026-02-11T15:10:33.3716423Z ##[endgroup]
2026-02-11T15:10:33.3716780Z ##[group]Setting up auth
2026-02-11T15:10:33.3718735Z Removing SSH command configuration
2026-02-11T15:10:33.3725838Z [command]/usr/sbin/git config --local --name-only --get-regexp core\.sshCommand
2026-02-11T15:10:33.3759100Z [command]/usr/sbin/git submodule foreach --recursive sh -c "git config --local --name-only --get-regexp 'core\.sshCommand' && git config --local --unset-all 'core.sshCommand' || :"
2026-02-11T15:10:33.4055377Z Removing HTTP extra header
2026-02-11T15:10:33.4059352Z [command]/usr/sbin/git config --local --name-only --get-regexp http\.https\:\/\/github\.com\/\.extraheader
2026-02-11T15:10:33.4092338Z [command]/usr/sbin/git submodule foreach --recursive sh -c "git config --local --name-only --get-regexp 'http\.https\:\/\/github\.com\/\.extraheader' && git config --local --unset-all 'http.https://github.com/.extraheader' || :"
2026-02-11T15:10:33.4379395Z Removing includeIf entries pointing to credentials config files
2026-02-11T15:10:33.4385079Z [command]/usr/sbin/git config --local --name-only --get-regexp ^includeIf\.gitdir:
2026-02-11T15:10:33.4417669Z [command]/usr/sbin/git submodule foreach --recursive git config --local --show-origin --name-only --get-regexp remote.origin.url
2026-02-11T15:10:33.4715222Z [command]/usr/sbin/git config --file /__w/_temp/git-credentials-c7151f1b-7545-4d36-b060-fe848668070a.config http.https://github.com/.extraheader AUTHORIZATION: basic ***
2026-02-11T15:10:33.4754851Z [command]/usr/sbin/git config --local includeIf.gitdir:/__w/ImunoEdge/ImunoEdge/.git.path /__w/_temp/git-credentials-c7151f1b-7545-4d36-b060-fe848668070a.config
2026-02-11T15:10:33.4785017Z [command]/usr/sbin/git config --local includeIf.gitdir:/__w/ImunoEdge/ImunoEdge/.git/worktrees/*.path /__w/_temp/git-credentials-c7151f1b-7545-4d36-b060-fe848668070a.config
2026-02-11T15:10:33.4815781Z [command]/usr/sbin/git config --local includeIf.gitdir:/github/workspace/.git.path /github/runner_temp/git-credentials-c7151f1b-7545-4d36-b060-fe848668070a.config
2026-02-11T15:10:33.4846657Z [command]/usr/sbin/git config --local includeIf.gitdir:/github/workspace/.git/worktrees/*.path /github/runner_temp/git-credentials-c7151f1b-7545-4d36-b060-fe848668070a.config
2026-02-11T15:10:33.4873063Z ##[endgroup]
2026-02-11T15:10:33.4873443Z ##[group]Fetching the repository
2026-02-11T15:10:33.4883187Z [command]/usr/sbin/git -c protocol.version=2 fetch --no-tags --prune --no-recurse-submodules --depth=1 origin +986309715c873a9d0321898c95101bb9865bc9d0:refs/remotes/origin/main
2026-02-11T15:10:33.7102283Z From https://github.com/gabrielima7/ImunoEdge
2026-02-11T15:10:33.7103019Z  * [new ref]         986309715c873a9d0321898c95101bb9865bc9d0 -> origin/main
2026-02-11T15:10:33.7150174Z [command]/usr/sbin/git branch --list --remote origin/main
2026-02-11T15:10:33.7176198Z   origin/main
2026-02-11T15:10:33.7187113Z [command]/usr/sbin/git rev-parse refs/remotes/origin/main
2026-02-11T15:10:33.7210363Z 986309715c873a9d0321898c95101bb9865bc9d0
2026-02-11T15:10:33.7215885Z ##[endgroup]
2026-02-11T15:10:33.7216508Z ##[group]Determining the checkout info
2026-02-11T15:10:33.7218963Z ##[endgroup]
2026-02-11T15:10:33.7225070Z [command]/usr/sbin/git sparse-checkout disable
2026-02-11T15:10:33.7291607Z [command]/usr/sbin/git config --local --unset-all extensions.worktreeConfig
2026-02-11T15:10:33.7324194Z ##[group]Checking out the ref
2026-02-11T15:10:33.7329130Z [command]/usr/sbin/git checkout --progress --force -B main refs/remotes/origin/main
2026-02-11T15:10:33.7395681Z Switched to a new branch 'main'
2026-02-11T15:10:33.7398948Z branch 'main' set up to track 'origin/main'.
2026-02-11T15:10:33.7406394Z ##[endgroup]
2026-02-11T15:10:33.7407030Z ##[group]Setting up auth for fetching submodules
2026-02-11T15:10:33.7418014Z [command]/usr/sbin/git config --file /__w/_temp/git-credentials-c7151f1b-7545-4d36-b060-fe848668070a.config http.https://github.com/.extraheader AUTHORIZATION: basic ***
2026-02-11T15:10:33.7461329Z [command]/usr/sbin/git config --global include.path /__w/_temp/git-credentials-c7151f1b-7545-4d36-b060-fe848668070a.config
2026-02-11T15:10:33.7499820Z [command]/usr/sbin/git config --global --unset-all url.https://github.com/.insteadOf
2026-02-11T15:10:33.7536004Z [command]/usr/sbin/git config --global --add url.https://github.com/.insteadOf git@github.com:
2026-02-11T15:10:33.7575563Z [command]/usr/sbin/git config --global --add url.https://github.com/.insteadOf org-230595838@github.com:
2026-02-11T15:10:33.7607084Z ##[endgroup]
2026-02-11T15:10:33.7607673Z ##[group]Fetching submodules
2026-02-11T15:10:33.7610696Z [command]/usr/sbin/git submodule sync --recursive
2026-02-11T15:10:33.7929866Z [command]/usr/sbin/git -c protocol.version=2 submodule update --init --force --depth=1 --recursive
2026-02-11T15:10:33.8217952Z Submodule 'TaipanStack' (https://github.com/gabrielima7/TaipanStack.git) registered for path 'TaipanStack'
2026-02-11T15:10:33.8245968Z Cloning into '/__w/ImunoEdge/ImunoEdge/TaipanStack'...
2026-02-11T15:10:34.1658835Z Submodule path 'TaipanStack': checked out '788267ef00de0831d0cbe7423802ecc040dd79f8'
2026-02-11T15:10:34.1692739Z [command]/usr/sbin/git submodule foreach --recursive git config --local gc.auto 0
2026-02-11T15:10:34.1982540Z Entering 'TaipanStack'
2026-02-11T15:10:34.2041031Z ##[endgroup]
2026-02-11T15:10:34.2041623Z ##[group]Persisting credentials for submodules
2026-02-11T15:10:34.2047625Z [command]/usr/sbin/git submodule foreach --recursive sh -c "git config --local --name-only --get-regexp 'url\.https\:\/\/github\.com\/\.insteadOf' && git config --local --unset-all 'url.https://github.com/.insteadOf' || :"
2026-02-11T15:10:34.2332272Z Entering 'TaipanStack'
2026-02-11T15:10:34.2413710Z [command]/usr/sbin/git submodule foreach --recursive git config --local --show-origin --name-only --get-regexp remote.origin.url
2026-02-11T15:10:34.2910586Z Entering 'TaipanStack'
2026-02-11T15:10:34.2953968Z file:/__w/ImunoEdge/ImunoEdge/.git/modules/TaipanStack/config	remote.origin.url
2026-02-11T15:10:34.3014563Z [command]/usr/sbin/git config --file /__w/ImunoEdge/ImunoEdge/.git/modules/TaipanStack/config includeIf.gitdir:/__w/ImunoEdge/ImunoEdge/.git/modules/TaipanStack.path /__w/_temp/git-credentials-c7151f1b-7545-4d36-b060-fe848668070a.config
2026-02-11T15:10:34.3072941Z [command]/usr/sbin/git config --file /__w/ImunoEdge/ImunoEdge/.git/modules/TaipanStack/config includeIf.gitdir:/github/workspace/.git/modules/TaipanStack.path /github/runner_temp/git-credentials-c7151f1b-7545-4d36-b060-fe848668070a.config
2026-02-11T15:10:34.3123210Z [command]/usr/sbin/git submodule foreach --recursive git config --local --add 'url.https://github.com/.insteadOf' 'git@github.com:'
2026-02-11T15:10:34.3454005Z Entering 'TaipanStack'
2026-02-11T15:10:34.3516903Z [command]/usr/sbin/git submodule foreach --recursive git config --local --add 'url.https://github.com/.insteadOf' 'org-230595838@github.com:'
2026-02-11T15:10:34.3945647Z Entering 'TaipanStack'
2026-02-11T15:10:34.4048050Z ##[endgroup]
2026-02-11T15:10:34.4112079Z [command]/usr/sbin/git log -1 --format=%H
2026-02-11T15:10:34.4164668Z 986309715c873a9d0321898c95101bb9865bc9d0
2026-02-11T15:10:34.4399365Z ##[group]Run python3 -m pip install --upgrade pip --break-system-packages || python3 -m pip install --upgrade pip || true
2026-02-11T15:10:34.4400211Z [36;1mpython3 -m pip install --upgrade pip --break-system-packages || python3 -m pip install --upgrade pip || true[0m
2026-02-11T15:10:34.4400891Z [36;1mpython3 -m pip install -e . --break-system-packages || python3 -m pip install -e .[0m
2026-02-11T15:10:34.4401384Z shell: sh -e {0}
2026-02-11T15:10:34.4401555Z env:
2026-02-11T15:10:34.4402416Z   PYTHON_VERSION_DEFAULT: 3.11
2026-02-11T15:10:34.4402640Z ##[endgroup]
2026-02-11T15:10:34.7566084Z WARNING: The directory '/github/home/.cache/pip' or its parent directory is not owned or is not writable by the current user. The cache has been disabled. Check the permissions and owner of that directory. If executing pip with sudo, you should use sudo's -H flag.
2026-02-11T15:10:34.7947400Z Requirement already satisfied: pip in /usr/lib/python3.14/site-packages (26.0.1)
2026-02-11T15:10:34.8555265Z WARNING: Running pip as the 'root' user can result in broken permissions and conflicting behaviour with the system package manager, possibly rendering your system unusable. It is recommended to use a virtual environment instead: https://pip.pypa.io/warnings/venv. Use the --root-user-action option if you know what you are doing and want to suppress this warning.
2026-02-11T15:10:35.2115804Z WARNING: The directory '/github/home/.cache/pip' or its parent directory is not owned or is not writable by the current user. The cache has been disabled. Check the permissions and owner of that directory. If executing pip with sudo, you should use sudo's -H flag.
2026-02-11T15:10:35.2476546Z Obtaining file:///__w/ImunoEdge/ImunoEdge
2026-02-11T15:10:35.2494621Z   Installing build dependencies: started
2026-02-11T15:10:35.8889077Z   Installing build dependencies: finished with status 'done'
2026-02-11T15:10:35.8893889Z   Checking if build backend supports build_editable: started
2026-02-11T15:10:36.1814379Z   Checking if build backend supports build_editable: finished with status 'done'
2026-02-11T15:10:36.1888957Z ERROR: Exception:
2026-02-11T15:10:36.1889339Z Traceback (most recent call last):
2026-02-11T15:10:36.1890098Z   File "/usr/lib/python3.14/site-packages/pip/_internal/cli/base_command.py", line 107, in _run_wrapper
2026-02-11T15:10:36.1890890Z     status = _inner_run()
2026-02-11T15:10:36.1891581Z   File "/usr/lib/python3.14/site-packages/pip/_internal/cli/base_command.py", line 98, in _inner_run
2026-02-11T15:10:36.1892608Z     return self.run(options, args)
2026-02-11T15:10:36.1893016Z            ~~~~~~~~^^^^^^^^^^^^^^^
2026-02-11T15:10:36.1893719Z   File "/usr/lib/python3.14/site-packages/pip/_internal/cli/req_command.py", line 96, in wrapper
2026-02-11T15:10:36.1894523Z     return func(self, options, args)
2026-02-11T15:10:36.1895243Z   File "/usr/lib/python3.14/site-packages/pip/_internal/commands/install.py", line 392, in run
2026-02-11T15:10:36.1896004Z     requirement_set = resolver.resolve(
2026-02-11T15:10:36.1896549Z         reqs, check_supported_wheels=not options.target_dir
2026-02-11T15:10:36.1897044Z     )
2026-02-11T15:10:36.1897749Z   File "/usr/lib/python3.14/site-packages/pip/_internal/resolution/resolvelib/resolver.py", line 79, in resolve
2026-02-11T15:10:36.1898744Z     collected = self.factory.collect_root_requirements(root_reqs)
2026-02-11T15:10:36.1899848Z   File "/usr/lib/python3.14/site-packages/pip/_internal/resolution/resolvelib/factory.py", line 538, in collect_root_requirements
2026-02-11T15:10:36.1900794Z     reqs = list(
2026-02-11T15:10:36.1901206Z         self._make_requirements_from_install_req(
2026-02-11T15:10:36.1901859Z     ...<2 lines>...
2026-02-11T15:10:36.1902168Z         )
2026-02-11T15:10:36.1902417Z     )
2026-02-11T15:10:36.1903295Z   File "/usr/lib/python3.14/site-packages/pip/_internal/resolution/resolvelib/factory.py", line 494, in _make_requirements_from_install_req
2026-02-11T15:10:36.1904347Z     cand = self._make_base_candidate_from_link(
2026-02-11T15:10:36.1905225Z         ireq.link,
2026-02-11T15:10:36.1905568Z     ...<2 lines>...
2026-02-11T15:10:36.1905882Z         version=None,
2026-02-11T15:10:36.1906181Z     )
2026-02-11T15:10:36.1907032Z   File "/usr/lib/python3.14/site-packages/pip/_internal/resolution/resolvelib/factory.py", line 205, in _make_base_candidate_from_link
2026-02-11T15:10:36.1908144Z     self._editable_candidate_cache[link] = EditableCandidate(
2026-02-11T15:10:36.1908700Z                                            ~~~~~~~~~~~~~~~~~^
2026-02-11T15:10:36.1909136Z         link,
2026-02-11T15:10:36.1909405Z         ^^^^^
2026-02-11T15:10:36.1909688Z     ...<3 lines>...
2026-02-11T15:10:36.1909992Z         version=version,
2026-02-11T15:10:36.1910320Z         ^^^^^^^^^^^^^^^^
2026-02-11T15:10:36.1910632Z     )
2026-02-11T15:10:36.1910889Z     ^
2026-02-11T15:10:36.1911611Z   File "/usr/lib/python3.14/site-packages/pip/_internal/resolution/resolvelib/candidates.py", line 343, in __init__
2026-02-11T15:10:36.1912697Z     super().__init__(
2026-02-11T15:10:36.1913028Z     ~~~~~~~~~~~~~~~~^
2026-02-11T15:10:36.1913326Z         link=link,
2026-02-11T15:10:36.1913617Z         ^^^^^^^^^^
2026-02-11T15:10:36.1913900Z     ...<4 lines>...
2026-02-11T15:10:36.1914215Z         version=version,
2026-02-11T15:10:36.1914540Z         ^^^^^^^^^^^^^^^^
2026-02-11T15:10:36.1914851Z     )
2026-02-11T15:10:36.1915097Z     ^
2026-02-11T15:10:36.1915810Z   File "/usr/lib/python3.14/site-packages/pip/_internal/resolution/resolvelib/candidates.py", line 161, in __init__
2026-02-11T15:10:36.1916692Z     self.dist = self._prepare()
2026-02-11T15:10:36.1917054Z                 ~~~~~~~~~~~~~^^
2026-02-11T15:10:36.1917853Z   File "/usr/lib/python3.14/site-packages/pip/_internal/resolution/resolvelib/candidates.py", line 238, in _prepare
2026-02-11T15:10:36.1919004Z     dist = self._prepare_distribution()
2026-02-11T15:10:36.1919953Z   File "/usr/lib/python3.14/site-packages/pip/_internal/resolution/resolvelib/candidates.py", line 353, in _prepare_distribution
2026-02-11T15:10:36.1921127Z     return self._factory.preparer.prepare_editable_requirement(self._ireq)
2026-02-11T15:10:36.1922022Z            ~~~~~~~~~~~~~~~~~~~~~~~~~~~~~~~~~~~~~~~~~~~~~~~~~~~^^^^^^^^^^^^
2026-02-11T15:10:36.1923021Z   File "/usr/lib/python3.14/site-packages/pip/_internal/operations/prepare.py", line 713, in prepare_editable_requirement
2026-02-11T15:10:36.1923946Z     dist = _get_prepared_distribution(
2026-02-11T15:10:36.1924348Z         req,
2026-02-11T15:10:36.1924620Z     ...<3 lines>...
2026-02-11T15:10:36.1924944Z         self.check_build_deps,
2026-02-11T15:10:36.1925284Z     )
2026-02-11T15:10:36.1926026Z   File "/usr/lib/python3.14/site-packages/pip/_internal/operations/prepare.py", line 77, in _get_prepared_distribution
2026-02-11T15:10:36.1926975Z     abstract_dist.prepare_distribution_metadata(
2026-02-11T15:10:36.1927474Z     ~~~~~~~~~~~~~~~~~~~~~~~~~~~~~~~~~~~~~~~~~~~^
2026-02-11T15:10:36.1928042Z         build_env_installer, build_isolation, check_build_deps
2026-02-11T15:10:36.1928613Z         ^^^^^^^^^^^^^^^^^^^^^^^^^^^^^^^^^^^^^^^^^^^^^^^^^^^^^^
2026-02-11T15:10:36.1929047Z     )
2026-02-11T15:10:36.1929504Z     ^
2026-02-11T15:10:36.1930272Z   File "/usr/lib/python3.14/site-packages/pip/_internal/distributions/sdist.py", line 53, in prepare_distribution_metadata
2026-02-11T15:10:36.1931259Z     self.req.editable_sanity_check()
2026-02-11T15:10:36.1931859Z     ~~~~~~~~~~~~~~~~~~~~~~~~~~~~~~^^
2026-02-11T15:10:36.1932655Z   File "/usr/lib/python3.14/site-packages/pip/_internal/req/req_install.py", line 501, in editable_sanity_check
2026-02-11T15:10:36.1933618Z     if self.editable and not self.supports_pyproject_editable:
2026-02-11T15:10:36.1934184Z                              ^^^^^^^^^^^^^^^^^^^^^^^^^^^^^^^^
2026-02-11T15:10:36.1934758Z   File "/usr/lib/python3.14/functools.py", line 1126, in __get__
2026-02-11T15:10:36.1935314Z     val = self.func(instance)
2026-02-11T15:10:36.1936504Z   File "/usr/lib/python3.14/site-packages/pip/_internal/req/req_install.py", line 237, in supports_pyproject_editable
2026-02-11T15:10:36.1937599Z     return "build_editable" in self.pep517_backend._supported_features()
2026-02-11T15:10:36.1938254Z                                ~~~~~~~~~~~~~~~~~~~~~~~~~~~~~~~~~~~~~~~^^
2026-02-11T15:10:36.1939177Z   File "/usr/lib/python3.14/site-packages/pip/_vendor/pyproject_hooks/_impl.py", line 180, in _supported_features
2026-02-11T15:10:36.1940105Z     return self._call_hook("_supported_features", {})
2026-02-11T15:10:36.1940620Z            ~~~~~~~~~~~~~~~^^^^^^^^^^^^^^^^^^^^^^^^^^^
2026-02-11T15:10:36.1941425Z   File "/usr/lib/python3.14/site-packages/pip/_vendor/pyproject_hooks/_impl.py", line 402, in _call_hook
2026-02-11T15:10:36.1942450Z     raise BackendUnavailable(
2026-02-11T15:10:36.1942833Z     ...<4 lines>...
2026-02-11T15:10:36.1943131Z     )
2026-02-11T15:10:36.1943780Z pip._vendor.pyproject_hooks._impl.BackendUnavailable: Cannot import 'setuptools.backends._legacy'
2026-02-11T15:10:36.5212624Z WARNING: The directory '/github/home/.cache/pip' or its parent directory is not owned or is not writable by the current user. The cache has been disabled. Check the permissions and owner of that directory. If executing pip with sudo, you should use sudo's -H flag.
2026-02-11T15:10:36.5442166Z error: externally-managed-environment
2026-02-11T15:10:36.5442435Z 
2026-02-11T15:10:36.5442799Z × This environment is externally managed
2026-02-11T15:10:36.5443347Z ╰─> To install Python packages system-wide, try 'pacman -S
2026-02-11T15:10:36.5443745Z     python-xyz', where xyz is the package you are trying to
2026-02-11T15:10:36.5444049Z     install.
2026-02-11T15:10:36.5444210Z     
2026-02-11T15:10:36.5444451Z     If you wish to install a non-Arch-packaged Python package,
2026-02-11T15:10:36.5444880Z     create a virtual environment using 'python -m venv path/to/venv'.
2026-02-11T15:10:36.5445867Z     Then use path/to/venv/bin/python and path/to/venv/bin/pip.
2026-02-11T15:10:36.5446174Z     
2026-02-11T15:10:36.5446428Z     If you wish to install a non-Arch packaged Python application,
2026-02-11T15:10:36.5446833Z     it may be easiest to use 'pipx install xyz', which will manage a
2026-02-11T15:10:36.5447230Z     virtual environment for you. Make sure you have python-pipx
2026-02-11T15:10:36.5447555Z     installed via pacman.
2026-02-11T15:10:36.5447691Z 
2026-02-11T15:10:36.5448420Z note: If you believe this is a mistake, please contact your Python installation or OS distribution provider. You can override this, at the risk of breaking your Python installation or OS, by passing --break-system-packages.
2026-02-11T15:10:36.5449346Z hint: See PEP 668 for the detailed specification.
2026-02-11T15:10:36.5961407Z ##[error]Process completed with exit code 1.
2026-02-11T15:10:36.6063233Z Post job cleanup.
2026-02-11T15:10:36.6067725Z ##[command]/usr/bin/docker exec  b39c97ea987c379fc80a26dd8705e536cf60d52fffe299a1f852e77911837c48 sh -c "cat /etc/*release | grep ^ID"
2026-02-11T15:10:36.7955085Z [command]/usr/sbin/git version
2026-02-11T15:10:36.7992720Z git version 2.53.0
2026-02-11T15:10:36.8037857Z Temporarily overriding HOME='/__w/_temp/f0eadb46-a8f4-41c0-8063-a1d2ed148ce4' before making global git config changes
2026-02-11T15:10:36.8039208Z Adding repository directory to the temporary git global config as a safe directory
2026-02-11T15:10:36.8044324Z [command]/usr/sbin/git config --global --add safe.directory /__w/ImunoEdge/ImunoEdge
2026-02-11T15:10:36.8075294Z Removing SSH command configuration
2026-02-11T15:10:36.8080815Z [command]/usr/sbin/git config --local --name-only --get-regexp core\.sshCommand
2026-02-11T15:10:36.8116432Z [command]/usr/sbin/git submodule foreach --recursive sh -c "git config --local --name-only --get-regexp 'core\.sshCommand' && git config --local --unset-all 'core.sshCommand' || :"
2026-02-11T15:10:36.8402570Z Entering 'TaipanStack'
2026-02-11T15:10:36.8487234Z Removing HTTP extra header
2026-02-11T15:10:36.8495644Z [command]/usr/sbin/git config --local --name-only --get-regexp http\.https\:\/\/github\.com\/\.extraheader
2026-02-11T15:10:36.8536422Z [command]/usr/sbin/git submodule foreach --recursive sh -c "git config --local --name-only --get-regexp 'http\.https\:\/\/github\.com\/\.extraheader' && git config --local --unset-all 'http.https://github.com/.extraheader' || :"
2026-02-11T15:10:36.8844748Z Entering 'TaipanStack'
2026-02-11T15:10:36.8923890Z Removing includeIf entries pointing to credentials config files
2026-02-11T15:10:36.8932440Z [command]/usr/sbin/git config --local --name-only --get-regexp ^includeIf\.gitdir:
2026-02-11T15:10:36.8957645Z includeif.gitdir:/__w/ImunoEdge/ImunoEdge/.git.path
2026-02-11T15:10:36.8959032Z includeif.gitdir:/__w/ImunoEdge/ImunoEdge/.git/worktrees/*.path
2026-02-11T15:10:36.8959708Z includeif.gitdir:/github/workspace/.git.path
2026-02-11T15:10:36.8960288Z includeif.gitdir:/github/workspace/.git/worktrees/*.path
2026-02-11T15:10:36.8970530Z [command]/usr/sbin/git config --local --get-all includeif.gitdir:/__w/ImunoEdge/ImunoEdge/.git.path
2026-02-11T15:10:36.9002969Z /__w/_temp/git-credentials-c7151f1b-7545-4d36-b060-fe848668070a.config
2026-02-11T15:10:36.9009152Z [command]/usr/sbin/git config --local --unset includeif.gitdir:/__w/ImunoEdge/ImunoEdge/.git.path /__w/_temp/git-credentials-c7151f1b-7545-4d36-b060-fe848668070a.config
2026-02-11T15:10:36.9048045Z [command]/usr/sbin/git config --local --get-all includeif.gitdir:/__w/ImunoEdge/ImunoEdge/.git/worktrees/*.path
2026-02-11T15:10:36.9077964Z /__w/_temp/git-credentials-c7151f1b-7545-4d36-b060-fe848668070a.config
2026-02-11T15:10:36.9082745Z [command]/usr/sbin/git config --local --unset includeif.gitdir:/__w/ImunoEdge/ImunoEdge/.git/worktrees/*.path /__w/_temp/git-credentials-c7151f1b-7545-4d36-b060-fe848668070a.config
2026-02-11T15:10:36.9116952Z [command]/usr/sbin/git config --local --get-all includeif.gitdir:/github/workspace/.git.path
2026-02-11T15:10:36.9139670Z /github/runner_temp/git-credentials-c7151f1b-7545-4d36-b060-fe848668070a.config
2026-02-11T15:10:36.9150431Z [command]/usr/sbin/git config --local --unset includeif.gitdir:/github/workspace/.git.path /github/runner_temp/git-credentials-c7151f1b-7545-4d36-b060-fe848668070a.config
2026-02-11T15:10:36.9184585Z [command]/usr/sbin/git config --local --get-all includeif.gitdir:/github/workspace/.git/worktrees/*.path
2026-02-11T15:10:36.9208370Z /github/runner_temp/git-credentials-c7151f1b-7545-4d36-b060-fe848668070a.config
2026-02-11T15:10:36.9218378Z [command]/usr/sbin/git config --local --unset includeif.gitdir:/github/workspace/.git/worktrees/*.path /github/runner_temp/git-credentials-c7151f1b-7545-4d36-b060-fe848668070a.config
2026-02-11T15:10:36.9255809Z [command]/usr/sbin/git submodule foreach --recursive git config --local --show-origin --name-only --get-regexp remote.origin.url
2026-02-11T15:10:36.9561124Z Entering 'TaipanStack'
2026-02-11T15:10:36.9590909Z file:/__w/ImunoEdge/ImunoEdge/.git/modules/TaipanStack/config	remote.origin.url
2026-02-11T15:10:36.9626751Z [command]/usr/sbin/git config --file /__w/ImunoEdge/ImunoEdge/.git/modules/TaipanStack/config --name-only --get-regexp ^includeIf\.gitdir:
2026-02-11T15:10:36.9654992Z includeif.gitdir:/__w/ImunoEdge/ImunoEdge/.git/modules/TaipanStack.path
2026-02-11T15:10:36.9660468Z includeif.gitdir:/github/workspace/.git/modules/TaipanStack.path
2026-02-11T15:10:36.9666483Z [command]/usr/sbin/git config --file /__w/ImunoEdge/ImunoEdge/.git/modules/TaipanStack/config --get-all includeif.gitdir:/__w/ImunoEdge/ImunoEdge/.git/modules/TaipanStack.path
2026-02-11T15:10:36.9689009Z /__w/_temp/git-credentials-c7151f1b-7545-4d36-b060-fe848668070a.config
2026-02-11T15:10:36.9698619Z [command]/usr/sbin/git config --file /__w/ImunoEdge/ImunoEdge/.git/modules/TaipanStack/config --unset includeif.gitdir:/__w/ImunoEdge/ImunoEdge/.git/modules/TaipanStack.path /__w/_temp/git-credentials-c7151f1b-7545-4d36-b060-fe848668070a.config
2026-02-11T15:10:36.9732465Z [command]/usr/sbin/git config --file /__w/ImunoEdge/ImunoEdge/.git/modules/TaipanStack/config --get-all includeif.gitdir:/github/workspace/.git/modules/TaipanStack.path
2026-02-11T15:10:36.9762540Z /github/runner_temp/git-credentials-c7151f1b-7545-4d36-b060-fe848668070a.config
2026-02-11T15:10:36.9765810Z [command]/usr/sbin/git config --file /__w/ImunoEdge/ImunoEdge/.git/modules/TaipanStack/config --unset includeif.gitdir:/github/workspace/.git/modules/TaipanStack.path /github/runner_temp/git-credentials-c7151f1b-7545-4d36-b060-fe848668070a.config
2026-02-11T15:10:36.9797841Z Removing credentials config '/__w/_temp/git-credentials-c7151f1b-7545-4d36-b060-fe848668070a.config'
2026-02-11T15:10:36.9962734Z Stop and remove container: 73dd655330a643a5a1335a0d9cb8567c_archlinuxlatest_1cca0b
2026-02-11T15:10:36.9967393Z ##[command]/usr/bin/docker rm --force b39c97ea987c379fc80a26dd8705e536cf60d52fffe299a1f852e77911837c48
2026-02-11T15:10:37.7207362Z b39c97ea987c379fc80a26dd8705e536cf60d52fffe299a1f852e77911837c48
2026-02-11T15:10:37.7237534Z Remove container network: github_network_a6c1d60e7d744c2494344be82d08ffe8
2026-02-11T15:10:37.7242420Z ##[command]/usr/bin/docker network rm github_network_a6c1d60e7d744c2494344be82d08ffe8
2026-02-11T15:10:37.8428563Z github_network_a6c1d60e7d744c2494344be82d08ffe8
2026-02-11T15:10:37.8486851Z Cleaning up orphan processes
