2026-02-11T15:10:14.4302015Z Current runner version: '2.331.0'
2026-02-11T15:10:14.4327986Z ##[group]Runner Image Provisioner
2026-02-11T15:10:14.4328840Z Hosted Compute Agent
2026-02-11T15:10:14.4329425Z Version: 20260123.484
2026-02-11T15:10:14.4330037Z Commit: 6bd6555ca37d84114959e1c76d2c01448ff61c5d
2026-02-11T15:10:14.4330687Z Build Date: 2026-01-23T19:41:17Z
2026-02-11T15:10:14.4331377Z Worker ID: {3c76bf0a-b548-417b-8601-511d40d2e9a8}
2026-02-11T15:10:14.4332078Z Azure Region: westus
2026-02-11T15:10:14.4332628Z ##[endgroup]
2026-02-11T15:10:14.4334427Z ##[group]Operating System
2026-02-11T15:10:14.4335036Z Ubuntu
2026-02-11T15:10:14.4335505Z 24.04.3
2026-02-11T15:10:14.4335906Z LTS
2026-02-11T15:10:14.4336480Z ##[endgroup]
2026-02-11T15:10:14.4336952Z ##[group]Runner Image
2026-02-11T15:10:14.4337494Z Image: ubuntu-24.04
2026-02-11T15:10:14.4338037Z Version: 20260201.15.1
2026-02-11T15:10:14.4339293Z Included Software: https://github.com/actions/runner-images/blob/ubuntu24/20260201.15/images/ubuntu/Ubuntu2404-Readme.md
2026-02-11T15:10:14.4340847Z Image Release: https://github.com/actions/runner-images/releases/tag/ubuntu24%2F20260201.15
2026-02-11T15:10:14.4341761Z ##[endgroup]
2026-02-11T15:10:14.4342886Z ##[group]GITHUB_TOKEN Permissions
2026-02-11T15:10:14.4345377Z Contents: read
2026-02-11T15:10:14.4345927Z Metadata: read
2026-02-11T15:10:14.4346550Z Packages: read
2026-02-11T15:10:14.4347017Z ##[endgroup]
2026-02-11T15:10:14.4349405Z Secret source: Actions
2026-02-11T15:10:14.4350175Z Prepare workflow directory
2026-02-11T15:10:14.4743747Z Prepare all required actions
2026-02-11T15:10:14.4781297Z Getting action download info
2026-02-11T15:10:15.0504526Z Download action repository 'actions/checkout@v6' (SHA:de0fac2e4500dabe0009e67214ff5f5447ce83dd)
2026-02-11T15:10:15.1704175Z Download action repository 'actions/setup-python@v6' (SHA:a309ff8b426b58ec0e2a45f0f869d46889d02405)
2026-02-11T15:10:16.2688110Z Download action repository 'semgrep/semgrep-action@v1' (SHA:713efdd345f3035192eaa63f56867b88e63e4e5d)
2026-02-11T15:10:17.1849832Z Complete job name: Security Scanning (Bandit)
2026-02-11T15:10:17.2302904Z ##[group]Pull down action image 'returntocorp/semgrep-agent:v1'
2026-02-11T15:10:17.2355057Z ##[command]/usr/bin/docker pull returntocorp/semgrep-agent:v1
2026-02-11T15:10:18.2663677Z v1: Pulling from returntocorp/semgrep-agent
2026-02-11T15:10:18.5486540Z 7264a8db6415: Pulling fs layer
2026-02-11T15:10:18.5487101Z 66e1d5e70e42: Pulling fs layer
2026-02-11T15:10:18.5487515Z 64dfa579cd50: Pulling fs layer
2026-02-11T15:10:18.5487757Z afa58c10ee34: Pulling fs layer
2026-02-11T15:10:18.5487976Z cd87b3fa61f8: Pulling fs layer
2026-02-11T15:10:18.5488214Z a54df9278105: Pulling fs layer
2026-02-11T15:10:18.5488461Z 22d9c0f131ae: Pulling fs layer
2026-02-11T15:10:18.5488683Z bfa6cbe2a060: Pulling fs layer
2026-02-11T15:10:18.5488900Z e6455d0c4d0a: Pulling fs layer
2026-02-11T15:10:18.5489230Z 4e6528b8b44b: Pulling fs layer
2026-02-11T15:10:18.5489623Z 77aae498c7b4: Pulling fs layer
2026-02-11T15:10:18.5489999Z f6a963258091: Pulling fs layer
2026-02-11T15:10:18.5490471Z e68b04e3dc22: Pulling fs layer
2026-02-11T15:10:18.5490785Z e50eacad623d: Pulling fs layer
2026-02-11T15:10:18.5491019Z 464938719a27: Pulling fs layer
2026-02-11T15:10:18.5491227Z c09dc33c2ea4: Pulling fs layer
2026-02-11T15:10:18.5491453Z db70a1bf97d5: Pulling fs layer
2026-02-11T15:10:18.5491667Z 5667267dbf96: Pulling fs layer
2026-02-11T15:10:18.5491879Z 55e5ab738d77: Pulling fs layer
2026-02-11T15:10:18.5492091Z fbf9ea8fb0f3: Pulling fs layer
2026-02-11T15:10:18.5492291Z afa58c10ee34: Waiting
2026-02-11T15:10:18.5492492Z cd87b3fa61f8: Waiting
2026-02-11T15:10:18.5492669Z f6a963258091: Waiting
2026-02-11T15:10:18.5492853Z e68b04e3dc22: Waiting
2026-02-11T15:10:18.5493043Z e50eacad623d: Waiting
2026-02-11T15:10:18.5493256Z 464938719a27: Waiting
2026-02-11T15:10:18.5493650Z a54df9278105: Waiting
2026-02-11T15:10:18.5493890Z 22d9c0f131ae: Waiting
2026-02-11T15:10:18.5494076Z c09dc33c2ea4: Waiting
2026-02-11T15:10:18.5494268Z bfa6cbe2a060: Waiting
2026-02-11T15:10:18.5494472Z db70a1bf97d5: Waiting
2026-02-11T15:10:18.5494981Z e6455d0c4d0a: Waiting
2026-02-11T15:10:18.5495169Z 5667267dbf96: Waiting
2026-02-11T15:10:18.5495486Z 55e5ab738d77: Waiting
2026-02-11T15:10:18.5495674Z 4e6528b8b44b: Waiting
2026-02-11T15:10:18.5495849Z 77aae498c7b4: Waiting
2026-02-11T15:10:18.5496029Z fbf9ea8fb0f3: Waiting
2026-02-11T15:10:18.8071746Z 7264a8db6415: Verifying Checksum
2026-02-11T15:10:18.8072737Z 7264a8db6415: Download complete
2026-02-11T15:10:18.8103614Z 66e1d5e70e42: Verifying Checksum
2026-02-11T15:10:18.8105360Z 66e1d5e70e42: Download complete
2026-02-11T15:10:18.8637960Z 64dfa579cd50: Verifying Checksum
2026-02-11T15:10:18.8639115Z 64dfa579cd50: Download complete
2026-02-11T15:10:18.9169004Z 7264a8db6415: Pull complete
2026-02-11T15:10:19.0476863Z afa58c10ee34: Verifying Checksum
2026-02-11T15:10:19.0477392Z afa58c10ee34: Download complete
2026-02-11T15:10:19.0820933Z cd87b3fa61f8: Verifying Checksum
2026-02-11T15:10:19.1268240Z cd87b3fa61f8: Download complete
2026-02-11T15:10:19.1268803Z a54df9278105: Verifying Checksum
2026-02-11T15:10:19.1269235Z a54df9278105: Download complete
2026-02-11T15:10:19.3029850Z 66e1d5e70e42: Pull complete
2026-02-11T15:10:19.3196068Z 22d9c0f131ae: Verifying Checksum
2026-02-11T15:10:19.3775104Z 22d9c0f131ae: Download complete
2026-02-11T15:10:19.3775651Z e6455d0c4d0a: Verifying Checksum
2026-02-11T15:10:19.3780196Z e6455d0c4d0a: Download complete
2026-02-11T15:10:19.4340943Z bfa6cbe2a060: Download complete
2026-02-11T15:10:19.6393221Z 77aae498c7b4: Verifying Checksum
2026-02-11T15:10:19.6394713Z 77aae498c7b4: Download complete
2026-02-11T15:10:19.7239739Z 4e6528b8b44b: Verifying Checksum
2026-02-11T15:10:19.7240275Z 4e6528b8b44b: Download complete
2026-02-11T15:10:19.8415132Z 64dfa579cd50: Pull complete
2026-02-11T15:10:19.8618849Z afa58c10ee34: Pull complete
2026-02-11T15:10:19.8897094Z e68b04e3dc22: Verifying Checksum
2026-02-11T15:10:19.8897637Z e68b04e3dc22: Download complete
2026-02-11T15:10:19.9045244Z f6a963258091: Verifying Checksum
2026-02-11T15:10:19.9046387Z f6a963258091: Download complete
2026-02-11T15:10:19.9795554Z e50eacad623d: Verifying Checksum
2026-02-11T15:10:19.9796082Z e50eacad623d: Download complete
2026-02-11T15:10:20.1391471Z c09dc33c2ea4: Verifying Checksum
2026-02-11T15:10:20.1392023Z c09dc33c2ea4: Download complete
2026-02-11T15:10:20.1403030Z cd87b3fa61f8: Pull complete
2026-02-11T15:10:20.1495073Z 464938719a27: Verifying Checksum
2026-02-11T15:10:20.1498115Z 464938719a27: Download complete
2026-02-11T15:10:20.1543023Z a54df9278105: Pull complete
2026-02-11T15:10:20.1868204Z 22d9c0f131ae: Pull complete
2026-02-11T15:10:20.2355018Z db70a1bf97d5: Verifying Checksum
2026-02-11T15:10:20.2355960Z db70a1bf97d5: Download complete
2026-02-11T15:10:20.3817133Z 55e5ab738d77: Verifying Checksum
2026-02-11T15:10:20.3817674Z 55e5ab738d77: Download complete
2026-02-11T15:10:20.3942422Z 5667267dbf96: Verifying Checksum
2026-02-11T15:10:20.3943336Z 5667267dbf96: Download complete
2026-02-11T15:10:20.4214455Z bfa6cbe2a060: Pull complete
2026-02-11T15:10:20.4927920Z fbf9ea8fb0f3: Verifying Checksum
2026-02-11T15:10:20.4928535Z fbf9ea8fb0f3: Download complete
2026-02-11T15:10:21.1867596Z e6455d0c4d0a: Pull complete
2026-02-11T15:10:22.3651023Z 4e6528b8b44b: Pull complete
2026-02-11T15:10:22.3761103Z 77aae498c7b4: Pull complete
2026-02-11T15:10:22.9302601Z f6a963258091: Pull complete
2026-02-11T15:10:22.9441409Z e68b04e3dc22: Pull complete
2026-02-11T15:10:22.9538432Z e50eacad623d: Pull complete
2026-02-11T15:10:22.9675776Z 464938719a27: Pull complete
2026-02-11T15:10:22.9772482Z c09dc33c2ea4: Pull complete
2026-02-11T15:10:22.9891184Z db70a1bf97d5: Pull complete
2026-02-11T15:10:23.0062021Z 5667267dbf96: Pull complete
2026-02-11T15:10:23.0165116Z 55e5ab738d77: Pull complete
2026-02-11T15:10:23.0397659Z fbf9ea8fb0f3: Pull complete
2026-02-11T15:10:23.0438522Z Digest: sha256:2ed984f89000f77516016248700ad91681cb89bbe2adbdecd1d38dc84394adbb
2026-02-11T15:10:23.0452086Z Status: Downloaded newer image for returntocorp/semgrep-agent:v1
2026-02-11T15:10:23.0461867Z docker.io/returntocorp/semgrep-agent:v1
2026-02-11T15:10:23.0484482Z ##[endgroup]
2026-02-11T15:10:23.0752659Z ##[group]Run actions/checkout@v6
2026-02-11T15:10:23.0753197Z with:
2026-02-11T15:10:23.0753589Z   submodules: recursive
2026-02-11T15:10:23.0753824Z   repository: gabrielima7/ImunoEdge
2026-02-11T15:10:23.0754237Z   token: ***
2026-02-11T15:10:23.0754420Z   ssh-strict: true
2026-02-11T15:10:23.0754605Z   ssh-user: git
2026-02-11T15:10:23.0754803Z   persist-credentials: true
2026-02-11T15:10:23.0755022Z   clean: true
2026-02-11T15:10:23.0755224Z   sparse-checkout-cone-mode: true
2026-02-11T15:10:23.0755452Z   fetch-depth: 1
2026-02-11T15:10:23.0755634Z   fetch-tags: false
2026-02-11T15:10:23.0755815Z   show-progress: true
2026-02-11T15:10:23.0756004Z   lfs: false
2026-02-11T15:10:23.0756175Z   set-safe-directory: true
2026-02-11T15:10:23.0756611Z env:
2026-02-11T15:10:23.0756781Z   PYTHON_VERSION_DEFAULT: 3.11
2026-02-11T15:10:23.0757002Z ##[endgroup]
2026-02-11T15:10:23.1698340Z Syncing repository: gabrielima7/ImunoEdge
2026-02-11T15:10:23.1699713Z ##[group]Getting Git version info
2026-02-11T15:10:23.1700103Z Working directory is '/home/runner/work/ImunoEdge/ImunoEdge'
2026-02-11T15:10:23.1700646Z [command]/usr/bin/git version
2026-02-11T15:10:23.1759029Z git version 2.52.0
2026-02-11T15:10:23.1782339Z ##[endgroup]
2026-02-11T15:10:23.1798534Z Temporarily overriding HOME='/home/runner/work/_temp/5d1f829d-1ea4-4c73-8737-e4bdf3a62bc9' before making global git config changes
2026-02-11T15:10:23.1799886Z Adding repository directory to the temporary git global config as a safe directory
2026-02-11T15:10:23.1804326Z [command]/usr/bin/git config --global --add safe.directory /home/runner/work/ImunoEdge/ImunoEdge
2026-02-11T15:10:23.1843770Z Deleting the contents of '/home/runner/work/ImunoEdge/ImunoEdge'
2026-02-11T15:10:23.1847443Z ##[group]Initializing the repository
2026-02-11T15:10:23.1851819Z [command]/usr/bin/git init /home/runner/work/ImunoEdge/ImunoEdge
2026-02-11T15:10:23.1960142Z hint: Using 'master' as the name for the initial branch. This default branch name
2026-02-11T15:10:23.1961173Z hint: will change to "main" in Git 3.0. To configure the initial branch name
2026-02-11T15:10:23.1962045Z hint: to use in all of your new repositories, which will suppress this warning,
2026-02-11T15:10:23.1962678Z hint: call:
2026-02-11T15:10:23.1962964Z hint:
2026-02-11T15:10:23.1963378Z hint: 	git config --global init.defaultBranch <name>
2026-02-11T15:10:23.1964094Z hint:
2026-02-11T15:10:23.1964562Z hint: Names commonly chosen instead of 'master' are 'main', 'trunk' and
2026-02-11T15:10:23.1965434Z hint: 'development'. The just-created branch can be renamed via this command:
2026-02-11T15:10:23.1965846Z hint:
2026-02-11T15:10:23.1966060Z hint: 	git branch -m <name>
2026-02-11T15:10:23.1966277Z hint:
2026-02-11T15:10:23.1966618Z hint: Disable this message with "git config set advice.defaultBranchName false"
2026-02-11T15:10:23.1967214Z Initialized empty Git repository in /home/runner/work/ImunoEdge/ImunoEdge/.git/
2026-02-11T15:10:23.1975942Z [command]/usr/bin/git remote add origin https://github.com/gabrielima7/ImunoEdge
2026-02-11T15:10:23.2011101Z ##[endgroup]
2026-02-11T15:10:23.2011532Z ##[group]Disabling automatic garbage collection
2026-02-11T15:10:23.2015085Z [command]/usr/bin/git config --local gc.auto 0
2026-02-11T15:10:23.2043597Z ##[endgroup]
2026-02-11T15:10:23.2044089Z ##[group]Setting up auth
2026-02-11T15:10:23.2045142Z Removing SSH command configuration
2026-02-11T15:10:23.2051032Z [command]/usr/bin/git config --local --name-only --get-regexp core\.sshCommand
2026-02-11T15:10:23.2083376Z [command]/usr/bin/git submodule foreach --recursive sh -c "git config --local --name-only --get-regexp 'core\.sshCommand' && git config --local --unset-all 'core.sshCommand' || :"
2026-02-11T15:10:23.2466926Z Removing HTTP extra header
2026-02-11T15:10:23.2472722Z [command]/usr/bin/git config --local --name-only --get-regexp http\.https\:\/\/github\.com\/\.extraheader
2026-02-11T15:10:23.2507656Z [command]/usr/bin/git submodule foreach --recursive sh -c "git config --local --name-only --get-regexp 'http\.https\:\/\/github\.com\/\.extraheader' && git config --local --unset-all 'http.https://github.com/.extraheader' || :"
2026-02-11T15:10:23.2745618Z Removing includeIf entries pointing to credentials config files
2026-02-11T15:10:23.2753056Z [command]/usr/bin/git config --local --name-only --get-regexp ^includeIf\.gitdir:
2026-02-11T15:10:23.2789556Z [command]/usr/bin/git submodule foreach --recursive git config --local --show-origin --name-only --get-regexp remote.origin.url
2026-02-11T15:10:23.3035483Z [command]/usr/bin/git config --file /home/runner/work/_temp/git-credentials-223235d3-6fd0-4ed3-95b2-1ac9fb22493a.config http.https://github.com/.extraheader AUTHORIZATION: basic ***
2026-02-11T15:10:23.3077369Z [command]/usr/bin/git config --local includeIf.gitdir:/home/runner/work/ImunoEdge/ImunoEdge/.git.path /home/runner/work/_temp/git-credentials-223235d3-6fd0-4ed3-95b2-1ac9fb22493a.config
2026-02-11T15:10:23.3111786Z [command]/usr/bin/git config --local includeIf.gitdir:/home/runner/work/ImunoEdge/ImunoEdge/.git/worktrees/*.path /home/runner/work/_temp/git-credentials-223235d3-6fd0-4ed3-95b2-1ac9fb22493a.config
2026-02-11T15:10:23.3146930Z [command]/usr/bin/git config --local includeIf.gitdir:/github/workspace/.git.path /github/runner_temp/git-credentials-223235d3-6fd0-4ed3-95b2-1ac9fb22493a.config
2026-02-11T15:10:23.3179011Z [command]/usr/bin/git config --local includeIf.gitdir:/github/workspace/.git/worktrees/*.path /github/runner_temp/git-credentials-223235d3-6fd0-4ed3-95b2-1ac9fb22493a.config
2026-02-11T15:10:23.3205143Z ##[endgroup]
2026-02-11T15:10:23.3205758Z ##[group]Fetching the repository
2026-02-11T15:10:23.3215040Z [command]/usr/bin/git -c protocol.version=2 fetch --no-tags --prune --no-recurse-submodules --depth=1 origin +986309715c873a9d0321898c95101bb9865bc9d0:refs/remotes/origin/main
2026-02-11T15:10:23.8009623Z From https://github.com/gabrielima7/ImunoEdge
2026-02-11T15:10:23.8010266Z  * [new ref]         986309715c873a9d0321898c95101bb9865bc9d0 -> origin/main
2026-02-11T15:10:23.8054365Z [command]/usr/bin/git branch --list --remote origin/main
2026-02-11T15:10:23.8087375Z   origin/main
2026-02-11T15:10:23.8096233Z [command]/usr/bin/git rev-parse refs/remotes/origin/main
2026-02-11T15:10:23.8119332Z 986309715c873a9d0321898c95101bb9865bc9d0
2026-02-11T15:10:23.8123212Z ##[endgroup]
2026-02-11T15:10:23.8123853Z ##[group]Determining the checkout info
2026-02-11T15:10:23.8125448Z ##[endgroup]
2026-02-11T15:10:23.8129858Z [command]/usr/bin/git sparse-checkout disable
2026-02-11T15:10:23.8174205Z [command]/usr/bin/git config --local --unset-all extensions.worktreeConfig
2026-02-11T15:10:23.8204574Z ##[group]Checking out the ref
2026-02-11T15:10:23.8209032Z [command]/usr/bin/git checkout --progress --force -B main refs/remotes/origin/main
2026-02-11T15:10:23.8275096Z Switched to a new branch 'main'
2026-02-11T15:10:23.8276789Z branch 'main' set up to track 'origin/main'.
2026-02-11T15:10:23.8282269Z ##[endgroup]
2026-02-11T15:10:23.8282654Z ##[group]Setting up auth for fetching submodules
2026-02-11T15:10:23.8288834Z [command]/usr/bin/git config --file /home/runner/work/_temp/git-credentials-223235d3-6fd0-4ed3-95b2-1ac9fb22493a.config http.https://github.com/.extraheader AUTHORIZATION: basic ***
2026-02-11T15:10:23.8326525Z [command]/usr/bin/git config --global include.path /home/runner/work/_temp/git-credentials-223235d3-6fd0-4ed3-95b2-1ac9fb22493a.config
2026-02-11T15:10:23.8356074Z [command]/usr/bin/git config --global --unset-all url.https://github.com/.insteadOf
2026-02-11T15:10:23.8386484Z [command]/usr/bin/git config --global --add url.https://github.com/.insteadOf git@github.com:
2026-02-11T15:10:23.8416733Z [command]/usr/bin/git config --global --add url.https://github.com/.insteadOf org-230595838@github.com:
2026-02-11T15:10:23.8442079Z ##[endgroup]
2026-02-11T15:10:23.8442799Z ##[group]Fetching submodules
2026-02-11T15:10:23.8446575Z [command]/usr/bin/git submodule sync --recursive
2026-02-11T15:10:23.8677247Z [command]/usr/bin/git -c protocol.version=2 submodule update --init --force --depth=1 --recursive
2026-02-11T15:10:23.8897241Z Submodule 'TaipanStack' (https://github.com/gabrielima7/TaipanStack.git) registered for path 'TaipanStack'
2026-02-11T15:10:23.8921803Z Cloning into '/home/runner/work/ImunoEdge/ImunoEdge/TaipanStack'...
2026-02-11T15:10:24.6967955Z Submodule path 'TaipanStack': checked out '788267ef00de0831d0cbe7423802ecc040dd79f8'
2026-02-11T15:10:24.6997566Z [command]/usr/bin/git submodule foreach --recursive git config --local gc.auto 0
2026-02-11T15:10:24.7212593Z Entering 'TaipanStack'
2026-02-11T15:10:24.7258347Z ##[endgroup]
2026-02-11T15:10:24.7258940Z ##[group]Persisting credentials for submodules
2026-02-11T15:10:24.7265516Z [command]/usr/bin/git submodule foreach --recursive sh -c "git config --local --name-only --get-regexp 'url\.https\:\/\/github\.com\/\.insteadOf' && git config --local --unset-all 'url.https://github.com/.insteadOf' || :"
2026-02-11T15:10:24.7478513Z Entering 'TaipanStack'
2026-02-11T15:10:24.7536917Z [command]/usr/bin/git submodule foreach --recursive git config --local --show-origin --name-only --get-regexp remote.origin.url
2026-02-11T15:10:24.7758004Z Entering 'TaipanStack'
2026-02-11T15:10:24.7774946Z file:/home/runner/work/ImunoEdge/ImunoEdge/.git/modules/TaipanStack/config	remote.origin.url
2026-02-11T15:10:24.7806715Z [command]/usr/bin/git config --file /home/runner/work/ImunoEdge/ImunoEdge/.git/modules/TaipanStack/config includeIf.gitdir:/home/runner/work/ImunoEdge/ImunoEdge/.git/modules/TaipanStack.path /home/runner/work/_temp/git-credentials-223235d3-6fd0-4ed3-95b2-1ac9fb22493a.config
2026-02-11T15:10:24.7842926Z [command]/usr/bin/git config --file /home/runner/work/ImunoEdge/ImunoEdge/.git/modules/TaipanStack/config includeIf.gitdir:/github/workspace/.git/modules/TaipanStack.path /github/runner_temp/git-credentials-223235d3-6fd0-4ed3-95b2-1ac9fb22493a.config
2026-02-11T15:10:24.7880251Z [command]/usr/bin/git submodule foreach --recursive git config --local --add 'url.https://github.com/.insteadOf' 'git@github.com:'
2026-02-11T15:10:24.8097116Z Entering 'TaipanStack'
2026-02-11T15:10:24.8150056Z [command]/usr/bin/git submodule foreach --recursive git config --local --add 'url.https://github.com/.insteadOf' 'org-230595838@github.com:'
2026-02-11T15:10:24.8370205Z Entering 'TaipanStack'
2026-02-11T15:10:24.8423599Z ##[endgroup]
2026-02-11T15:10:24.8501961Z [command]/usr/bin/git log -1 --format=%H
2026-02-11T15:10:24.8526085Z 986309715c873a9d0321898c95101bb9865bc9d0
2026-02-11T15:10:24.8809750Z ##[group]Run actions/setup-python@v6
2026-02-11T15:10:24.8810033Z with:
2026-02-11T15:10:24.8810206Z   python-version: 3.11
2026-02-11T15:10:24.8810415Z   check-latest: false
2026-02-11T15:10:24.8810725Z   token: ***
2026-02-11T15:10:24.8810903Z   update-environment: true
2026-02-11T15:10:24.8811125Z   allow-prereleases: false
2026-02-11T15:10:24.8811330Z   freethreaded: false
2026-02-11T15:10:24.8811514Z env:
2026-02-11T15:10:24.8811676Z   PYTHON_VERSION_DEFAULT: 3.11
2026-02-11T15:10:24.8811902Z ##[endgroup]
2026-02-11T15:10:25.0041672Z ##[group]Installed versions
2026-02-11T15:10:25.0153845Z Successfully set up CPython (3.11.14)
2026-02-11T15:10:25.0154604Z ##[endgroup]
2026-02-11T15:10:25.0258038Z ##[group]Run pip install bandit[toml]
2026-02-11T15:10:25.0258402Z [36;1mpip install bandit[toml][0m
2026-02-11T15:10:25.0384110Z shell: /usr/bin/bash -e {0}
2026-02-11T15:10:25.0384353Z env:
2026-02-11T15:10:25.0384532Z   PYTHON_VERSION_DEFAULT: 3.11
2026-02-11T15:10:25.0384847Z   pythonLocation: /opt/hostedtoolcache/Python/3.11.14/x64
2026-02-11T15:10:25.0385277Z   PKG_CONFIG_PATH: /opt/hostedtoolcache/Python/3.11.14/x64/lib/pkgconfig
2026-02-11T15:10:25.0385694Z   Python_ROOT_DIR: /opt/hostedtoolcache/Python/3.11.14/x64
2026-02-11T15:10:25.0386072Z   Python2_ROOT_DIR: /opt/hostedtoolcache/Python/3.11.14/x64
2026-02-11T15:10:25.0386445Z   Python3_ROOT_DIR: /opt/hostedtoolcache/Python/3.11.14/x64
2026-02-11T15:10:25.0386816Z   LD_LIBRARY_PATH: /opt/hostedtoolcache/Python/3.11.14/x64/lib
2026-02-11T15:10:25.0387343Z ##[endgroup]
2026-02-11T15:10:28.0442011Z Collecting bandit[toml]
2026-02-11T15:10:28.1094502Z   Downloading bandit-1.9.3-py3-none-any.whl.metadata (7.1 kB)
2026-02-11T15:10:28.1582529Z Collecting PyYAML>=5.3.1 (from bandit[toml])
2026-02-11T15:10:28.1616289Z   Downloading pyyaml-6.0.3-cp311-cp311-manylinux2014_x86_64.manylinux_2_17_x86_64.manylinux_2_28_x86_64.whl.metadata (2.4 kB)
2026-02-11T15:10:28.1810675Z Collecting stevedore>=1.20.0 (from bandit[toml])
2026-02-11T15:10:28.1839232Z   Downloading stevedore-5.6.0-py3-none-any.whl.metadata (2.3 kB)
2026-02-11T15:10:28.2282441Z Collecting rich (from bandit[toml])
2026-02-11T15:10:28.2313663Z   Downloading rich-14.3.2-py3-none-any.whl.metadata (18 kB)
2026-02-11T15:10:28.2477071Z Collecting markdown-it-py>=2.2.0 (from rich->bandit[toml])
2026-02-11T15:10:28.2507544Z   Downloading markdown_it_py-4.0.0-py3-none-any.whl.metadata (7.3 kB)
2026-02-11T15:10:28.2731985Z Collecting pygments<3.0.0,>=2.13.0 (from rich->bandit[toml])
2026-02-11T15:10:28.2764978Z   Downloading pygments-2.19.2-py3-none-any.whl.metadata (2.5 kB)
2026-02-11T15:10:28.2881607Z Collecting mdurl~=0.1 (from markdown-it-py>=2.2.0->rich->bandit[toml])
2026-02-11T15:10:28.2912658Z   Downloading mdurl-0.1.2-py3-none-any.whl.metadata (1.6 kB)
2026-02-11T15:10:28.2987922Z Downloading bandit-1.9.3-py3-none-any.whl (134 kB)
2026-02-11T15:10:28.3170354Z Downloading pyyaml-6.0.3-cp311-cp311-manylinux2014_x86_64.manylinux_2_17_x86_64.manylinux_2_28_x86_64.whl (806 kB)
2026-02-11T15:10:28.3297784Z    ━━━━━━━━━━━━━━━━━━━━━━━━━━━━━━━━━━━━━━━━ 806.6/806.6 kB 79.0 MB/s  0:00:00
2026-02-11T15:10:28.3328545Z Downloading stevedore-5.6.0-py3-none-any.whl (54 kB)
2026-02-11T15:10:28.3380067Z Downloading rich-14.3.2-py3-none-any.whl (309 kB)
2026-02-11T15:10:28.3456318Z Downloading pygments-2.19.2-py3-none-any.whl (1.2 MB)
2026-02-11T15:10:28.3571981Z    ━━━━━━━━━━━━━━━━━━━━━━━━━━━━━━━━━━━━━━━━ 1.2/1.2 MB 112.3 MB/s  0:00:00
2026-02-11T15:10:28.3606053Z Downloading markdown_it_py-4.0.0-py3-none-any.whl (87 kB)
2026-02-11T15:10:28.3662042Z Downloading mdurl-0.1.2-py3-none-any.whl (10.0 kB)
2026-02-11T15:10:28.4179197Z Installing collected packages: stevedore, PyYAML, pygments, mdurl, markdown-it-py, rich, bandit
2026-02-11T15:10:29.5124366Z 
2026-02-11T15:10:29.5135187Z Successfully installed PyYAML-6.0.3 bandit-1.9.3 markdown-it-py-4.0.0 mdurl-0.1.2 pygments-2.19.2 rich-14.3.2 stevedore-5.6.0
2026-02-11T15:10:29.6019307Z 
2026-02-11T15:10:29.6019997Z [notice] A new release of pip is available: 26.0 -> 26.0.1
2026-02-11T15:10:29.6020613Z [notice] To update, run: pip install --upgrade pip
2026-02-11T15:10:29.6737322Z ##[group]Run bandit -r src/imunoedge/ -ll --skip B603,B311
2026-02-11T15:10:29.6737788Z [36;1mbandit -r src/imunoedge/ -ll --skip B603,B311[0m
2026-02-11T15:10:29.6769681Z shell: /usr/bin/bash -e {0}
2026-02-11T15:10:29.6769914Z env:
2026-02-11T15:10:29.6770089Z   PYTHON_VERSION_DEFAULT: 3.11
2026-02-11T15:10:29.6770392Z   pythonLocation: /opt/hostedtoolcache/Python/3.11.14/x64
2026-02-11T15:10:29.6770830Z   PKG_CONFIG_PATH: /opt/hostedtoolcache/Python/3.11.14/x64/lib/pkgconfig
2026-02-11T15:10:29.6771252Z   Python_ROOT_DIR: /opt/hostedtoolcache/Python/3.11.14/x64
2026-02-11T15:10:29.6771604Z   Python2_ROOT_DIR: /opt/hostedtoolcache/Python/3.11.14/x64
2026-02-11T15:10:29.6771994Z   Python3_ROOT_DIR: /opt/hostedtoolcache/Python/3.11.14/x64
2026-02-11T15:10:29.6772373Z   LD_LIBRARY_PATH: /opt/hostedtoolcache/Python/3.11.14/x64/lib
2026-02-11T15:10:29.6772671Z ##[endgroup]
2026-02-11T15:10:29.8746845Z [main]	INFO	profile include tests: None
2026-02-11T15:10:29.8747505Z [main]	INFO	profile exclude tests: None
2026-02-11T15:10:29.8747983Z [main]	INFO	cli include tests: None
2026-02-11T15:10:29.8748445Z [main]	INFO	cli exclude tests: B603,B311
2026-02-11T15:10:29.8749796Z [main]	INFO	running on Python 3.11.14
2026-02-11T15:10:29.9597219Z Run started:2026-02-11 15:10:29.959449+00:00
2026-02-11T15:10:29.9597693Z 
2026-02-11T15:10:29.9597797Z Test results:
2026-02-11T15:10:29.9598052Z 	No issues identified.
2026-02-11T15:10:29.9598627Z 
2026-02-11T15:10:29.9598716Z Code scanned:
2026-02-11T15:10:29.9598962Z 	Total lines of code: 1201
2026-02-11T15:10:29.9599245Z 	Total lines skipped (#nosec): 1
2026-02-11T15:10:29.9599776Z 	Total potential issues skipped due to specifically being disabled (e.g., #nosec BXXX): 0
2026-02-11T15:10:29.9600224Z 
2026-02-11T15:10:29.9600309Z Run metrics:
2026-02-11T15:10:29.9600544Z 	Total issues (by severity):
2026-02-11T15:10:29.9600805Z 		Undefined: 0
2026-02-11T15:10:29.9601019Z 		Low: 1
2026-02-11T15:10:29.9601214Z 		Medium: 0
2026-02-11T15:10:29.9601422Z 		High: 0
2026-02-11T15:10:29.9601645Z 	Total issues (by confidence):
2026-02-11T15:10:29.9601908Z 		Undefined: 0
2026-02-11T15:10:29.9602115Z 		Low: 0
2026-02-11T15:10:29.9602298Z 		Medium: 0
2026-02-11T15:10:29.9602492Z 		High: 1
2026-02-11T15:10:29.9602688Z Files skipped (0):
2026-02-11T15:10:29.9871835Z ##[group]Run semgrep/semgrep-action@v1
2026-02-11T15:10:29.9872115Z with:
2026-02-11T15:10:29.9872276Z   config: auto
2026-02-11T15:10:29.9872464Z env:
2026-02-11T15:10:29.9872628Z   PYTHON_VERSION_DEFAULT: 3.11
2026-02-11T15:10:29.9872922Z   pythonLocation: /opt/hostedtoolcache/Python/3.11.14/x64
2026-02-11T15:10:29.9873338Z   PKG_CONFIG_PATH: /opt/hostedtoolcache/Python/3.11.14/x64/lib/pkgconfig
2026-02-11T15:10:29.9873960Z   Python_ROOT_DIR: /opt/hostedtoolcache/Python/3.11.14/x64
2026-02-11T15:10:29.9874317Z   Python2_ROOT_DIR: /opt/hostedtoolcache/Python/3.11.14/x64
2026-02-11T15:10:29.9874678Z   Python3_ROOT_DIR: /opt/hostedtoolcache/Python/3.11.14/x64
2026-02-11T15:10:29.9875041Z   LD_LIBRARY_PATH: /opt/hostedtoolcache/Python/3.11.14/x64/lib
2026-02-11T15:10:29.9875330Z ##[endgroup]
2026-02-11T15:10:29.9968949Z ##[command]/usr/bin/docker run --name returntocorpsemgrepagentv1_4d0aaa --label 38e1ef --workdir /github/workspace --rm -e "PYTHON_VERSION_DEFAULT" -e "pythonLocation" -e "PKG_CONFIG_PATH" -e "Python_ROOT_DIR" -e "Python2_ROOT_DIR" -e "Python3_ROOT_DIR" -e "LD_LIBRARY_PATH" -e "INPUT_CONFIG" -e "INPUT_PUBLISHTOKEN" -e "HOME" -e "GITHUB_JOB" -e "GITHUB_REF" -e "GITHUB_SHA" -e "GITHUB_REPOSITORY" -e "GITHUB_REPOSITORY_OWNER" -e "GITHUB_REPOSITORY_OWNER_ID" -e "GITHUB_RUN_ID" -e "GITHUB_RUN_NUMBER" -e "GITHUB_RETENTION_DAYS" -e "GITHUB_RUN_ATTEMPT" -e "GITHUB_ACTOR_ID" -e "GITHUB_ACTOR" -e "GITHUB_WORKFLOW" -e "GITHUB_HEAD_REF" -e "GITHUB_BASE_REF" -e "GITHUB_EVENT_NAME" -e "GITHUB_SERVER_URL" -e "GITHUB_API_URL" -e "GITHUB_GRAPHQL_URL" -e "GITHUB_REF_NAME" -e "GITHUB_REF_PROTECTED" -e "GITHUB_REF_TYPE" -e "GITHUB_WORKFLOW_REF" -e "GITHUB_WORKFLOW_SHA" -e "GITHUB_REPOSITORY_ID" -e "GITHUB_TRIGGERING_ACTOR" -e "GITHUB_WORKSPACE" -e "GITHUB_ACTION" -e "GITHUB_EVENT_PATH" -e "GITHUB_ACTION_REPOSITORY" -e "GITHUB_ACTION_REF" -e "GITHUB_PATH" -e "GITHUB_ENV" -e "GITHUB_STEP_SUMMARY" -e "GITHUB_STATE" -e "GITHUB_OUTPUT" -e "RUNNER_OS" -e "RUNNER_ARCH" -e "RUNNER_NAME" -e "RUNNER_ENVIRONMENT" -e "RUNNER_TOOL_CACHE" -e "RUNNER_TEMP" -e "RUNNER_WORKSPACE" -e "ACTIONS_RUNTIME_URL" -e "ACTIONS_RUNTIME_TOKEN" -e "ACTIONS_CACHE_URL" -e "ACTIONS_RESULTS_URL" -e "ACTIONS_ORCHESTRATION_ID" -e GITHUB_ACTIONS=true -e CI=true -v "/var/run/docker.sock":"/var/run/docker.sock" -v "/home/runner/work/_temp":"/github/runner_temp" -v "/home/runner/work/_temp/_github_home":"/github/home" -v "/home/runner/work/_temp/_github_workflow":"/github/workflow" -v "/home/runner/work/_temp/_runner_file_commands":"/github/file_commands" -v "/home/runner/work/ImunoEdge/ImunoEdge":"/github/workspace" returntocorp/semgrep-agent:v1
2026-02-11T15:10:30.2342036Z === Running: SEMGREP_RULES="auto" semgrep ci
2026-02-11T15:10:31.0338648Z                   
2026-02-11T15:10:31.0338938Z                   
2026-02-11T15:10:31.0339385Z ┌────────────────┐
2026-02-11T15:10:31.0339626Z │ Debugging Info │
2026-02-11T15:10:31.0339889Z └────────────────┘
2026-02-11T15:10:31.0341778Z                   
2026-02-11T15:10:31.0342127Z   SCAN ENVIRONMENT
2026-02-11T15:10:31.0361716Z   versions    - semgrep 1.36.0 on python 3.11.4                                
2026-02-11T15:10:31.0362571Z   environment - running in environment github-actions, triggering event is push
2026-02-11T15:10:31.4125637Z                
2026-02-11T15:10:31.4126014Z                
2026-02-11T15:10:31.4126558Z ┌─────────────┐
2026-02-11T15:10:31.4126895Z │ Scan Status │
2026-02-11T15:10:31.4127217Z └─────────────┘
2026-02-11T15:10:31.4676865Z   Scanning 17 files tracked by git with 1064 Code rules:
2026-02-11T15:10:31.4735542Z                                                                                 
2026-02-11T15:10:31.4736339Z   Language      Rules   Files          Origin      Rules                        
2026-02-11T15:10:31.4737359Z  ─────────────────────────────        ───────────────────                       
2026-02-11T15:10:31.4738018Z   <multilang>      48      34          Community    1064                        
2026-02-11T15:10:31.4739200Z   python          243       8                                                   
2026-02-11T15:10:31.4739874Z   yaml             31       1                                                   
2026-02-11T15:10:31.4740535Z   bash              4       1                                                   
2026-02-11T15:10:31.4741116Z                                                                                 
2026-02-11T15:10:33.4876000Z                 
2026-02-11T15:10:33.4876385Z                 
2026-02-11T15:10:33.4876972Z ┌──────────────┐
2026-02-11T15:10:33.4877326Z │ Scan Summary │
2026-02-11T15:10:33.4877669Z └──────────────┘
2026-02-11T15:10:33.4878053Z Some files were skipped or only partially analyzed.
2026-02-11T15:10:33.4878408Z   Scan was limited to files tracked by git.
2026-02-11T15:10:33.4878884Z   Partially scanned: 1 files only partially analyzed due to parsing or internal Semgrep errors
2026-02-11T15:10:33.4879289Z 
2026-02-11T15:10:33.4879580Z (need more rules? `semgrep login` for additional free Semgrep Registry rules)
2026-02-11T15:10:33.4879902Z 
2026-02-11T15:10:33.4880005Z CI scan completed successfully.
2026-02-11T15:10:33.4880293Z   Found 0 findings (0 blocking) from 1064 rules.
2026-02-11T15:10:33.4880623Z   No blocking findings so exiting with code 0
2026-02-11T15:10:33.4919775Z 
2026-02-11T15:10:33.4920275Z A new version of Semgrep is available. See https://semgrep.dev/docs/upgrading
2026-02-11T15:10:33.4920943Z 
2026-02-11T15:10:33.4921305Z Versions prior to 1.76.0 are no longer supported by Semgrep.dev, please upgrade.
2026-02-11T15:10:34.2985968Z Post job cleanup.
2026-02-11T15:10:34.4294930Z Post job cleanup.
2026-02-11T15:10:34.5138369Z [command]/usr/bin/git version
2026-02-11T15:10:34.5174995Z git version 2.52.0
2026-02-11T15:10:34.5217057Z Temporarily overriding HOME='/home/runner/work/_temp/c1987f81-f016-4ec1-8b6f-eafbb3c53437' before making global git config changes
2026-02-11T15:10:34.5218396Z Adding repository directory to the temporary git global config as a safe directory
2026-02-11T15:10:34.5223263Z [command]/usr/bin/git config --global --add safe.directory /home/runner/work/ImunoEdge/ImunoEdge
2026-02-11T15:10:34.5257115Z Removing SSH command configuration
2026-02-11T15:10:34.5264211Z [command]/usr/bin/git config --local --name-only --get-regexp core\.sshCommand
2026-02-11T15:10:34.5300366Z [command]/usr/bin/git submodule foreach --recursive sh -c "git config --local --name-only --get-regexp 'core\.sshCommand' && git config --local --unset-all 'core.sshCommand' || :"
2026-02-11T15:10:34.5521493Z Entering 'TaipanStack'
2026-02-11T15:10:34.5580595Z Removing HTTP extra header
2026-02-11T15:10:34.5586030Z [command]/usr/bin/git config --local --name-only --get-regexp http\.https\:\/\/github\.com\/\.extraheader
2026-02-11T15:10:34.5624403Z [command]/usr/bin/git submodule foreach --recursive sh -c "git config --local --name-only --get-regexp 'http\.https\:\/\/github\.com\/\.extraheader' && git config --local --unset-all 'http.https://github.com/.extraheader' || :"
2026-02-11T15:10:34.5848501Z Entering 'TaipanStack'
2026-02-11T15:10:34.5901700Z Removing includeIf entries pointing to credentials config files
2026-02-11T15:10:34.5909098Z [command]/usr/bin/git config --local --name-only --get-regexp ^includeIf\.gitdir:
2026-02-11T15:10:34.5932806Z includeif.gitdir:/home/runner/work/ImunoEdge/ImunoEdge/.git.path
2026-02-11T15:10:34.5933883Z includeif.gitdir:/home/runner/work/ImunoEdge/ImunoEdge/.git/worktrees/*.path
2026-02-11T15:10:34.5934542Z includeif.gitdir:/github/workspace/.git.path
2026-02-11T15:10:34.5935116Z includeif.gitdir:/github/workspace/.git/worktrees/*.path
2026-02-11T15:10:34.5945578Z [command]/usr/bin/git config --local --get-all includeif.gitdir:/home/runner/work/ImunoEdge/ImunoEdge/.git.path
2026-02-11T15:10:34.5969093Z /home/runner/work/_temp/git-credentials-223235d3-6fd0-4ed3-95b2-1ac9fb22493a.config
2026-02-11T15:10:34.5981010Z [command]/usr/bin/git config --local --unset includeif.gitdir:/home/runner/work/ImunoEdge/ImunoEdge/.git.path /home/runner/work/_temp/git-credentials-223235d3-6fd0-4ed3-95b2-1ac9fb22493a.config
2026-02-11T15:10:34.6018596Z [command]/usr/bin/git config --local --get-all includeif.gitdir:/home/runner/work/ImunoEdge/ImunoEdge/.git/worktrees/*.path
2026-02-11T15:10:34.6041456Z /home/runner/work/_temp/git-credentials-223235d3-6fd0-4ed3-95b2-1ac9fb22493a.config
2026-02-11T15:10:34.6052828Z [command]/usr/bin/git config --local --unset includeif.gitdir:/home/runner/work/ImunoEdge/ImunoEdge/.git/worktrees/*.path /home/runner/work/_temp/git-credentials-223235d3-6fd0-4ed3-95b2-1ac9fb22493a.config
2026-02-11T15:10:34.6087762Z [command]/usr/bin/git config --local --get-all includeif.gitdir:/github/workspace/.git.path
2026-02-11T15:10:34.6111322Z /github/runner_temp/git-credentials-223235d3-6fd0-4ed3-95b2-1ac9fb22493a.config
2026-02-11T15:10:34.6122681Z [command]/usr/bin/git config --local --unset includeif.gitdir:/github/workspace/.git.path /github/runner_temp/git-credentials-223235d3-6fd0-4ed3-95b2-1ac9fb22493a.config
2026-02-11T15:10:34.6159115Z [command]/usr/bin/git config --local --get-all includeif.gitdir:/github/workspace/.git/worktrees/*.path
2026-02-11T15:10:34.6183192Z /github/runner_temp/git-credentials-223235d3-6fd0-4ed3-95b2-1ac9fb22493a.config
2026-02-11T15:10:34.6194422Z [command]/usr/bin/git config --local --unset includeif.gitdir:/github/workspace/.git/worktrees/*.path /github/runner_temp/git-credentials-223235d3-6fd0-4ed3-95b2-1ac9fb22493a.config
2026-02-11T15:10:34.6233132Z [command]/usr/bin/git submodule foreach --recursive git config --local --show-origin --name-only --get-regexp remote.origin.url
2026-02-11T15:10:34.6469315Z Entering 'TaipanStack'
2026-02-11T15:10:34.6486619Z file:/home/runner/work/ImunoEdge/ImunoEdge/.git/modules/TaipanStack/config	remote.origin.url
2026-02-11T15:10:34.6522202Z [command]/usr/bin/git config --file /home/runner/work/ImunoEdge/ImunoEdge/.git/modules/TaipanStack/config --name-only --get-regexp ^includeIf\.gitdir:
2026-02-11T15:10:34.6554448Z includeif.gitdir:/home/runner/work/ImunoEdge/ImunoEdge/.git/modules/TaipanStack.path
2026-02-11T15:10:34.6555424Z includeif.gitdir:/github/workspace/.git/modules/TaipanStack.path
2026-02-11T15:10:34.6562382Z [command]/usr/bin/git config --file /home/runner/work/ImunoEdge/ImunoEdge/.git/modules/TaipanStack/config --get-all includeif.gitdir:/home/runner/work/ImunoEdge/ImunoEdge/.git/modules/TaipanStack.path
2026-02-11T15:10:34.6584100Z /home/runner/work/_temp/git-credentials-223235d3-6fd0-4ed3-95b2-1ac9fb22493a.config
2026-02-11T15:10:34.6595504Z [command]/usr/bin/git config --file /home/runner/work/ImunoEdge/ImunoEdge/.git/modules/TaipanStack/config --unset includeif.gitdir:/home/runner/work/ImunoEdge/ImunoEdge/.git/modules/TaipanStack.path /home/runner/work/_temp/git-credentials-223235d3-6fd0-4ed3-95b2-1ac9fb22493a.config
2026-02-11T15:10:34.6629224Z [command]/usr/bin/git config --file /home/runner/work/ImunoEdge/ImunoEdge/.git/modules/TaipanStack/config --get-all includeif.gitdir:/github/workspace/.git/modules/TaipanStack.path
2026-02-11T15:10:34.6650926Z /github/runner_temp/git-credentials-223235d3-6fd0-4ed3-95b2-1ac9fb22493a.config
2026-02-11T15:10:34.6660205Z [command]/usr/bin/git config --file /home/runner/work/ImunoEdge/ImunoEdge/.git/modules/TaipanStack/config --unset includeif.gitdir:/github/workspace/.git/modules/TaipanStack.path /github/runner_temp/git-credentials-223235d3-6fd0-4ed3-95b2-1ac9fb22493a.config
2026-02-11T15:10:34.6690653Z Removing credentials config '/home/runner/work/_temp/git-credentials-223235d3-6fd0-4ed3-95b2-1ac9fb22493a.config'
2026-02-11T15:10:34.6842689Z Cleaning up orphan processes
