2026-02-11T15:10:14.1642484Z Current runner version: '2.331.0'
2026-02-11T15:10:14.1668502Z ##[group]Runner Image Provisioner
2026-02-11T15:10:14.1669346Z Hosted Compute Agent
2026-02-11T15:10:14.1669900Z Version: 20260123.484
2026-02-11T15:10:14.1670565Z Commit: 6bd6555ca37d84114959e1c76d2c01448ff61c5d
2026-02-11T15:10:14.1671252Z Build Date: 2026-01-23T19:41:17Z
2026-02-11T15:10:14.1671893Z Worker ID: {4d9567b9-5b11-44a6-b597-bc4c4c657a39}
2026-02-11T15:10:14.1672658Z Azure Region: westus
2026-02-11T15:10:14.1673213Z ##[endgroup]
2026-02-11T15:10:14.1674685Z ##[group]Operating System
2026-02-11T15:10:14.1675379Z Ubuntu
2026-02-11T15:10:14.1675832Z 24.04.3
2026-02-11T15:10:14.1676318Z LTS
2026-02-11T15:10:14.1676843Z ##[endgroup]
2026-02-11T15:10:14.1677398Z ##[group]Runner Image
2026-02-11T15:10:14.1678135Z Image: ubuntu-24.04
2026-02-11T15:10:14.1678685Z Version: 20260201.15.1
2026-02-11T15:10:14.1679916Z Included Software: https://github.com/actions/runner-images/blob/ubuntu24/20260201.15/images/ubuntu/Ubuntu2404-Readme.md
2026-02-11T15:10:14.1681490Z Image Release: https://github.com/actions/runner-images/releases/tag/ubuntu24%2F20260201.15
2026-02-11T15:10:14.1682378Z ##[endgroup]
2026-02-11T15:10:14.1683456Z ##[group]GITHUB_TOKEN Permissions
2026-02-11T15:10:14.1685474Z Contents: read
2026-02-11T15:10:14.1686027Z Metadata: read
2026-02-11T15:10:14.1686534Z Packages: read
2026-02-11T15:10:14.1687143Z ##[endgroup]
2026-02-11T15:10:14.1689698Z Secret source: Actions
2026-02-11T15:10:14.1690415Z Prepare workflow directory
2026-02-11T15:10:14.2094441Z Prepare all required actions
2026-02-11T15:10:14.2132937Z Getting action download info
2026-02-11T15:10:14.7021177Z Download action repository 'actions/checkout@v6' (SHA:de0fac2e4500dabe0009e67214ff5f5447ce83dd)
2026-02-11T15:10:14.8332649Z Download action repository 'actions/setup-python@v6' (SHA:a309ff8b426b58ec0e2a45f0f869d46889d02405)
2026-02-11T15:10:16.1016118Z Complete job name: Type Checking (Mypy)
2026-02-11T15:10:16.1802212Z ##[group]Run actions/checkout@v6
2026-02-11T15:10:16.1803219Z with:
2026-02-11T15:10:16.1803700Z   submodules: recursive
2026-02-11T15:10:16.1804236Z   repository: gabrielima7/ImunoEdge
2026-02-11T15:10:16.1805058Z   token: ***
2026-02-11T15:10:16.1805503Z   ssh-strict: true
2026-02-11T15:10:16.1805976Z   ssh-user: git
2026-02-11T15:10:16.1806460Z   persist-credentials: true
2026-02-11T15:10:16.1806990Z   clean: true
2026-02-11T15:10:16.1807465Z   sparse-checkout-cone-mode: true
2026-02-11T15:10:16.1808200Z   fetch-depth: 1
2026-02-11T15:10:16.1808661Z   fetch-tags: false
2026-02-11T15:10:16.1809146Z   show-progress: true
2026-02-11T15:10:16.1809628Z   lfs: false
2026-02-11T15:10:16.1810102Z   set-safe-directory: true
2026-02-11T15:10:16.1810870Z env:
2026-02-11T15:10:16.1811321Z   PYTHON_VERSION_DEFAULT: 3.11
2026-02-11T15:10:16.1811856Z ##[endgroup]
2026-02-11T15:10:16.2820606Z Syncing repository: gabrielima7/ImunoEdge
2026-02-11T15:10:16.2823076Z ##[group]Getting Git version info
2026-02-11T15:10:16.2823901Z Working directory is '/home/runner/work/ImunoEdge/ImunoEdge'
2026-02-11T15:10:16.2825023Z [command]/usr/bin/git version
2026-02-11T15:10:16.2913725Z git version 2.52.0
2026-02-11T15:10:16.2972443Z ##[endgroup]
2026-02-11T15:10:16.2990042Z Temporarily overriding HOME='/home/runner/work/_temp/5f0265b9-cb91-4d2a-8281-188301911abc' before making global git config changes
2026-02-11T15:10:16.2993169Z Adding repository directory to the temporary git global config as a safe directory
2026-02-11T15:10:16.2995751Z [command]/usr/bin/git config --global --add safe.directory /home/runner/work/ImunoEdge/ImunoEdge
2026-02-11T15:10:16.3041960Z Deleting the contents of '/home/runner/work/ImunoEdge/ImunoEdge'
2026-02-11T15:10:16.3045971Z ##[group]Initializing the repository
2026-02-11T15:10:16.3051088Z [command]/usr/bin/git init /home/runner/work/ImunoEdge/ImunoEdge
2026-02-11T15:10:16.3180180Z hint: Using 'master' as the name for the initial branch. This default branch name
2026-02-11T15:10:16.3181722Z hint: will change to "main" in Git 3.0. To configure the initial branch name
2026-02-11T15:10:16.3184110Z hint: to use in all of your new repositories, which will suppress this warning,
2026-02-11T15:10:16.3185539Z hint: call:
2026-02-11T15:10:16.3186310Z hint:
2026-02-11T15:10:16.3187549Z hint: 	git config --global init.defaultBranch <name>
2026-02-11T15:10:16.3189032Z hint:
2026-02-11T15:10:16.3189792Z hint: Names commonly chosen instead of 'master' are 'main', 'trunk' and
2026-02-11T15:10:16.3191021Z hint: 'development'. The just-created branch can be renamed via this command:
2026-02-11T15:10:16.3191995Z hint:
2026-02-11T15:10:16.3192508Z hint: 	git branch -m <name>
2026-02-11T15:10:16.3193239Z hint:
2026-02-11T15:10:16.3194539Z hint: Disable this message with "git config set advice.defaultBranchName false"
2026-02-11T15:10:16.3197092Z Initialized empty Git repository in /home/runner/work/ImunoEdge/ImunoEdge/.git/
2026-02-11T15:10:16.3200584Z [command]/usr/bin/git remote add origin https://github.com/gabrielima7/ImunoEdge
2026-02-11T15:10:16.3238963Z ##[endgroup]
2026-02-11T15:10:16.3240428Z ##[group]Disabling automatic garbage collection
2026-02-11T15:10:16.3243640Z [command]/usr/bin/git config --local gc.auto 0
2026-02-11T15:10:16.3274292Z ##[endgroup]
2026-02-11T15:10:16.3275790Z ##[group]Setting up auth
2026-02-11T15:10:16.3276851Z Removing SSH command configuration
2026-02-11T15:10:16.3283015Z [command]/usr/bin/git config --local --name-only --get-regexp core\.sshCommand
2026-02-11T15:10:16.3315428Z [command]/usr/bin/git submodule foreach --recursive sh -c "git config --local --name-only --get-regexp 'core\.sshCommand' && git config --local --unset-all 'core.sshCommand' || :"
2026-02-11T15:10:16.3708349Z Removing HTTP extra header
2026-02-11T15:10:16.3713791Z [command]/usr/bin/git config --local --name-only --get-regexp http\.https\:\/\/github\.com\/\.extraheader
2026-02-11T15:10:16.3749090Z [command]/usr/bin/git submodule foreach --recursive sh -c "git config --local --name-only --get-regexp 'http\.https\:\/\/github\.com\/\.extraheader' && git config --local --unset-all 'http.https://github.com/.extraheader' || :"
2026-02-11T15:10:16.3972025Z Removing includeIf entries pointing to credentials config files
2026-02-11T15:10:16.3977829Z [command]/usr/bin/git config --local --name-only --get-regexp ^includeIf\.gitdir:
2026-02-11T15:10:16.4012962Z [command]/usr/bin/git submodule foreach --recursive git config --local --show-origin --name-only --get-regexp remote.origin.url
2026-02-11T15:10:16.4249059Z [command]/usr/bin/git config --file /home/runner/work/_temp/git-credentials-55546ef8-4633-4b49-bf14-9d265563e945.config http.https://github.com/.extraheader AUTHORIZATION: basic ***
2026-02-11T15:10:16.4287011Z [command]/usr/bin/git config --local includeIf.gitdir:/home/runner/work/ImunoEdge/ImunoEdge/.git.path /home/runner/work/_temp/git-credentials-55546ef8-4633-4b49-bf14-9d265563e945.config
2026-02-11T15:10:16.4320268Z [command]/usr/bin/git config --local includeIf.gitdir:/home/runner/work/ImunoEdge/ImunoEdge/.git/worktrees/*.path /home/runner/work/_temp/git-credentials-55546ef8-4633-4b49-bf14-9d265563e945.config
2026-02-11T15:10:16.4350048Z [command]/usr/bin/git config --local includeIf.gitdir:/github/workspace/.git.path /github/runner_temp/git-credentials-55546ef8-4633-4b49-bf14-9d265563e945.config
2026-02-11T15:10:16.4381594Z [command]/usr/bin/git config --local includeIf.gitdir:/github/workspace/.git/worktrees/*.path /github/runner_temp/git-credentials-55546ef8-4633-4b49-bf14-9d265563e945.config
2026-02-11T15:10:16.4408386Z ##[endgroup]
2026-02-11T15:10:16.4409337Z ##[group]Fetching the repository
2026-02-11T15:10:16.4419422Z [command]/usr/bin/git -c protocol.version=2 fetch --no-tags --prune --no-recurse-submodules --depth=1 origin +986309715c873a9d0321898c95101bb9865bc9d0:refs/remotes/origin/main
2026-02-11T15:10:16.9643272Z From https://github.com/gabrielima7/ImunoEdge
2026-02-11T15:10:16.9645144Z  * [new ref]         986309715c873a9d0321898c95101bb9865bc9d0 -> origin/main
2026-02-11T15:10:16.9685601Z [command]/usr/bin/git branch --list --remote origin/main
2026-02-11T15:10:16.9720562Z   origin/main
2026-02-11T15:10:16.9729944Z [command]/usr/bin/git rev-parse refs/remotes/origin/main
2026-02-11T15:10:16.9754974Z 986309715c873a9d0321898c95101bb9865bc9d0
2026-02-11T15:10:16.9761036Z ##[endgroup]
2026-02-11T15:10:16.9762870Z ##[group]Determining the checkout info
2026-02-11T15:10:16.9764897Z ##[endgroup]
2026-02-11T15:10:16.9767629Z [command]/usr/bin/git sparse-checkout disable
2026-02-11T15:10:16.9816791Z [command]/usr/bin/git config --local --unset-all extensions.worktreeConfig
2026-02-11T15:10:16.9846944Z ##[group]Checking out the ref
2026-02-11T15:10:16.9850590Z [command]/usr/bin/git checkout --progress --force -B main refs/remotes/origin/main
2026-02-11T15:10:16.9919890Z Switched to a new branch 'main'
2026-02-11T15:10:16.9921639Z branch 'main' set up to track 'origin/main'.
2026-02-11T15:10:16.9929552Z ##[endgroup]
2026-02-11T15:10:16.9931636Z ##[group]Setting up auth for fetching submodules
2026-02-11T15:10:16.9937674Z [command]/usr/bin/git config --file /home/runner/work/_temp/git-credentials-55546ef8-4633-4b49-bf14-9d265563e945.config http.https://github.com/.extraheader AUTHORIZATION: basic ***
2026-02-11T15:10:16.9979785Z [command]/usr/bin/git config --global include.path /home/runner/work/_temp/git-credentials-55546ef8-4633-4b49-bf14-9d265563e945.config
2026-02-11T15:10:17.0012837Z [command]/usr/bin/git config --global --unset-all url.https://github.com/.insteadOf
2026-02-11T15:10:17.0048649Z [command]/usr/bin/git config --global --add url.https://github.com/.insteadOf git@github.com:
2026-02-11T15:10:17.0083828Z [command]/usr/bin/git config --global --add url.https://github.com/.insteadOf org-230595838@github.com:
2026-02-11T15:10:17.0116008Z ##[endgroup]
2026-02-11T15:10:17.0118659Z ##[group]Fetching submodules
2026-02-11T15:10:17.0120598Z [command]/usr/bin/git submodule sync --recursive
2026-02-11T15:10:17.0395573Z [command]/usr/bin/git -c protocol.version=2 submodule update --init --force --depth=1 --recursive
2026-02-11T15:10:17.0627793Z Submodule 'TaipanStack' (https://github.com/gabrielima7/TaipanStack.git) registered for path 'TaipanStack'
2026-02-11T15:10:17.0654740Z Cloning into '/home/runner/work/ImunoEdge/ImunoEdge/TaipanStack'...
2026-02-11T15:10:17.8495950Z Submodule path 'TaipanStack': checked out '788267ef00de0831d0cbe7423802ecc040dd79f8'
2026-02-11T15:10:17.8529074Z [command]/usr/bin/git submodule foreach --recursive git config --local gc.auto 0
2026-02-11T15:10:17.8753284Z Entering 'TaipanStack'
2026-02-11T15:10:17.8802390Z ##[endgroup]
2026-02-11T15:10:17.8804731Z ##[group]Persisting credentials for submodules
2026-02-11T15:10:17.8813030Z [command]/usr/bin/git submodule foreach --recursive sh -c "git config --local --name-only --get-regexp 'url\.https\:\/\/github\.com\/\.insteadOf' && git config --local --unset-all 'url.https://github.com/.insteadOf' || :"
2026-02-11T15:10:17.9033699Z Entering 'TaipanStack'
2026-02-11T15:10:17.9092916Z [command]/usr/bin/git submodule foreach --recursive git config --local --show-origin --name-only --get-regexp remote.origin.url
2026-02-11T15:10:17.9316411Z Entering 'TaipanStack'
2026-02-11T15:10:17.9334617Z file:/home/runner/work/ImunoEdge/ImunoEdge/.git/modules/TaipanStack/config	remote.origin.url
2026-02-11T15:10:17.9372541Z [command]/usr/bin/git config --file /home/runner/work/ImunoEdge/ImunoEdge/.git/modules/TaipanStack/config includeIf.gitdir:/home/runner/work/ImunoEdge/ImunoEdge/.git/modules/TaipanStack.path /home/runner/work/_temp/git-credentials-55546ef8-4633-4b49-bf14-9d265563e945.config
2026-02-11T15:10:17.9407703Z [command]/usr/bin/git config --file /home/runner/work/ImunoEdge/ImunoEdge/.git/modules/TaipanStack/config includeIf.gitdir:/github/workspace/.git/modules/TaipanStack.path /github/runner_temp/git-credentials-55546ef8-4633-4b49-bf14-9d265563e945.config
2026-02-11T15:10:17.9442237Z [command]/usr/bin/git submodule foreach --recursive git config --local --add 'url.https://github.com/.insteadOf' 'git@github.com:'
2026-02-11T15:10:17.9664657Z Entering 'TaipanStack'
2026-02-11T15:10:17.9719296Z [command]/usr/bin/git submodule foreach --recursive git config --local --add 'url.https://github.com/.insteadOf' 'org-230595838@github.com:'
2026-02-11T15:10:17.9938580Z Entering 'TaipanStack'
2026-02-11T15:10:17.9989613Z ##[endgroup]
2026-02-11T15:10:18.0038549Z [command]/usr/bin/git log -1 --format=%H
2026-02-11T15:10:18.0064170Z 986309715c873a9d0321898c95101bb9865bc9d0
2026-02-11T15:10:18.0399465Z ##[group]Run actions/setup-python@v6
2026-02-11T15:10:18.0400473Z with:
2026-02-11T15:10:18.0401117Z   python-version: 3.11
2026-02-11T15:10:18.0401901Z   check-latest: false
2026-02-11T15:10:18.0402961Z   token: ***
2026-02-11T15:10:18.0403660Z   update-environment: true
2026-02-11T15:10:18.0404541Z   allow-prereleases: false
2026-02-11T15:10:18.0405383Z   freethreaded: false
2026-02-11T15:10:18.0406109Z env:
2026-02-11T15:10:18.0406768Z   PYTHON_VERSION_DEFAULT: 3.11
2026-02-11T15:10:18.0407646Z ##[endgroup]
2026-02-11T15:10:18.1845144Z ##[group]Installed versions
2026-02-11T15:10:18.2011516Z Successfully set up CPython (3.11.14)
2026-02-11T15:10:18.2013804Z ##[endgroup]
2026-02-11T15:10:18.2164788Z ##[group]Run python -m pip install --upgrade pip
2026-02-11T15:10:18.2166153Z [36;1mpython -m pip install --upgrade pip[0m
2026-02-11T15:10:18.2167249Z [36;1mpip install -e .[0m
2026-02-11T15:10:18.2168432Z [36;1mpip install mypy[0m
2026-02-11T15:10:18.2226594Z shell: /usr/bin/bash -e {0}
2026-02-11T15:10:18.2227464Z env:
2026-02-11T15:10:18.2228386Z   PYTHON_VERSION_DEFAULT: 3.11
2026-02-11T15:10:18.2229500Z   pythonLocation: /opt/hostedtoolcache/Python/3.11.14/x64
2026-02-11T15:10:18.2231101Z   PKG_CONFIG_PATH: /opt/hostedtoolcache/Python/3.11.14/x64/lib/pkgconfig
2026-02-11T15:10:18.2232681Z   Python_ROOT_DIR: /opt/hostedtoolcache/Python/3.11.14/x64
2026-02-11T15:10:18.2234094Z   Python2_ROOT_DIR: /opt/hostedtoolcache/Python/3.11.14/x64
2026-02-11T15:10:18.2235531Z   Python3_ROOT_DIR: /opt/hostedtoolcache/Python/3.11.14/x64
2026-02-11T15:10:18.2236983Z   LD_LIBRARY_PATH: /opt/hostedtoolcache/Python/3.11.14/x64/lib
2026-02-11T15:10:18.2238480Z ##[endgroup]
2026-02-11T15:10:19.3292989Z Requirement already satisfied: pip in /opt/hostedtoolcache/Python/3.11.14/x64/lib/python3.11/site-packages (26.0)
2026-02-11T15:10:19.4198339Z Collecting pip
2026-02-11T15:10:19.4782129Z   Downloading pip-26.0.1-py3-none-any.whl.metadata (4.7 kB)
2026-02-11T15:10:19.4856274Z Downloading pip-26.0.1-py3-none-any.whl (1.8 MB)
2026-02-11T15:10:19.5291979Z    ━━━━━━━━━━━━━━━━━━━━━━━━━━━━━━━━━━━━━━━━ 1.8/1.8 MB 110.8 MB/s  0:00:00
2026-02-11T15:10:19.5524980Z Installing collected packages: pip
2026-02-11T15:10:19.5526493Z   Attempting uninstall: pip
2026-02-11T15:10:19.5541662Z     Found existing installation: pip 26.0
2026-02-11T15:10:19.9066899Z     Uninstalling pip-26.0:
2026-02-11T15:10:19.9124396Z       Successfully uninstalled pip-26.0
2026-02-11T15:10:20.7136184Z Successfully installed pip-26.0.1
2026-02-11T15:10:21.6165654Z Obtaining file:///home/runner/work/ImunoEdge/ImunoEdge
2026-02-11T15:10:21.6184279Z   Installing build dependencies: started
2026-02-11T15:10:22.7641653Z   Installing build dependencies: finished with status 'done'
2026-02-11T15:10:22.7647457Z   Checking if build backend supports build_editable: started
2026-02-11T15:10:23.1022333Z   Checking if build backend supports build_editable: finished with status 'done'
2026-02-11T15:10:23.1143049Z ERROR: Exception:
2026-02-11T15:10:23.1143516Z Traceback (most recent call last):
2026-02-11T15:10:23.1150163Z   File "/opt/hostedtoolcache/Python/3.11.14/x64/lib/python3.11/site-packages/pip/_internal/cli/base_command.py", line 107, in _run_wrapper
2026-02-11T15:10:23.1151040Z     status = _inner_run()
2026-02-11T15:10:23.1151311Z              ^^^^^^^^^^^^
2026-02-11T15:10:23.1152063Z   File "/opt/hostedtoolcache/Python/3.11.14/x64/lib/python3.11/site-packages/pip/_internal/cli/base_command.py", line 98, in _inner_run
2026-02-11T15:10:23.1152852Z     return self.run(options, args)
2026-02-11T15:10:23.1153154Z            ^^^^^^^^^^^^^^^^^^^^^^^
2026-02-11T15:10:23.1153919Z   File "/opt/hostedtoolcache/Python/3.11.14/x64/lib/python3.11/site-packages/pip/_internal/cli/req_command.py", line 96, in wrapper
2026-02-11T15:10:23.1155105Z     return func(self, options, args)
2026-02-11T15:10:23.1155441Z            ^^^^^^^^^^^^^^^^^^^^^^^^^
2026-02-11T15:10:23.1156193Z   File "/opt/hostedtoolcache/Python/3.11.14/x64/lib/python3.11/site-packages/pip/_internal/commands/install.py", line 392, in run
2026-02-11T15:10:23.1156781Z     requirement_set = resolver.resolve(
2026-02-11T15:10:23.1157052Z                       ^^^^^^^^^^^^^^^^^
2026-02-11T15:10:23.1157697Z   File "/opt/hostedtoolcache/Python/3.11.14/x64/lib/python3.11/site-packages/pip/_internal/resolution/resolvelib/resolver.py", line 79, in resolve
2026-02-11T15:10:23.1158757Z     collected = self.factory.collect_root_requirements(root_reqs)
2026-02-11T15:10:23.1159105Z                 ^^^^^^^^^^^^^^^^^^^^^^^^^^^^^^^^^^^^^^^^^^^^^^^^^
2026-02-11T15:10:23.1160061Z   File "/opt/hostedtoolcache/Python/3.11.14/x64/lib/python3.11/site-packages/pip/_internal/resolution/resolvelib/factory.py", line 538, in collect_root_requirements
2026-02-11T15:10:23.1160752Z     reqs = list(
2026-02-11T15:10:23.1160925Z            ^^^^^
2026-02-11T15:10:23.1161603Z   File "/opt/hostedtoolcache/Python/3.11.14/x64/lib/python3.11/site-packages/pip/_internal/resolution/resolvelib/factory.py", line 494, in _make_requirements_from_install_req
2026-02-11T15:10:23.1162352Z     cand = self._make_base_candidate_from_link(
2026-02-11T15:10:23.1162617Z            ^^^^^^^^^^^^^^^^^^^^^^^^^^^^^^^^^^^^
2026-02-11T15:10:23.1163554Z   File "/opt/hostedtoolcache/Python/3.11.14/x64/lib/python3.11/site-packages/pip/_internal/resolution/resolvelib/factory.py", line 205, in _make_base_candidate_from_link
2026-02-11T15:10:23.1164329Z     self._editable_candidate_cache[link] = EditableCandidate(
2026-02-11T15:10:23.1164659Z                                            ^^^^^^^^^^^^^^^^^^
2026-02-11T15:10:23.1165339Z   File "/opt/hostedtoolcache/Python/3.11.14/x64/lib/python3.11/site-packages/pip/_internal/resolution/resolvelib/candidates.py", line 343, in __init__
2026-02-11T15:10:23.1165953Z     super().__init__(
2026-02-11T15:10:23.1166538Z   File "/opt/hostedtoolcache/Python/3.11.14/x64/lib/python3.11/site-packages/pip/_internal/resolution/resolvelib/candidates.py", line 161, in __init__
2026-02-11T15:10:23.1167159Z     self.dist = self._prepare()
2026-02-11T15:10:23.1167369Z                 ^^^^^^^^^^^^^^^
2026-02-11T15:10:23.1168104Z   File "/opt/hostedtoolcache/Python/3.11.14/x64/lib/python3.11/site-packages/pip/_internal/resolution/resolvelib/candidates.py", line 238, in _prepare
2026-02-11T15:10:23.1168742Z     dist = self._prepare_distribution()
2026-02-11T15:10:23.1168986Z            ^^^^^^^^^^^^^^^^^^^^^^^^^^^^
2026-02-11T15:10:23.1169661Z   File "/opt/hostedtoolcache/Python/3.11.14/x64/lib/python3.11/site-packages/pip/_internal/resolution/resolvelib/candidates.py", line 353, in _prepare_distribution
2026-02-11T15:10:23.1170436Z     return self._factory.preparer.prepare_editable_requirement(self._ireq)
2026-02-11T15:10:23.1170842Z            ^^^^^^^^^^^^^^^^^^^^^^^^^^^^^^^^^^^^^^^^^^^^^^^^^^^^^^^^^^^^^^^
2026-02-11T15:10:23.1171531Z   File "/opt/hostedtoolcache/Python/3.11.14/x64/lib/python3.11/site-packages/pip/_internal/operations/prepare.py", line 713, in prepare_editable_requirement
2026-02-11T15:10:23.1172183Z     dist = _get_prepared_distribution(
2026-02-11T15:10:23.1172431Z            ^^^^^^^^^^^^^^^^^^^^^^^^^^^
2026-02-11T15:10:23.1173073Z   File "/opt/hostedtoolcache/Python/3.11.14/x64/lib/python3.11/site-packages/pip/_internal/operations/prepare.py", line 77, in _get_prepared_distribution
2026-02-11T15:10:23.1173724Z     abstract_dist.prepare_distribution_metadata(
2026-02-11T15:10:23.1240772Z   File "/opt/hostedtoolcache/Python/3.11.14/x64/lib/python3.11/site-packages/pip/_internal/distributions/sdist.py", line 53, in prepare_distribution_metadata
2026-02-11T15:10:23.1242217Z     self.req.editable_sanity_check()
2026-02-11T15:10:23.1243584Z   File "/opt/hostedtoolcache/Python/3.11.14/x64/lib/python3.11/site-packages/pip/_internal/req/req_install.py", line 501, in editable_sanity_check
2026-02-11T15:10:23.1245063Z     if self.editable and not self.supports_pyproject_editable:
2026-02-11T15:10:23.1245595Z                              ^^^^^^^^^^^^^^^^^^^^^^^^^^^^^^^^
2026-02-11T15:10:23.1246446Z   File "/opt/hostedtoolcache/Python/3.11.14/x64/lib/python3.11/functools.py", line 1001, in __get__
2026-02-11T15:10:23.1247195Z     val = self.func(instance)
2026-02-11T15:10:23.1247525Z           ^^^^^^^^^^^^^^^^^^^
2026-02-11T15:10:23.1248906Z   File "/opt/hostedtoolcache/Python/3.11.14/x64/lib/python3.11/site-packages/pip/_internal/req/req_install.py", line 237, in supports_pyproject_editable
2026-02-11T15:10:23.1250232Z     return "build_editable" in self.pep517_backend._supported_features()
2026-02-11T15:10:23.1250935Z                                ^^^^^^^^^^^^^^^^^^^^^^^^^^^^^^^^^^^^^^^^^
2026-02-11T15:10:23.1252450Z   File "/opt/hostedtoolcache/Python/3.11.14/x64/lib/python3.11/site-packages/pip/_vendor/pyproject_hooks/_impl.py", line 180, in _supported_features
2026-02-11T15:10:23.1253717Z     return self._call_hook("_supported_features", {})
2026-02-11T15:10:23.1254258Z            ^^^^^^^^^^^^^^^^^^^^^^^^^^^^^^^^^^^^^^^^^^
2026-02-11T15:10:23.1255398Z   File "/opt/hostedtoolcache/Python/3.11.14/x64/lib/python3.11/site-packages/pip/_vendor/pyproject_hooks/_impl.py", line 402, in _call_hook
2026-02-11T15:10:23.1256531Z     raise BackendUnavailable(
2026-02-11T15:10:23.1257339Z pip._vendor.pyproject_hooks._impl.BackendUnavailable: Cannot import 'setuptools.backends._legacy'
2026-02-11T15:10:23.1783339Z ##[error]Process completed with exit code 2.
2026-02-11T15:10:23.1894875Z Post job cleanup.
2026-02-11T15:10:23.2690578Z [command]/usr/bin/git version
2026-02-11T15:10:23.2726897Z git version 2.52.0
2026-02-11T15:10:23.2770180Z Temporarily overriding HOME='/home/runner/work/_temp/ac822f62-c2b0-46b3-a0f8-3062e8bcbba9' before making global git config changes
2026-02-11T15:10:23.2771577Z Adding repository directory to the temporary git global config as a safe directory
2026-02-11T15:10:23.2776686Z [command]/usr/bin/git config --global --add safe.directory /home/runner/work/ImunoEdge/ImunoEdge
2026-02-11T15:10:23.2810346Z Removing SSH command configuration
2026-02-11T15:10:23.2817191Z [command]/usr/bin/git config --local --name-only --get-regexp core\.sshCommand
2026-02-11T15:10:23.2852581Z [command]/usr/bin/git submodule foreach --recursive sh -c "git config --local --name-only --get-regexp 'core\.sshCommand' && git config --local --unset-all 'core.sshCommand' || :"
2026-02-11T15:10:23.3073332Z Entering 'TaipanStack'
2026-02-11T15:10:23.3131940Z Removing HTTP extra header
2026-02-11T15:10:23.3137672Z [command]/usr/bin/git config --local --name-only --get-regexp http\.https\:\/\/github\.com\/\.extraheader
2026-02-11T15:10:23.3177829Z [command]/usr/bin/git submodule foreach --recursive sh -c "git config --local --name-only --get-regexp 'http\.https\:\/\/github\.com\/\.extraheader' && git config --local --unset-all 'http.https://github.com/.extraheader' || :"
2026-02-11T15:10:23.3416243Z Entering 'TaipanStack'
2026-02-11T15:10:23.3471562Z Removing includeIf entries pointing to credentials config files
2026-02-11T15:10:23.3478507Z [command]/usr/bin/git config --local --name-only --get-regexp ^includeIf\.gitdir:
2026-02-11T15:10:23.3504973Z includeif.gitdir:/home/runner/work/ImunoEdge/ImunoEdge/.git.path
2026-02-11T15:10:23.3506450Z includeif.gitdir:/home/runner/work/ImunoEdge/ImunoEdge/.git/worktrees/*.path
2026-02-11T15:10:23.3507251Z includeif.gitdir:/github/workspace/.git.path
2026-02-11T15:10:23.3508152Z includeif.gitdir:/github/workspace/.git/worktrees/*.path
2026-02-11T15:10:23.3517114Z [command]/usr/bin/git config --local --get-all includeif.gitdir:/home/runner/work/ImunoEdge/ImunoEdge/.git.path
2026-02-11T15:10:23.3541594Z /home/runner/work/_temp/git-credentials-55546ef8-4633-4b49-bf14-9d265563e945.config
2026-02-11T15:10:23.3553524Z [command]/usr/bin/git config --local --unset includeif.gitdir:/home/runner/work/ImunoEdge/ImunoEdge/.git.path /home/runner/work/_temp/git-credentials-55546ef8-4633-4b49-bf14-9d265563e945.config
2026-02-11T15:10:23.3592160Z [command]/usr/bin/git config --local --get-all includeif.gitdir:/home/runner/work/ImunoEdge/ImunoEdge/.git/worktrees/*.path
2026-02-11T15:10:23.3616975Z /home/runner/work/_temp/git-credentials-55546ef8-4633-4b49-bf14-9d265563e945.config
2026-02-11T15:10:23.3628287Z [command]/usr/bin/git config --local --unset includeif.gitdir:/home/runner/work/ImunoEdge/ImunoEdge/.git/worktrees/*.path /home/runner/work/_temp/git-credentials-55546ef8-4633-4b49-bf14-9d265563e945.config
2026-02-11T15:10:23.3664450Z [command]/usr/bin/git config --local --get-all includeif.gitdir:/github/workspace/.git.path
2026-02-11T15:10:23.3688473Z /github/runner_temp/git-credentials-55546ef8-4633-4b49-bf14-9d265563e945.config
2026-02-11T15:10:23.3698754Z [command]/usr/bin/git config --local --unset includeif.gitdir:/github/workspace/.git.path /github/runner_temp/git-credentials-55546ef8-4633-4b49-bf14-9d265563e945.config
2026-02-11T15:10:23.3733488Z [command]/usr/bin/git config --local --get-all includeif.gitdir:/github/workspace/.git/worktrees/*.path
2026-02-11T15:10:23.3756860Z /github/runner_temp/git-credentials-55546ef8-4633-4b49-bf14-9d265563e945.config
2026-02-11T15:10:23.3767411Z [command]/usr/bin/git config --local --unset includeif.gitdir:/github/workspace/.git/worktrees/*.path /github/runner_temp/git-credentials-55546ef8-4633-4b49-bf14-9d265563e945.config
2026-02-11T15:10:23.3805142Z [command]/usr/bin/git submodule foreach --recursive git config --local --show-origin --name-only --get-regexp remote.origin.url
2026-02-11T15:10:23.4051633Z Entering 'TaipanStack'
2026-02-11T15:10:23.4070349Z file:/home/runner/work/ImunoEdge/ImunoEdge/.git/modules/TaipanStack/config	remote.origin.url
2026-02-11T15:10:23.4107580Z [command]/usr/bin/git config --file /home/runner/work/ImunoEdge/ImunoEdge/.git/modules/TaipanStack/config --name-only --get-regexp ^includeIf\.gitdir:
2026-02-11T15:10:23.4139536Z includeif.gitdir:/home/runner/work/ImunoEdge/ImunoEdge/.git/modules/TaipanStack.path
2026-02-11T15:10:23.4140830Z includeif.gitdir:/github/workspace/.git/modules/TaipanStack.path
2026-02-11T15:10:23.4150239Z [command]/usr/bin/git config --file /home/runner/work/ImunoEdge/ImunoEdge/.git/modules/TaipanStack/config --get-all includeif.gitdir:/home/runner/work/ImunoEdge/ImunoEdge/.git/modules/TaipanStack.path
2026-02-11T15:10:23.4173216Z /home/runner/work/_temp/git-credentials-55546ef8-4633-4b49-bf14-9d265563e945.config
2026-02-11T15:10:23.4185437Z [command]/usr/bin/git config --file /home/runner/work/ImunoEdge/ImunoEdge/.git/modules/TaipanStack/config --unset includeif.gitdir:/home/runner/work/ImunoEdge/ImunoEdge/.git/modules/TaipanStack.path /home/runner/work/_temp/git-credentials-55546ef8-4633-4b49-bf14-9d265563e945.config
2026-02-11T15:10:23.4219873Z [command]/usr/bin/git config --file /home/runner/work/ImunoEdge/ImunoEdge/.git/modules/TaipanStack/config --get-all includeif.gitdir:/github/workspace/.git/modules/TaipanStack.path
2026-02-11T15:10:23.4243489Z /github/runner_temp/git-credentials-55546ef8-4633-4b49-bf14-9d265563e945.config
2026-02-11T15:10:23.4254025Z [command]/usr/bin/git config --file /home/runner/work/ImunoEdge/ImunoEdge/.git/modules/TaipanStack/config --unset includeif.gitdir:/github/workspace/.git/modules/TaipanStack.path /github/runner_temp/git-credentials-55546ef8-4633-4b49-bf14-9d265563e945.config
2026-02-11T15:10:23.4283412Z Removing credentials config '/home/runner/work/_temp/git-credentials-55546ef8-4633-4b49-bf14-9d265563e945.config'
2026-02-11T15:10:23.4405748Z Cleaning up orphan processes
