2026-02-11T15:10:13.7811247Z Current runner version: '2.331.0'
2026-02-11T15:10:13.7834181Z ##[group]Runner Image Provisioner
2026-02-11T15:10:13.7834999Z Hosted Compute Agent
2026-02-11T15:10:13.7835581Z Version: 20260123.484
2026-02-11T15:10:13.7836207Z Commit: 6bd6555ca37d84114959e1c76d2c01448ff61c5d
2026-02-11T15:10:13.7836895Z Build Date: 2026-01-23T19:41:17Z
2026-02-11T15:10:13.7837918Z Worker ID: {2c83173b-39a8-4599-ad19-dcef656130e4}
2026-02-11T15:10:13.7838658Z Azure Region: centralus
2026-02-11T15:10:13.7839240Z ##[endgroup]
2026-02-11T15:10:13.7840693Z ##[group]Operating System
2026-02-11T15:10:13.7841275Z Ubuntu
2026-02-11T15:10:13.7841790Z 24.04.3
2026-02-11T15:10:13.7842194Z LTS
2026-02-11T15:10:13.7842746Z ##[endgroup]
2026-02-11T15:10:13.7843224Z ##[group]Runner Image
2026-02-11T15:10:13.7843704Z Image: ubuntu-24.04
2026-02-11T15:10:13.7844276Z Version: 20260201.15.1
2026-02-11T15:10:13.7845415Z Included Software: https://github.com/actions/runner-images/blob/ubuntu24/20260201.15/images/ubuntu/Ubuntu2404-Readme.md
2026-02-11T15:10:13.7846953Z Image Release: https://github.com/actions/runner-images/releases/tag/ubuntu24%2F20260201.15
2026-02-11T15:10:13.7848061Z ##[endgroup]
2026-02-11T15:10:13.7849175Z ##[group]GITHUB_TOKEN Permissions
2026-02-11T15:10:13.7850965Z Contents: read
2026-02-11T15:10:13.7851470Z Metadata: read
2026-02-11T15:10:13.7852091Z Packages: read
2026-02-11T15:10:13.7852553Z ##[endgroup]
2026-02-11T15:10:13.7854631Z Secret source: Actions
2026-02-11T15:10:13.7855358Z Prepare workflow directory
2026-02-11T15:10:13.8294448Z Prepare all required actions
2026-02-11T15:10:13.8336020Z Getting action download info
2026-02-11T15:10:14.2428623Z Download action repository 'actions/checkout@v6' (SHA:de0fac2e4500dabe0009e67214ff5f5447ce83dd)
2026-02-11T15:10:14.3605284Z Download action repository 'actions/setup-python@v6' (SHA:a309ff8b426b58ec0e2a45f0f869d46889d02405)
2026-02-11T15:10:15.1036711Z Complete job name: Smoke Test (Python 3.13)
2026-02-11T15:10:15.1731813Z ##[group]Run actions/checkout@v6
2026-02-11T15:10:15.1732860Z with:
2026-02-11T15:10:15.1733361Z   submodules: recursive
2026-02-11T15:10:15.1733971Z   repository: gabrielima7/ImunoEdge
2026-02-11T15:10:15.1734930Z   token: ***
2026-02-11T15:10:15.1735405Z   ssh-strict: true
2026-02-11T15:10:15.1735908Z   ssh-user: git
2026-02-11T15:10:15.1736422Z   persist-credentials: true
2026-02-11T15:10:15.1737358Z   clean: true
2026-02-11T15:10:15.1737910Z   sparse-checkout-cone-mode: true
2026-02-11T15:10:15.1738601Z   fetch-depth: 1
2026-02-11T15:10:15.1739105Z   fetch-tags: false
2026-02-11T15:10:15.1739627Z   show-progress: true
2026-02-11T15:10:15.1740152Z   lfs: false
2026-02-11T15:10:15.1740633Z   set-safe-directory: true
2026-02-11T15:10:15.1741523Z env:
2026-02-11T15:10:15.1741989Z   PYTHON_VERSION_DEFAULT: 3.11
2026-02-11T15:10:15.1742620Z ##[endgroup]
2026-02-11T15:10:15.2655071Z Syncing repository: gabrielima7/ImunoEdge
2026-02-11T15:10:15.2657554Z ##[group]Getting Git version info
2026-02-11T15:10:15.2658772Z Working directory is '/home/runner/work/ImunoEdge/ImunoEdge'
2026-02-11T15:10:15.2660324Z [command]/usr/bin/git version
2026-02-11T15:10:15.2689266Z git version 2.52.0
2026-02-11T15:10:15.2712607Z ##[endgroup]
2026-02-11T15:10:15.2729310Z Temporarily overriding HOME='/home/runner/work/_temp/36d9b027-ab4b-4d39-abcb-58216b309938' before making global git config changes
2026-02-11T15:10:15.2733555Z Adding repository directory to the temporary git global config as a safe directory
2026-02-11T15:10:15.2736882Z [command]/usr/bin/git config --global --add safe.directory /home/runner/work/ImunoEdge/ImunoEdge
2026-02-11T15:10:15.2773877Z Deleting the contents of '/home/runner/work/ImunoEdge/ImunoEdge'
2026-02-11T15:10:15.2777668Z ##[group]Initializing the repository
2026-02-11T15:10:15.2783062Z [command]/usr/bin/git init /home/runner/work/ImunoEdge/ImunoEdge
2026-02-11T15:10:15.2888660Z hint: Using 'master' as the name for the initial branch. This default branch name
2026-02-11T15:10:15.2890633Z hint: will change to "main" in Git 3.0. To configure the initial branch name
2026-02-11T15:10:15.2893246Z hint: to use in all of your new repositories, which will suppress this warning,
2026-02-11T15:10:15.2895260Z hint: call:
2026-02-11T15:10:15.2896101Z hint:
2026-02-11T15:10:15.2897431Z hint: 	git config --global init.defaultBranch <name>
2026-02-11T15:10:15.2899165Z hint:
2026-02-11T15:10:15.2900510Z hint: Names commonly chosen instead of 'master' are 'main', 'trunk' and
2026-02-11T15:10:15.2903223Z hint: 'development'. The just-created branch can be renamed via this command:
2026-02-11T15:10:15.2905240Z hint:
2026-02-11T15:10:15.2906060Z hint: 	git branch -m <name>
2026-02-11T15:10:15.2907357Z hint:
2026-02-11T15:10:15.2908850Z hint: Disable this message with "git config set advice.defaultBranchName false"
2026-02-11T15:10:15.2911594Z Initialized empty Git repository in /home/runner/work/ImunoEdge/ImunoEdge/.git/
2026-02-11T15:10:15.2914318Z [command]/usr/bin/git remote add origin https://github.com/gabrielima7/ImunoEdge
2026-02-11T15:10:15.2939854Z ##[endgroup]
2026-02-11T15:10:15.2941539Z ##[group]Disabling automatic garbage collection
2026-02-11T15:10:15.2943632Z [command]/usr/bin/git config --local gc.auto 0
2026-02-11T15:10:15.2972365Z ##[endgroup]
2026-02-11T15:10:15.2973922Z ##[group]Setting up auth
2026-02-11T15:10:15.2975125Z Removing SSH command configuration
2026-02-11T15:10:15.2980633Z [command]/usr/bin/git config --local --name-only --get-regexp core\.sshCommand
2026-02-11T15:10:15.3013822Z [command]/usr/bin/git submodule foreach --recursive sh -c "git config --local --name-only --get-regexp 'core\.sshCommand' && git config --local --unset-all 'core.sshCommand' || :"
2026-02-11T15:10:15.3323040Z Removing HTTP extra header
2026-02-11T15:10:15.3329640Z [command]/usr/bin/git config --local --name-only --get-regexp http\.https\:\/\/github\.com\/\.extraheader
2026-02-11T15:10:15.3358987Z [command]/usr/bin/git submodule foreach --recursive sh -c "git config --local --name-only --get-regexp 'http\.https\:\/\/github\.com\/\.extraheader' && git config --local --unset-all 'http.https://github.com/.extraheader' || :"
2026-02-11T15:10:15.3570887Z Removing includeIf entries pointing to credentials config files
2026-02-11T15:10:15.3576470Z [command]/usr/bin/git config --local --name-only --get-regexp ^includeIf\.gitdir:
2026-02-11T15:10:15.3607853Z [command]/usr/bin/git submodule foreach --recursive git config --local --show-origin --name-only --get-regexp remote.origin.url
2026-02-11T15:10:15.3831648Z [command]/usr/bin/git config --file /home/runner/work/_temp/git-credentials-2dd7fddb-cbf2-40f9-b22e-8563e90b1cf0.config http.https://github.com/.extraheader AUTHORIZATION: basic ***
2026-02-11T15:10:15.3868573Z [command]/usr/bin/git config --local includeIf.gitdir:/home/runner/work/ImunoEdge/ImunoEdge/.git.path /home/runner/work/_temp/git-credentials-2dd7fddb-cbf2-40f9-b22e-8563e90b1cf0.config
2026-02-11T15:10:15.3896894Z [command]/usr/bin/git config --local includeIf.gitdir:/home/runner/work/ImunoEdge/ImunoEdge/.git/worktrees/*.path /home/runner/work/_temp/git-credentials-2dd7fddb-cbf2-40f9-b22e-8563e90b1cf0.config
2026-02-11T15:10:15.3926269Z [command]/usr/bin/git config --local includeIf.gitdir:/github/workspace/.git.path /github/runner_temp/git-credentials-2dd7fddb-cbf2-40f9-b22e-8563e90b1cf0.config
2026-02-11T15:10:15.3955248Z [command]/usr/bin/git config --local includeIf.gitdir:/github/workspace/.git/worktrees/*.path /github/runner_temp/git-credentials-2dd7fddb-cbf2-40f9-b22e-8563e90b1cf0.config
2026-02-11T15:10:15.3980786Z ##[endgroup]
2026-02-11T15:10:15.3981688Z ##[group]Fetching the repository
2026-02-11T15:10:15.3990037Z [command]/usr/bin/git -c protocol.version=2 fetch --no-tags --prune --no-recurse-submodules --depth=1 origin +986309715c873a9d0321898c95101bb9865bc9d0:refs/remotes/origin/main
2026-02-11T15:10:15.7319313Z From https://github.com/gabrielima7/ImunoEdge
2026-02-11T15:10:15.7320781Z  * [new ref]         986309715c873a9d0321898c95101bb9865bc9d0 -> origin/main
2026-02-11T15:10:15.7356097Z [command]/usr/bin/git branch --list --remote origin/main
2026-02-11T15:10:15.7378788Z   origin/main
2026-02-11T15:10:15.7386927Z [command]/usr/bin/git rev-parse refs/remotes/origin/main
2026-02-11T15:10:15.7408751Z 986309715c873a9d0321898c95101bb9865bc9d0
2026-02-11T15:10:15.7413456Z ##[endgroup]
2026-02-11T15:10:15.7414713Z ##[group]Determining the checkout info
2026-02-11T15:10:15.7415987Z ##[endgroup]
2026-02-11T15:10:15.7418627Z [command]/usr/bin/git sparse-checkout disable
2026-02-11T15:10:15.7459061Z [command]/usr/bin/git config --local --unset-all extensions.worktreeConfig
2026-02-11T15:10:15.7486337Z ##[group]Checking out the ref
2026-02-11T15:10:15.7489780Z [command]/usr/bin/git checkout --progress --force -B main refs/remotes/origin/main
2026-02-11T15:10:15.7549693Z Switched to a new branch 'main'
2026-02-11T15:10:15.7553626Z branch 'main' set up to track 'origin/main'.
2026-02-11T15:10:15.7564658Z ##[endgroup]
2026-02-11T15:10:15.7567298Z ##[group]Setting up auth for fetching submodules
2026-02-11T15:10:15.7571907Z [command]/usr/bin/git config --file /home/runner/work/_temp/git-credentials-2dd7fddb-cbf2-40f9-b22e-8563e90b1cf0.config http.https://github.com/.extraheader AUTHORIZATION: basic ***
2026-02-11T15:10:15.7610443Z [command]/usr/bin/git config --global include.path /home/runner/work/_temp/git-credentials-2dd7fddb-cbf2-40f9-b22e-8563e90b1cf0.config
2026-02-11T15:10:15.7638188Z [command]/usr/bin/git config --global --unset-all url.https://github.com/.insteadOf
2026-02-11T15:10:15.7667827Z [command]/usr/bin/git config --global --add url.https://github.com/.insteadOf git@github.com:
2026-02-11T15:10:15.7698320Z [command]/usr/bin/git config --global --add url.https://github.com/.insteadOf org-230595838@github.com:
2026-02-11T15:10:15.7725302Z ##[endgroup]
2026-02-11T15:10:15.7728164Z ##[group]Fetching submodules
2026-02-11T15:10:15.7730177Z [command]/usr/bin/git submodule sync --recursive
2026-02-11T15:10:15.7955488Z [command]/usr/bin/git -c protocol.version=2 submodule update --init --force --depth=1 --recursive
2026-02-11T15:10:15.8175176Z Submodule 'TaipanStack' (https://github.com/gabrielima7/TaipanStack.git) registered for path 'TaipanStack'
2026-02-11T15:10:15.8207807Z Cloning into '/home/runner/work/ImunoEdge/ImunoEdge/TaipanStack'...
2026-02-11T15:10:16.2353632Z Submodule path 'TaipanStack': checked out '788267ef00de0831d0cbe7423802ecc040dd79f8'
2026-02-11T15:10:16.2384333Z [command]/usr/bin/git submodule foreach --recursive git config --local gc.auto 0
2026-02-11T15:10:16.2596258Z Entering 'TaipanStack'
2026-02-11T15:10:16.2642948Z ##[endgroup]
2026-02-11T15:10:16.2644554Z ##[group]Persisting credentials for submodules
2026-02-11T15:10:16.2649579Z [command]/usr/bin/git submodule foreach --recursive sh -c "git config --local --name-only --get-regexp 'url\.https\:\/\/github\.com\/\.insteadOf' && git config --local --unset-all 'url.https://github.com/.insteadOf' || :"
2026-02-11T15:10:16.2859964Z Entering 'TaipanStack'
2026-02-11T15:10:16.2915350Z [command]/usr/bin/git submodule foreach --recursive git config --local --show-origin --name-only --get-regexp remote.origin.url
2026-02-11T15:10:16.3128338Z Entering 'TaipanStack'
2026-02-11T15:10:16.3147324Z file:/home/runner/work/ImunoEdge/ImunoEdge/.git/modules/TaipanStack/config	remote.origin.url
2026-02-11T15:10:16.3182800Z [command]/usr/bin/git config --file /home/runner/work/ImunoEdge/ImunoEdge/.git/modules/TaipanStack/config includeIf.gitdir:/home/runner/work/ImunoEdge/ImunoEdge/.git/modules/TaipanStack.path /home/runner/work/_temp/git-credentials-2dd7fddb-cbf2-40f9-b22e-8563e90b1cf0.config
2026-02-11T15:10:16.3221591Z [command]/usr/bin/git config --file /home/runner/work/ImunoEdge/ImunoEdge/.git/modules/TaipanStack/config includeIf.gitdir:/github/workspace/.git/modules/TaipanStack.path /github/runner_temp/git-credentials-2dd7fddb-cbf2-40f9-b22e-8563e90b1cf0.config
2026-02-11T15:10:16.3255616Z [command]/usr/bin/git submodule foreach --recursive git config --local --add 'url.https://github.com/.insteadOf' 'git@github.com:'
2026-02-11T15:10:16.3471872Z Entering 'TaipanStack'
2026-02-11T15:10:16.3524127Z [command]/usr/bin/git submodule foreach --recursive git config --local --add 'url.https://github.com/.insteadOf' 'org-230595838@github.com:'
2026-02-11T15:10:16.3752929Z Entering 'TaipanStack'
2026-02-11T15:10:16.3801548Z ##[endgroup]
2026-02-11T15:10:16.3848950Z [command]/usr/bin/git log -1 --format=%H
2026-02-11T15:10:16.3873224Z 986309715c873a9d0321898c95101bb9865bc9d0
2026-02-11T15:10:16.4173015Z ##[group]Run actions/setup-python@v6
2026-02-11T15:10:16.4174038Z with:
2026-02-11T15:10:16.4174752Z   python-version: 3.13
2026-02-11T15:10:16.4175581Z   check-latest: false
2026-02-11T15:10:16.4176651Z   token: ***
2026-02-11T15:10:16.4177555Z   update-environment: true
2026-02-11T15:10:16.4178462Z   allow-prereleases: false
2026-02-11T15:10:16.4179321Z   freethreaded: false
2026-02-11T15:10:16.4180105Z env:
2026-02-11T15:10:16.4180815Z   PYTHON_VERSION_DEFAULT: 3.11
2026-02-11T15:10:16.4181703Z ##[endgroup]
2026-02-11T15:10:16.5479514Z ##[group]Installed versions
2026-02-11T15:10:16.5581849Z Successfully set up CPython (3.13.11)
2026-02-11T15:10:16.5584258Z ##[endgroup]
2026-02-11T15:10:16.5715952Z ##[group]Run python -m pip install --upgrade pip
2026-02-11T15:10:16.5717547Z [36;1mpython -m pip install --upgrade pip[0m
2026-02-11T15:10:16.5718644Z [36;1mpip install -e .[0m
2026-02-11T15:10:16.5765836Z shell: /usr/bin/bash -e {0}
2026-02-11T15:10:16.5766734Z env:
2026-02-11T15:10:16.5767592Z   PYTHON_VERSION_DEFAULT: 3.11
2026-02-11T15:10:16.5768717Z   pythonLocation: /opt/hostedtoolcache/Python/3.13.11/x64
2026-02-11T15:10:16.5770241Z   PKG_CONFIG_PATH: /opt/hostedtoolcache/Python/3.13.11/x64/lib/pkgconfig
2026-02-11T15:10:16.5771760Z   Python_ROOT_DIR: /opt/hostedtoolcache/Python/3.13.11/x64
2026-02-11T15:10:16.5773133Z   Python2_ROOT_DIR: /opt/hostedtoolcache/Python/3.13.11/x64
2026-02-11T15:10:16.5774504Z   Python3_ROOT_DIR: /opt/hostedtoolcache/Python/3.13.11/x64
2026-02-11T15:10:16.5775917Z   LD_LIBRARY_PATH: /opt/hostedtoolcache/Python/3.13.11/x64/lib
2026-02-11T15:10:16.5777251Z ##[endgroup]
2026-02-11T15:10:18.5964753Z Requirement already satisfied: pip in /opt/hostedtoolcache/Python/3.13.11/x64/lib/python3.13/site-packages (26.0)
2026-02-11T15:10:18.7281835Z Collecting pip
2026-02-11T15:10:18.8186174Z   Downloading pip-26.0.1-py3-none-any.whl.metadata (4.7 kB)
2026-02-11T15:10:18.8389412Z Downloading pip-26.0.1-py3-none-any.whl (1.8 MB)
2026-02-11T15:10:19.0036983Z    ━━━━━━━━━━━━━━━━━━━━━━━━━━━━━━━━━━━━━━━━ 1.8/1.8 MB 13.0 MB/s  0:00:00
2026-02-11T15:10:19.0246210Z Installing collected packages: pip
2026-02-11T15:10:19.0247871Z   Attempting uninstall: pip
2026-02-11T15:10:19.0274785Z     Found existing installation: pip 26.0
2026-02-11T15:10:19.0831192Z     Uninstalling pip-26.0:
2026-02-11T15:10:19.0890020Z       Successfully uninstalled pip-26.0
2026-02-11T15:10:19.9787235Z Successfully installed pip-26.0.1
2026-02-11T15:10:20.4726107Z Obtaining file:///home/runner/work/ImunoEdge/ImunoEdge
2026-02-11T15:10:20.4743944Z   Installing build dependencies: started
2026-02-11T15:10:21.3791858Z   Installing build dependencies: finished with status 'done'
2026-02-11T15:10:21.3797328Z   Checking if build backend supports build_editable: started
2026-02-11T15:10:21.7245815Z   Checking if build backend supports build_editable: finished with status 'done'
2026-02-11T15:10:21.7464665Z ERROR: Exception:
2026-02-11T15:10:21.7465228Z Traceback (most recent call last):
2026-02-11T15:10:21.7474963Z   File "/opt/hostedtoolcache/Python/3.13.11/x64/lib/python3.13/site-packages/pip/_internal/cli/base_command.py", line 107, in _run_wrapper
2026-02-11T15:10:21.7476140Z     status = _inner_run()
2026-02-11T15:10:21.7477393Z   File "/opt/hostedtoolcache/Python/3.13.11/x64/lib/python3.13/site-packages/pip/_internal/cli/base_command.py", line 98, in _inner_run
2026-02-11T15:10:21.7478473Z     return self.run(options, args)
2026-02-11T15:10:21.7478906Z            ~~~~~~~~^^^^^^^^^^^^^^^
2026-02-11T15:10:21.7479931Z   File "/opt/hostedtoolcache/Python/3.13.11/x64/lib/python3.13/site-packages/pip/_internal/cli/req_command.py", line 96, in wrapper
2026-02-11T15:10:21.7481415Z     return func(self, options, args)
2026-02-11T15:10:21.7482462Z   File "/opt/hostedtoolcache/Python/3.13.11/x64/lib/python3.13/site-packages/pip/_internal/commands/install.py", line 392, in run
2026-02-11T15:10:21.7483506Z     requirement_set = resolver.resolve(
2026-02-11T15:10:21.7484056Z         reqs, check_supported_wheels=not options.target_dir
2026-02-11T15:10:21.7484566Z     )
2026-02-11T15:10:21.7485722Z   File "/opt/hostedtoolcache/Python/3.13.11/x64/lib/python3.13/site-packages/pip/_internal/resolution/resolvelib/resolver.py", line 79, in resolve
2026-02-11T15:10:21.7487372Z     collected = self.factory.collect_root_requirements(root_reqs)
2026-02-11T15:10:21.7488874Z   File "/opt/hostedtoolcache/Python/3.13.11/x64/lib/python3.13/site-packages/pip/_internal/resolution/resolvelib/factory.py", line 538, in collect_root_requirements
2026-02-11T15:10:21.7490108Z     reqs = list(
2026-02-11T15:10:21.7490516Z         self._make_requirements_from_install_req(
2026-02-11T15:10:21.7491006Z     ...<2 lines>...
2026-02-11T15:10:21.7491628Z         )
2026-02-11T15:10:21.7491941Z     )
2026-02-11T15:10:21.7493230Z   File "/opt/hostedtoolcache/Python/3.13.11/x64/lib/python3.13/site-packages/pip/_internal/resolution/resolvelib/factory.py", line 494, in _make_requirements_from_install_req
2026-02-11T15:10:21.7580352Z     cand = self._make_base_candidate_from_link(
2026-02-11T15:10:21.7580865Z         ireq.link,
2026-02-11T15:10:21.7581203Z     ...<2 lines>...
2026-02-11T15:10:21.7581577Z         version=None,
2026-02-11T15:10:21.7581969Z     )
2026-02-11T15:10:21.7583330Z   File "/opt/hostedtoolcache/Python/3.13.11/x64/lib/python3.13/site-packages/pip/_internal/resolution/resolvelib/factory.py", line 205, in _make_base_candidate_from_link
2026-02-11T15:10:21.7584771Z     self._editable_candidate_cache[link] = EditableCandidate(
2026-02-11T15:10:21.7585446Z                                            ~~~~~~~~~~~~~~~~~^
2026-02-11T15:10:21.7585915Z         link,
2026-02-11T15:10:21.7586223Z         ^^^^^
2026-02-11T15:10:21.7586547Z     ...<3 lines>...
2026-02-11T15:10:21.7586890Z         version=version,
2026-02-11T15:10:21.7587452Z         ^^^^^^^^^^^^^^^^
2026-02-11T15:10:21.7587784Z     )
2026-02-11T15:10:21.7588063Z     ^
2026-02-11T15:10:21.7589141Z   File "/opt/hostedtoolcache/Python/3.13.11/x64/lib/python3.13/site-packages/pip/_internal/resolution/resolvelib/candidates.py", line 343, in __init__
2026-02-11T15:10:21.7590349Z     super().__init__(
2026-02-11T15:10:21.7590719Z     ~~~~~~~~~~~~~~~~^
2026-02-11T15:10:21.7591057Z         link=link,
2026-02-11T15:10:21.7591386Z         ^^^^^^^^^^
2026-02-11T15:10:21.7591701Z     ...<4 lines>...
2026-02-11T15:10:21.7592056Z         version=version,
2026-02-11T15:10:21.7592409Z         ^^^^^^^^^^^^^^^^
2026-02-11T15:10:21.7592753Z     )
2026-02-11T15:10:21.7593060Z     ^
2026-02-11T15:10:21.7594175Z   File "/opt/hostedtoolcache/Python/3.13.11/x64/lib/python3.13/site-packages/pip/_internal/resolution/resolvelib/candidates.py", line 161, in __init__
2026-02-11T15:10:21.7595406Z     self.dist = self._prepare()
2026-02-11T15:10:21.7595818Z                 ~~~~~~~~~~~~~^^
2026-02-11T15:10:21.7596952Z   File "/opt/hostedtoolcache/Python/3.13.11/x64/lib/python3.13/site-packages/pip/_internal/resolution/resolvelib/candidates.py", line 238, in _prepare
2026-02-11T15:10:21.7598192Z     dist = self._prepare_distribution()
2026-02-11T15:10:21.7598990Z   File "/opt/hostedtoolcache/Python/3.13.11/x64/lib/python3.13/site-packages/pip/_internal/resolution/resolvelib/candidates.py", line 353, in _prepare_distribution
2026-02-11T15:10:21.7599792Z     return self._factory.preparer.prepare_editable_requirement(self._ireq)
2026-02-11T15:10:21.7600198Z            ~~~~~~~~~~~~~~~~~~~~~~~~~~~~~~~~~~~~~~~~~~~~~~~~~~~^^^^^^^^^^^^
2026-02-11T15:10:21.7600928Z   File "/opt/hostedtoolcache/Python/3.13.11/x64/lib/python3.13/site-packages/pip/_internal/operations/prepare.py", line 713, in prepare_editable_requirement
2026-02-11T15:10:21.7601586Z     dist = _get_prepared_distribution(
2026-02-11T15:10:21.7602049Z         req,
2026-02-11T15:10:21.7602234Z     ...<3 lines>...
2026-02-11T15:10:21.7602434Z         self.check_build_deps,
2026-02-11T15:10:21.7602655Z     )
2026-02-11T15:10:21.7603267Z   File "/opt/hostedtoolcache/Python/3.13.11/x64/lib/python3.13/site-packages/pip/_internal/operations/prepare.py", line 77, in _get_prepared_distribution
2026-02-11T15:10:21.7603915Z     abstract_dist.prepare_distribution_metadata(
2026-02-11T15:10:21.7604205Z     ~~~~~~~~~~~~~~~~~~~~~~~~~~~~~~~~~~~~~~~~~~~^
2026-02-11T15:10:21.7604536Z         build_env_installer, build_isolation, check_build_deps
2026-02-11T15:10:21.7604895Z         ^^^^^^^^^^^^^^^^^^^^^^^^^^^^^^^^^^^^^^^^^^^^^^^^^^^^^^
2026-02-11T15:10:21.7605152Z     )
2026-02-11T15:10:21.7605307Z     ^
2026-02-11T15:10:21.7605905Z   File "/opt/hostedtoolcache/Python/3.13.11/x64/lib/python3.13/site-packages/pip/_internal/distributions/sdist.py", line 53, in prepare_distribution_metadata
2026-02-11T15:10:21.7606552Z     self.req.editable_sanity_check()
2026-02-11T15:10:21.7606962Z     ~~~~~~~~~~~~~~~~~~~~~~~~~~~~~~^^
2026-02-11T15:10:21.7607737Z   File "/opt/hostedtoolcache/Python/3.13.11/x64/lib/python3.13/site-packages/pip/_internal/req/req_install.py", line 501, in editable_sanity_check
2026-02-11T15:10:21.7608405Z     if self.editable and not self.supports_pyproject_editable:
2026-02-11T15:10:21.7608750Z                              ^^^^^^^^^^^^^^^^^^^^^^^^^^^^^^^^
2026-02-11T15:10:21.7609230Z   File "/opt/hostedtoolcache/Python/3.13.11/x64/lib/python3.13/functools.py", line 1025, in __get__
2026-02-11T15:10:21.7609671Z     val = self.func(instance)
2026-02-11T15:10:21.7610296Z   File "/opt/hostedtoolcache/Python/3.13.11/x64/lib/python3.13/site-packages/pip/_internal/req/req_install.py", line 237, in supports_pyproject_editable
2026-02-11T15:10:21.7611020Z     return "build_editable" in self.pep517_backend._supported_features()
2026-02-11T15:10:21.7611396Z                                ~~~~~~~~~~~~~~~~~~~~~~~~~~~~~~~~~~~~~~~^^
2026-02-11T15:10:21.7612076Z   File "/opt/hostedtoolcache/Python/3.13.11/x64/lib/python3.13/site-packages/pip/_vendor/pyproject_hooks/_impl.py", line 180, in _supported_features
2026-02-11T15:10:21.7612730Z     return self._call_hook("_supported_features", {})
2026-02-11T15:10:21.7613031Z            ~~~~~~~~~~~~~~~^^^^^^^^^^^^^^^^^^^^^^^^^^^
2026-02-11T15:10:21.7613640Z   File "/opt/hostedtoolcache/Python/3.13.11/x64/lib/python3.13/site-packages/pip/_vendor/pyproject_hooks/_impl.py", line 402, in _call_hook
2026-02-11T15:10:21.7614227Z     raise BackendUnavailable(
2026-02-11T15:10:21.7614455Z     ...<4 lines>...
2026-02-11T15:10:21.7614632Z     )
2026-02-11T15:10:21.7615012Z pip._vendor.pyproject_hooks._impl.BackendUnavailable: Cannot import 'setuptools.backends._legacy'
2026-02-11T15:10:21.8008645Z ##[error]Process completed with exit code 2.
2026-02-11T15:10:21.8131308Z Post job cleanup.
2026-02-11T15:10:21.8891884Z [command]/usr/bin/git version
2026-02-11T15:10:21.8927611Z git version 2.52.0
2026-02-11T15:10:21.8966459Z Temporarily overriding HOME='/home/runner/work/_temp/5defd7e5-55bf-4de9-b293-bb2530f39954' before making global git config changes
2026-02-11T15:10:21.8968193Z Adding repository directory to the temporary git global config as a safe directory
2026-02-11T15:10:21.8972858Z [command]/usr/bin/git config --global --add safe.directory /home/runner/work/ImunoEdge/ImunoEdge
2026-02-11T15:10:21.9003819Z Removing SSH command configuration
2026-02-11T15:10:21.9010312Z [command]/usr/bin/git config --local --name-only --get-regexp core\.sshCommand
2026-02-11T15:10:21.9042933Z [command]/usr/bin/git submodule foreach --recursive sh -c "git config --local --name-only --get-regexp 'core\.sshCommand' && git config --local --unset-all 'core.sshCommand' || :"
2026-02-11T15:10:21.9257854Z Entering 'TaipanStack'
2026-02-11T15:10:21.9312739Z Removing HTTP extra header
2026-02-11T15:10:21.9317263Z [command]/usr/bin/git config --local --name-only --get-regexp http\.https\:\/\/github\.com\/\.extraheader
2026-02-11T15:10:21.9348809Z [command]/usr/bin/git submodule foreach --recursive sh -c "git config --local --name-only --get-regexp 'http\.https\:\/\/github\.com\/\.extraheader' && git config --local --unset-all 'http.https://github.com/.extraheader' || :"
2026-02-11T15:10:21.9558138Z Entering 'TaipanStack'
2026-02-11T15:10:21.9610436Z Removing includeIf entries pointing to credentials config files
2026-02-11T15:10:21.9615922Z [command]/usr/bin/git config --local --name-only --get-regexp ^includeIf\.gitdir:
2026-02-11T15:10:21.9638056Z includeif.gitdir:/home/runner/work/ImunoEdge/ImunoEdge/.git.path
2026-02-11T15:10:21.9638879Z includeif.gitdir:/home/runner/work/ImunoEdge/ImunoEdge/.git/worktrees/*.path
2026-02-11T15:10:21.9639716Z includeif.gitdir:/github/workspace/.git.path
2026-02-11T15:10:21.9640408Z includeif.gitdir:/github/workspace/.git/worktrees/*.path
2026-02-11T15:10:21.9648585Z [command]/usr/bin/git config --local --get-all includeif.gitdir:/home/runner/work/ImunoEdge/ImunoEdge/.git.path
2026-02-11T15:10:21.9669250Z /home/runner/work/_temp/git-credentials-2dd7fddb-cbf2-40f9-b22e-8563e90b1cf0.config
2026-02-11T15:10:21.9679999Z [command]/usr/bin/git config --local --unset includeif.gitdir:/home/runner/work/ImunoEdge/ImunoEdge/.git.path /home/runner/work/_temp/git-credentials-2dd7fddb-cbf2-40f9-b22e-8563e90b1cf0.config
2026-02-11T15:10:21.9711731Z [command]/usr/bin/git config --local --get-all includeif.gitdir:/home/runner/work/ImunoEdge/ImunoEdge/.git/worktrees/*.path
2026-02-11T15:10:21.9732716Z /home/runner/work/_temp/git-credentials-2dd7fddb-cbf2-40f9-b22e-8563e90b1cf0.config
2026-02-11T15:10:21.9742467Z [command]/usr/bin/git config --local --unset includeif.gitdir:/home/runner/work/ImunoEdge/ImunoEdge/.git/worktrees/*.path /home/runner/work/_temp/git-credentials-2dd7fddb-cbf2-40f9-b22e-8563e90b1cf0.config
2026-02-11T15:10:21.9771954Z [command]/usr/bin/git config --local --get-all includeif.gitdir:/github/workspace/.git.path
2026-02-11T15:10:21.9792204Z /github/runner_temp/git-credentials-2dd7fddb-cbf2-40f9-b22e-8563e90b1cf0.config
2026-02-11T15:10:21.9800308Z [command]/usr/bin/git config --local --unset includeif.gitdir:/github/workspace/.git.path /github/runner_temp/git-credentials-2dd7fddb-cbf2-40f9-b22e-8563e90b1cf0.config
2026-02-11T15:10:21.9829151Z [command]/usr/bin/git config --local --get-all includeif.gitdir:/github/workspace/.git/worktrees/*.path
2026-02-11T15:10:21.9849045Z /github/runner_temp/git-credentials-2dd7fddb-cbf2-40f9-b22e-8563e90b1cf0.config
2026-02-11T15:10:21.9857246Z [command]/usr/bin/git config --local --unset includeif.gitdir:/github/workspace/.git/worktrees/*.path /github/runner_temp/git-credentials-2dd7fddb-cbf2-40f9-b22e-8563e90b1cf0.config
2026-02-11T15:10:21.9886852Z [command]/usr/bin/git submodule foreach --recursive git config --local --show-origin --name-only --get-regexp remote.origin.url
2026-02-11T15:10:22.0094660Z Entering 'TaipanStack'
2026-02-11T15:10:22.0114190Z file:/home/runner/work/ImunoEdge/ImunoEdge/.git/modules/TaipanStack/config	remote.origin.url
2026-02-11T15:10:22.0145600Z [command]/usr/bin/git config --file /home/runner/work/ImunoEdge/ImunoEdge/.git/modules/TaipanStack/config --name-only --get-regexp ^includeIf\.gitdir:
2026-02-11T15:10:22.0167625Z includeif.gitdir:/home/runner/work/ImunoEdge/ImunoEdge/.git/modules/TaipanStack.path
2026-02-11T15:10:22.0168595Z includeif.gitdir:/github/workspace/.git/modules/TaipanStack.path
2026-02-11T15:10:22.0211224Z [command]/usr/bin/git config --file /home/runner/work/ImunoEdge/ImunoEdge/.git/modules/TaipanStack/config --get-all includeif.gitdir:/home/runner/work/ImunoEdge/ImunoEdge/.git/modules/TaipanStack.path
2026-02-11T15:10:22.0231120Z /home/runner/work/_temp/git-credentials-2dd7fddb-cbf2-40f9-b22e-8563e90b1cf0.config
2026-02-11T15:10:22.0239766Z [command]/usr/bin/git config --file /home/runner/work/ImunoEdge/ImunoEdge/.git/modules/TaipanStack/config --unset includeif.gitdir:/home/runner/work/ImunoEdge/ImunoEdge/.git/modules/TaipanStack.path /home/runner/work/_temp/git-credentials-2dd7fddb-cbf2-40f9-b22e-8563e90b1cf0.config
2026-02-11T15:10:22.0270842Z [command]/usr/bin/git config --file /home/runner/work/ImunoEdge/ImunoEdge/.git/modules/TaipanStack/config --get-all includeif.gitdir:/github/workspace/.git/modules/TaipanStack.path
2026-02-11T15:10:22.0290917Z /github/runner_temp/git-credentials-2dd7fddb-cbf2-40f9-b22e-8563e90b1cf0.config
2026-02-11T15:10:22.0299980Z [command]/usr/bin/git config --file /home/runner/work/ImunoEdge/ImunoEdge/.git/modules/TaipanStack/config --unset includeif.gitdir:/github/workspace/.git/modules/TaipanStack.path /github/runner_temp/git-credentials-2dd7fddb-cbf2-40f9-b22e-8563e90b1cf0.config
2026-02-11T15:10:22.0328691Z Removing credentials config '/home/runner/work/_temp/git-credentials-2dd7fddb-cbf2-40f9-b22e-8563e90b1cf0.config'
2026-02-11T15:10:22.0446876Z Cleaning up orphan processes
