2026-02-11T15:30:36.4996916Z Current runner version: '2.331.0'
2026-02-11T15:30:36.5023184Z ##[group]Runner Image Provisioner
2026-02-11T15:30:36.5024015Z Hosted Compute Agent
2026-02-11T15:30:36.5024722Z Version: 20260123.484
2026-02-11T15:30:36.5025295Z Commit: 6bd6555ca37d84114959e1c76d2c01448ff61c5d
2026-02-11T15:30:36.5025977Z Build Date: 2026-01-23T19:41:17Z
2026-02-11T15:30:36.5026760Z Worker ID: {4014c1f2-e2d3-4764-82ea-ca2100c05434}
2026-02-11T15:30:36.5027514Z Azure Region: northcentralus
2026-02-11T15:30:36.5028052Z ##[endgroup]
2026-02-11T15:30:36.5029558Z ##[group]Operating System
2026-02-11T15:30:36.5030121Z Ubuntu
2026-02-11T15:30:36.5030602Z 24.04.3
2026-02-11T15:30:36.5031122Z LTS
2026-02-11T15:30:36.5031643Z ##[endgroup]
2026-02-11T15:30:36.5032137Z ##[group]Runner Image
2026-02-11T15:30:36.5032911Z Image: ubuntu-24.04
2026-02-11T15:30:36.5033449Z Version: 20260201.15.1
2026-02-11T15:30:36.5034708Z Included Software: https://github.com/actions/runner-images/blob/ubuntu24/20260201.15/images/ubuntu/Ubuntu2404-Readme.md
2026-02-11T15:30:36.5036151Z Image Release: https://github.com/actions/runner-images/releases/tag/ubuntu24%2F20260201.15
2026-02-11T15:30:36.5037107Z ##[endgroup]
2026-02-11T15:30:36.5038295Z ##[group]GITHUB_TOKEN Permissions
2026-02-11T15:30:36.5040442Z Contents: read
2026-02-11T15:30:36.5041080Z Metadata: read
2026-02-11T15:30:36.5041598Z Packages: read
2026-02-11T15:30:36.5042069Z ##[endgroup]
2026-02-11T15:30:36.5044629Z Secret source: Actions
2026-02-11T15:30:36.5045633Z Prepare workflow directory
2026-02-11T15:30:36.5603963Z Prepare all required actions
2026-02-11T15:30:36.5643325Z Getting action download info
2026-02-11T15:30:36.9451126Z Download action repository 'actions/checkout@v6' (SHA:de0fac2e4500dabe0009e67214ff5f5447ce83dd)
2026-02-11T15:30:37.1136214Z Complete job name: Test on archlinux
2026-02-11T15:30:37.1703589Z ##[group]Checking docker version
2026-02-11T15:30:37.1716728Z ##[command]/usr/bin/docker version --format '{{.Server.APIVersion}}'
2026-02-11T15:30:37.2291229Z '1.48'
2026-02-11T15:30:37.2303288Z Docker daemon API version: '1.48'
2026-02-11T15:30:37.2304139Z ##[command]/usr/bin/docker version --format '{{.Client.APIVersion}}'
2026-02-11T15:30:37.2479126Z '1.48'
2026-02-11T15:30:37.2494378Z Docker client API version: '1.48'
2026-02-11T15:30:37.2500292Z ##[endgroup]
2026-02-11T15:30:37.2504049Z ##[group]Clean up resources from previous jobs
2026-02-11T15:30:37.2508766Z ##[command]/usr/bin/docker ps --all --quiet --no-trunc --filter "label=d55ab3"
2026-02-11T15:30:37.2660844Z ##[command]/usr/bin/docker network prune --force --filter "label=d55ab3"
2026-02-11T15:30:37.2805846Z ##[endgroup]
2026-02-11T15:30:37.2806394Z ##[group]Create local container network
2026-02-11T15:30:37.2817311Z ##[command]/usr/bin/docker network create --label d55ab3 github_network_197df05d72cf48c08daefd88ea974c6a
2026-02-11T15:30:37.3358062Z 22479c5fa5319c5e53e82870cf03d26359dec74a5d8c0d1052312fdf45098fa8
2026-02-11T15:30:37.3376764Z ##[endgroup]
2026-02-11T15:30:37.3400268Z ##[group]Starting job container
2026-02-11T15:30:37.3419894Z ##[command]/usr/bin/docker pull archlinux:latest
2026-02-11T15:30:37.7876675Z latest: Pulling from library/archlinux
2026-02-11T15:30:37.9068618Z 2efc828fc4c1: Pulling fs layer
2026-02-11T15:30:38.0060784Z d92388da7a72: Pulling fs layer
2026-02-11T15:30:38.0061416Z d92388da7a72: Verifying Checksum
2026-02-11T15:30:38.0061971Z d92388da7a72: Download complete
2026-02-11T15:30:40.0839237Z 2efc828fc4c1: Verifying Checksum
2026-02-11T15:30:40.0839871Z 2efc828fc4c1: Download complete
2026-02-11T15:30:45.1222545Z 2efc828fc4c1: Pull complete
2026-02-11T15:30:46.4639091Z d92388da7a72: Pull complete
2026-02-11T15:30:46.4676263Z Digest: sha256:644b416048d39616bbaca93ce768ba492655c83fba80ceca65a4f59dcabdcac0
2026-02-11T15:30:46.4685865Z Status: Downloaded newer image for archlinux:latest
2026-02-11T15:30:46.4693893Z docker.io/library/archlinux:latest
2026-02-11T15:30:46.4781504Z ##[command]/usr/bin/docker create --name f9758ae731544cb1801e7410694a6889_archlinuxlatest_66c719 --label d55ab3 --workdir /__w/ImunoEdge/ImunoEdge --network github_network_197df05d72cf48c08daefd88ea974c6a  -e "HOME=/github/home" -e GITHUB_ACTIONS=true -e CI=true -v "/var/run/docker.sock":"/var/run/docker.sock" -v "/home/runner/work":"/__w" -v "/home/runner/actions-runner/cached/externals":"/__e":ro -v "/home/runner/work/_temp":"/__w/_temp" -v "/home/runner/work/_actions":"/__w/_actions" -v "/opt/hostedtoolcache":"/__t" -v "/home/runner/work/_temp/_github_home":"/github/home" -v "/home/runner/work/_temp/_github_workflow":"/github/workflow" --entrypoint "tail" archlinux:latest "-f" "/dev/null"
2026-02-11T15:30:46.5028582Z 7026abc42d51d539aae0c60eb41684fc456aef5b9ccd16c702ea16cbb9e2c8d3
2026-02-11T15:30:46.5055466Z ##[command]/usr/bin/docker start 7026abc42d51d539aae0c60eb41684fc456aef5b9ccd16c702ea16cbb9e2c8d3
2026-02-11T15:30:46.6655341Z 7026abc42d51d539aae0c60eb41684fc456aef5b9ccd16c702ea16cbb9e2c8d3
2026-02-11T15:30:46.6673813Z ##[command]/usr/bin/docker ps --all --filter id=7026abc42d51d539aae0c60eb41684fc456aef5b9ccd16c702ea16cbb9e2c8d3 --filter status=running --no-trunc --format "{{.ID}} {{.Status}}"
2026-02-11T15:30:46.6796593Z 7026abc42d51d539aae0c60eb41684fc456aef5b9ccd16c702ea16cbb9e2c8d3 Up Less than a second
2026-02-11T15:30:46.6817071Z ##[command]/usr/bin/docker inspect --format "{{range .Config.Env}}{{println .}}{{end}}" 7026abc42d51d539aae0c60eb41684fc456aef5b9ccd16c702ea16cbb9e2c8d3
2026-02-11T15:30:46.6942099Z GITHUB_ACTIONS=true
2026-02-11T15:30:46.6942865Z CI=true
2026-02-11T15:30:46.6943197Z HOME=/github/home
2026-02-11T15:30:46.6943750Z PATH=/usr/local/sbin:/usr/local/bin:/usr/sbin:/usr/bin:/sbin:/bin
2026-02-11T15:30:46.6944349Z LANG=C.UTF-8
2026-02-11T15:30:46.6965982Z ##[endgroup]
2026-02-11T15:30:46.6975261Z ##[group]Waiting for all services to be ready
2026-02-11T15:30:46.6976932Z ##[endgroup]
2026-02-11T15:30:46.7194997Z ##[group]Run pacman -Syu --noconfirm python python-pip git
2026-02-11T15:30:46.7195556Z [36;1mpacman -Syu --noconfirm python python-pip git[0m
2026-02-11T15:30:46.7199030Z shell: sh -e {0}
2026-02-11T15:30:46.7199503Z env:
2026-02-11T15:30:46.7199728Z   PYTHON_VERSION_DEFAULT: 3.11
2026-02-11T15:30:46.7200003Z ##[endgroup]
2026-02-11T15:30:46.7976496Z :: Synchronizing package databases...
2026-02-11T15:30:47.0398481Z  core downloading...
2026-02-11T15:30:47.0398978Z  extra downloading...
2026-02-11T15:30:47.2238442Z :: Starting full system upgrade...
2026-02-11T15:30:47.2250934Z resolving dependencies...
2026-02-11T15:30:47.2279155Z looking for conflicting packages...
2026-02-11T15:30:47.2300958Z 
2026-02-11T15:30:47.2301493Z Package (36)               Old Version                  New Version                  Net Change   Download Size
2026-02-11T15:30:47.2302019Z 
2026-02-11T15:30:47.2302401Z core/binutils              2.45.1+r35+g12d0a1dbc1b9-1   2.46-1                          0.64 MiB       7.93 MiB
2026-02-11T15:30:47.2303191Z core/db5.3                                              5.3.28-5                        6.45 MiB       1.18 MiB
2026-02-11T15:30:47.2304026Z core/gcc-libs              15.2.1+r447+g6a64f6c3ebb8-1  15.2.1+r604+g0b99615a8aef-1  -152.20 MiB       0.00 MiB
2026-02-11T15:30:47.2304633Z core/glibc                 2.42+r51+gcbf39c26b258-2     2.43+r5+g856c426a7534-1         0.48 MiB      10.13 MiB
2026-02-11T15:30:47.2305265Z core/libasan                                            15.2.1+r604+g0b99615a8aef-1     1.79 MiB       0.48 MiB
2026-02-11T15:30:47.2306276Z core/libatomic                                          15.2.1+r604+g0b99615a8aef-1     0.04 MiB       0.01 MiB
2026-02-11T15:30:47.2306779Z core/libgcc                                             15.2.1+r604+g0b99615a8aef-1     0.17 MiB       0.08 MiB
2026-02-11T15:30:47.2307278Z core/libgfortran                                        15.2.1+r604+g0b99615a8aef-1     3.46 MiB       0.89 MiB
2026-02-11T15:30:47.2307918Z core/libgomp                                            15.2.1+r604+g0b99615a8aef-1     0.40 MiB       0.21 MiB
2026-02-11T15:30:47.2308500Z core/liblsan                                            15.2.1+r604+g0b99615a8aef-1     0.53 MiB       0.21 MiB
2026-02-11T15:30:47.2309480Z core/libmakepkg-dropins    18-1                         20-1                            0.00 MiB       0.01 MiB
2026-02-11T15:30:47.2309986Z core/libobjc                                            15.2.1+r604+g0b99615a8aef-1     0.09 MiB       0.04 MiB
2026-02-11T15:30:47.2310460Z core/libp11-kit            0.26.1-1                     0.26.2-1                        0.00 MiB       0.49 MiB
2026-02-11T15:30:47.2311093Z core/libquadmath                                        15.2.1+r604+g0b99615a8aef-1     0.30 MiB       0.16 MiB
2026-02-11T15:30:47.2311713Z core/libstdc++                                          15.2.1+r604+g0b99615a8aef-1     2.57 MiB       0.75 MiB
2026-02-11T15:30:47.2312282Z extra/libsysprof-capture   49.0-1                       49.0-2                          0.00 MiB       0.05 MiB
2026-02-11T15:30:47.2313062Z core/libtsan                                            15.2.1+r604+g0b99615a8aef-1     1.41 MiB       0.43 MiB
2026-02-11T15:30:47.2313869Z core/libubsan                                           15.2.1+r604+g0b99615a8aef-1     0.48 MiB       0.19 MiB
2026-02-11T15:30:47.2314742Z core/linux-api-headers     6.18-1                       6.19-1                          0.09 MiB       1.49 MiB
2026-02-11T15:30:47.2315562Z core/mpdecimal                                          4.0.1-1                         0.33 MiB       0.10 MiB
2026-02-11T15:30:47.2316343Z core/p11-kit               0.26.1-1                     0.26.2-1                        0.00 MiB       0.24 MiB
2026-02-11T15:30:47.2317096Z core/perl                                               5.42.0-1                       69.88 MiB      20.40 MiB
2026-02-11T15:30:47.2317993Z extra/perl-error                                        0.17030-3                       0.04 MiB       0.02 MiB
2026-02-11T15:30:47.2318556Z extra/perl-mailtools                                    2.22-3                          0.10 MiB       0.06 MiB
2026-02-11T15:30:47.2319061Z extra/perl-timedate                                     2.33-9                          0.08 MiB       0.03 MiB
2026-02-11T15:30:47.2319560Z extra/python-attrs                                      25.4.0-3                        0.63 MiB       0.11 MiB
2026-02-11T15:30:47.2320040Z extra/python-cffi                                       2.0.0-2                         1.38 MiB       0.28 MiB
2026-02-11T15:30:47.2320532Z extra/python-cryptography                               46.0.4-1                        5.66 MiB       1.29 MiB
2026-02-11T15:30:47.2321066Z extra/python-filelock                                   3.20.3-1                        0.15 MiB       0.03 MiB
2026-02-11T15:30:47.2321649Z extra/python-packaging                                  26.0-1                          0.89 MiB       0.15 MiB
2026-02-11T15:30:47.2322180Z extra/python-pycparser                                  2.23-2                          2.97 MiB       0.33 MiB
2026-02-11T15:30:47.2322898Z extra/python-wheel                                      0.46.3-1                        0.31 MiB       0.07 MiB
2026-02-11T15:30:47.2323397Z extra/zlib-ng                                           2.3.3-1                         0.28 MiB       0.11 MiB
2026-02-11T15:30:47.2323840Z extra/git                                               2.53.0-1                       29.72 MiB       6.83 MiB
2026-02-11T15:30:47.2324293Z core/python                                             3.14.2-2                       72.04 MiB      13.00 MiB
2026-02-11T15:30:47.2324798Z extra/python-pip                                        26.0.1-1                       16.23 MiB       2.67 MiB
2026-02-11T15:30:47.2325102Z 
2026-02-11T15:30:47.2325209Z Total Download Size:    70.48 MiB
2026-02-11T15:30:47.2325465Z Total Installed Size:  322.11 MiB
2026-02-11T15:30:47.2325714Z Net Upgrade Size:       67.38 MiB
2026-02-11T15:30:47.2325865Z 
2026-02-11T15:30:47.2326061Z :: Proceed with installation? [Y/n] 
2026-02-11T15:30:47.2326337Z :: Retrieving packages...
2026-02-11T15:30:47.5851809Z  perl-5.42.0-1-x86_64 downloading...
2026-02-11T15:30:47.5852291Z  python-3.14.2-2-x86_64 downloading...
2026-02-11T15:30:47.5852887Z  glibc-2.43+r5+g856c426a7534-1-x86_64 downloading...
2026-02-11T15:30:47.5853357Z  binutils-2.46-1-x86_64 downloading...
2026-02-11T15:30:47.5853736Z  git-2.53.0-1-x86_64 downloading...
2026-02-11T15:30:47.5854118Z  python-pip-26.0.1-1-any downloading...
2026-02-11T15:30:47.5854555Z  linux-api-headers-6.19-1-x86_64 downloading...
2026-02-11T15:30:47.5855049Z  python-cryptography-46.0.4-1-x86_64 downloading...
2026-02-11T15:30:47.5855502Z  db5.3-5.3.28-5-x86_64 downloading...
2026-02-11T15:30:47.5855990Z  libgfortran-15.2.1+r604+g0b99615a8aef-1-x86_64 downloading...
2026-02-11T15:30:47.5856468Z  libstdc++-15.2.1+r604+g0b99615a8aef-1-x86_64 downloading...
2026-02-11T15:30:47.5856784Z  libp11-kit-0.26.2-1-x86_64 downloading...
2026-02-11T15:30:47.5857093Z  libasan-15.2.1+r604+g0b99615a8aef-1-x86_64 downloading...
2026-02-11T15:30:47.5857430Z  libtsan-15.2.1+r604+g0b99615a8aef-1-x86_64 downloading...
2026-02-11T15:30:47.5857740Z  python-pycparser-2.23-2-any downloading...
2026-02-11T15:30:47.5858016Z  python-cffi-2.0.0-2-x86_64 downloading...
2026-02-11T15:30:47.5858263Z  p11-kit-0.26.2-1-x86_64 downloading...
2026-02-11T15:30:47.5858577Z  liblsan-15.2.1+r604+g0b99615a8aef-1-x86_64 downloading...
2026-02-11T15:30:47.5858918Z  libgomp-15.2.1+r604+g0b99615a8aef-1-x86_64 downloading...
2026-02-11T15:30:47.5859257Z  libubsan-15.2.1+r604+g0b99615a8aef-1-x86_64 downloading...
2026-02-11T15:30:47.5859625Z  libquadmath-15.2.1+r604+g0b99615a8aef-1-x86_64 downloading...
2026-02-11T15:30:47.5859955Z  python-packaging-26.0-1-any downloading...
2026-02-11T15:30:47.5860242Z  python-attrs-25.4.0-3-any downloading...
2026-02-11T15:30:47.5860780Z  zlib-ng-2.3.3-1-x86_64 downloading...
2026-02-11T15:30:47.5861042Z  mpdecimal-4.0.1-1-x86_64 downloading...
2026-02-11T15:30:47.5861350Z  libgcc-15.2.1+r604+g0b99615a8aef-1-x86_64 downloading...
2026-02-11T15:30:47.5861775Z  python-wheel-0.46.3-1-any downloading...
2026-02-11T15:30:47.5862191Z  perl-mailtools-2.22-3-any downloading...
2026-02-11T15:30:47.5862823Z  libsysprof-capture-49.0-2-x86_64 downloading...
2026-02-11T15:30:47.5863384Z  libobjc-15.2.1+r604+g0b99615a8aef-1-x86_64 downloading...
2026-02-11T15:30:47.5863872Z  perl-timedate-2.33-9-any downloading...
2026-02-11T15:30:47.5864306Z  python-filelock-3.20.3-1-any downloading...
2026-02-11T15:30:47.5864730Z  perl-error-0.17030-3-any downloading...
2026-02-11T15:30:47.5865233Z  libatomic-15.2.1+r604+g0b99615a8aef-1-x86_64 downloading...
2026-02-11T15:30:47.5865917Z  libmakepkg-dropins-20-1-any downloading...
2026-02-11T15:30:47.5866441Z  gcc-libs-15.2.1+r604+g0b99615a8aef-1-x86_64 downloading...
2026-02-11T15:30:47.5866912Z checking keyring...
2026-02-11T15:30:47.6898192Z checking package integrity...
2026-02-11T15:30:48.5375492Z loading package files...
2026-02-11T15:30:48.5903480Z checking for file conflicts...
2026-02-11T15:30:48.6124796Z :: Processing package changes...
2026-02-11T15:30:48.6125152Z upgrading linux-api-headers...
2026-02-11T15:30:48.7904633Z upgrading glibc...
2026-02-11T15:30:49.0860404Z Generating locales...
2026-02-11T15:30:49.0936882Z Generation complete.
2026-02-11T15:30:49.1197765Z installing libasan...
2026-02-11T15:30:49.1258998Z installing libatomic...
2026-02-11T15:30:49.1269895Z installing libgfortran...
2026-02-11T15:30:49.1360231Z installing libgcc...
2026-02-11T15:30:49.1379640Z installing libgomp...
2026-02-11T15:30:49.1401919Z installing liblsan...
2026-02-11T15:30:49.1429970Z installing libobjc...
2026-02-11T15:30:49.1443598Z installing libquadmath...
2026-02-11T15:30:49.1463776Z installing libstdc++...
2026-02-11T15:30:49.1538251Z installing libtsan...
2026-02-11T15:30:49.1587577Z installing libubsan...
2026-02-11T15:30:49.1613878Z upgrading gcc-libs...
2026-02-11T15:30:49.1643445Z installing mpdecimal...
2026-02-11T15:30:49.1673072Z installing python...
2026-02-11T15:30:49.6021537Z Optional dependencies for python
2026-02-11T15:30:49.6022262Z     python-setuptools: for building Python packages using tooling that is usually bundled with Python
2026-02-11T15:30:49.6023490Z     python-pip: for installing Python packages using tooling that is usually bundled with Python [pending]
2026-02-11T15:30:49.6024045Z     python-pipx: for installing Python software not packaged on Arch Linux
2026-02-11T15:30:49.6024434Z     sqlite: for a default database integration [installed]
2026-02-11T15:30:49.6024731Z     xz: for lzma [installed]
2026-02-11T15:30:49.6024936Z     tk: for tkinter
2026-02-11T15:30:49.6025137Z installing python-attrs...
2026-02-11T15:30:49.6121169Z installing python-pycparser...
2026-02-11T15:30:49.6242056Z installing python-cffi...
2026-02-11T15:30:49.6348288Z Optional dependencies for python-cffi
2026-02-11T15:30:49.6349047Z     python-setuptools: "limited api" version checking in cffi.setuptools_ext
2026-02-11T15:30:49.6349667Z installing python-cryptography...
2026-02-11T15:30:49.6810804Z installing python-filelock...
2026-02-11T15:30:49.6853238Z installing python-packaging...
2026-02-11T15:30:49.6943385Z installing python-wheel...
2026-02-11T15:30:49.7012882Z Optional dependencies for python-wheel
2026-02-11T15:30:49.7013379Z     python-keyring: for wheel.signatures
2026-02-11T15:30:49.7013807Z     python-xdg: for wheel.signatures
2026-02-11T15:30:49.7014305Z     python-setuptools: for legacy bdist_wheel subcommand
2026-02-11T15:30:49.7014811Z installing python-pip...
2026-02-11T15:30:49.8997612Z installing db5.3...
2026-02-11T15:30:49.9172236Z installing perl...
2026-02-11T15:30:50.3107683Z installing perl-error...
2026-02-11T15:30:50.3116668Z installing perl-timedate...
2026-02-11T15:30:50.3165611Z installing perl-mailtools...
2026-02-11T15:30:50.3195030Z installing zlib-ng...
2026-02-11T15:30:50.3242434Z upgrading libp11-kit...
2026-02-11T15:30:50.3384878Z upgrading p11-kit...
2026-02-11T15:30:50.3519549Z installing git...
2026-02-11T15:30:50.5188529Z Optional dependencies for git
2026-02-11T15:30:50.5189017Z     git-zsh-completion: upstream zsh completion
2026-02-11T15:30:50.5189358Z     tk: gitk and git gui
2026-02-11T15:30:50.5189597Z     openssh: ssh transport and crypto
2026-02-11T15:30:50.5189906Z     man: show help with `git command --help`
2026-02-11T15:30:50.5190171Z     perl-libwww: git svn
2026-02-11T15:30:50.5190462Z     perl-term-readkey: git svn and interactive.singlekey setting
2026-02-11T15:30:50.5190820Z     perl-io-socket-ssl: git send-email TLS support
2026-02-11T15:30:50.5191131Z     perl-authen-sasl: git send-email TLS support
2026-02-11T15:30:50.5191414Z     perl-cgi: gitweb (web interface) support
2026-02-11T15:30:50.5191689Z     python: git svn & git p4 [installed]
2026-02-11T15:30:50.5191934Z     subversion: git svn
2026-02-11T15:30:50.5192199Z     org.freedesktop.secrets: keyring credential helper
2026-02-11T15:30:50.5192533Z     libsecret: libsecret credential helper [installed]
2026-02-11T15:30:50.5193062Z     less: the default pager for git
2026-02-11T15:30:50.5193309Z upgrading binutils...
2026-02-11T15:30:50.6319925Z New optional dependencies for binutils
2026-02-11T15:30:50.6320472Z     perl: for gprofng-display-html [installed]
2026-02-11T15:30:50.6320778Z upgrading libmakepkg-dropins...
2026-02-11T15:30:50.6354048Z upgrading libsysprof-capture...
2026-02-11T15:30:51.5433793Z :: Running post-transaction hooks...
2026-02-11T15:30:51.5434255Z (1/5) Creating system user accounts...
2026-02-11T15:30:51.6150188Z Creating group 'git' with GID 969.
2026-02-11T15:30:51.6154032Z Creating user 'git' (git daemon user) with UID 969 and GID 969.
2026-02-11T15:30:51.6205406Z (2/5) Reloading system manager configuration...
2026-02-11T15:30:51.7008627Z   Skipped: Current root is not booted.
2026-02-11T15:30:51.7009144Z (3/5) Reloading user manager configuration...
2026-02-11T15:30:51.7740618Z   Skipped: Current root is not booted.
2026-02-11T15:30:51.7743256Z (4/5) Arming ConditionNeedsUpdate...
2026-02-11T15:30:51.8436889Z (5/5) Checking for old perl modules...
2026-02-11T15:30:51.9620129Z ##[group]Run actions/checkout@v6
2026-02-11T15:30:51.9620584Z with:
2026-02-11T15:30:51.9620778Z   submodules: recursive
2026-02-11T15:30:51.9621012Z   repository: gabrielima7/ImunoEdge
2026-02-11T15:30:51.9621403Z   token: ***
2026-02-11T15:30:51.9621596Z   ssh-strict: true
2026-02-11T15:30:51.9621776Z   ssh-user: git
2026-02-11T15:30:51.9621969Z   persist-credentials: true
2026-02-11T15:30:51.9622175Z   clean: true
2026-02-11T15:30:51.9622366Z   sparse-checkout-cone-mode: true
2026-02-11T15:30:51.9622590Z   fetch-depth: 1
2026-02-11T15:30:51.9622985Z   fetch-tags: false
2026-02-11T15:30:51.9623173Z   show-progress: true
2026-02-11T15:30:51.9623358Z   lfs: false
2026-02-11T15:30:51.9623532Z   set-safe-directory: true
2026-02-11T15:30:51.9623736Z env:
2026-02-11T15:30:51.9623913Z   PYTHON_VERSION_DEFAULT: 3.11
2026-02-11T15:30:51.9624120Z ##[endgroup]
2026-02-11T15:30:51.9734964Z ##[command]/usr/bin/docker exec  7026abc42d51d539aae0c60eb41684fc456aef5b9ccd16c702ea16cbb9e2c8d3 sh -c "cat /etc/*release | grep ^ID"
2026-02-11T15:30:52.1741116Z Syncing repository: gabrielima7/ImunoEdge
2026-02-11T15:30:52.1743311Z ##[group]Getting Git version info
2026-02-11T15:30:52.1743787Z Working directory is '/__w/ImunoEdge/ImunoEdge'
2026-02-11T15:30:52.1744526Z [command]/usr/sbin/git version
2026-02-11T15:30:52.1744860Z git version 2.53.0
2026-02-11T15:30:52.1746021Z ##[endgroup]
2026-02-11T15:30:52.1756669Z Temporarily overriding HOME='/__w/_temp/3932328e-1fa4-4f42-b4cb-2742fa4f042f' before making global git config changes
2026-02-11T15:30:52.1757747Z Adding repository directory to the temporary git global config as a safe directory
2026-02-11T15:30:52.1761711Z [command]/usr/sbin/git config --global --add safe.directory /__w/ImunoEdge/ImunoEdge
2026-02-11T15:30:52.1799990Z Deleting the contents of '/__w/ImunoEdge/ImunoEdge'
2026-02-11T15:30:52.1804212Z ##[group]Initializing the repository
2026-02-11T15:30:52.1808062Z [command]/usr/sbin/git init /__w/ImunoEdge/ImunoEdge
2026-02-11T15:30:52.1862464Z hint: Using 'master' as the name for the initial branch. This default branch name
2026-02-11T15:30:52.1864386Z hint: will change to "main" in Git 3.0. To configure the initial branch name
2026-02-11T15:30:52.1865144Z hint: to use in all of your new repositories, which will suppress this warning,
2026-02-11T15:30:52.1865727Z hint: call:
2026-02-11T15:30:52.1865965Z hint:
2026-02-11T15:30:52.1866378Z hint: 	git config --global init.defaultBranch <name>
2026-02-11T15:30:52.1866811Z hint:
2026-02-11T15:30:52.1867240Z hint: Names commonly chosen instead of 'master' are 'main', 'trunk' and
2026-02-11T15:30:52.1868008Z hint: 'development'. The just-created branch can be renamed via this command:
2026-02-11T15:30:52.1868585Z hint:
2026-02-11T15:30:52.1868866Z hint: 	git branch -m <name>
2026-02-11T15:30:52.1869180Z hint:
2026-02-11T15:30:52.1869648Z hint: Disable this message with "git config set advice.defaultBranchName false"
2026-02-11T15:30:52.1870420Z Initialized empty Git repository in /__w/ImunoEdge/ImunoEdge/.git/
2026-02-11T15:30:52.1879486Z [command]/usr/sbin/git remote add origin https://github.com/gabrielima7/ImunoEdge
2026-02-11T15:30:52.1915331Z ##[endgroup]
2026-02-11T15:30:52.1915829Z ##[group]Disabling automatic garbage collection
2026-02-11T15:30:52.1919332Z [command]/usr/sbin/git config --local gc.auto 0
2026-02-11T15:30:52.1949075Z ##[endgroup]
2026-02-11T15:30:52.1949514Z ##[group]Setting up auth
2026-02-11T15:30:52.1951840Z Removing SSH command configuration
2026-02-11T15:30:52.1956754Z [command]/usr/sbin/git config --local --name-only --get-regexp core\.sshCommand
2026-02-11T15:30:52.1989586Z [command]/usr/sbin/git submodule foreach --recursive sh -c "git config --local --name-only --get-regexp 'core\.sshCommand' && git config --local --unset-all 'core.sshCommand' || :"
2026-02-11T15:30:52.2299384Z Removing HTTP extra header
2026-02-11T15:30:52.2303941Z [command]/usr/sbin/git config --local --name-only --get-regexp http\.https\:\/\/github\.com\/\.extraheader
2026-02-11T15:30:52.2337027Z [command]/usr/sbin/git submodule foreach --recursive sh -c "git config --local --name-only --get-regexp 'http\.https\:\/\/github\.com\/\.extraheader' && git config --local --unset-all 'http.https://github.com/.extraheader' || :"
2026-02-11T15:30:52.2642295Z Removing includeIf entries pointing to credentials config files
2026-02-11T15:30:52.2648344Z [command]/usr/sbin/git config --local --name-only --get-regexp ^includeIf\.gitdir:
2026-02-11T15:30:52.2681829Z [command]/usr/sbin/git submodule foreach --recursive git config --local --show-origin --name-only --get-regexp remote.origin.url
2026-02-11T15:30:52.2998739Z [command]/usr/sbin/git config --file /__w/_temp/git-credentials-5b4c953d-ae8d-4f71-8d46-e9694fc96f2a.config http.https://github.com/.extraheader AUTHORIZATION: basic ***
2026-02-11T15:30:52.3037725Z [command]/usr/sbin/git config --local includeIf.gitdir:/__w/ImunoEdge/ImunoEdge/.git.path /__w/_temp/git-credentials-5b4c953d-ae8d-4f71-8d46-e9694fc96f2a.config
2026-02-11T15:30:52.3068564Z [command]/usr/sbin/git config --local includeIf.gitdir:/__w/ImunoEdge/ImunoEdge/.git/worktrees/*.path /__w/_temp/git-credentials-5b4c953d-ae8d-4f71-8d46-e9694fc96f2a.config
2026-02-11T15:30:52.3100509Z [command]/usr/sbin/git config --local includeIf.gitdir:/github/workspace/.git.path /github/runner_temp/git-credentials-5b4c953d-ae8d-4f71-8d46-e9694fc96f2a.config
2026-02-11T15:30:52.3131131Z [command]/usr/sbin/git config --local includeIf.gitdir:/github/workspace/.git/worktrees/*.path /github/runner_temp/git-credentials-5b4c953d-ae8d-4f71-8d46-e9694fc96f2a.config
2026-02-11T15:30:52.3159557Z ##[endgroup]
2026-02-11T15:30:52.3159924Z ##[group]Fetching the repository
2026-02-11T15:30:52.3169026Z [command]/usr/sbin/git -c protocol.version=2 fetch --no-tags --prune --no-recurse-submodules --depth=1 origin +22797f30b775dab08a63282bfc3c092003bdea47:refs/remotes/origin/main
2026-02-11T15:30:52.5805772Z From https://github.com/gabrielima7/ImunoEdge
2026-02-11T15:30:52.5806542Z  * [new ref]         22797f30b775dab08a63282bfc3c092003bdea47 -> origin/main
2026-02-11T15:30:52.5849417Z [command]/usr/sbin/git branch --list --remote origin/main
2026-02-11T15:30:52.5878439Z   origin/main
2026-02-11T15:30:52.5888619Z [command]/usr/sbin/git rev-parse refs/remotes/origin/main
2026-02-11T15:30:52.5914312Z 22797f30b775dab08a63282bfc3c092003bdea47
2026-02-11T15:30:52.5920035Z ##[endgroup]
2026-02-11T15:30:52.5920572Z ##[group]Determining the checkout info
2026-02-11T15:30:52.5924014Z ##[endgroup]
2026-02-11T15:30:52.5926158Z [command]/usr/sbin/git sparse-checkout disable
2026-02-11T15:30:52.5969698Z [command]/usr/sbin/git config --local --unset-all extensions.worktreeConfig
2026-02-11T15:30:52.5999739Z ##[group]Checking out the ref
2026-02-11T15:30:52.6003614Z [command]/usr/sbin/git checkout --progress --force -B main refs/remotes/origin/main
2026-02-11T15:30:52.6142335Z Switched to a new branch 'main'
2026-02-11T15:30:52.6146693Z branch 'main' set up to track 'origin/main'.
2026-02-11T15:30:52.6152368Z ##[endgroup]
2026-02-11T15:30:52.6153310Z ##[group]Setting up auth for fetching submodules
2026-02-11T15:30:52.6160181Z [command]/usr/sbin/git config --file /__w/_temp/git-credentials-5b4c953d-ae8d-4f71-8d46-e9694fc96f2a.config http.https://github.com/.extraheader AUTHORIZATION: basic ***
2026-02-11T15:30:52.6201212Z [command]/usr/sbin/git config --global include.path /__w/_temp/git-credentials-5b4c953d-ae8d-4f71-8d46-e9694fc96f2a.config
2026-02-11T15:30:52.6238481Z [command]/usr/sbin/git config --global --unset-all url.https://github.com/.insteadOf
2026-02-11T15:30:52.6284091Z [command]/usr/sbin/git config --global --add url.https://github.com/.insteadOf git@github.com:
2026-02-11T15:30:52.6323435Z [command]/usr/sbin/git config --global --add url.https://github.com/.insteadOf org-230595838@github.com:
2026-02-11T15:30:52.6356556Z ##[endgroup]
2026-02-11T15:30:52.6358544Z ##[group]Fetching submodules
2026-02-11T15:30:52.6361087Z [command]/usr/sbin/git submodule sync --recursive
2026-02-11T15:30:52.6707505Z [command]/usr/sbin/git -c protocol.version=2 submodule update --init --force --depth=1 --recursive
2026-02-11T15:30:52.7037784Z Submodule 'TaipanStack' (https://github.com/gabrielima7/TaipanStack.git) registered for path 'TaipanStack'
2026-02-11T15:30:52.7068086Z Cloning into '/__w/ImunoEdge/ImunoEdge/TaipanStack'...
2026-02-11T15:30:53.0681805Z Submodule path 'TaipanStack': checked out '788267ef00de0831d0cbe7423802ecc040dd79f8'
2026-02-11T15:30:53.0719655Z [command]/usr/sbin/git submodule foreach --recursive git config --local gc.auto 0
2026-02-11T15:30:53.1051334Z Entering 'TaipanStack'
2026-02-11T15:30:53.1124255Z ##[endgroup]
2026-02-11T15:30:53.1124781Z ##[group]Persisting credentials for submodules
2026-02-11T15:30:53.1130792Z [command]/usr/sbin/git submodule foreach --recursive sh -c "git config --local --name-only --get-regexp 'url\.https\:\/\/github\.com\/\.insteadOf' && git config --local --unset-all 'url.https://github.com/.insteadOf' || :"
2026-02-11T15:30:53.1442985Z Entering 'TaipanStack'
2026-02-11T15:30:53.1530750Z [command]/usr/sbin/git submodule foreach --recursive git config --local --show-origin --name-only --get-regexp remote.origin.url
2026-02-11T15:30:53.1840427Z Entering 'TaipanStack'
2026-02-11T15:30:53.1871133Z file:/__w/ImunoEdge/ImunoEdge/.git/modules/TaipanStack/config	remote.origin.url
2026-02-11T15:30:53.1906118Z [command]/usr/sbin/git config --file /__w/ImunoEdge/ImunoEdge/.git/modules/TaipanStack/config includeIf.gitdir:/__w/ImunoEdge/ImunoEdge/.git/modules/TaipanStack.path /__w/_temp/git-credentials-5b4c953d-ae8d-4f71-8d46-e9694fc96f2a.config
2026-02-11T15:30:53.1944374Z [command]/usr/sbin/git config --file /__w/ImunoEdge/ImunoEdge/.git/modules/TaipanStack/config includeIf.gitdir:/github/workspace/.git/modules/TaipanStack.path /github/runner_temp/git-credentials-5b4c953d-ae8d-4f71-8d46-e9694fc96f2a.config
2026-02-11T15:30:53.1979182Z [command]/usr/sbin/git submodule foreach --recursive git config --local --add 'url.https://github.com/.insteadOf' 'git@github.com:'
2026-02-11T15:30:53.2285528Z Entering 'TaipanStack'
2026-02-11T15:30:53.2353026Z [command]/usr/sbin/git submodule foreach --recursive git config --local --add 'url.https://github.com/.insteadOf' 'org-230595838@github.com:'
2026-02-11T15:30:53.2659303Z Entering 'TaipanStack'
2026-02-11T15:30:53.2721361Z ##[endgroup]
2026-02-11T15:30:53.2763178Z [command]/usr/sbin/git log -1 --format=%H
2026-02-11T15:30:53.2789725Z 22797f30b775dab08a63282bfc3c092003bdea47
2026-02-11T15:30:53.2944599Z ##[group]Run python3 -m pip install --upgrade pip --break-system-packages || python3 -m pip install --upgrade pip || true
2026-02-11T15:30:53.2945427Z [36;1mpython3 -m pip install --upgrade pip --break-system-packages || python3 -m pip install --upgrade pip || true[0m
2026-02-11T15:30:53.2946196Z [36;1mpython3 -m pip install setuptools wheel --break-system-packages || python3 -m pip install setuptools wheel || true[0m
2026-02-11T15:30:53.2946841Z [36;1mpython3 -m pip install -e . --break-system-packages || python3 -m pip install -e .[0m
2026-02-11T15:30:53.2947317Z shell: sh -e {0}
2026-02-11T15:30:53.2947501Z env:
2026-02-11T15:30:53.2947678Z   PYTHON_VERSION_DEFAULT: 3.11
2026-02-11T15:30:53.2947924Z ##[endgroup]
2026-02-11T15:30:53.6221119Z WARNING: The directory '/github/home/.cache/pip' or its parent directory is not owned or is not writable by the current user. The cache has been disabled. Check the permissions and owner of that directory. If executing pip with sudo, you should use sudo's -H flag.
2026-02-11T15:30:53.6596114Z Requirement already satisfied: pip in /usr/lib/python3.14/site-packages (26.0.1)
2026-02-11T15:30:53.7190435Z WARNING: Running pip as the 'root' user can result in broken permissions and conflicting behaviour with the system package manager, possibly rendering your system unusable. It is recommended to use a virtual environment instead: https://pip.pypa.io/warnings/venv. Use the --root-user-action option if you know what you are doing and want to suppress this warning.
2026-02-11T15:30:54.0330382Z WARNING: The directory '/github/home/.cache/pip' or its parent directory is not owned or is not writable by the current user. The cache has been disabled. Check the permissions and owner of that directory. If executing pip with sudo, you should use sudo's -H flag.
2026-02-11T15:30:54.1734832Z Collecting setuptools
2026-02-11T15:30:54.2120789Z   Downloading setuptools-82.0.0-py3-none-any.whl.metadata (6.6 kB)
2026-02-11T15:30:54.2182185Z Requirement already satisfied: wheel in /usr/lib/python3.14/site-packages (0.46.3)
2026-02-11T15:30:54.2197071Z Requirement already satisfied: packaging>=24.0 in /usr/lib/python3.14/site-packages (from wheel) (26.0)
2026-02-11T15:30:54.2239853Z Downloading setuptools-82.0.0-py3-none-any.whl (1.0 MB)
2026-02-11T15:30:54.2445259Z    ━━━━━━━━━━━━━━━━━━━━━━━━━━━━━━━━━━━━━━━━ 1.0/1.0 MB 83.6 MB/s  0:00:00
2026-02-11T15:30:54.2580895Z Installing collected packages: setuptools
2026-02-11T15:30:54.8775043Z Successfully installed setuptools-82.0.0
2026-02-11T15:30:54.8777311Z WARNING: Running pip as the 'root' user can result in broken permissions and conflicting behaviour with the system package manager, possibly rendering your system unusable. It is recommended to use a virtual environment instead: https://pip.pypa.io/warnings/venv. Use the --root-user-action option if you know what you are doing and want to suppress this warning.
2026-02-11T15:30:55.2050759Z WARNING: The directory '/github/home/.cache/pip' or its parent directory is not owned or is not writable by the current user. The cache has been disabled. Check the permissions and owner of that directory. If executing pip with sudo, you should use sudo's -H flag.
2026-02-11T15:30:55.2400680Z Obtaining file:///__w/ImunoEdge/ImunoEdge
2026-02-11T15:30:55.2417438Z   Installing build dependencies: started
2026-02-11T15:30:55.8306504Z   Installing build dependencies: finished with status 'done'
2026-02-11T15:30:55.8311744Z   Checking if build backend supports build_editable: started
2026-02-11T15:30:56.1173978Z   Checking if build backend supports build_editable: finished with status 'done'
2026-02-11T15:30:56.1247183Z ERROR: Exception:
2026-02-11T15:30:56.1247514Z Traceback (most recent call last):
2026-02-11T15:30:56.1248256Z   File "/usr/lib/python3.14/site-packages/pip/_internal/cli/base_command.py", line 107, in _run_wrapper
2026-02-11T15:30:56.1248964Z     status = _inner_run()
2026-02-11T15:30:56.1249794Z   File "/usr/lib/python3.14/site-packages/pip/_internal/cli/base_command.py", line 98, in _inner_run
2026-02-11T15:30:56.1250227Z     return self.run(options, args)
2026-02-11T15:30:56.1250455Z            ~~~~~~~~^^^^^^^^^^^^^^^
2026-02-11T15:30:56.1250835Z   File "/usr/lib/python3.14/site-packages/pip/_internal/cli/req_command.py", line 96, in wrapper
2026-02-11T15:30:56.1251251Z     return func(self, options, args)
2026-02-11T15:30:56.1251642Z   File "/usr/lib/python3.14/site-packages/pip/_internal/commands/install.py", line 392, in run
2026-02-11T15:30:56.1252044Z     requirement_set = resolver.resolve(
2026-02-11T15:30:56.1252369Z         reqs, check_supported_wheels=not options.target_dir
2026-02-11T15:30:56.1252890Z     )
2026-02-11T15:30:56.1253316Z   File "/usr/lib/python3.14/site-packages/pip/_internal/resolution/resolvelib/resolver.py", line 79, in resolve
2026-02-11T15:30:56.1253866Z     collected = self.factory.collect_root_requirements(root_reqs)
2026-02-11T15:30:56.1254509Z   File "/usr/lib/python3.14/site-packages/pip/_internal/resolution/resolvelib/factory.py", line 538, in collect_root_requirements
2026-02-11T15:30:56.1255029Z     reqs = list(
2026-02-11T15:30:56.1255237Z         self._make_requirements_from_install_req(
2026-02-11T15:30:56.1255497Z     ...<2 lines>...
2026-02-11T15:30:56.1255666Z         )
2026-02-11T15:30:56.1255818Z     )
2026-02-11T15:30:56.1256280Z   File "/usr/lib/python3.14/site-packages/pip/_internal/resolution/resolvelib/factory.py", line 494, in _make_requirements_from_install_req
2026-02-11T15:30:56.1256852Z     cand = self._make_base_candidate_from_link(
2026-02-11T15:30:56.1257097Z         ireq.link,
2026-02-11T15:30:56.1257270Z     ...<2 lines>...
2026-02-11T15:30:56.1257439Z         version=None,
2026-02-11T15:30:56.1257609Z     )
2026-02-11T15:30:56.1258224Z   File "/usr/lib/python3.14/site-packages/pip/_internal/resolution/resolvelib/factory.py", line 205, in _make_base_candidate_from_link
2026-02-11T15:30:56.1258807Z     self._editable_candidate_cache[link] = EditableCandidate(
2026-02-11T15:30:56.1259134Z                                            ~~~~~~~~~~~~~~~~~^
2026-02-11T15:30:56.1259361Z         link,
2026-02-11T15:30:56.1259519Z         ^^^^^
2026-02-11T15:30:56.1259669Z     ...<3 lines>...
2026-02-11T15:30:56.1259844Z         version=version,
2026-02-11T15:30:56.1260040Z         ^^^^^^^^^^^^^^^^
2026-02-11T15:30:56.1260208Z     )
2026-02-11T15:30:56.1260353Z     ^
2026-02-11T15:30:56.1260737Z   File "/usr/lib/python3.14/site-packages/pip/_internal/resolution/resolvelib/candidates.py", line 343, in __init__
2026-02-11T15:30:56.1261203Z     super().__init__(
2026-02-11T15:30:56.1261391Z     ~~~~~~~~~~~~~~~~^
2026-02-11T15:30:56.1261564Z         link=link,
2026-02-11T15:30:56.1261722Z         ^^^^^^^^^^
2026-02-11T15:30:56.1261883Z     ...<4 lines>...
2026-02-11T15:30:56.1262056Z         version=version,
2026-02-11T15:30:56.1262243Z         ^^^^^^^^^^^^^^^^
2026-02-11T15:30:56.1262406Z     )
2026-02-11T15:30:56.1262551Z     ^
2026-02-11T15:30:56.1263115Z   File "/usr/lib/python3.14/site-packages/pip/_internal/resolution/resolvelib/candidates.py", line 161, in __init__
2026-02-11T15:30:56.1263634Z     self.dist = self._prepare()
2026-02-11T15:30:56.1263862Z                 ~~~~~~~~~~~~~^^
2026-02-11T15:30:56.1264325Z   File "/usr/lib/python3.14/site-packages/pip/_internal/resolution/resolvelib/candidates.py", line 238, in _prepare
2026-02-11T15:30:56.1264805Z     dist = self._prepare_distribution()
2026-02-11T15:30:56.1265325Z   File "/usr/lib/python3.14/site-packages/pip/_internal/resolution/resolvelib/candidates.py", line 353, in _prepare_distribution
2026-02-11T15:30:56.1265948Z     return self._factory.preparer.prepare_editable_requirement(self._ireq)
2026-02-11T15:30:56.1266334Z            ~~~~~~~~~~~~~~~~~~~~~~~~~~~~~~~~~~~~~~~~~~~~~~~~~~~^^^^^^^^^^^^
2026-02-11T15:30:56.1266867Z   File "/usr/lib/python3.14/site-packages/pip/_internal/operations/prepare.py", line 713, in prepare_editable_requirement
2026-02-11T15:30:56.1267356Z     dist = _get_prepared_distribution(
2026-02-11T15:30:56.1267583Z         req,
2026-02-11T15:30:56.1267924Z     ...<3 lines>...
2026-02-11T15:30:56.1268117Z         self.check_build_deps,
2026-02-11T15:30:56.1268321Z     )
2026-02-11T15:30:56.1268719Z   File "/usr/lib/python3.14/site-packages/pip/_internal/operations/prepare.py", line 77, in _get_prepared_distribution
2026-02-11T15:30:56.1269215Z     abstract_dist.prepare_distribution_metadata(
2026-02-11T15:30:56.1269476Z     ~~~~~~~~~~~~~~~~~~~~~~~~~~~~~~~~~~~~~~~~~~~^
2026-02-11T15:30:56.1269786Z         build_env_installer, build_isolation, check_build_deps
2026-02-11T15:30:56.1270101Z         ^^^^^^^^^^^^^^^^^^^^^^^^^^^^^^^^^^^^^^^^^^^^^^^^^^^^^^
2026-02-11T15:30:56.1270328Z     )
2026-02-11T15:30:56.1270487Z     ^
2026-02-11T15:30:56.1270900Z   File "/usr/lib/python3.14/site-packages/pip/_internal/distributions/sdist.py", line 53, in prepare_distribution_metadata
2026-02-11T15:30:56.1271433Z     self.req.editable_sanity_check()
2026-02-11T15:30:56.1271663Z     ~~~~~~~~~~~~~~~~~~~~~~~~~~~~~~^^
2026-02-11T15:30:56.1272111Z   File "/usr/lib/python3.14/site-packages/pip/_internal/req/req_install.py", line 501, in editable_sanity_check
2026-02-11T15:30:56.1272722Z     if self.editable and not self.supports_pyproject_editable:
2026-02-11T15:30:56.1273170Z                              ^^^^^^^^^^^^^^^^^^^^^^^^^^^^^^^^
2026-02-11T15:30:56.1273513Z   File "/usr/lib/python3.14/functools.py", line 1126, in __get__
2026-02-11T15:30:56.1273819Z     val = self.func(instance)
2026-02-11T15:30:56.1274281Z   File "/usr/lib/python3.14/site-packages/pip/_internal/req/req_install.py", line 237, in supports_pyproject_editable
2026-02-11T15:30:56.1274845Z     return "build_editable" in self.pep517_backend._supported_features()
2026-02-11T15:30:56.1275204Z                                ~~~~~~~~~~~~~~~~~~~~~~~~~~~~~~~~~~~~~~~^^
2026-02-11T15:30:56.1275823Z   File "/usr/lib/python3.14/site-packages/pip/_vendor/pyproject_hooks/_impl.py", line 180, in _supported_features
2026-02-11T15:30:56.1276337Z     return self._call_hook("_supported_features", {})
2026-02-11T15:30:56.1276630Z            ~~~~~~~~~~~~~~~^^^^^^^^^^^^^^^^^^^^^^^^^^^
2026-02-11T15:30:56.1277038Z   File "/usr/lib/python3.14/site-packages/pip/_vendor/pyproject_hooks/_impl.py", line 402, in _call_hook
2026-02-11T15:30:56.1277472Z     raise BackendUnavailable(
2026-02-11T15:30:56.1277676Z     ...<4 lines>...
2026-02-11T15:30:56.1277848Z     )
2026-02-11T15:30:56.1278207Z pip._vendor.pyproject_hooks._impl.BackendUnavailable: Cannot import 'setuptools.backends._legacy'
2026-02-11T15:30:56.4550669Z WARNING: The directory '/github/home/.cache/pip' or its parent directory is not owned or is not writable by the current user. The cache has been disabled. Check the permissions and owner of that directory. If executing pip with sudo, you should use sudo's -H flag.
2026-02-11T15:30:56.4815698Z error: externally-managed-environment
2026-02-11T15:30:56.4816058Z 
2026-02-11T15:30:56.4816415Z × This environment is externally managed
2026-02-11T15:30:56.4816832Z ╰─> To install Python packages system-wide, try 'pacman -S
2026-02-11T15:30:56.4817253Z     python-xyz', where xyz is the package you are trying to
2026-02-11T15:30:56.4817542Z     install.
2026-02-11T15:30:56.4817714Z     
2026-02-11T15:30:56.4817939Z     If you wish to install a non-Arch-packaged Python package,
2026-02-11T15:30:56.4818343Z     create a virtual environment using 'python -m venv path/to/venv'.
2026-02-11T15:30:56.4818737Z     Then use path/to/venv/bin/python and path/to/venv/bin/pip.
2026-02-11T15:30:56.4819018Z     
2026-02-11T15:30:56.4819257Z     If you wish to install a non-Arch packaged Python application,
2026-02-11T15:30:56.4819636Z     it may be easiest to use 'pipx install xyz', which will manage a
2026-02-11T15:30:56.4820024Z     virtual environment for you. Make sure you have python-pipx
2026-02-11T15:30:56.4820348Z     installed via pacman.
2026-02-11T15:30:56.4820491Z 
2026-02-11T15:30:56.4821743Z note: If you believe this is a mistake, please contact your Python installation or OS distribution provider. You can override this, at the risk of breaking your Python installation or OS, by passing --break-system-packages.
2026-02-11T15:30:56.4822843Z hint: See PEP 668 for the detailed specification.
2026-02-11T15:30:56.5364811Z ##[error]Process completed with exit code 1.
2026-02-11T15:30:56.5464759Z Post job cleanup.
2026-02-11T15:30:56.5469214Z ##[command]/usr/bin/docker exec  7026abc42d51d539aae0c60eb41684fc456aef5b9ccd16c702ea16cbb9e2c8d3 sh -c "cat /etc/*release | grep ^ID"
2026-02-11T15:30:56.7479328Z [command]/usr/sbin/git version
2026-02-11T15:30:56.7534205Z git version 2.53.0
2026-02-11T15:30:56.7583786Z Temporarily overriding HOME='/__w/_temp/a11986d6-f824-4e3a-b62c-9521744345b4' before making global git config changes
2026-02-11T15:30:56.7586036Z Adding repository directory to the temporary git global config as a safe directory
2026-02-11T15:30:56.7591224Z [command]/usr/sbin/git config --global --add safe.directory /__w/ImunoEdge/ImunoEdge
2026-02-11T15:30:56.7628355Z Removing SSH command configuration
2026-02-11T15:30:56.7648074Z [command]/usr/sbin/git config --local --name-only --get-regexp core\.sshCommand
2026-02-11T15:30:56.7690767Z [command]/usr/sbin/git submodule foreach --recursive sh -c "git config --local --name-only --get-regexp 'core\.sshCommand' && git config --local --unset-all 'core.sshCommand' || :"
2026-02-11T15:30:56.8096237Z Entering 'TaipanStack'
2026-02-11T15:30:56.8224470Z Removing HTTP extra header
2026-02-11T15:30:56.8225261Z [command]/usr/sbin/git config --local --name-only --get-regexp http\.https\:\/\/github\.com\/\.extraheader
2026-02-11T15:30:56.8268709Z [command]/usr/sbin/git submodule foreach --recursive sh -c "git config --local --name-only --get-regexp 'http\.https\:\/\/github\.com\/\.extraheader' && git config --local --unset-all 'http.https://github.com/.extraheader' || :"
2026-02-11T15:30:56.8646984Z Entering 'TaipanStack'
2026-02-11T15:30:56.8728727Z Removing includeIf entries pointing to credentials config files
2026-02-11T15:30:56.8735461Z [command]/usr/sbin/git config --local --name-only --get-regexp ^includeIf\.gitdir:
2026-02-11T15:30:56.8761235Z includeif.gitdir:/__w/ImunoEdge/ImunoEdge/.git.path
2026-02-11T15:30:56.8761856Z includeif.gitdir:/__w/ImunoEdge/ImunoEdge/.git/worktrees/*.path
2026-02-11T15:30:56.8762449Z includeif.gitdir:/github/workspace/.git.path
2026-02-11T15:30:56.8763364Z includeif.gitdir:/github/workspace/.git/worktrees/*.path
2026-02-11T15:30:56.8806940Z [command]/usr/sbin/git config --local --get-all includeif.gitdir:/__w/ImunoEdge/ImunoEdge/.git.path
2026-02-11T15:30:56.8832109Z /__w/_temp/git-credentials-5b4c953d-ae8d-4f71-8d46-e9694fc96f2a.config
2026-02-11T15:30:56.8843595Z [command]/usr/sbin/git config --local --unset includeif.gitdir:/__w/ImunoEdge/ImunoEdge/.git.path /__w/_temp/git-credentials-5b4c953d-ae8d-4f71-8d46-e9694fc96f2a.config
2026-02-11T15:30:56.8883397Z [command]/usr/sbin/git config --local --get-all includeif.gitdir:/__w/ImunoEdge/ImunoEdge/.git/worktrees/*.path
2026-02-11T15:30:56.8908167Z /__w/_temp/git-credentials-5b4c953d-ae8d-4f71-8d46-e9694fc96f2a.config
2026-02-11T15:30:56.8918252Z [command]/usr/sbin/git config --local --unset includeif.gitdir:/__w/ImunoEdge/ImunoEdge/.git/worktrees/*.path /__w/_temp/git-credentials-5b4c953d-ae8d-4f71-8d46-e9694fc96f2a.config
2026-02-11T15:30:56.8950653Z [command]/usr/sbin/git config --local --get-all includeif.gitdir:/github/workspace/.git.path
2026-02-11T15:30:56.8973849Z /github/runner_temp/git-credentials-5b4c953d-ae8d-4f71-8d46-e9694fc96f2a.config
2026-02-11T15:30:56.8983217Z [command]/usr/sbin/git config --local --unset includeif.gitdir:/github/workspace/.git.path /github/runner_temp/git-credentials-5b4c953d-ae8d-4f71-8d46-e9694fc96f2a.config
2026-02-11T15:30:56.9734446Z [command]/usr/sbin/git config --local --get-all includeif.gitdir:/github/workspace/.git/worktrees/*.path
2026-02-11T15:30:56.9764869Z /github/runner_temp/git-credentials-5b4c953d-ae8d-4f71-8d46-e9694fc96f2a.config
2026-02-11T15:30:56.9773553Z [command]/usr/sbin/git config --local --unset includeif.gitdir:/github/workspace/.git/worktrees/*.path /github/runner_temp/git-credentials-5b4c953d-ae8d-4f71-8d46-e9694fc96f2a.config
2026-02-11T15:30:56.9809606Z [command]/usr/sbin/git submodule foreach --recursive git config --local --show-origin --name-only --get-regexp remote.origin.url
2026-02-11T15:30:57.0113513Z Entering 'TaipanStack'
2026-02-11T15:30:57.0144926Z file:/__w/ImunoEdge/ImunoEdge/.git/modules/TaipanStack/config	remote.origin.url
2026-02-11T15:30:57.0182399Z [command]/usr/sbin/git config --file /__w/ImunoEdge/ImunoEdge/.git/modules/TaipanStack/config --name-only --get-regexp ^includeIf\.gitdir:
2026-02-11T15:30:57.0207720Z includeif.gitdir:/__w/ImunoEdge/ImunoEdge/.git/modules/TaipanStack.path
2026-02-11T15:30:57.0208466Z includeif.gitdir:/github/workspace/.git/modules/TaipanStack.path
2026-02-11T15:30:57.0217577Z [command]/usr/sbin/git config --file /__w/ImunoEdge/ImunoEdge/.git/modules/TaipanStack/config --get-all includeif.gitdir:/__w/ImunoEdge/ImunoEdge/.git/modules/TaipanStack.path
2026-02-11T15:30:57.0239734Z /__w/_temp/git-credentials-5b4c953d-ae8d-4f71-8d46-e9694fc96f2a.config
2026-02-11T15:30:57.0248545Z [command]/usr/sbin/git config --file /__w/ImunoEdge/ImunoEdge/.git/modules/TaipanStack/config --unset includeif.gitdir:/__w/ImunoEdge/ImunoEdge/.git/modules/TaipanStack.path /__w/_temp/git-credentials-5b4c953d-ae8d-4f71-8d46-e9694fc96f2a.config
2026-02-11T15:30:57.0282215Z [command]/usr/sbin/git config --file /__w/ImunoEdge/ImunoEdge/.git/modules/TaipanStack/config --get-all includeif.gitdir:/github/workspace/.git/modules/TaipanStack.path
2026-02-11T15:30:57.0306112Z /github/runner_temp/git-credentials-5b4c953d-ae8d-4f71-8d46-e9694fc96f2a.config
2026-02-11T15:30:57.0315085Z [command]/usr/sbin/git config --file /__w/ImunoEdge/ImunoEdge/.git/modules/TaipanStack/config --unset includeif.gitdir:/github/workspace/.git/modules/TaipanStack.path /github/runner_temp/git-credentials-5b4c953d-ae8d-4f71-8d46-e9694fc96f2a.config
2026-02-11T15:30:57.0347172Z Removing credentials config '/__w/_temp/git-credentials-5b4c953d-ae8d-4f71-8d46-e9694fc96f2a.config'
2026-02-11T15:30:57.0494507Z Stop and remove container: f9758ae731544cb1801e7410694a6889_archlinuxlatest_66c719
2026-02-11T15:30:57.0499193Z ##[command]/usr/bin/docker rm --force 7026abc42d51d539aae0c60eb41684fc456aef5b9ccd16c702ea16cbb9e2c8d3
2026-02-11T15:30:57.5641974Z 7026abc42d51d539aae0c60eb41684fc456aef5b9ccd16c702ea16cbb9e2c8d3
2026-02-11T15:30:57.5672208Z Remove container network: github_network_197df05d72cf48c08daefd88ea974c6a
2026-02-11T15:30:57.5676774Z ##[command]/usr/bin/docker network rm github_network_197df05d72cf48c08daefd88ea974c6a
2026-02-11T15:30:57.6788571Z github_network_197df05d72cf48c08daefd88ea974c6a
2026-02-11T15:30:57.6849879Z Cleaning up orphan processes
