2026-02-11T15:30:35.7997132Z Current runner version: '2.331.0'
2026-02-11T15:30:35.8021461Z ##[group]Runner Image Provisioner
2026-02-11T15:30:35.8022203Z Hosted Compute Agent
2026-02-11T15:30:35.8022855Z Version: 20260123.484
2026-02-11T15:30:35.8023407Z Commit: 6bd6555ca37d84114959e1c76d2c01448ff61c5d
2026-02-11T15:30:35.8024059Z Build Date: 2026-01-23T19:41:17Z
2026-02-11T15:30:35.8024787Z Worker ID: {817b2daf-c196-4953-8007-2a57299f511c}
2026-02-11T15:30:35.8025800Z Azure Region: westus
2026-02-11T15:30:35.8026306Z ##[endgroup]
2026-02-11T15:30:35.8027772Z ##[group]Operating System
2026-02-11T15:30:35.8028357Z Ubuntu
2026-02-11T15:30:35.8028776Z 24.04.3
2026-02-11T15:30:35.8029308Z LTS
2026-02-11T15:30:35.8029748Z ##[endgroup]
2026-02-11T15:30:35.8030234Z ##[group]Runner Image
2026-02-11T15:30:35.8030818Z Image: ubuntu-24.04
2026-02-11T15:30:35.8031296Z Version: 20260201.15.1
2026-02-11T15:30:35.8032377Z Included Software: https://github.com/actions/runner-images/blob/ubuntu24/20260201.15/images/ubuntu/Ubuntu2404-Readme.md
2026-02-11T15:30:35.8033870Z Image Release: https://github.com/actions/runner-images/releases/tag/ubuntu24%2F20260201.15
2026-02-11T15:30:35.8034733Z ##[endgroup]
2026-02-11T15:30:35.8035985Z ##[group]GITHUB_TOKEN Permissions
2026-02-11T15:30:35.8037735Z Contents: read
2026-02-11T15:30:35.8038405Z Metadata: read
2026-02-11T15:30:35.8038931Z Packages: read
2026-02-11T15:30:35.8039414Z ##[endgroup]
2026-02-11T15:30:35.8041413Z Secret source: Actions
2026-02-11T15:30:35.8042212Z Prepare workflow directory
2026-02-11T15:30:35.8414525Z Prepare all required actions
2026-02-11T15:30:35.8453795Z Getting action download info
2026-02-11T15:30:36.3329266Z Download action repository 'actions/checkout@v6' (SHA:de0fac2e4500dabe0009e67214ff5f5447ce83dd)
2026-02-11T15:30:36.4387256Z Download action repository 'actions/setup-python@v6' (SHA:a309ff8b426b58ec0e2a45f0f869d46889d02405)
2026-02-11T15:30:37.6531834Z Complete job name: Smoke Test (Python 3.11)
2026-02-11T15:30:37.7164484Z ##[group]Run actions/checkout@v6
2026-02-11T15:30:37.7165589Z with:
2026-02-11T15:30:37.7166028Z   submodules: recursive
2026-02-11T15:30:37.7166531Z   repository: gabrielima7/ImunoEdge
2026-02-11T15:30:37.7167252Z   token: ***
2026-02-11T15:30:37.7167681Z   ssh-strict: true
2026-02-11T15:30:37.7168113Z   ssh-user: git
2026-02-11T15:30:37.7168555Z   persist-credentials: true
2026-02-11T15:30:37.7169053Z   clean: true
2026-02-11T15:30:37.7169495Z   sparse-checkout-cone-mode: true
2026-02-11T15:30:37.7170034Z   fetch-depth: 1
2026-02-11T15:30:37.7170464Z   fetch-tags: false
2026-02-11T15:30:37.7170915Z   show-progress: true
2026-02-11T15:30:37.7171374Z   lfs: false
2026-02-11T15:30:37.7171818Z   set-safe-directory: true
2026-02-11T15:30:37.7172527Z env:
2026-02-11T15:30:37.7172967Z   PYTHON_VERSION_DEFAULT: 3.11
2026-02-11T15:30:37.7173471Z ##[endgroup]
2026-02-11T15:30:37.8075492Z Syncing repository: gabrielima7/ImunoEdge
2026-02-11T15:30:37.8077414Z ##[group]Getting Git version info
2026-02-11T15:30:37.8078160Z Working directory is '/home/runner/work/ImunoEdge/ImunoEdge'
2026-02-11T15:30:37.8079200Z [command]/usr/bin/git version
2026-02-11T15:30:37.8148689Z git version 2.52.0
2026-02-11T15:30:37.8170505Z ##[endgroup]
2026-02-11T15:30:37.8183593Z Temporarily overriding HOME='/home/runner/work/_temp/8e9ab291-80fd-44d7-865a-bff210719c7e' before making global git config changes
2026-02-11T15:30:37.8185271Z Adding repository directory to the temporary git global config as a safe directory
2026-02-11T15:30:37.8188729Z [command]/usr/bin/git config --global --add safe.directory /home/runner/work/ImunoEdge/ImunoEdge
2026-02-11T15:30:37.8227079Z Deleting the contents of '/home/runner/work/ImunoEdge/ImunoEdge'
2026-02-11T15:30:37.8230646Z ##[group]Initializing the repository
2026-02-11T15:30:37.8234587Z [command]/usr/bin/git init /home/runner/work/ImunoEdge/ImunoEdge
2026-02-11T15:30:37.8350028Z hint: Using 'master' as the name for the initial branch. This default branch name
2026-02-11T15:30:37.8351398Z hint: will change to "main" in Git 3.0. To configure the initial branch name
2026-02-11T15:30:37.8353508Z hint: to use in all of your new repositories, which will suppress this warning,
2026-02-11T15:30:37.8355308Z hint: call:
2026-02-11T15:30:37.8356010Z hint:
2026-02-11T15:30:37.8356988Z hint: 	git config --global init.defaultBranch <name>
2026-02-11T15:30:37.8358080Z hint:
2026-02-11T15:30:37.8358821Z hint: Names commonly chosen instead of 'master' are 'main', 'trunk' and
2026-02-11T15:30:37.8359832Z hint: 'development'. The just-created branch can be renamed via this command:
2026-02-11T15:30:37.8360616Z hint:
2026-02-11T15:30:37.8361064Z hint: 	git branch -m <name>
2026-02-11T15:30:37.8361897Z hint:
2026-02-11T15:30:37.8362662Z hint: Disable this message with "git config set advice.defaultBranchName false"
2026-02-11T15:30:37.8363687Z Initialized empty Git repository in /home/runner/work/ImunoEdge/ImunoEdge/.git/
2026-02-11T15:30:37.8366545Z [command]/usr/bin/git remote add origin https://github.com/gabrielima7/ImunoEdge
2026-02-11T15:30:37.8399035Z ##[endgroup]
2026-02-11T15:30:37.8399866Z ##[group]Disabling automatic garbage collection
2026-02-11T15:30:37.8402355Z [command]/usr/bin/git config --local gc.auto 0
2026-02-11T15:30:37.8430438Z ##[endgroup]
2026-02-11T15:30:37.8431955Z ##[group]Setting up auth
2026-02-11T15:30:37.8433062Z Removing SSH command configuration
2026-02-11T15:30:37.8438321Z [command]/usr/bin/git config --local --name-only --get-regexp core\.sshCommand
2026-02-11T15:30:37.8469498Z [command]/usr/bin/git submodule foreach --recursive sh -c "git config --local --name-only --get-regexp 'core\.sshCommand' && git config --local --unset-all 'core.sshCommand' || :"
2026-02-11T15:30:37.8799863Z Removing HTTP extra header
2026-02-11T15:30:37.8806156Z [command]/usr/bin/git config --local --name-only --get-regexp http\.https\:\/\/github\.com\/\.extraheader
2026-02-11T15:30:37.8839168Z [command]/usr/bin/git submodule foreach --recursive sh -c "git config --local --name-only --get-regexp 'http\.https\:\/\/github\.com\/\.extraheader' && git config --local --unset-all 'http.https://github.com/.extraheader' || :"
2026-02-11T15:30:37.9071737Z Removing includeIf entries pointing to credentials config files
2026-02-11T15:30:37.9075815Z [command]/usr/bin/git config --local --name-only --get-regexp ^includeIf\.gitdir:
2026-02-11T15:30:37.9110107Z [command]/usr/bin/git submodule foreach --recursive git config --local --show-origin --name-only --get-regexp remote.origin.url
2026-02-11T15:30:37.9357121Z [command]/usr/bin/git config --file /home/runner/work/_temp/git-credentials-a7163abe-7d38-4d0d-8804-9bb6de4c0e00.config http.https://github.com/.extraheader AUTHORIZATION: basic ***
2026-02-11T15:30:37.9393280Z [command]/usr/bin/git config --local includeIf.gitdir:/home/runner/work/ImunoEdge/ImunoEdge/.git.path /home/runner/work/_temp/git-credentials-a7163abe-7d38-4d0d-8804-9bb6de4c0e00.config
2026-02-11T15:30:37.9422086Z [command]/usr/bin/git config --local includeIf.gitdir:/home/runner/work/ImunoEdge/ImunoEdge/.git/worktrees/*.path /home/runner/work/_temp/git-credentials-a7163abe-7d38-4d0d-8804-9bb6de4c0e00.config
2026-02-11T15:30:37.9451823Z [command]/usr/bin/git config --local includeIf.gitdir:/github/workspace/.git.path /github/runner_temp/git-credentials-a7163abe-7d38-4d0d-8804-9bb6de4c0e00.config
2026-02-11T15:30:37.9479844Z [command]/usr/bin/git config --local includeIf.gitdir:/github/workspace/.git/worktrees/*.path /github/runner_temp/git-credentials-a7163abe-7d38-4d0d-8804-9bb6de4c0e00.config
2026-02-11T15:30:37.9506361Z ##[endgroup]
2026-02-11T15:30:37.9507977Z ##[group]Fetching the repository
2026-02-11T15:30:37.9515535Z [command]/usr/bin/git -c protocol.version=2 fetch --no-tags --prune --no-recurse-submodules --depth=1 origin +22797f30b775dab08a63282bfc3c092003bdea47:refs/remotes/origin/main
2026-02-11T15:30:38.6729372Z From https://github.com/gabrielima7/ImunoEdge
2026-02-11T15:30:38.6732297Z  * [new ref]         22797f30b775dab08a63282bfc3c092003bdea47 -> origin/main
2026-02-11T15:30:38.6766835Z [command]/usr/bin/git branch --list --remote origin/main
2026-02-11T15:30:38.6796033Z   origin/main
2026-02-11T15:30:38.6804498Z [command]/usr/bin/git rev-parse refs/remotes/origin/main
2026-02-11T15:30:38.6825278Z 22797f30b775dab08a63282bfc3c092003bdea47
2026-02-11T15:30:38.6830174Z ##[endgroup]
2026-02-11T15:30:38.6831665Z ##[group]Determining the checkout info
2026-02-11T15:30:38.6833205Z ##[endgroup]
2026-02-11T15:30:38.6834286Z [command]/usr/bin/git sparse-checkout disable
2026-02-11T15:30:38.6874461Z [command]/usr/bin/git config --local --unset-all extensions.worktreeConfig
2026-02-11T15:30:38.6900833Z ##[group]Checking out the ref
2026-02-11T15:30:38.6903019Z [command]/usr/bin/git checkout --progress --force -B main refs/remotes/origin/main
2026-02-11T15:30:38.7086003Z Switched to a new branch 'main'
2026-02-11T15:30:38.7089225Z branch 'main' set up to track 'origin/main'.
2026-02-11T15:30:38.7096448Z ##[endgroup]
2026-02-11T15:30:38.7097861Z ##[group]Setting up auth for fetching submodules
2026-02-11T15:30:38.7101316Z [command]/usr/bin/git config --file /home/runner/work/_temp/git-credentials-a7163abe-7d38-4d0d-8804-9bb6de4c0e00.config http.https://github.com/.extraheader AUTHORIZATION: basic ***
2026-02-11T15:30:38.7135817Z [command]/usr/bin/git config --global include.path /home/runner/work/_temp/git-credentials-a7163abe-7d38-4d0d-8804-9bb6de4c0e00.config
2026-02-11T15:30:38.7163363Z [command]/usr/bin/git config --global --unset-all url.https://github.com/.insteadOf
2026-02-11T15:30:38.7192821Z [command]/usr/bin/git config --global --add url.https://github.com/.insteadOf git@github.com:
2026-02-11T15:30:38.7222651Z [command]/usr/bin/git config --global --add url.https://github.com/.insteadOf org-230595838@github.com:
2026-02-11T15:30:38.7251272Z ##[endgroup]
2026-02-11T15:30:38.7253775Z ##[group]Fetching submodules
2026-02-11T15:30:38.7255855Z [command]/usr/bin/git submodule sync --recursive
2026-02-11T15:30:38.7480766Z [command]/usr/bin/git -c protocol.version=2 submodule update --init --force --depth=1 --recursive
2026-02-11T15:30:38.7692300Z Submodule 'TaipanStack' (https://github.com/gabrielima7/TaipanStack.git) registered for path 'TaipanStack'
2026-02-11T15:30:38.7718244Z Cloning into '/home/runner/work/ImunoEdge/ImunoEdge/TaipanStack'...
2026-02-11T15:30:39.5741385Z Submodule path 'TaipanStack': checked out '788267ef00de0831d0cbe7423802ecc040dd79f8'
2026-02-11T15:30:39.5771669Z [command]/usr/bin/git submodule foreach --recursive git config --local gc.auto 0
2026-02-11T15:30:39.5985342Z Entering 'TaipanStack'
2026-02-11T15:30:39.6029709Z ##[endgroup]
2026-02-11T15:30:39.6030491Z ##[group]Persisting credentials for submodules
2026-02-11T15:30:39.6036493Z [command]/usr/bin/git submodule foreach --recursive sh -c "git config --local --name-only --get-regexp 'url\.https\:\/\/github\.com\/\.insteadOf' && git config --local --unset-all 'url.https://github.com/.insteadOf' || :"
2026-02-11T15:30:39.6243339Z Entering 'TaipanStack'
2026-02-11T15:30:39.6297210Z [command]/usr/bin/git submodule foreach --recursive git config --local --show-origin --name-only --get-regexp remote.origin.url
2026-02-11T15:30:39.6504753Z Entering 'TaipanStack'
2026-02-11T15:30:39.6523092Z file:/home/runner/work/ImunoEdge/ImunoEdge/.git/modules/TaipanStack/config	remote.origin.url
2026-02-11T15:30:39.6553730Z [command]/usr/bin/git config --file /home/runner/work/ImunoEdge/ImunoEdge/.git/modules/TaipanStack/config includeIf.gitdir:/home/runner/work/ImunoEdge/ImunoEdge/.git/modules/TaipanStack.path /home/runner/work/_temp/git-credentials-a7163abe-7d38-4d0d-8804-9bb6de4c0e00.config
2026-02-11T15:30:39.6585243Z [command]/usr/bin/git config --file /home/runner/work/ImunoEdge/ImunoEdge/.git/modules/TaipanStack/config includeIf.gitdir:/github/workspace/.git/modules/TaipanStack.path /github/runner_temp/git-credentials-a7163abe-7d38-4d0d-8804-9bb6de4c0e00.config
2026-02-11T15:30:39.6616832Z [command]/usr/bin/git submodule foreach --recursive git config --local --add 'url.https://github.com/.insteadOf' 'git@github.com:'
2026-02-11T15:30:39.6825001Z Entering 'TaipanStack'
2026-02-11T15:30:39.6873011Z [command]/usr/bin/git submodule foreach --recursive git config --local --add 'url.https://github.com/.insteadOf' 'org-230595838@github.com:'
2026-02-11T15:30:39.7080623Z Entering 'TaipanStack'
2026-02-11T15:30:39.7124324Z ##[endgroup]
2026-02-11T15:30:39.7162080Z [command]/usr/bin/git log -1 --format=%H
2026-02-11T15:30:39.7184731Z 22797f30b775dab08a63282bfc3c092003bdea47
2026-02-11T15:30:39.7416269Z ##[group]Run actions/setup-python@v6
2026-02-11T15:30:39.7416609Z with:
2026-02-11T15:30:39.7416834Z   python-version: 3.11
2026-02-11T15:30:39.7417096Z   allow-prereleases: true
2026-02-11T15:30:39.7417353Z   check-latest: false
2026-02-11T15:30:39.7417730Z   token: ***
2026-02-11T15:30:39.7417957Z   update-environment: true
2026-02-11T15:30:39.7418211Z   freethreaded: false
2026-02-11T15:30:39.7418432Z env:
2026-02-11T15:30:39.7418639Z   PYTHON_VERSION_DEFAULT: 3.11
2026-02-11T15:30:39.7418953Z ##[endgroup]
2026-02-11T15:30:39.8629871Z ##[group]Installed versions
2026-02-11T15:30:39.8745056Z Successfully set up CPython (3.11.14)
2026-02-11T15:30:39.8745993Z ##[endgroup]
2026-02-11T15:30:39.8850565Z ##[group]Run python -m pip install --upgrade pip
2026-02-11T15:30:39.8851043Z [36;1mpython -m pip install --upgrade pip[0m
2026-02-11T15:30:39.8851389Z [36;1mpip install setuptools wheel[0m
2026-02-11T15:30:39.8851687Z [36;1mpip install -e .[0m
2026-02-11T15:30:39.8899903Z shell: /usr/bin/bash -e {0}
2026-02-11T15:30:39.8900219Z env:
2026-02-11T15:30:39.8900438Z   PYTHON_VERSION_DEFAULT: 3.11
2026-02-11T15:30:39.8900804Z   pythonLocation: /opt/hostedtoolcache/Python/3.11.14/x64
2026-02-11T15:30:39.8901270Z   PKG_CONFIG_PATH: /opt/hostedtoolcache/Python/3.11.14/x64/lib/pkgconfig
2026-02-11T15:30:39.8901747Z   Python_ROOT_DIR: /opt/hostedtoolcache/Python/3.11.14/x64
2026-02-11T15:30:39.8902185Z   Python2_ROOT_DIR: /opt/hostedtoolcache/Python/3.11.14/x64
2026-02-11T15:30:39.8902591Z   Python3_ROOT_DIR: /opt/hostedtoolcache/Python/3.11.14/x64
2026-02-11T15:30:39.8903004Z   LD_LIBRARY_PATH: /opt/hostedtoolcache/Python/3.11.14/x64/lib
2026-02-11T15:30:39.8903357Z ##[endgroup]
2026-02-11T15:30:40.6360315Z Requirement already satisfied: pip in /opt/hostedtoolcache/Python/3.11.14/x64/lib/python3.11/site-packages (26.0)
2026-02-11T15:30:40.7432628Z Collecting pip
2026-02-11T15:30:40.7966280Z   Downloading pip-26.0.1-py3-none-any.whl.metadata (4.7 kB)
2026-02-11T15:30:40.8037769Z Downloading pip-26.0.1-py3-none-any.whl (1.8 MB)
2026-02-11T15:30:40.8469470Z    ━━━━━━━━━━━━━━━━━━━━━━━━━━━━━━━━━━━━━━━━ 1.8/1.8 MB 130.7 MB/s  0:00:00
2026-02-11T15:30:40.8683375Z Installing collected packages: pip
2026-02-11T15:30:40.8685038Z   Attempting uninstall: pip
2026-02-11T15:30:40.8698676Z     Found existing installation: pip 26.0
2026-02-11T15:30:40.9190410Z     Uninstalling pip-26.0:
2026-02-11T15:30:40.9247926Z       Successfully uninstalled pip-26.0
2026-02-11T15:30:41.7151834Z Successfully installed pip-26.0.1
2026-02-11T15:30:42.1395009Z Requirement already satisfied: setuptools in /opt/hostedtoolcache/Python/3.11.14/x64/lib/python3.11/site-packages (79.0.1)
2026-02-11T15:30:42.2093404Z Collecting wheel
2026-02-11T15:30:42.2624031Z   Downloading wheel-0.46.3-py3-none-any.whl.metadata (2.4 kB)
2026-02-11T15:30:42.2804326Z Collecting packaging>=24.0 (from wheel)
2026-02-11T15:30:42.2838513Z   Downloading packaging-26.0-py3-none-any.whl.metadata (3.3 kB)
2026-02-11T15:30:42.2902093Z Downloading wheel-0.46.3-py3-none-any.whl (30 kB)
2026-02-11T15:30:42.3010488Z Downloading packaging-26.0-py3-none-any.whl (74 kB)
2026-02-11T15:30:42.3261205Z Installing collected packages: packaging, wheel
2026-02-11T15:30:42.3941934Z 
2026-02-11T15:30:42.3950023Z Successfully installed packaging-26.0 wheel-0.46.3
2026-02-11T15:30:42.7396993Z Obtaining file:///home/runner/work/ImunoEdge/ImunoEdge
2026-02-11T15:30:42.7414626Z   Installing build dependencies: started
2026-02-11T15:30:43.4260411Z   Installing build dependencies: finished with status 'done'
2026-02-11T15:30:43.4266972Z   Checking if build backend supports build_editable: started
2026-02-11T15:30:43.7405527Z   Checking if build backend supports build_editable: finished with status 'done'
2026-02-11T15:30:43.7508745Z ERROR: Exception:
2026-02-11T15:30:43.7509406Z Traceback (most recent call last):
2026-02-11T15:30:43.7517081Z   File "/opt/hostedtoolcache/Python/3.11.14/x64/lib/python3.11/site-packages/pip/_internal/cli/base_command.py", line 107, in _run_wrapper
2026-02-11T15:30:43.7517871Z     status = _inner_run()
2026-02-11T15:30:43.7518101Z              ^^^^^^^^^^^^
2026-02-11T15:30:43.7518763Z   File "/opt/hostedtoolcache/Python/3.11.14/x64/lib/python3.11/site-packages/pip/_internal/cli/base_command.py", line 98, in _inner_run
2026-02-11T15:30:43.7519419Z     return self.run(options, args)
2026-02-11T15:30:43.7519677Z            ^^^^^^^^^^^^^^^^^^^^^^^
2026-02-11T15:30:43.7520303Z   File "/opt/hostedtoolcache/Python/3.11.14/x64/lib/python3.11/site-packages/pip/_internal/cli/req_command.py", line 96, in wrapper
2026-02-11T15:30:43.7520934Z     return func(self, options, args)
2026-02-11T15:30:43.7521189Z            ^^^^^^^^^^^^^^^^^^^^^^^^^
2026-02-11T15:30:43.7522090Z   File "/opt/hostedtoolcache/Python/3.11.14/x64/lib/python3.11/site-packages/pip/_internal/commands/install.py", line 392, in run
2026-02-11T15:30:43.7522729Z     requirement_set = resolver.resolve(
2026-02-11T15:30:43.7522997Z                       ^^^^^^^^^^^^^^^^^
2026-02-11T15:30:43.7523655Z   File "/opt/hostedtoolcache/Python/3.11.14/x64/lib/python3.11/site-packages/pip/_internal/resolution/resolvelib/resolver.py", line 79, in resolve
2026-02-11T15:30:43.7524337Z     collected = self.factory.collect_root_requirements(root_reqs)
2026-02-11T15:30:43.7524681Z                 ^^^^^^^^^^^^^^^^^^^^^^^^^^^^^^^^^^^^^^^^^^^^^^^^^
2026-02-11T15:30:43.7525668Z   File "/opt/hostedtoolcache/Python/3.11.14/x64/lib/python3.11/site-packages/pip/_internal/resolution/resolvelib/factory.py", line 538, in collect_root_requirements
2026-02-11T15:30:43.7526334Z     reqs = list(
2026-02-11T15:30:43.7526493Z            ^^^^^
2026-02-11T15:30:43.7527148Z   File "/opt/hostedtoolcache/Python/3.11.14/x64/lib/python3.11/site-packages/pip/_internal/resolution/resolvelib/factory.py", line 494, in _make_requirements_from_install_req
2026-02-11T15:30:43.7527875Z     cand = self._make_base_candidate_from_link(
2026-02-11T15:30:43.7528129Z            ^^^^^^^^^^^^^^^^^^^^^^^^^^^^^^^^^^^^
2026-02-11T15:30:43.7528826Z   File "/opt/hostedtoolcache/Python/3.11.14/x64/lib/python3.11/site-packages/pip/_internal/resolution/resolvelib/factory.py", line 205, in _make_base_candidate_from_link
2026-02-11T15:30:43.7591853Z     self._editable_candidate_cache[link] = EditableCandidate(
2026-02-11T15:30:43.7592458Z                                            ^^^^^^^^^^^^^^^^^^
2026-02-11T15:30:43.7593827Z   File "/opt/hostedtoolcache/Python/3.11.14/x64/lib/python3.11/site-packages/pip/_internal/resolution/resolvelib/candidates.py", line 343, in __init__
2026-02-11T15:30:43.7595260Z     super().__init__(
2026-02-11T15:30:43.7596260Z   File "/opt/hostedtoolcache/Python/3.11.14/x64/lib/python3.11/site-packages/pip/_internal/resolution/resolvelib/candidates.py", line 161, in __init__
2026-02-11T15:30:43.7597306Z     self.dist = self._prepare()
2026-02-11T15:30:43.7597670Z                 ^^^^^^^^^^^^^^^
2026-02-11T15:30:43.7598740Z   File "/opt/hostedtoolcache/Python/3.11.14/x64/lib/python3.11/site-packages/pip/_internal/resolution/resolvelib/candidates.py", line 238, in _prepare
2026-02-11T15:30:43.7599933Z     dist = self._prepare_distribution()
2026-02-11T15:30:43.7600349Z            ^^^^^^^^^^^^^^^^^^^^^^^^^^^^
2026-02-11T15:30:43.7601629Z   File "/opt/hostedtoolcache/Python/3.11.14/x64/lib/python3.11/site-packages/pip/_internal/resolution/resolvelib/candidates.py", line 353, in _prepare_distribution
2026-02-11T15:30:43.7603088Z     return self._factory.preparer.prepare_editable_requirement(self._ireq)
2026-02-11T15:30:43.7603776Z            ^^^^^^^^^^^^^^^^^^^^^^^^^^^^^^^^^^^^^^^^^^^^^^^^^^^^^^^^^^^^^^^
2026-02-11T15:30:43.7605265Z   File "/opt/hostedtoolcache/Python/3.11.14/x64/lib/python3.11/site-packages/pip/_internal/operations/prepare.py", line 713, in prepare_editable_requirement
2026-02-11T15:30:43.7606807Z     dist = _get_prepared_distribution(
2026-02-11T15:30:43.7607243Z            ^^^^^^^^^^^^^^^^^^^^^^^^^^^
2026-02-11T15:30:43.7608464Z   File "/opt/hostedtoolcache/Python/3.11.14/x64/lib/python3.11/site-packages/pip/_internal/operations/prepare.py", line 77, in _get_prepared_distribution
2026-02-11T15:30:43.7609736Z     abstract_dist.prepare_distribution_metadata(
2026-02-11T15:30:43.7611075Z   File "/opt/hostedtoolcache/Python/3.11.14/x64/lib/python3.11/site-packages/pip/_internal/distributions/sdist.py", line 53, in prepare_distribution_metadata
2026-02-11T15:30:43.7612302Z     self.req.editable_sanity_check()
2026-02-11T15:30:43.7613531Z   File "/opt/hostedtoolcache/Python/3.11.14/x64/lib/python3.11/site-packages/pip/_internal/req/req_install.py", line 501, in editable_sanity_check
2026-02-11T15:30:43.7614789Z     if self.editable and not self.supports_pyproject_editable:
2026-02-11T15:30:43.7615870Z                              ^^^^^^^^^^^^^^^^^^^^^^^^^^^^^^^^
2026-02-11T15:30:43.7616530Z   File "/opt/hostedtoolcache/Python/3.11.14/x64/lib/python3.11/functools.py", line 1001, in __get__
2026-02-11T15:30:43.7617001Z     val = self.func(instance)
2026-02-11T15:30:43.7617214Z           ^^^^^^^^^^^^^^^^^^^
2026-02-11T15:30:43.7617847Z   File "/opt/hostedtoolcache/Python/3.11.14/x64/lib/python3.11/site-packages/pip/_internal/req/req_install.py", line 237, in supports_pyproject_editable
2026-02-11T15:30:43.7618573Z     return "build_editable" in self.pep517_backend._supported_features()
2026-02-11T15:30:43.7618949Z                                ^^^^^^^^^^^^^^^^^^^^^^^^^^^^^^^^^^^^^^^^^
2026-02-11T15:30:43.7619601Z   File "/opt/hostedtoolcache/Python/3.11.14/x64/lib/python3.11/site-packages/pip/_vendor/pyproject_hooks/_impl.py", line 180, in _supported_features
2026-02-11T15:30:43.7620242Z     return self._call_hook("_supported_features", {})
2026-02-11T15:30:43.7620530Z            ^^^^^^^^^^^^^^^^^^^^^^^^^^^^^^^^^^^^^^^^^^
2026-02-11T15:30:43.7621143Z   File "/opt/hostedtoolcache/Python/3.11.14/x64/lib/python3.11/site-packages/pip/_vendor/pyproject_hooks/_impl.py", line 402, in _call_hook
2026-02-11T15:30:43.7621754Z     raise BackendUnavailable(
2026-02-11T15:30:43.7622193Z pip._vendor.pyproject_hooks._impl.BackendUnavailable: Cannot import 'setuptools.backends._legacy'
2026-02-11T15:30:43.8016090Z ##[error]Process completed with exit code 2.
2026-02-11T15:30:43.8127077Z Post job cleanup.
2026-02-11T15:30:43.8907571Z [command]/usr/bin/git version
2026-02-11T15:30:43.8943111Z git version 2.52.0
2026-02-11T15:30:43.8981949Z Temporarily overriding HOME='/home/runner/work/_temp/78fee571-7260-4d11-800d-b9a918ee4f73' before making global git config changes
2026-02-11T15:30:43.8983315Z Adding repository directory to the temporary git global config as a safe directory
2026-02-11T15:30:43.8988096Z [command]/usr/bin/git config --global --add safe.directory /home/runner/work/ImunoEdge/ImunoEdge
2026-02-11T15:30:43.9017118Z Removing SSH command configuration
2026-02-11T15:30:43.9023588Z [command]/usr/bin/git config --local --name-only --get-regexp core\.sshCommand
2026-02-11T15:30:43.9055678Z [command]/usr/bin/git submodule foreach --recursive sh -c "git config --local --name-only --get-regexp 'core\.sshCommand' && git config --local --unset-all 'core.sshCommand' || :"
2026-02-11T15:30:43.9270829Z Entering 'TaipanStack'
2026-02-11T15:30:43.9326464Z Removing HTTP extra header
2026-02-11T15:30:43.9330587Z [command]/usr/bin/git config --local --name-only --get-regexp http\.https\:\/\/github\.com\/\.extraheader
2026-02-11T15:30:43.9361885Z [command]/usr/bin/git submodule foreach --recursive sh -c "git config --local --name-only --get-regexp 'http\.https\:\/\/github\.com\/\.extraheader' && git config --local --unset-all 'http.https://github.com/.extraheader' || :"
2026-02-11T15:30:43.9569031Z Entering 'TaipanStack'
2026-02-11T15:30:43.9619838Z Removing includeIf entries pointing to credentials config files
2026-02-11T15:30:43.9625510Z [command]/usr/bin/git config --local --name-only --get-regexp ^includeIf\.gitdir:
2026-02-11T15:30:43.9646494Z includeif.gitdir:/home/runner/work/ImunoEdge/ImunoEdge/.git.path
2026-02-11T15:30:43.9647359Z includeif.gitdir:/home/runner/work/ImunoEdge/ImunoEdge/.git/worktrees/*.path
2026-02-11T15:30:43.9647934Z includeif.gitdir:/github/workspace/.git.path
2026-02-11T15:30:43.9648497Z includeif.gitdir:/github/workspace/.git/worktrees/*.path
2026-02-11T15:30:43.9655795Z [command]/usr/bin/git config --local --get-all includeif.gitdir:/home/runner/work/ImunoEdge/ImunoEdge/.git.path
2026-02-11T15:30:43.9675611Z /home/runner/work/_temp/git-credentials-a7163abe-7d38-4d0d-8804-9bb6de4c0e00.config
2026-02-11T15:30:43.9685314Z [command]/usr/bin/git config --local --unset includeif.gitdir:/home/runner/work/ImunoEdge/ImunoEdge/.git.path /home/runner/work/_temp/git-credentials-a7163abe-7d38-4d0d-8804-9bb6de4c0e00.config
2026-02-11T15:30:43.9718372Z [command]/usr/bin/git config --local --get-all includeif.gitdir:/home/runner/work/ImunoEdge/ImunoEdge/.git/worktrees/*.path
2026-02-11T15:30:43.9738996Z /home/runner/work/_temp/git-credentials-a7163abe-7d38-4d0d-8804-9bb6de4c0e00.config
2026-02-11T15:30:43.9747869Z [command]/usr/bin/git config --local --unset includeif.gitdir:/home/runner/work/ImunoEdge/ImunoEdge/.git/worktrees/*.path /home/runner/work/_temp/git-credentials-a7163abe-7d38-4d0d-8804-9bb6de4c0e00.config
2026-02-11T15:30:43.9778560Z [command]/usr/bin/git config --local --get-all includeif.gitdir:/github/workspace/.git.path
2026-02-11T15:30:43.9798878Z /github/runner_temp/git-credentials-a7163abe-7d38-4d0d-8804-9bb6de4c0e00.config
2026-02-11T15:30:43.9806996Z [command]/usr/bin/git config --local --unset includeif.gitdir:/github/workspace/.git.path /github/runner_temp/git-credentials-a7163abe-7d38-4d0d-8804-9bb6de4c0e00.config
2026-02-11T15:30:43.9836137Z [command]/usr/bin/git config --local --get-all includeif.gitdir:/github/workspace/.git/worktrees/*.path
2026-02-11T15:30:43.9855935Z /github/runner_temp/git-credentials-a7163abe-7d38-4d0d-8804-9bb6de4c0e00.config
2026-02-11T15:30:43.9863744Z [command]/usr/bin/git config --local --unset includeif.gitdir:/github/workspace/.git/worktrees/*.path /github/runner_temp/git-credentials-a7163abe-7d38-4d0d-8804-9bb6de4c0e00.config
2026-02-11T15:30:43.9893428Z [command]/usr/bin/git submodule foreach --recursive git config --local --show-origin --name-only --get-regexp remote.origin.url
2026-02-11T15:30:44.0102273Z Entering 'TaipanStack'
2026-02-11T15:30:44.0121676Z file:/home/runner/work/ImunoEdge/ImunoEdge/.git/modules/TaipanStack/config	remote.origin.url
2026-02-11T15:30:44.0153052Z [command]/usr/bin/git config --file /home/runner/work/ImunoEdge/ImunoEdge/.git/modules/TaipanStack/config --name-only --get-regexp ^includeIf\.gitdir:
2026-02-11T15:30:44.0176471Z includeif.gitdir:/home/runner/work/ImunoEdge/ImunoEdge/.git/modules/TaipanStack.path
2026-02-11T15:30:44.0177256Z includeif.gitdir:/github/workspace/.git/modules/TaipanStack.path
2026-02-11T15:30:44.0184706Z [command]/usr/bin/git config --file /home/runner/work/ImunoEdge/ImunoEdge/.git/modules/TaipanStack/config --get-all includeif.gitdir:/home/runner/work/ImunoEdge/ImunoEdge/.git/modules/TaipanStack.path
2026-02-11T15:30:44.0204224Z /home/runner/work/_temp/git-credentials-a7163abe-7d38-4d0d-8804-9bb6de4c0e00.config
2026-02-11T15:30:44.0212357Z [command]/usr/bin/git config --file /home/runner/work/ImunoEdge/ImunoEdge/.git/modules/TaipanStack/config --unset includeif.gitdir:/home/runner/work/ImunoEdge/ImunoEdge/.git/modules/TaipanStack.path /home/runner/work/_temp/git-credentials-a7163abe-7d38-4d0d-8804-9bb6de4c0e00.config
2026-02-11T15:30:44.0241337Z [command]/usr/bin/git config --file /home/runner/work/ImunoEdge/ImunoEdge/.git/modules/TaipanStack/config --get-all includeif.gitdir:/github/workspace/.git/modules/TaipanStack.path
2026-02-11T15:30:44.0263065Z /github/runner_temp/git-credentials-a7163abe-7d38-4d0d-8804-9bb6de4c0e00.config
2026-02-11T15:30:44.0271119Z [command]/usr/bin/git config --file /home/runner/work/ImunoEdge/ImunoEdge/.git/modules/TaipanStack/config --unset includeif.gitdir:/github/workspace/.git/modules/TaipanStack.path /github/runner_temp/git-credentials-a7163abe-7d38-4d0d-8804-9bb6de4c0e00.config
2026-02-11T15:30:44.0296762Z Removing credentials config '/home/runner/work/_temp/git-credentials-a7163abe-7d38-4d0d-8804-9bb6de4c0e00.config'
2026-02-11T15:30:44.0410486Z Cleaning up orphan processes
