2026-02-11T15:30:35.9348705Z Current runner version: '2.331.0'
2026-02-11T15:30:35.9371907Z ##[group]Runner Image Provisioner
2026-02-11T15:30:35.9373029Z Hosted Compute Agent
2026-02-11T15:30:35.9373475Z Version: 20260123.484
2026-02-11T15:30:35.9374085Z Commit: 6bd6555ca37d84114959e1c76d2c01448ff61c5d
2026-02-11T15:30:35.9374681Z Build Date: 2026-01-23T19:41:17Z
2026-02-11T15:30:35.9375250Z Worker ID: {52e13b5b-b1f6-4ef7-9841-4f20c13a0d05}
2026-02-11T15:30:35.9375891Z Azure Region: westus3
2026-02-11T15:30:35.9376380Z ##[endgroup]
2026-02-11T15:30:35.9377654Z ##[group]Operating System
2026-02-11T15:30:35.9378232Z Ubuntu
2026-02-11T15:30:35.9378616Z 24.04.3
2026-02-11T15:30:35.9379028Z LTS
2026-02-11T15:30:35.9379496Z ##[endgroup]
2026-02-11T15:30:35.9379908Z ##[group]Runner Image
2026-02-11T15:30:35.9380404Z Image: ubuntu-24.04
2026-02-11T15:30:35.9380854Z Version: 20260201.15.1
2026-02-11T15:30:35.9381904Z Included Software: https://github.com/actions/runner-images/blob/ubuntu24/20260201.15/images/ubuntu/Ubuntu2404-Readme.md
2026-02-11T15:30:35.9383298Z Image Release: https://github.com/actions/runner-images/releases/tag/ubuntu24%2F20260201.15
2026-02-11T15:30:35.9384061Z ##[endgroup]
2026-02-11T15:30:35.9384960Z ##[group]GITHUB_TOKEN Permissions
2026-02-11T15:30:35.9386782Z Contents: read
2026-02-11T15:30:35.9387250Z Metadata: read
2026-02-11T15:30:35.9387718Z Packages: read
2026-02-11T15:30:35.9388447Z ##[endgroup]
2026-02-11T15:30:35.9390494Z Secret source: Actions
2026-02-11T15:30:35.9391085Z Prepare workflow directory
2026-02-11T15:30:35.9802902Z Prepare all required actions
2026-02-11T15:30:35.9839384Z Getting action download info
2026-02-11T15:30:36.4193345Z Download action repository 'actions/checkout@v6' (SHA:de0fac2e4500dabe0009e67214ff5f5447ce83dd)
2026-02-11T15:30:36.5135377Z Download action repository 'actions/setup-python@v6' (SHA:a309ff8b426b58ec0e2a45f0f869d46889d02405)
2026-02-11T15:30:37.5009040Z Complete job name: Type Checking (Mypy)
2026-02-11T15:30:37.5745507Z ##[group]Run actions/checkout@v6
2026-02-11T15:30:37.5746935Z with:
2026-02-11T15:30:37.5747800Z   submodules: recursive
2026-02-11T15:30:37.5748762Z   repository: gabrielima7/ImunoEdge
2026-02-11T15:30:37.5750085Z   token: ***
2026-02-11T15:30:37.5750940Z   ssh-strict: true
2026-02-11T15:30:37.5751731Z   ssh-user: git
2026-02-11T15:30:37.5752705Z   persist-credentials: true
2026-02-11T15:30:37.5753684Z   clean: true
2026-02-11T15:30:37.5754496Z   sparse-checkout-cone-mode: true
2026-02-11T15:30:37.5755517Z   fetch-depth: 1
2026-02-11T15:30:37.5756319Z   fetch-tags: false
2026-02-11T15:30:37.5757202Z   show-progress: true
2026-02-11T15:30:37.5758014Z   lfs: false
2026-02-11T15:30:37.5758817Z   set-safe-directory: true
2026-02-11T15:30:37.5759957Z env:
2026-02-11T15:30:37.5760742Z   PYTHON_VERSION_DEFAULT: 3.11
2026-02-11T15:30:37.5761629Z ##[endgroup]
2026-02-11T15:30:37.6656389Z Syncing repository: gabrielima7/ImunoEdge
2026-02-11T15:30:37.6659364Z ##[group]Getting Git version info
2026-02-11T15:30:37.6660647Z Working directory is '/home/runner/work/ImunoEdge/ImunoEdge'
2026-02-11T15:30:37.6662866Z [command]/usr/bin/git version
2026-02-11T15:30:37.6689058Z git version 2.52.0
2026-02-11T15:30:37.6708378Z ##[endgroup]
2026-02-11T15:30:37.6721312Z Temporarily overriding HOME='/home/runner/work/_temp/132315bc-02e7-4a4c-8c20-8b2ca6bdd9d2' before making global git config changes
2026-02-11T15:30:37.6724417Z Adding repository directory to the temporary git global config as a safe directory
2026-02-11T15:30:37.6727063Z [command]/usr/bin/git config --global --add safe.directory /home/runner/work/ImunoEdge/ImunoEdge
2026-02-11T15:30:37.6757281Z Deleting the contents of '/home/runner/work/ImunoEdge/ImunoEdge'
2026-02-11T15:30:37.6760496Z ##[group]Initializing the repository
2026-02-11T15:30:37.6764280Z [command]/usr/bin/git init /home/runner/work/ImunoEdge/ImunoEdge
2026-02-11T15:30:37.6865763Z hint: Using 'master' as the name for the initial branch. This default branch name
2026-02-11T15:30:37.6868671Z hint: will change to "main" in Git 3.0. To configure the initial branch name
2026-02-11T15:30:37.6872871Z hint: to use in all of your new repositories, which will suppress this warning,
2026-02-11T15:30:37.6874621Z hint: call:
2026-02-11T15:30:37.6875574Z hint:
2026-02-11T15:30:37.6876961Z hint: 	git config --global init.defaultBranch <name>
2026-02-11T15:30:37.6878830Z hint:
2026-02-11T15:30:37.6879935Z hint: Names commonly chosen instead of 'master' are 'main', 'trunk' and
2026-02-11T15:30:37.6881669Z hint: 'development'. The just-created branch can be renamed via this command:
2026-02-11T15:30:37.6883307Z hint:
2026-02-11T15:30:37.6884082Z hint: 	git branch -m <name>
2026-02-11T15:30:37.6884986Z hint:
2026-02-11T15:30:37.6886105Z hint: Disable this message with "git config set advice.defaultBranchName false"
2026-02-11T15:30:37.6888047Z Initialized empty Git repository in /home/runner/work/ImunoEdge/ImunoEdge/.git/
2026-02-11T15:30:37.6891148Z [command]/usr/bin/git remote add origin https://github.com/gabrielima7/ImunoEdge
2026-02-11T15:30:37.6907921Z ##[endgroup]
2026-02-11T15:30:37.6909357Z ##[group]Disabling automatic garbage collection
2026-02-11T15:30:37.6910929Z [command]/usr/bin/git config --local gc.auto 0
2026-02-11T15:30:37.6934487Z ##[endgroup]
2026-02-11T15:30:37.6935973Z ##[group]Setting up auth
2026-02-11T15:30:37.6937229Z Removing SSH command configuration
2026-02-11T15:30:37.6940023Z [command]/usr/bin/git config --local --name-only --get-regexp core\.sshCommand
2026-02-11T15:30:37.6968383Z [command]/usr/bin/git submodule foreach --recursive sh -c "git config --local --name-only --get-regexp 'core\.sshCommand' && git config --local --unset-all 'core.sshCommand' || :"
2026-02-11T15:30:37.7252475Z Removing HTTP extra header
2026-02-11T15:30:37.7262043Z [command]/usr/bin/git config --local --name-only --get-regexp http\.https\:\/\/github\.com\/\.extraheader
2026-02-11T15:30:37.7291739Z [command]/usr/bin/git submodule foreach --recursive sh -c "git config --local --name-only --get-regexp 'http\.https\:\/\/github\.com\/\.extraheader' && git config --local --unset-all 'http.https://github.com/.extraheader' || :"
2026-02-11T15:30:37.7459382Z Removing includeIf entries pointing to credentials config files
2026-02-11T15:30:37.7464371Z [command]/usr/bin/git config --local --name-only --get-regexp ^includeIf\.gitdir:
2026-02-11T15:30:37.7490187Z [command]/usr/bin/git submodule foreach --recursive git config --local --show-origin --name-only --get-regexp remote.origin.url
2026-02-11T15:30:37.7665067Z [command]/usr/bin/git config --file /home/runner/work/_temp/git-credentials-7d54eee3-1aa2-48cd-932f-3f0e89022207.config http.https://github.com/.extraheader AUTHORIZATION: basic ***
2026-02-11T15:30:37.7695373Z [command]/usr/bin/git config --local includeIf.gitdir:/home/runner/work/ImunoEdge/ImunoEdge/.git.path /home/runner/work/_temp/git-credentials-7d54eee3-1aa2-48cd-932f-3f0e89022207.config
2026-02-11T15:30:37.7720404Z [command]/usr/bin/git config --local includeIf.gitdir:/home/runner/work/ImunoEdge/ImunoEdge/.git/worktrees/*.path /home/runner/work/_temp/git-credentials-7d54eee3-1aa2-48cd-932f-3f0e89022207.config
2026-02-11T15:30:37.7745132Z [command]/usr/bin/git config --local includeIf.gitdir:/github/workspace/.git.path /github/runner_temp/git-credentials-7d54eee3-1aa2-48cd-932f-3f0e89022207.config
2026-02-11T15:30:37.7770086Z [command]/usr/bin/git config --local includeIf.gitdir:/github/workspace/.git/worktrees/*.path /github/runner_temp/git-credentials-7d54eee3-1aa2-48cd-932f-3f0e89022207.config
2026-02-11T15:30:37.7791283Z ##[endgroup]
2026-02-11T15:30:37.7793802Z ##[group]Fetching the repository
2026-02-11T15:30:37.7801976Z [command]/usr/bin/git -c protocol.version=2 fetch --no-tags --prune --no-recurse-submodules --depth=1 origin +22797f30b775dab08a63282bfc3c092003bdea47:refs/remotes/origin/main
2026-02-11T15:30:38.4425522Z From https://github.com/gabrielima7/ImunoEdge
2026-02-11T15:30:38.4427472Z  * [new ref]         22797f30b775dab08a63282bfc3c092003bdea47 -> origin/main
2026-02-11T15:30:38.4455599Z [command]/usr/bin/git branch --list --remote origin/main
2026-02-11T15:30:38.4481931Z   origin/main
2026-02-11T15:30:38.4489002Z [command]/usr/bin/git rev-parse refs/remotes/origin/main
2026-02-11T15:30:38.4507243Z 22797f30b775dab08a63282bfc3c092003bdea47
2026-02-11T15:30:38.4511399Z ##[endgroup]
2026-02-11T15:30:38.4513595Z ##[group]Determining the checkout info
2026-02-11T15:30:38.4515179Z ##[endgroup]
2026-02-11T15:30:38.4516521Z [command]/usr/bin/git sparse-checkout disable
2026-02-11T15:30:38.4548859Z [command]/usr/bin/git config --local --unset-all extensions.worktreeConfig
2026-02-11T15:30:38.4569227Z ##[group]Checking out the ref
2026-02-11T15:30:38.4572433Z [command]/usr/bin/git checkout --progress --force -B main refs/remotes/origin/main
2026-02-11T15:30:38.4674246Z Switched to a new branch 'main'
2026-02-11T15:30:38.4676263Z branch 'main' set up to track 'origin/main'.
2026-02-11T15:30:38.4681962Z ##[endgroup]
2026-02-11T15:30:38.4684842Z ##[group]Setting up auth for fetching submodules
2026-02-11T15:30:38.4689792Z [command]/usr/bin/git config --file /home/runner/work/_temp/git-credentials-7d54eee3-1aa2-48cd-932f-3f0e89022207.config http.https://github.com/.extraheader AUTHORIZATION: basic ***
2026-02-11T15:30:38.4721157Z [command]/usr/bin/git config --global include.path /home/runner/work/_temp/git-credentials-7d54eee3-1aa2-48cd-932f-3f0e89022207.config
2026-02-11T15:30:38.4743837Z [command]/usr/bin/git config --global --unset-all url.https://github.com/.insteadOf
2026-02-11T15:30:38.4769945Z [command]/usr/bin/git config --global --add url.https://github.com/.insteadOf git@github.com:
2026-02-11T15:30:38.4799083Z [command]/usr/bin/git config --global --add url.https://github.com/.insteadOf org-230595838@github.com:
2026-02-11T15:30:38.4821812Z ##[endgroup]
2026-02-11T15:30:38.4823186Z ##[group]Fetching submodules
2026-02-11T15:30:38.4824938Z [command]/usr/bin/git submodule sync --recursive
2026-02-11T15:30:38.5007067Z [command]/usr/bin/git -c protocol.version=2 submodule update --init --force --depth=1 --recursive
2026-02-11T15:30:38.5174341Z Submodule 'TaipanStack' (https://github.com/gabrielima7/TaipanStack.git) registered for path 'TaipanStack'
2026-02-11T15:30:38.5193680Z Cloning into '/home/runner/work/ImunoEdge/ImunoEdge/TaipanStack'...
2026-02-11T15:30:39.2318632Z Submodule path 'TaipanStack': checked out '788267ef00de0831d0cbe7423802ecc040dd79f8'
2026-02-11T15:30:39.2348020Z [command]/usr/bin/git submodule foreach --recursive git config --local gc.auto 0
2026-02-11T15:30:39.2527830Z Entering 'TaipanStack'
2026-02-11T15:30:39.2564892Z ##[endgroup]
2026-02-11T15:30:39.2565736Z ##[group]Persisting credentials for submodules
2026-02-11T15:30:39.2572111Z [command]/usr/bin/git submodule foreach --recursive sh -c "git config --local --name-only --get-regexp 'url\.https\:\/\/github\.com\/\.insteadOf' && git config --local --unset-all 'url.https://github.com/.insteadOf' || :"
2026-02-11T15:30:39.2733674Z Entering 'TaipanStack'
2026-02-11T15:30:39.2777170Z [command]/usr/bin/git submodule foreach --recursive git config --local --show-origin --name-only --get-regexp remote.origin.url
2026-02-11T15:30:39.2936577Z Entering 'TaipanStack'
2026-02-11T15:30:39.2951753Z file:/home/runner/work/ImunoEdge/ImunoEdge/.git/modules/TaipanStack/config	remote.origin.url
2026-02-11T15:30:39.2976237Z [command]/usr/bin/git config --file /home/runner/work/ImunoEdge/ImunoEdge/.git/modules/TaipanStack/config includeIf.gitdir:/home/runner/work/ImunoEdge/ImunoEdge/.git/modules/TaipanStack.path /home/runner/work/_temp/git-credentials-7d54eee3-1aa2-48cd-932f-3f0e89022207.config
2026-02-11T15:30:39.3002960Z [command]/usr/bin/git config --file /home/runner/work/ImunoEdge/ImunoEdge/.git/modules/TaipanStack/config includeIf.gitdir:/github/workspace/.git/modules/TaipanStack.path /github/runner_temp/git-credentials-7d54eee3-1aa2-48cd-932f-3f0e89022207.config
2026-02-11T15:30:39.3031422Z [command]/usr/bin/git submodule foreach --recursive git config --local --add 'url.https://github.com/.insteadOf' 'git@github.com:'
2026-02-11T15:30:39.3194058Z Entering 'TaipanStack'
2026-02-11T15:30:39.3234431Z [command]/usr/bin/git submodule foreach --recursive git config --local --add 'url.https://github.com/.insteadOf' 'org-230595838@github.com:'
2026-02-11T15:30:39.3394900Z Entering 'TaipanStack'
2026-02-11T15:30:39.3430007Z ##[endgroup]
2026-02-11T15:30:39.3497796Z [command]/usr/bin/git log -1 --format=%H
2026-02-11T15:30:39.3516230Z 22797f30b775dab08a63282bfc3c092003bdea47
2026-02-11T15:30:39.3719305Z ##[group]Run actions/setup-python@v6
2026-02-11T15:30:39.3719669Z with:
2026-02-11T15:30:39.3719911Z   python-version: 3.11
2026-02-11T15:30:39.3720187Z   check-latest: false
2026-02-11T15:30:39.3720613Z   token: ***
2026-02-11T15:30:39.3720867Z   update-environment: true
2026-02-11T15:30:39.3721169Z   allow-prereleases: false
2026-02-11T15:30:39.3721455Z   freethreaded: false
2026-02-11T15:30:39.3721704Z env:
2026-02-11T15:30:39.3721938Z   PYTHON_VERSION_DEFAULT: 3.11
2026-02-11T15:30:39.3722409Z ##[endgroup]
2026-02-11T15:30:39.4893346Z ##[group]Installed versions
2026-02-11T15:30:39.4995509Z Successfully set up CPython (3.11.14)
2026-02-11T15:30:39.4996548Z ##[endgroup]
2026-02-11T15:30:39.5076274Z ##[group]Run python -m pip install --upgrade pip
2026-02-11T15:30:39.5076824Z [36;1mpython -m pip install --upgrade pip[0m
2026-02-11T15:30:39.5077192Z [36;1mpip install -e .[0m
2026-02-11T15:30:39.5077486Z [36;1mpip install mypy[0m
2026-02-11T15:30:39.5113259Z shell: /usr/bin/bash -e {0}
2026-02-11T15:30:39.5113591Z env:
2026-02-11T15:30:39.5113842Z   PYTHON_VERSION_DEFAULT: 3.11
2026-02-11T15:30:39.5114224Z   pythonLocation: /opt/hostedtoolcache/Python/3.11.14/x64
2026-02-11T15:30:39.5114738Z   PKG_CONFIG_PATH: /opt/hostedtoolcache/Python/3.11.14/x64/lib/pkgconfig
2026-02-11T15:30:39.5115221Z   Python_ROOT_DIR: /opt/hostedtoolcache/Python/3.11.14/x64
2026-02-11T15:30:39.5115664Z   Python2_ROOT_DIR: /opt/hostedtoolcache/Python/3.11.14/x64
2026-02-11T15:30:39.5116097Z   Python3_ROOT_DIR: /opt/hostedtoolcache/Python/3.11.14/x64
2026-02-11T15:30:39.5116546Z   LD_LIBRARY_PATH: /opt/hostedtoolcache/Python/3.11.14/x64/lib
2026-02-11T15:30:39.5116945Z ##[endgroup]
2026-02-11T15:30:40.0908791Z Requirement already satisfied: pip in /opt/hostedtoolcache/Python/3.11.14/x64/lib/python3.11/site-packages (26.0)
2026-02-11T15:30:40.2051190Z Collecting pip
2026-02-11T15:30:40.2893460Z   Downloading pip-26.0.1-py3-none-any.whl.metadata (4.7 kB)
2026-02-11T15:30:40.3063894Z Downloading pip-26.0.1-py3-none-any.whl (1.8 MB)
2026-02-11T15:30:40.5058166Z    ━━━━━━━━━━━━━━━━━━━━━━━━━━━━━━━━━━━━━━━━ 1.8/1.8 MB 10.2 MB/s  0:00:00
2026-02-11T15:30:40.5254930Z Installing collected packages: pip
2026-02-11T15:30:40.5255716Z   Attempting uninstall: pip
2026-02-11T15:30:40.5269400Z     Found existing installation: pip 26.0
2026-02-11T15:30:40.5626650Z     Uninstalling pip-26.0:
2026-02-11T15:30:40.5673259Z       Successfully uninstalled pip-26.0
2026-02-11T15:30:41.2394728Z Successfully installed pip-26.0.1
2026-02-11T15:30:41.6601924Z Obtaining file:///home/runner/work/ImunoEdge/ImunoEdge
2026-02-11T15:30:41.6618710Z   Installing build dependencies: started
2026-02-11T15:30:42.4763267Z   Installing build dependencies: finished with status 'done'
2026-02-11T15:30:42.4769090Z   Checking if build backend supports build_editable: started
2026-02-11T15:30:42.7485758Z   Checking if build backend supports build_editable: finished with status 'done'
2026-02-11T15:30:42.7643939Z ERROR: Exception:
2026-02-11T15:30:42.7644424Z Traceback (most recent call last):
2026-02-11T15:30:42.7655093Z   File "/opt/hostedtoolcache/Python/3.11.14/x64/lib/python3.11/site-packages/pip/_internal/cli/base_command.py", line 107, in _run_wrapper
2026-02-11T15:30:42.7656485Z     status = _inner_run()
2026-02-11T15:30:42.7656849Z              ^^^^^^^^^^^^
2026-02-11T15:30:42.7657833Z   File "/opt/hostedtoolcache/Python/3.11.14/x64/lib/python3.11/site-packages/pip/_internal/cli/base_command.py", line 98, in _inner_run
2026-02-11T15:30:42.7658892Z     return self.run(options, args)
2026-02-11T15:30:42.7659289Z            ^^^^^^^^^^^^^^^^^^^^^^^
2026-02-11T15:30:42.7660293Z   File "/opt/hostedtoolcache/Python/3.11.14/x64/lib/python3.11/site-packages/pip/_internal/cli/req_command.py", line 96, in wrapper
2026-02-11T15:30:42.7661532Z     return func(self, options, args)
2026-02-11T15:30:42.7661967Z            ^^^^^^^^^^^^^^^^^^^^^^^^^
2026-02-11T15:30:42.7663112Z   File "/opt/hostedtoolcache/Python/3.11.14/x64/lib/python3.11/site-packages/pip/_internal/commands/install.py", line 392, in run
2026-02-11T15:30:42.7664065Z     requirement_set = resolver.resolve(
2026-02-11T15:30:42.7664530Z                       ^^^^^^^^^^^^^^^^^
2026-02-11T15:30:42.7665647Z   File "/opt/hostedtoolcache/Python/3.11.14/x64/lib/python3.11/site-packages/pip/_internal/resolution/resolvelib/resolver.py", line 79, in resolve
2026-02-11T15:30:42.7666872Z     collected = self.factory.collect_root_requirements(root_reqs)
2026-02-11T15:30:42.7667492Z                 ^^^^^^^^^^^^^^^^^^^^^^^^^^^^^^^^^^^^^^^^^^^^^^^^^
2026-02-11T15:30:42.7668989Z   File "/opt/hostedtoolcache/Python/3.11.14/x64/lib/python3.11/site-packages/pip/_internal/resolution/resolvelib/factory.py", line 538, in collect_root_requirements
2026-02-11T15:30:42.7670173Z     reqs = list(
2026-02-11T15:30:42.7670476Z            ^^^^^
2026-02-11T15:30:42.7671642Z   File "/opt/hostedtoolcache/Python/3.11.14/x64/lib/python3.11/site-packages/pip/_internal/resolution/resolvelib/factory.py", line 494, in _make_requirements_from_install_req
2026-02-11T15:30:42.7673053Z     cand = self._make_base_candidate_from_link(
2026-02-11T15:30:42.7673529Z            ^^^^^^^^^^^^^^^^^^^^^^^^^^^^^^^^^^^^
2026-02-11T15:30:42.7674790Z   File "/opt/hostedtoolcache/Python/3.11.14/x64/lib/python3.11/site-packages/pip/_internal/resolution/resolvelib/factory.py", line 205, in _make_base_candidate_from_link
2026-02-11T15:30:42.7676081Z     self._editable_candidate_cache[link] = EditableCandidate(
2026-02-11T15:30:42.7676663Z                                            ^^^^^^^^^^^^^^^^^^
2026-02-11T15:30:42.7677854Z   File "/opt/hostedtoolcache/Python/3.11.14/x64/lib/python3.11/site-packages/pip/_internal/resolution/resolvelib/candidates.py", line 343, in __init__
2026-02-11T15:30:42.7678941Z     super().__init__(
2026-02-11T15:30:42.7679990Z   File "/opt/hostedtoolcache/Python/3.11.14/x64/lib/python3.11/site-packages/pip/_internal/resolution/resolvelib/candidates.py", line 161, in __init__
2026-02-11T15:30:42.7681108Z     self.dist = self._prepare()
2026-02-11T15:30:42.7681502Z                 ^^^^^^^^^^^^^^^
2026-02-11T15:30:42.7682744Z   File "/opt/hostedtoolcache/Python/3.11.14/x64/lib/python3.11/site-packages/pip/_internal/resolution/resolvelib/candidates.py", line 238, in _prepare
2026-02-11T15:30:42.7683874Z     dist = self._prepare_distribution()
2026-02-11T15:30:42.7684307Z            ^^^^^^^^^^^^^^^^^^^^^^^^^^^^
2026-02-11T15:30:42.7685498Z   File "/opt/hostedtoolcache/Python/3.11.14/x64/lib/python3.11/site-packages/pip/_internal/resolution/resolvelib/candidates.py", line 353, in _prepare_distribution
2026-02-11T15:30:42.7686828Z     return self._factory.preparer.prepare_editable_requirement(self._ireq)
2026-02-11T15:30:42.7687517Z            ^^^^^^^^^^^^^^^^^^^^^^^^^^^^^^^^^^^^^^^^^^^^^^^^^^^^^^^^^^^^^^^
2026-02-11T15:30:42.7688728Z   File "/opt/hostedtoolcache/Python/3.11.14/x64/lib/python3.11/site-packages/pip/_internal/operations/prepare.py", line 713, in prepare_editable_requirement
2026-02-11T15:30:42.7689849Z     dist = _get_prepared_distribution(
2026-02-11T15:30:42.7690319Z            ^^^^^^^^^^^^^^^^^^^^^^^^^^^
2026-02-11T15:30:42.7691443Z   File "/opt/hostedtoolcache/Python/3.11.14/x64/lib/python3.11/site-packages/pip/_internal/operations/prepare.py", line 77, in _get_prepared_distribution
2026-02-11T15:30:42.7692742Z     abstract_dist.prepare_distribution_metadata(
2026-02-11T15:30:42.7694063Z   File "/opt/hostedtoolcache/Python/3.11.14/x64/lib/python3.11/site-packages/pip/_internal/distributions/sdist.py", line 53, in prepare_distribution_metadata
2026-02-11T15:30:42.7695221Z     self.req.editable_sanity_check()
2026-02-11T15:30:42.7696331Z   File "/opt/hostedtoolcache/Python/3.11.14/x64/lib/python3.11/site-packages/pip/_internal/req/req_install.py", line 501, in editable_sanity_check
2026-02-11T15:30:42.7697706Z     if self.editable and not self.supports_pyproject_editable:
2026-02-11T15:30:42.7698312Z                              ^^^^^^^^^^^^^^^^^^^^^^^^^^^^^^^^
2026-02-11T15:30:42.7699130Z   File "/opt/hostedtoolcache/Python/3.11.14/x64/lib/python3.11/functools.py", line 1001, in __get__
2026-02-11T15:30:42.7699907Z     val = self.func(instance)
2026-02-11T15:30:42.7700298Z           ^^^^^^^^^^^^^^^^^^^
2026-02-11T15:30:42.7701361Z   File "/opt/hostedtoolcache/Python/3.11.14/x64/lib/python3.11/site-packages/pip/_internal/req/req_install.py", line 237, in supports_pyproject_editable
2026-02-11T15:30:42.7702730Z     return "build_editable" in self.pep517_backend._supported_features()
2026-02-11T15:30:42.7703375Z                                ^^^^^^^^^^^^^^^^^^^^^^^^^^^^^^^^^^^^^^^^^
2026-02-11T15:30:42.7704696Z   File "/opt/hostedtoolcache/Python/3.11.14/x64/lib/python3.11/site-packages/pip/_vendor/pyproject_hooks/_impl.py", line 180, in _supported_features
2026-02-11T15:30:42.7705828Z     return self._call_hook("_supported_features", {})
2026-02-11T15:30:42.7706329Z            ^^^^^^^^^^^^^^^^^^^^^^^^^^^^^^^^^^^^^^^^^^
2026-02-11T15:30:42.7707380Z   File "/opt/hostedtoolcache/Python/3.11.14/x64/lib/python3.11/site-packages/pip/_vendor/pyproject_hooks/_impl.py", line 402, in _call_hook
2026-02-11T15:30:42.7708415Z     raise BackendUnavailable(
2026-02-11T15:30:42.7709165Z pip._vendor.pyproject_hooks._impl.BackendUnavailable: Cannot import 'setuptools.backends._legacy'
2026-02-11T15:30:42.8146641Z ##[error]Process completed with exit code 2.
2026-02-11T15:30:42.8254545Z Post job cleanup.
2026-02-11T15:30:42.8991470Z [command]/usr/bin/git version
2026-02-11T15:30:42.9023417Z git version 2.52.0
2026-02-11T15:30:42.9058224Z Temporarily overriding HOME='/home/runner/work/_temp/79ae5d85-601a-4f01-8ee4-c3acdad0228e' before making global git config changes
2026-02-11T15:30:42.9059133Z Adding repository directory to the temporary git global config as a safe directory
2026-02-11T15:30:42.9063701Z [command]/usr/bin/git config --global --add safe.directory /home/runner/work/ImunoEdge/ImunoEdge
2026-02-11T15:30:42.9091073Z Removing SSH command configuration
2026-02-11T15:30:42.9097126Z [command]/usr/bin/git config --local --name-only --get-regexp core\.sshCommand
2026-02-11T15:30:42.9126042Z [command]/usr/bin/git submodule foreach --recursive sh -c "git config --local --name-only --get-regexp 'core\.sshCommand' && git config --local --unset-all 'core.sshCommand' || :"
2026-02-11T15:30:42.9293484Z Entering 'TaipanStack'
2026-02-11T15:30:42.9337183Z Removing HTTP extra header
2026-02-11T15:30:42.9342579Z [command]/usr/bin/git config --local --name-only --get-regexp http\.https\:\/\/github\.com\/\.extraheader
2026-02-11T15:30:42.9371373Z [command]/usr/bin/git submodule foreach --recursive sh -c "git config --local --name-only --get-regexp 'http\.https\:\/\/github\.com\/\.extraheader' && git config --local --unset-all 'http.https://github.com/.extraheader' || :"
2026-02-11T15:30:42.9541037Z Entering 'TaipanStack'
2026-02-11T15:30:42.9581104Z Removing includeIf entries pointing to credentials config files
2026-02-11T15:30:42.9588441Z [command]/usr/bin/git config --local --name-only --get-regexp ^includeIf\.gitdir:
2026-02-11T15:30:42.9608122Z includeif.gitdir:/home/runner/work/ImunoEdge/ImunoEdge/.git.path
2026-02-11T15:30:42.9608858Z includeif.gitdir:/home/runner/work/ImunoEdge/ImunoEdge/.git/worktrees/*.path
2026-02-11T15:30:42.9609335Z includeif.gitdir:/github/workspace/.git.path
2026-02-11T15:30:42.9609750Z includeif.gitdir:/github/workspace/.git/worktrees/*.path
2026-02-11T15:30:42.9617322Z [command]/usr/bin/git config --local --get-all includeif.gitdir:/home/runner/work/ImunoEdge/ImunoEdge/.git.path
2026-02-11T15:30:42.9634328Z /home/runner/work/_temp/git-credentials-7d54eee3-1aa2-48cd-932f-3f0e89022207.config
2026-02-11T15:30:42.9643139Z [command]/usr/bin/git config --local --unset includeif.gitdir:/home/runner/work/ImunoEdge/ImunoEdge/.git.path /home/runner/work/_temp/git-credentials-7d54eee3-1aa2-48cd-932f-3f0e89022207.config
2026-02-11T15:30:42.9668695Z [command]/usr/bin/git config --local --get-all includeif.gitdir:/home/runner/work/ImunoEdge/ImunoEdge/.git/worktrees/*.path
2026-02-11T15:30:42.9685837Z /home/runner/work/_temp/git-credentials-7d54eee3-1aa2-48cd-932f-3f0e89022207.config
2026-02-11T15:30:42.9693249Z [command]/usr/bin/git config --local --unset includeif.gitdir:/home/runner/work/ImunoEdge/ImunoEdge/.git/worktrees/*.path /home/runner/work/_temp/git-credentials-7d54eee3-1aa2-48cd-932f-3f0e89022207.config
2026-02-11T15:30:42.9717678Z [command]/usr/bin/git config --local --get-all includeif.gitdir:/github/workspace/.git.path
2026-02-11T15:30:42.9734187Z /github/runner_temp/git-credentials-7d54eee3-1aa2-48cd-932f-3f0e89022207.config
2026-02-11T15:30:42.9740348Z [command]/usr/bin/git config --local --unset includeif.gitdir:/github/workspace/.git.path /github/runner_temp/git-credentials-7d54eee3-1aa2-48cd-932f-3f0e89022207.config
2026-02-11T15:30:42.9764438Z [command]/usr/bin/git config --local --get-all includeif.gitdir:/github/workspace/.git/worktrees/*.path
2026-02-11T15:30:42.9781182Z /github/runner_temp/git-credentials-7d54eee3-1aa2-48cd-932f-3f0e89022207.config
2026-02-11T15:30:42.9788784Z [command]/usr/bin/git config --local --unset includeif.gitdir:/github/workspace/.git/worktrees/*.path /github/runner_temp/git-credentials-7d54eee3-1aa2-48cd-932f-3f0e89022207.config
2026-02-11T15:30:42.9815058Z [command]/usr/bin/git submodule foreach --recursive git config --local --show-origin --name-only --get-regexp remote.origin.url
2026-02-11T15:30:42.9979289Z Entering 'TaipanStack'
2026-02-11T15:30:42.9995816Z file:/home/runner/work/ImunoEdge/ImunoEdge/.git/modules/TaipanStack/config	remote.origin.url
2026-02-11T15:30:43.0020751Z [command]/usr/bin/git config --file /home/runner/work/ImunoEdge/ImunoEdge/.git/modules/TaipanStack/config --name-only --get-regexp ^includeIf\.gitdir:
2026-02-11T15:30:43.0046562Z includeif.gitdir:/home/runner/work/ImunoEdge/ImunoEdge/.git/modules/TaipanStack.path
2026-02-11T15:30:43.0047228Z includeif.gitdir:/github/workspace/.git/modules/TaipanStack.path
2026-02-11T15:30:43.0053267Z [command]/usr/bin/git config --file /home/runner/work/ImunoEdge/ImunoEdge/.git/modules/TaipanStack/config --get-all includeif.gitdir:/home/runner/work/ImunoEdge/ImunoEdge/.git/modules/TaipanStack.path
2026-02-11T15:30:43.0068604Z /home/runner/work/_temp/git-credentials-7d54eee3-1aa2-48cd-932f-3f0e89022207.config
2026-02-11T15:30:43.0074692Z [command]/usr/bin/git config --file /home/runner/work/ImunoEdge/ImunoEdge/.git/modules/TaipanStack/config --unset includeif.gitdir:/home/runner/work/ImunoEdge/ImunoEdge/.git/modules/TaipanStack.path /home/runner/work/_temp/git-credentials-7d54eee3-1aa2-48cd-932f-3f0e89022207.config
2026-02-11T15:30:43.0101031Z [command]/usr/bin/git config --file /home/runner/work/ImunoEdge/ImunoEdge/.git/modules/TaipanStack/config --get-all includeif.gitdir:/github/workspace/.git/modules/TaipanStack.path
2026-02-11T15:30:43.0117748Z /github/runner_temp/git-credentials-7d54eee3-1aa2-48cd-932f-3f0e89022207.config
2026-02-11T15:30:43.0126097Z [command]/usr/bin/git config --file /home/runner/work/ImunoEdge/ImunoEdge/.git/modules/TaipanStack/config --unset includeif.gitdir:/github/workspace/.git/modules/TaipanStack.path /github/runner_temp/git-credentials-7d54eee3-1aa2-48cd-932f-3f0e89022207.config
2026-02-11T15:30:43.0147065Z Removing credentials config '/home/runner/work/_temp/git-credentials-7d54eee3-1aa2-48cd-932f-3f0e89022207.config'
2026-02-11T15:30:43.0243444Z Cleaning up orphan processes
