2026-02-11T15:30:36.3305757Z Current runner version: '2.331.0'
2026-02-11T15:30:36.3329608Z ##[group]Runner Image Provisioner
2026-02-11T15:30:36.3330439Z Hosted Compute Agent
2026-02-11T15:30:36.3330939Z Version: 20260123.484
2026-02-11T15:30:36.3331637Z Commit: 6bd6555ca37d84114959e1c76d2c01448ff61c5d
2026-02-11T15:30:36.3332280Z Build Date: 2026-01-23T19:41:17Z
2026-02-11T15:30:36.3333091Z Worker ID: {f37f2c08-dfe8-4fc7-9e69-e95374f86457}
2026-02-11T15:30:36.3333905Z Azure Region: westus
2026-02-11T15:30:36.3334435Z ##[endgroup]
2026-02-11T15:30:36.3335811Z ##[group]Operating System
2026-02-11T15:30:36.3336477Z Ubuntu
2026-02-11T15:30:36.3336941Z 24.04.3
2026-02-11T15:30:36.3337351Z LTS
2026-02-11T15:30:36.3337879Z ##[endgroup]
2026-02-11T15:30:36.3338329Z ##[group]Runner Image
2026-02-11T15:30:36.3338846Z Image: ubuntu-24.04
2026-02-11T15:30:36.3339353Z Version: 20260201.15.1
2026-02-11T15:30:36.3340539Z Included Software: https://github.com/actions/runner-images/blob/ubuntu24/20260201.15/images/ubuntu/Ubuntu2404-Readme.md
2026-02-11T15:30:36.3342032Z Image Release: https://github.com/actions/runner-images/releases/tag/ubuntu24%2F20260201.15
2026-02-11T15:30:36.3343156Z ##[endgroup]
2026-02-11T15:30:36.3344291Z ##[group]GITHUB_TOKEN Permissions
2026-02-11T15:30:36.3346152Z Contents: read
2026-02-11T15:30:36.3346661Z Metadata: read
2026-02-11T15:30:36.3347261Z Packages: read
2026-02-11T15:30:36.3347739Z ##[endgroup]
2026-02-11T15:30:36.3349898Z Secret source: Actions
2026-02-11T15:30:36.3350549Z Prepare workflow directory
2026-02-11T15:30:36.3947838Z Prepare all required actions
2026-02-11T15:30:36.3985386Z Getting action download info
2026-02-11T15:30:36.8559005Z Download action repository 'actions/checkout@v6' (SHA:de0fac2e4500dabe0009e67214ff5f5447ce83dd)
2026-02-11T15:30:37.0508637Z Complete job name: Test on fedora-42
2026-02-11T15:30:37.1045844Z ##[group]Checking docker version
2026-02-11T15:30:37.1058777Z ##[command]/usr/bin/docker version --format '{{.Server.APIVersion}}'
2026-02-11T15:30:37.1910759Z '1.48'
2026-02-11T15:30:37.1922355Z Docker daemon API version: '1.48'
2026-02-11T15:30:37.1923358Z ##[command]/usr/bin/docker version --format '{{.Client.APIVersion}}'
2026-02-11T15:30:37.2087471Z '1.48'
2026-02-11T15:30:37.2100234Z Docker client API version: '1.48'
2026-02-11T15:30:37.2106198Z ##[endgroup]
2026-02-11T15:30:37.2109690Z ##[group]Clean up resources from previous jobs
2026-02-11T15:30:37.2115138Z ##[command]/usr/bin/docker ps --all --quiet --no-trunc --filter "label=37dfc0"
2026-02-11T15:30:37.2256440Z ##[command]/usr/bin/docker network prune --force --filter "label=37dfc0"
2026-02-11T15:30:37.2391518Z ##[endgroup]
2026-02-11T15:30:37.2391990Z ##[group]Create local container network
2026-02-11T15:30:37.2402224Z ##[command]/usr/bin/docker network create --label 37dfc0 github_network_c32edfd324a64e2186cd278cdd099cfe
2026-02-11T15:30:37.2944027Z 9c30c36051b23f9acfdecb0da199bef8081a764046341b1db7d580775eb5ba6e
2026-02-11T15:30:37.2963291Z ##[endgroup]
2026-02-11T15:30:37.2986398Z ##[group]Starting job container
2026-02-11T15:30:37.3006578Z ##[command]/usr/bin/docker pull fedora:42
2026-02-11T15:30:38.2380380Z 42: Pulling from library/fedora
2026-02-11T15:30:38.5048316Z bcbfb8588268: Pulling fs layer
2026-02-11T15:30:39.0057331Z bcbfb8588268: Verifying Checksum
2026-02-11T15:30:40.9607121Z bcbfb8588268: Download complete
2026-02-11T15:30:40.9607775Z bcbfb8588268: Pull complete
2026-02-11T15:30:40.9651424Z Digest: sha256:eb167a7adffa1489a205c83a7b9324e4cb0fae5c54645f263e70ac13f661f0e8
2026-02-11T15:30:40.9664286Z Status: Downloaded newer image for fedora:42
2026-02-11T15:30:40.9671663Z docker.io/library/fedora:42
2026-02-11T15:30:40.9756642Z ##[command]/usr/bin/docker create --name f6256604d5ed4308b349a0f8dc05c8ee_fedora42_9d561d --label 37dfc0 --workdir /__w/ImunoEdge/ImunoEdge --network github_network_c32edfd324a64e2186cd278cdd099cfe  -e "HOME=/github/home" -e GITHUB_ACTIONS=true -e CI=true -v "/var/run/docker.sock":"/var/run/docker.sock" -v "/home/runner/work":"/__w" -v "/home/runner/actions-runner/cached/externals":"/__e":ro -v "/home/runner/work/_temp":"/__w/_temp" -v "/home/runner/work/_actions":"/__w/_actions" -v "/opt/hostedtoolcache":"/__t" -v "/home/runner/work/_temp/_github_home":"/github/home" -v "/home/runner/work/_temp/_github_workflow":"/github/workflow" --entrypoint "tail" fedora:42 "-f" "/dev/null"
2026-02-11T15:30:41.8711897Z 39265e5592eb67e98a611b29c388069f792641e8de9bf4c7074b1f8f8097f48e
2026-02-11T15:30:41.8737866Z ##[command]/usr/bin/docker start 39265e5592eb67e98a611b29c388069f792641e8de9bf4c7074b1f8f8097f48e
2026-02-11T15:30:42.0465759Z 39265e5592eb67e98a611b29c388069f792641e8de9bf4c7074b1f8f8097f48e
2026-02-11T15:30:42.0484233Z ##[command]/usr/bin/docker ps --all --filter id=39265e5592eb67e98a611b29c388069f792641e8de9bf4c7074b1f8f8097f48e --filter status=running --no-trunc --format "{{.ID}} {{.Status}}"
2026-02-11T15:30:42.0604145Z 39265e5592eb67e98a611b29c388069f792641e8de9bf4c7074b1f8f8097f48e Up Less than a second
2026-02-11T15:30:42.0624200Z ##[command]/usr/bin/docker inspect --format "{{range .Config.Env}}{{println .}}{{end}}" 39265e5592eb67e98a611b29c388069f792641e8de9bf4c7074b1f8f8097f48e
2026-02-11T15:30:42.0750234Z GITHUB_ACTIONS=true
2026-02-11T15:30:42.0750741Z CI=true
2026-02-11T15:30:42.0751001Z HOME=/github/home
2026-02-11T15:30:42.0751373Z PATH=/usr/local/sbin:/usr/local/bin:/usr/sbin:/usr/bin:/sbin:/bin
2026-02-11T15:30:42.0751782Z DISTTAG=f42container
2026-02-11T15:30:42.0752029Z FGC=f42
2026-02-11T15:30:42.0752222Z FBR=f42
2026-02-11T15:30:42.0771612Z ##[endgroup]
2026-02-11T15:30:42.0780978Z ##[group]Waiting for all services to be ready
2026-02-11T15:30:42.0782665Z ##[endgroup]
2026-02-11T15:30:42.0988857Z ##[group]Run dnf install -y python3 python3-pip git
2026-02-11T15:30:42.0989358Z [36;1mdnf install -y python3 python3-pip git[0m
2026-02-11T15:30:42.0992871Z shell: sh -e {0}
2026-02-11T15:30:42.0993553Z env:
2026-02-11T15:30:42.0993824Z   PYTHON_VERSION_DEFAULT: 3.11
2026-02-11T15:30:42.0994142Z ##[endgroup]
2026-02-11T15:30:42.1921933Z Updating and loading repositories:
2026-02-11T15:30:44.8957330Z  Fedora 42 openh264 (From Cisco) - x86_ 100% |   2.6 KiB/s |   5.8 KiB |  00m02s
2026-02-11T15:30:45.2477272Z  Fedora 42 - x86_64                     100% |  11.6 MiB/s |  35.4 MiB |  00m03s
2026-02-11T15:30:45.9067658Z  Fedora 42 - x86_64 - Updates           100% |   4.0 MiB/s |  11.0 MiB |  00m03s
2026-02-11T15:30:49.8747155Z Repositories loaded.
2026-02-11T15:30:51.3409251Z Package                     Arch   Version                 Repository      Size
2026-02-11T15:30:51.3409911Z Installing:
2026-02-11T15:30:51.3410415Z  git                        x86_64 2.53.0-1.fc42           updates     56.4 KiB
2026-02-11T15:30:51.3411110Z  python3                    x86_64 3.13.11-2.fc42          updates     28.7 KiB
2026-02-11T15:30:51.3411832Z  python3-pip                noarch 24.3.1-5.fc42           updates     11.3 MiB
2026-02-11T15:30:51.3412535Z Installing dependencies:
2026-02-11T15:30:51.3413269Z  expat                      x86_64 2.7.3-1.fc42            updates    301.1 KiB
2026-02-11T15:30:51.3414068Z  git-core                   x86_64 2.53.0-1.fc42           updates     24.1 MiB
2026-02-11T15:30:51.3414791Z  git-core-doc               noarch 2.53.0-1.fc42           updates     18.5 MiB
2026-02-11T15:30:51.3415588Z  groff-base                 x86_64 1.23.0-8.fc42           fedora       3.9 MiB
2026-02-11T15:30:51.3416271Z  less                       x86_64 679-1.fc42              updates    406.1 KiB
2026-02-11T15:30:51.3416919Z  libb2                      x86_64 0.98.1-13.fc42          fedora      46.1 KiB
2026-02-11T15:30:51.3417566Z  libcbor                    x86_64 0.11.0-3.fc42           fedora      77.8 KiB
2026-02-11T15:30:51.3418235Z  libedit                    x86_64 3.1-56.20251016cvs.fc42 updates    240.2 KiB
2026-02-11T15:30:51.3418928Z  libfdisk                   x86_64 2.40.4-8.fc42           updates    372.3 KiB
2026-02-11T15:30:51.3419597Z  libfido2                   x86_64 1.15.0-3.fc42           fedora     242.1 KiB
2026-02-11T15:30:51.3420293Z  mpdecimal                  x86_64 4.0.1-1.fc42            updates    217.2 KiB
2026-02-11T15:30:51.3421516Z  ncurses                    x86_64 6.5-5.20250125.fc42     fedora     608.1 KiB
2026-02-11T15:30:51.3422151Z  openssh                    x86_64 9.9p1-12.fc42           updates      1.4 MiB
2026-02-11T15:30:51.3422832Z  openssh-clients            x86_64 9.9p1-12.fc42           updates      2.7 MiB
2026-02-11T15:30:51.3423796Z  perl-AutoLoader            noarch 5.74-519.fc42           updates     20.5 KiB
2026-02-11T15:30:51.3424545Z  perl-B                     x86_64 1.89-519.fc42           updates    498.0 KiB
2026-02-11T15:30:51.3425257Z  perl-Carp                  noarch 1.54-512.fc42           fedora      46.6 KiB
2026-02-11T15:30:51.3426030Z  perl-Class-Struct          noarch 0.68-519.fc42           updates     25.4 KiB
2026-02-11T15:30:51.3426842Z  perl-Data-Dumper           x86_64 2.189-513.fc42          fedora     115.6 KiB
2026-02-11T15:30:51.3427644Z  perl-Digest                noarch 1.20-512.fc42           fedora      35.3 KiB
2026-02-11T15:30:51.3428468Z  perl-Digest-MD5            x86_64 2.59-6.fc42             fedora      59.7 KiB
2026-02-11T15:30:51.3429241Z  perl-DynaLoader            x86_64 1.56-519.fc42           updates     32.1 KiB
2026-02-11T15:30:51.3429995Z  perl-Encode                x86_64 4:3.21-512.fc42         fedora       4.7 MiB
2026-02-11T15:30:51.3430709Z  perl-Errno                 x86_64 1.38-519.fc42           updates      8.3 KiB
2026-02-11T15:30:51.3431431Z  perl-Error                 noarch 1:0.17030-1.fc42        fedora      76.7 KiB
2026-02-11T15:30:51.3432494Z  perl-Exporter              noarch 5.78-512.fc42           fedora      54.3 KiB
2026-02-11T15:30:51.3433514Z  perl-Fcntl                 x86_64 1.18-519.fc42           updates     48.9 KiB
2026-02-11T15:30:51.3434319Z  perl-File-Basename         noarch 2.86-519.fc42           updates     14.0 KiB
2026-02-11T15:30:51.3435227Z  perl-File-Path             noarch 2.18-512.fc42           fedora      63.5 KiB
2026-02-11T15:30:51.3435985Z  perl-File-Temp             noarch 1:0.231.100-512.fc42    fedora     162.3 KiB
2026-02-11T15:30:51.3436771Z  perl-File-stat             noarch 1.14-519.fc42           updates     12.5 KiB
2026-02-11T15:30:51.3437564Z  perl-FileHandle            noarch 2.05-519.fc42           updates      9.3 KiB
2026-02-11T15:30:51.3438374Z  perl-Getopt-Long           noarch 1:2.58-3.fc42           fedora     144.5 KiB
2026-02-11T15:30:51.3439176Z  perl-Getopt-Std            noarch 1.14-519.fc42           updates     11.2 KiB
2026-02-11T15:30:51.3439921Z  perl-Git                   noarch 2.53.0-1.fc42           updates     64.4 KiB
2026-02-11T15:30:51.3440665Z  perl-HTTP-Tiny             noarch 0.090-2.fc42            fedora     154.4 KiB
2026-02-11T15:30:51.3441367Z  perl-IO                    x86_64 1.55-519.fc42           updates    147.0 KiB
2026-02-11T15:30:51.3442088Z  perl-IO-Socket-IP          noarch 0.43-2.fc42             fedora     100.3 KiB
2026-02-11T15:30:51.3442867Z  perl-IO-Socket-SSL         noarch 2.089-2.fc42            fedora     703.3 KiB
2026-02-11T15:30:51.3443896Z  perl-IPC-Open3             noarch 1.22-519.fc42           updates     22.5 KiB
2026-02-11T15:30:51.3444686Z  perl-MIME-Base32           noarch 1.303-23.fc42           fedora      30.7 KiB
2026-02-11T15:30:51.3445459Z  perl-MIME-Base64           x86_64 3.16-512.fc42           fedora      42.0 KiB
2026-02-11T15:30:51.3446247Z  perl-Net-SSLeay            x86_64 1.94-8.fc42             fedora       1.3 MiB
2026-02-11T15:30:51.3446974Z  perl-POSIX                 x86_64 2.20-519.fc42           updates    231.0 KiB
2026-02-11T15:30:51.3447754Z  perl-PathTools             x86_64 3.91-513.fc42           fedora     180.0 KiB
2026-02-11T15:30:51.3448535Z  perl-Pod-Escapes           noarch 1:1.07-512.fc42         fedora      24.9 KiB
2026-02-11T15:30:51.3449382Z Total size of inbound packages is 33 MiB. Need to download 33 MiB.
2026-02-11T15:30:51.3450163Z After this operation, 131 MiB extra will be used (install 131 MiB, remove 0 B).
2026-02-11T15:30:51.3450970Z  perl-Pod-Perldoc           noarch 3.28.01-513.fc42        fedora     163.7 KiB
2026-02-11T15:30:51.3451968Z  perl-Pod-Simple            noarch 1:3.45-512.fc42         fedora     560.8 KiB
2026-02-11T15:30:51.3452712Z  perl-Pod-Usage             noarch 4:2.05-1.fc42           fedora      86.3 KiB
2026-02-11T15:30:51.3453684Z  perl-Scalar-List-Utils     x86_64 5:1.70-1.fc42           updates    144.9 KiB
2026-02-11T15:30:51.3454487Z  perl-SelectSaver           noarch 1.02-519.fc42           updates      2.2 KiB
2026-02-11T15:30:51.3455219Z  perl-Socket                x86_64 4:2.038-512.fc42        fedora     119.9 KiB
2026-02-11T15:30:51.3455923Z  perl-Storable              x86_64 1:3.32-512.fc42         fedora     232.3 KiB
2026-02-11T15:30:51.3456624Z  perl-Symbol                noarch 1.09-519.fc42           updates      6.8 KiB
2026-02-11T15:30:51.3457377Z  perl-Term-ANSIColor        noarch 5.01-513.fc42           fedora      97.5 KiB
2026-02-11T15:30:51.3458131Z  perl-Term-Cap              noarch 1.18-512.fc42           fedora      29.3 KiB
2026-02-11T15:30:51.3458856Z  perl-TermReadKey           x86_64 2.38-24.fc42            fedora      64.0 KiB
2026-02-11T15:30:51.3459629Z  perl-Text-ParseWords       noarch 3.31-512.fc42           fedora      13.6 KiB
2026-02-11T15:30:51.3460446Z  perl-Text-Tabs+Wrap        noarch 2024.001-512.fc42       fedora      22.6 KiB
2026-02-11T15:30:51.3461223Z  perl-Time-Local            noarch 2:1.350-512.fc42        fedora      68.9 KiB
2026-02-11T15:30:51.3461940Z  perl-URI                   noarch 5.31-2.fc42             fedora     257.0 KiB
2026-02-11T15:30:51.3462830Z  perl-base                  noarch 2.27-519.fc42           updates     12.5 KiB
2026-02-11T15:30:51.3463795Z  perl-constant              noarch 1.33-513.fc42           fedora      26.2 KiB
2026-02-11T15:30:51.3464502Z  perl-if                    noarch 0.61.000-519.fc42       updates      5.8 KiB
2026-02-11T15:30:51.3465221Z  perl-interpreter           x86_64 4:5.40.3-519.fc42       updates    118.4 KiB
2026-02-11T15:30:51.3465932Z  perl-lib                   x86_64 0.65-519.fc42           updates      8.5 KiB
2026-02-11T15:30:51.3466618Z  perl-libnet                noarch 3.15-513.fc42           fedora     289.4 KiB
2026-02-11T15:30:51.3467311Z  perl-libs                  x86_64 4:5.40.3-519.fc42       updates      9.8 MiB
2026-02-11T15:30:51.3467993Z  perl-locale                noarch 1.12-519.fc42           updates      6.5 KiB
2026-02-11T15:30:51.3468676Z  perl-mro                   x86_64 1.29-519.fc42           updates     41.5 KiB
2026-02-11T15:30:51.3469427Z  perl-overload              noarch 1.37-519.fc42           updates     71.5 KiB
2026-02-11T15:30:51.3470177Z  perl-overloading           noarch 0.02-519.fc42           updates      4.8 KiB
2026-02-11T15:30:51.3470904Z  perl-parent                noarch 1:0.244-2.fc42          fedora      10.3 KiB
2026-02-11T15:30:51.3471614Z  perl-podlators             noarch 1:6.0.2-3.fc42          fedora     317.5 KiB
2026-02-11T15:30:51.3472354Z  perl-vars                  noarch 1.05-519.fc42           updates      3.9 KiB
2026-02-11T15:30:51.3473268Z  python-pip-wheel           noarch 24.3.1-5.fc42           updates      1.2 MiB
2026-02-11T15:30:51.3474061Z  python3-libs               x86_64 3.13.11-2.fc42          updates     40.1 MiB
2026-02-11T15:30:51.3474769Z  util-linux                 x86_64 2.40.4-8.fc42           updates      3.4 MiB
2026-02-11T15:30:51.3475366Z Installing weak dependencies:
2026-02-11T15:30:51.3475922Z  perl-NDBM_File             x86_64 1.17-519.fc42           updates     28.4 KiB
2026-02-11T15:30:51.3476747Z  python-unversioned-command noarch 3.13.11-2.fc42          updates     23.0   B
2026-02-11T15:30:51.3477296Z 
2026-02-11T15:30:51.3477436Z Transaction Summary:
2026-02-11T15:30:51.3477780Z  Installing:        83 packages
2026-02-11T15:30:51.3478051Z 
2026-02-11T15:30:51.3613454Z [ 1/83] libb2-0:0.98.1-13.fc42.x86_64   100% |   3.5 MiB/s |  25.4 KiB |  00m00s
2026-02-11T15:30:51.5506836Z [ 2/83] python3-0:3.13.11-2.fc42.x86_64 100% | 156.0 KiB/s |  30.6 KiB |  00m00s
2026-02-11T15:30:52.0049696Z [ 3/83] git-0:2.53.0-1.fc42.x86_64      100% |  89.3 KiB/s |  40.4 KiB |  00m00s
2026-02-11T15:30:52.0096144Z [ 4/83] perl-Getopt-Long-1:2.58-3.fc42. 100% |  15.6 MiB/s |  63.7 KiB |  00m00s
2026-02-11T15:30:52.0128851Z [ 5/83] perl-PathTools-0:3.91-513.fc42. 100% |  28.4 MiB/s |  87.3 KiB |  00m00s
2026-02-11T15:30:52.0160151Z [ 6/83] perl-TermReadKey-0:2.38-24.fc42 100% |  17.3 MiB/s |  35.4 KiB |  00m00s
2026-02-11T15:30:52.3445301Z [ 7/83] python3-pip-0:24.3.1-5.fc42.noa 100% |   2.8 MiB/s |   2.7 MiB |  00m01s
2026-02-11T15:30:52.3730193Z [ 8/83] python3-libs-0:3.13.11-2.fc42.x 100% |   9.0 MiB/s |   9.2 MiB |  00m01s
2026-02-11T15:30:52.4222183Z [ 9/83] git-core-0:2.53.0-1.fc42.x86_64 100% |  12.8 MiB/s |   5.2 MiB |  00m00s
2026-02-11T15:30:52.4237747Z [10/83] perl-Git-0:2.53.0-1.fc42.noarch 100% | 750.6 KiB/s |  37.5 KiB |  00m00s
2026-02-11T15:30:52.4270954Z [11/83] perl-Exporter-0:5.78-512.fc42.n 100% |   7.6 MiB/s |  31.0 KiB |  00m00s
2026-02-11T15:30:52.4304668Z [12/83] perl-Text-ParseWords-0:3.31-512 100% |   5.4 MiB/s |  16.5 KiB |  00m00s
2026-02-11T15:30:52.4327014Z [13/83] perl-Pod-Usage-4:2.05-1.fc42.no 100% |   4.9 MiB/s |  40.5 KiB |  00m00s
2026-02-11T15:30:52.4338326Z [14/83] perl-constant-0:1.33-513.fc42.n 100% |   7.5 MiB/s |  23.0 KiB |  00m00s
2026-02-11T15:30:52.4357007Z [15/83] perl-Carp-0:1.54-512.fc42.noarc 100% |  14.1 MiB/s |  28.9 KiB |  00m00s
2026-02-11T15:30:52.4378397Z [16/83] perl-Error-1:0.17030-1.fc42.noa 100% |  13.1 MiB/s |  40.4 KiB |  00m00s
2026-02-11T15:30:52.4449331Z [17/83] git-core-doc-0:2.53.0-1.fc42.no 100% |  31.4 MiB/s |   3.1 MiB |  00m00s
2026-02-11T15:30:52.4459644Z [18/83] perl-Pod-Perldoc-0:3.28.01-513. 100% |   9.3 MiB/s |  85.8 KiB |  00m00s
2026-02-11T15:30:52.4492102Z [19/83] perl-podlators-1:6.0.2-3.fc42.n 100% |  12.6 MiB/s | 128.6 KiB |  00m00s
2026-02-11T15:30:52.4527131Z [20/83] perl-HTTP-Tiny-0:0.090-2.fc42.n 100% |  18.4 MiB/s |  56.5 KiB |  00m00s
2026-02-11T15:30:52.4579038Z [21/83] groff-base-0:1.23.0-8.fc42.x86_ 100% | 100.4 MiB/s |   1.1 MiB |  00m00s
2026-02-11T15:30:52.4595047Z [22/83] perl-File-Temp-1:0.231.100-512. 100% |   4.8 MiB/s |  59.2 KiB |  00m00s
2026-02-11T15:30:52.4612063Z [23/83] perl-Pod-Simple-1:3.45-512.fc42 100% |  26.7 MiB/s | 219.0 KiB |  00m00s
2026-02-11T15:30:52.4623369Z [24/83] perl-parent-1:0.244-2.fc42.noar 100% |   5.0 MiB/s |  15.2 KiB |  00m00s
2026-02-11T15:30:52.4636663Z [25/83] perl-Term-ANSIColor-0:5.01-513. 100% |  15.5 MiB/s |  47.7 KiB |  00m00s
2026-02-11T15:30:52.4647825Z [26/83] perl-Term-Cap-0:1.18-512.fc42.n 100% |   7.2 MiB/s |  22.2 KiB |  00m00s
2026-02-11T15:30:52.4663636Z [27/83] perl-File-Path-0:2.18-512.fc42. 100% |  11.5 MiB/s |  35.2 KiB |  00m00s
2026-02-11T15:30:52.4681179Z [28/83] perl-IO-Socket-SSL-0:2.089-2.fc 100% |  56.2 MiB/s | 230.2 KiB |  00m00s
2026-02-11T15:30:52.4696404Z [29/83] perl-MIME-Base64-0:3.16-512.fc4 100% |   7.3 MiB/s |  29.9 KiB |  00m00s
2026-02-11T15:30:52.4730041Z [30/83] perl-Time-Local-2:1.350-512.fc4 100% |  16.8 MiB/s |  34.5 KiB |  00m00s
2026-02-11T15:30:52.4743908Z [31/83] perl-Socket-4:2.038-512.fc42.x8 100% |  10.7 MiB/s |  54.8 KiB |  00m00s
2026-02-11T15:30:52.4766946Z [32/83] perl-Net-SSLeay-0:1.94-8.fc42.x 100% |  40.8 MiB/s | 376.0 KiB |  00m00s
2026-02-11T15:30:52.4775384Z [33/83] perl-Pod-Escapes-1:1.07-512.fc4 100% |   4.8 MiB/s |  19.8 KiB |  00m00s
2026-02-11T15:30:52.4789186Z [34/83] perl-Text-Tabs+Wrap-0:2024.001- 100% |   5.3 MiB/s |  21.8 KiB |  00m00s
2026-02-11T15:30:52.4820598Z [35/83] perl-IO-Socket-IP-0:0.43-2.fc42 100% |  13.8 MiB/s |  42.4 KiB |  00m00s
2026-02-11T15:30:52.4839934Z [36/83] perl-URI-0:5.31-2.fc42.noarch   100% |  34.4 MiB/s | 140.7 KiB |  00m00s
2026-02-11T15:30:52.4859402Z [37/83] ncurses-0:6.5-5.20250125.fc42.x 100% |  59.2 MiB/s | 424.5 KiB |  00m00s
2026-02-11T15:30:52.4873801Z [38/83] perl-Data-Dumper-0:2.189-513.fc 100% |  13.8 MiB/s |  56.7 KiB |  00m00s
2026-02-11T15:30:52.4882196Z [39/83] perl-MIME-Base32-0:1.303-23.fc4 100% |   6.7 MiB/s |  20.5 KiB |  00m00s
2026-02-11T15:30:52.4900070Z [40/83] perl-libnet-0:3.15-513.fc42.noa 100% |  41.8 MiB/s | 128.4 KiB |  00m00s
2026-02-11T15:30:52.4915432Z [41/83] perl-Digest-0:1.20-512.fc42.noa 100% |  12.2 MiB/s |  24.9 KiB |  00m00s
2026-02-11T15:30:52.4928141Z [42/83] perl-Digest-MD5-0:2.59-6.fc42.x 100% |  11.7 MiB/s |  36.0 KiB |  00m00s
2026-02-11T15:30:52.5364259Z [43/83] expat-0:2.7.3-1.fc42.x86_64     100% |   2.6 MiB/s | 119.9 KiB |  00m00s
2026-02-11T15:30:52.5379964Z [44/83] mpdecimal-0:4.0.1-1.fc42.x86_64 100% |   2.1 MiB/s |  97.1 KiB |  00m00s
2026-02-11T15:30:52.5473453Z [45/83] python-pip-wheel-0:24.3.1-5.fc4 100% |  22.3 MiB/s |   1.2 MiB |  00m00s
2026-02-11T15:30:52.5842379Z [46/83] perl-interpreter-4:5.40.3-519.f 100% |   1.6 MiB/s |  72.0 KiB |  00m00s
2026-02-11T15:30:52.5930269Z [47/83] perl-Errno-0:1.38-519.fc42.x86_ 100% | 328.3 KiB/s |  14.8 KiB |  00m00s
2026-02-11T15:30:52.6047322Z [48/83] perl-libs-4:5.40.3-519.fc42.x86 100% |  34.8 MiB/s |   2.3 MiB |  00m00s
2026-02-11T15:30:52.6079344Z [49/83] libfido2-0:1.15.0-3.fc42.x86_64 100% |  48.0 MiB/s |  98.4 KiB |  00m00s
2026-02-11T15:30:52.6500973Z [50/83] less-0:679-1.fc42.x86_64        100% |   2.9 MiB/s | 195.3 KiB |  00m00s
2026-02-11T15:30:52.6528106Z [51/83] libcbor-0:0.11.0-3.fc42.x86_64  100% |  16.2 MiB/s |  33.3 KiB |  00m00s
2026-02-11T15:30:52.6759565Z [52/83] openssh-clients-0:9.9p1-12.fc42 100% |   9.1 MiB/s | 766.9 KiB |  00m00s
2026-02-11T15:30:52.6847137Z [53/83] openssh-0:9.9p1-12.fc42.x86_64  100% |   4.5 MiB/s | 350.8 KiB |  00m00s
2026-02-11T15:30:52.6985256Z [54/83] perl-File-Basename-0:2.86-519.f 100% | 377.4 KiB/s |  17.0 KiB |  00m00s
2026-02-11T15:30:52.7062137Z [55/83] perl-Encode-4:3.21-512.fc42.x86 100% | 150.3 MiB/s |   1.1 MiB |  00m00s
2026-02-11T15:30:52.7118499Z [56/83] perl-Storable-1:3.32-512.fc42.x 100% |  19.5 MiB/s |  99.6 KiB |  00m00s
2026-02-11T15:30:52.7218678Z [57/83] perl-IPC-Open3-0:1.22-519.fc42. 100% | 481.9 KiB/s |  21.7 KiB |  00m00s
2026-02-11T15:30:52.7300806Z [58/83] perl-lib-0:0.65-519.fc42.x86_64 100% | 328.5 KiB/s |  14.8 KiB |  00m00s
2026-02-11T15:30:52.7580209Z [59/83] perl-POSIX-0:2.20-519.fc42.x86_ 100% |   2.1 MiB/s |  97.4 KiB |  00m00s
2026-02-11T15:30:52.7677525Z [60/83] perl-Fcntl-0:1.18-519.fc42.x86_ 100% | 659.0 KiB/s |  29.7 KiB |  00m00s
2026-02-11T15:30:52.7751860Z [61/83] perl-FileHandle-0:2.05-519.fc42 100% | 348.4 KiB/s |  15.3 KiB |  00m00s
2026-02-11T15:30:52.8040280Z [62/83] perl-IO-0:1.55-519.fc42.x86_64  100% |   1.8 MiB/s |  81.6 KiB |  00m00s
2026-02-11T15:30:52.8133609Z [63/83] perl-Symbol-0:1.09-519.fc42.noa 100% | 312.0 KiB/s |  14.0 KiB |  00m00s
2026-02-11T15:30:52.8205390Z [64/83] perl-Scalar-List-Utils-5:1.70-1 100% |   1.6 MiB/s |  74.6 KiB |  00m00s
2026-02-11T15:30:52.8496260Z [65/83] perl-base-0:2.27-519.fc42.noarc 100% | 356.5 KiB/s |  16.0 KiB |  00m00s
2026-02-11T15:30:52.8592493Z [66/83] perl-overload-0:1.37-519.fc42.n 100% |   1.0 MiB/s |  45.4 KiB |  00m00s
2026-02-11T15:30:52.8656655Z [67/83] perl-DynaLoader-0:1.56-519.fc42 100% | 588.2 KiB/s |  25.9 KiB |  00m00s
2026-02-11T15:30:52.8951050Z [68/83] perl-vars-0:1.05-519.fc42.noarc 100% | 285.2 KiB/s |  12.8 KiB |  00m00s
2026-02-11T15:30:52.9050115Z [69/83] perl-if-0:0.61.000-519.fc42.noa 100% | 307.4 KiB/s |  13.8 KiB |  00m00s
2026-02-11T15:30:52.9109547Z [70/83] perl-AutoLoader-0:5.74-519.fc42 100% | 468.0 KiB/s |  21.1 KiB |  00m00s
2026-02-11T15:30:52.9408448Z [71/83] perl-Getopt-Std-0:1.14-519.fc42 100% | 344.8 KiB/s |  15.5 KiB |  00m00s
2026-02-11T15:30:52.9531310Z [72/83] perl-B-0:1.89-519.fc42.x86_64   100% |   3.7 MiB/s | 176.5 KiB |  00m00s
2026-02-11T15:30:52.9561451Z [73/83] perl-mro-0:1.29-519.fc42.x86_64 100% | 675.4 KiB/s |  29.7 KiB |  00m00s
2026-02-11T15:30:52.9864133Z [74/83] perl-overloading-0:0.02-519.fc4 100% | 283.0 KiB/s |  12.7 KiB |  00m00s
2026-02-11T15:30:52.9991181Z [75/83] perl-locale-0:1.12-519.fc42.noa 100% | 299.0 KiB/s |  13.5 KiB |  00m00s
2026-02-11T15:30:53.0016238Z [76/83] perl-File-stat-0:1.14-519.fc42. 100% | 375.1 KiB/s |  16.9 KiB |  00m00s
2026-02-11T15:30:53.0319586Z [77/83] perl-SelectSaver-0:1.02-519.fc4 100% | 256.7 KiB/s |  11.6 KiB |  00m00s
2026-02-11T15:30:53.0449549Z [78/83] perl-Class-Struct-0:0.68-519.fc 100% | 486.7 KiB/s |  21.9 KiB |  00m00s
2026-02-11T15:30:53.0473249Z [79/83] libedit-0:3.1-56.20251016cvs.fc 100% |   2.3 MiB/s | 105.1 KiB |  00m00s
2026-02-11T15:30:53.0885674Z [80/83] util-linux-0:2.40.4-8.fc42.x86_ 100% |  20.6 MiB/s |   1.2 MiB |  00m00s
2026-02-11T15:30:53.0915783Z [81/83] libfdisk-0:2.40.4-8.fc42.x86_64 100% |   3.4 MiB/s | 158.0 KiB |  00m00s
2026-02-11T15:30:53.0924373Z [82/83] python-unversioned-command-0:3. 100% | 289.9 KiB/s |  12.8 KiB |  00m00s
2026-02-11T15:30:53.1342111Z [83/83] perl-NDBM_File-0:1.17-519.fc42. 100% | 499.0 KiB/s |  22.5 KiB |  00m00s
2026-02-11T15:30:53.1343416Z --------------------------------------------------------------------------------
2026-02-11T15:30:53.1344078Z [83/83] Total                           100% |  18.2 MiB/s |  32.7 MiB |  00m02s
2026-02-11T15:30:53.1354603Z Running transaction
2026-02-11T15:30:53.7857850Z [ 1/85] Verify package files            100% | 747.0   B/s |  83.0   B |  00m00s
2026-02-11T15:30:53.7944744Z [ 2/85] Prepare transaction             100% |   1.0 KiB/s |  83.0   B |  00m00s
2026-02-11T15:30:53.8114361Z [ 3/85] Installing expat-0:2.7.3-1.fc42 100% |  13.5 MiB/s | 303.2 KiB |  00m00s
2026-02-11T15:30:53.8986144Z [ 4/85] Installing libfdisk-0:2.40.4-8. 100% |  72.9 MiB/s | 373.4 KiB |  00m00s
2026-02-11T15:30:53.9249114Z [ 5/85] Installing util-linux-0:2.40.4- 100% |  32.4 MiB/s |   3.5 MiB |  00m00s
2026-02-11T15:30:53.9475337Z [ 6/85] Installing openssh-0:9.9p1-12.f 100% |  69.1 MiB/s |   1.4 MiB |  00m00s
2026-02-11T15:30:53.9501167Z [ 7/85] Installing libedit-0:3.1-56.202 100% |  78.7 MiB/s | 241.9 KiB |  00m00s
2026-02-11T15:30:53.9536163Z [ 8/85] Installing libcbor-0:0.11.0-3.f 100% |  38.7 MiB/s |  79.2 KiB |  00m00s
2026-02-11T15:30:53.9698550Z [ 9/85] Installing libfido2-0:1.15.0-3. 100% |  79.3 MiB/s | 243.6 KiB |  00m00s
2026-02-11T15:30:53.9977021Z [10/85] Installing openssh-clients-0:9. 100% |  75.2 MiB/s |   2.7 MiB |  00m00s
2026-02-11T15:30:54.0260613Z [11/85] Installing less-0:679-1.fc42.x8 100% |  19.0 MiB/s | 409.4 KiB |  00m00s
2026-02-11T15:30:54.1132869Z [12/85] Installing git-core-0:2.53.0-1. 100% | 280.2 MiB/s |  24.1 MiB |  00m00s
2026-02-11T15:30:54.1223416Z [13/85] Installing git-core-doc-0:2.53. 100% | 985.9 MiB/s |  18.7 MiB |  00m00s
2026-02-11T15:30:54.1259622Z [14/85] Installing python-pip-wheel-0:2 100% | 311.1 MiB/s |   1.2 MiB |  00m00s
2026-02-11T15:30:54.1281223Z [15/85] Installing mpdecimal-0:4.0.1-1. 100% |  53.4 MiB/s | 218.8 KiB |  00m00s
2026-02-11T15:30:54.1911830Z [16/85] Installing ncurses-0:6.5-5.2025 100% |  22.2 MiB/s | 614.7 KiB |  00m00s
2026-02-11T15:30:54.2199716Z [17/85] Installing groff-base-0:1.23.0- 100% |  62.8 MiB/s |   3.9 MiB |  00m00s
2026-02-11T15:30:54.2235173Z [18/85] Installing perl-Digest-0:1.20-5 100% |  12.1 MiB/s |  37.1 KiB |  00m00s
2026-02-11T15:30:54.2289349Z [19/85] Installing perl-Digest-MD5-0:2. 100% |  20.0 MiB/s |  61.6 KiB |  00m00s
2026-02-11T15:30:54.2316460Z [20/85] Installing perl-B-0:1.89-519.fc 100% |  81.6 MiB/s | 501.3 KiB |  00m00s
2026-02-11T15:30:54.2347475Z [21/85] Installing perl-FileHandle-0:2. 100% |   4.8 MiB/s |   9.8 KiB |  00m00s
2026-02-11T15:30:54.2382252Z [22/85] Installing perl-MIME-Base32-0:1 100% |  15.7 MiB/s |  32.2 KiB |  00m00s
2026-02-11T15:30:54.2433286Z [23/85] Installing perl-Data-Dumper-0:2 100% |  28.7 MiB/s | 117.5 KiB |  00m00s
2026-02-11T15:30:54.2461699Z [24/85] Installing perl-libnet-0:3.15-5 100% |  57.6 MiB/s | 294.7 KiB |  00m00s
2026-02-11T15:30:54.2487053Z [25/85] Installing perl-AutoLoader-0:5. 100% |  20.5 MiB/s |  20.9 KiB |  00m00s
2026-02-11T15:30:54.2573776Z [26/85] Installing perl-IO-Socket-IP-0: 100% |  49.9 MiB/s | 102.2 KiB |  00m00s
2026-02-11T15:30:54.2613449Z [27/85] Installing perl-URI-0:5.31-2.fc 100% |  26.3 MiB/s | 269.6 KiB |  00m00s
2026-02-11T15:30:54.2634864Z [28/85] Installing perl-Time-Local-2:1. 100% |  34.5 MiB/s |  70.6 KiB |  00m00s
2026-02-11T15:30:54.2656399Z [29/85] Installing perl-Text-Tabs+Wrap- 100% |  11.7 MiB/s |  23.9 KiB |  00m00s
2026-02-11T15:30:54.2676180Z [30/85] Installing perl-File-Path-0:2.1 100% |  31.5 MiB/s |  64.5 KiB |  00m00s
2026-02-11T15:30:54.2703427Z [31/85] Installing perl-Pod-Escapes-1:1 100% |  12.7 MiB/s |  25.9 KiB |  00m00s
2026-02-11T15:30:54.2837169Z [32/85] Installing perl-if-0:0.61.000-5 100% |   3.0 MiB/s |   6.2 KiB |  00m00s
2026-02-11T15:30:54.2871218Z [33/85] Installing perl-Net-SSLeay-0:1. 100% |  97.1 MiB/s |   1.4 MiB |  00m00s
2026-02-11T15:30:54.2910568Z [34/85] Installing perl-locale-0:1.12-5 100% |   6.7 MiB/s |   6.9 KiB |  00m00s
2026-02-11T15:30:54.2940925Z [35/85] Installing perl-IO-Socket-SSL-0 100% | 172.7 MiB/s | 707.4 KiB |  00m00s
2026-02-11T15:30:54.2964338Z [36/85] Installing perl-Term-ANSIColor- 100% |  48.4 MiB/s |  99.2 KiB |  00m00s
2026-02-11T15:30:54.3040458Z [37/85] Installing perl-Term-Cap-0:1.18 100% |   7.5 MiB/s |  30.6 KiB |  00m00s
2026-02-11T15:30:54.3077933Z [38/85] Installing perl-Pod-Simple-1:3. 100% |  92.8 MiB/s | 570.4 KiB |  00m00s
2026-02-11T15:30:54.3107787Z [39/85] Installing perl-POSIX-0:2.20-51 100% |  75.6 MiB/s | 232.3 KiB |  00m00s
2026-02-11T15:30:54.3130425Z [40/85] Installing perl-File-Temp-1:0.2 100% |  80.1 MiB/s | 164.1 KiB |  00m00s
2026-02-11T15:30:54.3157217Z [41/85] Installing perl-IPC-Open3-0:1.2 100% |  11.4 MiB/s |  23.3 KiB |  00m00s
2026-02-11T15:30:54.3179286Z [42/85] Installing perl-HTTP-Tiny-0:0.0 100% |  76.4 MiB/s | 156.4 KiB |  00m00s
2026-02-11T15:30:54.3211049Z [43/85] Installing perl-Class-Struct-0: 100% |  25.3 MiB/s |  25.9 KiB |  00m00s
2026-02-11T15:30:54.3236090Z [44/85] Installing perl-Socket-4:2.038- 100% |  39.7 MiB/s | 122.0 KiB |  00m00s
2026-02-11T15:30:54.3252144Z [45/85] Installing perl-Symbol-0:1.09-5 100% |   7.0 MiB/s |   7.2 KiB |  00m00s
2026-02-11T15:30:54.3290300Z [46/85] Installing perl-SelectSaver-0:1 100% |   2.5 MiB/s |   2.6 KiB |  00m00s
2026-02-11T15:30:54.3450896Z [47/85] Installing perl-podlators-1:6.0 100% |  17.4 MiB/s | 321.4 KiB |  00m00s
2026-02-11T15:30:54.3629369Z [48/85] Installing perl-Pod-Perldoc-0:3 100% |   9.7 MiB/s | 169.2 KiB |  00m00s
2026-02-11T15:30:54.3649489Z [49/85] Installing perl-File-stat-0:1.1 100% |   6.4 MiB/s |  13.1 KiB |  00m00s
2026-02-11T15:30:54.3682280Z [50/85] Installing perl-Text-ParseWords 100% |   7.1 MiB/s |  14.6 KiB |  00m00s
2026-02-11T15:30:54.3703362Z [51/85] Installing perl-Fcntl-0:1.18-51 100% |  16.3 MiB/s |  50.0 KiB |  00m00s
2026-02-11T15:30:54.3733533Z [52/85] Installing perl-base-0:2.27-519 100% |  12.6 MiB/s |  12.9 KiB |  00m00s
2026-02-11T15:30:54.3759903Z [53/85] Installing perl-mro-0:1.29-519. 100% |  13.9 MiB/s |  42.6 KiB |  00m00s
2026-02-11T15:30:54.3787469Z [54/85] Installing perl-overloading-0:0 100% |   2.7 MiB/s |   5.5 KiB |  00m00s
2026-02-11T15:30:54.3967627Z [55/85] Installing perl-Pod-Usage-4:2.0 100% |   5.4 MiB/s |  87.9 KiB |  00m00s
2026-02-11T15:30:54.3993792Z [56/85] Installing perl-IO-0:1.55-519.f 100% |  29.5 MiB/s | 151.3 KiB |  00m00s
2026-02-11T15:30:54.4015206Z [57/85] Installing perl-constant-0:1.33 100% |  13.4 MiB/s |  27.4 KiB |  00m00s
2026-02-11T15:30:54.4044801Z [58/85] Installing perl-parent-1:0.244- 100% |  10.7 MiB/s |  11.0 KiB |  00m00s
2026-02-11T15:30:54.4069910Z [59/85] Installing perl-MIME-Base64-0:3 100% |  14.4 MiB/s |  44.3 KiB |  00m00s
2026-02-11T15:30:54.4089451Z [60/85] Installing perl-Errno-0:1.38-51 100% |   8.5 MiB/s |   8.7 KiB |  00m00s
2026-02-11T15:30:54.4138285Z [61/85] Installing perl-File-Basename-0 100% |   7.1 MiB/s |  14.6 KiB |  00m00s
2026-02-11T15:30:54.4161425Z [62/85] Installing perl-Scalar-List-Uti 100% |  29.0 MiB/s | 148.6 KiB |  00m00s
2026-02-11T15:30:54.4181342Z [63/85] Installing perl-vars-0:1.05-519 100% |   4.2 MiB/s |   4.3 KiB |  00m00s
2026-02-11T15:30:54.4200211Z [64/85] Installing perl-Getopt-Std-0:1. 100% |  11.5 MiB/s |  11.7 KiB |  00m00s
2026-02-11T15:30:54.4234777Z [65/85] Installing perl-overload-0:1.37 100% |  70.3 MiB/s |  71.9 KiB |  00m00s
2026-02-11T15:30:54.4271304Z [66/85] Installing perl-Storable-1:3.32 100% |  57.1 MiB/s | 233.9 KiB |  00m00s
2026-02-11T15:30:54.4295202Z [67/85] Installing perl-Getopt-Long-1:2 100% |  71.9 MiB/s | 147.2 KiB |  00m00s
2026-02-11T15:30:54.4317296Z [68/85] Installing perl-Exporter-0:5.78 100% |  27.2 MiB/s |  55.6 KiB |  00m00s
2026-02-11T15:30:54.4366955Z [69/85] Installing perl-Carp-0:1.54-512 100% |  23.3 MiB/s |  47.7 KiB |  00m00s
2026-02-11T15:30:54.4394199Z [70/85] Installing perl-PathTools-0:3.9 100% |  36.0 MiB/s | 184.5 KiB |  00m00s
2026-02-11T15:30:54.4460761Z [71/85] Installing perl-DynaLoader-0:1. 100% |  15.9 MiB/s |  32.5 KiB |  00m00s
2026-02-11T15:30:54.5472045Z [72/85] Installing perl-Encode-4:3.21-5 100% | 114.5 MiB/s |   4.7 MiB |  00m00s
2026-02-11T15:30:54.5918675Z [73/85] Installing perl-libs-4:5.40.3-5 100% |  91.6 MiB/s |   9.9 MiB |  00m00s
2026-02-11T15:30:54.6090501Z [74/85] Installing perl-interpreter-4:5 100% |   7.3 MiB/s | 120.1 KiB |  00m00s
2026-02-11T15:30:54.6123382Z [75/85] Installing perl-TermReadKey-0:2 100% |  16.2 MiB/s |  66.2 KiB |  00m00s
2026-02-11T15:30:54.6144266Z [76/85] Installing perl-Error-1:0.17030 100% |  39.0 MiB/s |  80.0 KiB |  00m00s
2026-02-11T15:30:54.6167480Z [77/85] Installing perl-lib-0:0.65-519. 100% |   8.7 MiB/s |   8.9 KiB |  00m00s
2026-02-11T15:30:54.6194954Z [78/85] Installing perl-Git-0:2.53.0-1. 100% |  31.9 MiB/s |  65.4 KiB |  00m00s
2026-02-11T15:30:54.6223254Z [79/85] Installing git-0:2.53.0-1.fc42. 100% |  28.2 MiB/s |  57.7 KiB |  00m00s
2026-02-11T15:30:54.6484906Z [80/85] Installing libb2-0:0.98.1-13.fc 100% |   6.6 MiB/s |  47.2 KiB |  00m00s
2026-02-11T15:30:54.9735080Z [81/85] Installing python3-libs-0:3.13. 100% | 118.1 MiB/s |  40.5 MiB |  00m00s
2026-02-11T15:30:55.0610861Z [82/85] Installing python3-0:3.13.11-2. 100% |   1.6 MiB/s |  30.5 KiB |  00m00s
2026-02-11T15:30:55.1784154Z [83/85] Installing python3-pip-0:24.3.1 100% |  62.5 MiB/s |  11.6 MiB |  00m00s
2026-02-11T15:30:55.1949254Z [84/85] Installing python-unversioned-c 100% |  29.6 KiB/s | 424.0   B |  00m00s
2026-02-11T15:30:55.3955707Z [85/85] Installing perl-NDBM_File-0:1.1 100% | 146.4 KiB/s |  29.6 KiB |  00m00s
2026-02-11T15:30:55.3957217Z Complete!
2026-02-11T15:30:55.4422599Z ##[group]Run actions/checkout@v6
2026-02-11T15:30:55.4422865Z with:
2026-02-11T15:30:55.4423305Z   submodules: recursive
2026-02-11T15:30:55.4423545Z   repository: gabrielima7/ImunoEdge
2026-02-11T15:30:55.4423946Z   token: ***
2026-02-11T15:30:55.4424128Z   ssh-strict: true
2026-02-11T15:30:55.4424300Z   ssh-user: git
2026-02-11T15:30:55.4424495Z   persist-credentials: true
2026-02-11T15:30:55.4424698Z   clean: true
2026-02-11T15:30:55.4424981Z   sparse-checkout-cone-mode: true
2026-02-11T15:30:55.4425207Z   fetch-depth: 1
2026-02-11T15:30:55.4425378Z   fetch-tags: false
2026-02-11T15:30:55.4425556Z   show-progress: true
2026-02-11T15:30:55.4425727Z   lfs: false
2026-02-11T15:30:55.4425893Z   set-safe-directory: true
2026-02-11T15:30:55.4426086Z env:
2026-02-11T15:30:55.4426246Z   PYTHON_VERSION_DEFAULT: 3.11
2026-02-11T15:30:55.4426458Z ##[endgroup]
2026-02-11T15:30:55.4469774Z ##[command]/usr/bin/docker exec  39265e5592eb67e98a611b29c388069f792641e8de9bf4c7074b1f8f8097f48e sh -c "cat /etc/*release | grep ^ID"
2026-02-11T15:30:55.6439950Z Syncing repository: gabrielima7/ImunoEdge
2026-02-11T15:30:55.6442065Z ##[group]Getting Git version info
2026-02-11T15:30:55.6442588Z Working directory is '/__w/ImunoEdge/ImunoEdge'
2026-02-11T15:30:55.6443554Z [command]/usr/sbin/git version
2026-02-11T15:30:55.6443912Z git version 2.53.0
2026-02-11T15:30:55.6449713Z ##[endgroup]
2026-02-11T15:30:55.6468544Z Temporarily overriding HOME='/__w/_temp/a7fad4b1-f4fa-41ab-95a7-1effe27c8b13' before making global git config changes
2026-02-11T15:30:55.6470774Z Adding repository directory to the temporary git global config as a safe directory
2026-02-11T15:30:55.6474984Z [command]/usr/sbin/git config --global --add safe.directory /__w/ImunoEdge/ImunoEdge
2026-02-11T15:30:55.6510102Z Deleting the contents of '/__w/ImunoEdge/ImunoEdge'
2026-02-11T15:30:55.6514755Z ##[group]Initializing the repository
2026-02-11T15:30:55.6518517Z [command]/usr/sbin/git init /__w/ImunoEdge/ImunoEdge
2026-02-11T15:30:55.6560630Z hint: Using 'master' as the name for the initial branch. This default branch name
2026-02-11T15:30:55.6561544Z hint: will change to "main" in Git 3.0. To configure the initial branch name
2026-02-11T15:30:55.6562388Z hint: to use in all of your new repositories, which will suppress this warning,
2026-02-11T15:30:55.6563249Z hint: call:
2026-02-11T15:30:55.6563531Z hint:
2026-02-11T15:30:55.6563900Z hint: 	git config --global init.defaultBranch <name>
2026-02-11T15:30:55.6564406Z hint:
2026-02-11T15:30:55.6564840Z hint: Names commonly chosen instead of 'master' are 'main', 'trunk' and
2026-02-11T15:30:55.6565480Z hint: 'development'. The just-created branch can be renamed via this command:
2026-02-11T15:30:55.6565834Z hint:
2026-02-11T15:30:55.6566008Z hint: 	git branch -m <name>
2026-02-11T15:30:55.6566209Z hint:
2026-02-11T15:30:55.6566531Z hint: Disable this message with "git config set advice.defaultBranchName false"
2026-02-11T15:30:55.6567606Z Initialized empty Git repository in /__w/ImunoEdge/ImunoEdge/.git/
2026-02-11T15:30:55.6573950Z [command]/usr/sbin/git remote add origin https://github.com/gabrielima7/ImunoEdge
2026-02-11T15:30:55.6604906Z ##[endgroup]
2026-02-11T15:30:55.6605280Z ##[group]Disabling automatic garbage collection
2026-02-11T15:30:55.6609024Z [command]/usr/sbin/git config --local gc.auto 0
2026-02-11T15:30:55.6636834Z ##[endgroup]
2026-02-11T15:30:55.6637436Z ##[group]Setting up auth
2026-02-11T15:30:55.6638787Z Removing SSH command configuration
2026-02-11T15:30:55.6645007Z [command]/usr/sbin/git config --local --name-only --get-regexp core\.sshCommand
2026-02-11T15:30:55.6677426Z [command]/usr/sbin/git submodule foreach --recursive sh -c "git config --local --name-only --get-regexp 'core\.sshCommand' && git config --local --unset-all 'core.sshCommand' || :"
2026-02-11T15:30:55.6962825Z Removing HTTP extra header
2026-02-11T15:30:55.6968055Z [command]/usr/sbin/git config --local --name-only --get-regexp http\.https\:\/\/github\.com\/\.extraheader
2026-02-11T15:30:55.6999191Z [command]/usr/sbin/git submodule foreach --recursive sh -c "git config --local --name-only --get-regexp 'http\.https\:\/\/github\.com\/\.extraheader' && git config --local --unset-all 'http.https://github.com/.extraheader' || :"
2026-02-11T15:30:55.7280681Z Removing includeIf entries pointing to credentials config files
2026-02-11T15:30:55.7287107Z [command]/usr/sbin/git config --local --name-only --get-regexp ^includeIf\.gitdir:
2026-02-11T15:30:55.7319458Z [command]/usr/sbin/git submodule foreach --recursive git config --local --show-origin --name-only --get-regexp remote.origin.url
2026-02-11T15:30:55.7612114Z [command]/usr/sbin/git config --file /__w/_temp/git-credentials-7c28a3c9-c08a-4f3d-a4a3-9226ec3de9e6.config http.https://github.com/.extraheader AUTHORIZATION: basic ***
2026-02-11T15:30:55.7649902Z [command]/usr/sbin/git config --local includeIf.gitdir:/__w/ImunoEdge/ImunoEdge/.git.path /__w/_temp/git-credentials-7c28a3c9-c08a-4f3d-a4a3-9226ec3de9e6.config
2026-02-11T15:30:55.7681423Z [command]/usr/sbin/git config --local includeIf.gitdir:/__w/ImunoEdge/ImunoEdge/.git/worktrees/*.path /__w/_temp/git-credentials-7c28a3c9-c08a-4f3d-a4a3-9226ec3de9e6.config
2026-02-11T15:30:55.7711456Z [command]/usr/sbin/git config --local includeIf.gitdir:/github/workspace/.git.path /github/runner_temp/git-credentials-7c28a3c9-c08a-4f3d-a4a3-9226ec3de9e6.config
2026-02-11T15:30:55.7741977Z [command]/usr/sbin/git config --local includeIf.gitdir:/github/workspace/.git/worktrees/*.path /github/runner_temp/git-credentials-7c28a3c9-c08a-4f3d-a4a3-9226ec3de9e6.config
2026-02-11T15:30:55.7767572Z ##[endgroup]
2026-02-11T15:30:55.7767936Z ##[group]Fetching the repository
2026-02-11T15:30:55.7776659Z [command]/usr/sbin/git -c protocol.version=2 fetch --no-tags --prune --no-recurse-submodules --depth=1 origin +22797f30b775dab08a63282bfc3c092003bdea47:refs/remotes/origin/main
2026-02-11T15:30:56.4220183Z From https://github.com/gabrielima7/ImunoEdge
2026-02-11T15:30:56.4220981Z  * [new ref]         22797f30b775dab08a63282bfc3c092003bdea47 -> origin/main
2026-02-11T15:30:56.4255351Z [command]/usr/sbin/git branch --list --remote origin/main
2026-02-11T15:30:56.4280206Z   origin/main
2026-02-11T15:30:56.4290392Z [command]/usr/sbin/git rev-parse refs/remotes/origin/main
2026-02-11T15:30:56.4312620Z 22797f30b775dab08a63282bfc3c092003bdea47
2026-02-11T15:30:56.4317739Z ##[endgroup]
2026-02-11T15:30:56.4318341Z ##[group]Determining the checkout info
2026-02-11T15:30:56.4319544Z ##[endgroup]
2026-02-11T15:30:56.4324610Z [command]/usr/sbin/git sparse-checkout disable
2026-02-11T15:30:56.4365086Z [command]/usr/sbin/git config --local --unset-all extensions.worktreeConfig
2026-02-11T15:30:56.4391332Z ##[group]Checking out the ref
2026-02-11T15:30:56.4395918Z [command]/usr/sbin/git checkout --progress --force -B main refs/remotes/origin/main
2026-02-11T15:30:56.4525030Z Switched to a new branch 'main'
2026-02-11T15:30:56.4525678Z branch 'main' set up to track 'origin/main'.
2026-02-11T15:30:56.4532441Z ##[endgroup]
2026-02-11T15:30:56.4533238Z ##[group]Setting up auth for fetching submodules
2026-02-11T15:30:56.4539504Z [command]/usr/sbin/git config --file /__w/_temp/git-credentials-7c28a3c9-c08a-4f3d-a4a3-9226ec3de9e6.config http.https://github.com/.extraheader AUTHORIZATION: basic ***
2026-02-11T15:30:56.4576622Z [command]/usr/sbin/git config --global include.path /__w/_temp/git-credentials-7c28a3c9-c08a-4f3d-a4a3-9226ec3de9e6.config
2026-02-11T15:30:56.4634677Z [command]/usr/sbin/git config --global --unset-all url.https://github.com/.insteadOf
2026-02-11T15:30:56.4666761Z [command]/usr/sbin/git config --global --add url.https://github.com/.insteadOf git@github.com:
2026-02-11T15:30:56.4698750Z [command]/usr/sbin/git config --global --add url.https://github.com/.insteadOf org-230595838@github.com:
2026-02-11T15:30:56.4726811Z ##[endgroup]
2026-02-11T15:30:56.4727292Z ##[group]Fetching submodules
2026-02-11T15:30:56.4730532Z [command]/usr/sbin/git submodule sync --recursive
2026-02-11T15:30:56.5036572Z [command]/usr/sbin/git -c protocol.version=2 submodule update --init --force --depth=1 --recursive
2026-02-11T15:30:56.5354441Z Submodule 'TaipanStack' (https://github.com/gabrielima7/TaipanStack.git) registered for path 'TaipanStack'
2026-02-11T15:30:56.5380064Z Cloning into '/__w/ImunoEdge/ImunoEdge/TaipanStack'...
2026-02-11T15:30:57.3216713Z Submodule path 'TaipanStack': checked out '788267ef00de0831d0cbe7423802ecc040dd79f8'
2026-02-11T15:30:57.3246441Z [command]/usr/sbin/git submodule foreach --recursive git config --local gc.auto 0
2026-02-11T15:30:57.3531782Z Entering 'TaipanStack'
2026-02-11T15:30:57.3581772Z ##[endgroup]
2026-02-11T15:30:57.3582568Z ##[group]Persisting credentials for submodules
2026-02-11T15:30:57.3588171Z [command]/usr/sbin/git submodule foreach --recursive sh -c "git config --local --name-only --get-regexp 'url\.https\:\/\/github\.com\/\.insteadOf' && git config --local --unset-all 'url.https://github.com/.insteadOf' || :"
2026-02-11T15:30:57.3872683Z Entering 'TaipanStack'
2026-02-11T15:30:57.3938654Z [command]/usr/sbin/git submodule foreach --recursive git config --local --show-origin --name-only --get-regexp remote.origin.url
2026-02-11T15:30:57.4229250Z Entering 'TaipanStack'
2026-02-11T15:30:57.4250591Z file:/__w/ImunoEdge/ImunoEdge/.git/modules/TaipanStack/config	remote.origin.url
2026-02-11T15:30:57.4280345Z [command]/usr/sbin/git config --file /__w/ImunoEdge/ImunoEdge/.git/modules/TaipanStack/config includeIf.gitdir:/__w/ImunoEdge/ImunoEdge/.git/modules/TaipanStack.path /__w/_temp/git-credentials-7c28a3c9-c08a-4f3d-a4a3-9226ec3de9e6.config
2026-02-11T15:30:57.4312683Z [command]/usr/sbin/git config --file /__w/ImunoEdge/ImunoEdge/.git/modules/TaipanStack/config includeIf.gitdir:/github/workspace/.git/modules/TaipanStack.path /github/runner_temp/git-credentials-7c28a3c9-c08a-4f3d-a4a3-9226ec3de9e6.config
2026-02-11T15:30:57.4344025Z [command]/usr/sbin/git submodule foreach --recursive git config --local --add 'url.https://github.com/.insteadOf' 'git@github.com:'
2026-02-11T15:30:57.4623935Z Entering 'TaipanStack'
2026-02-11T15:30:57.4679388Z [command]/usr/sbin/git submodule foreach --recursive git config --local --add 'url.https://github.com/.insteadOf' 'org-230595838@github.com:'
2026-02-11T15:30:57.4987295Z Entering 'TaipanStack'
2026-02-11T15:30:57.5036566Z ##[endgroup]
2026-02-11T15:30:57.5073829Z [command]/usr/sbin/git log -1 --format=%H
2026-02-11T15:30:57.5096966Z 22797f30b775dab08a63282bfc3c092003bdea47
2026-02-11T15:30:57.5243266Z ##[group]Run python3 -m pip install --upgrade pip --break-system-packages || python3 -m pip install --upgrade pip || true
2026-02-11T15:30:57.5244212Z [36;1mpython3 -m pip install --upgrade pip --break-system-packages || python3 -m pip install --upgrade pip || true[0m
2026-02-11T15:30:57.5245024Z [36;1mpython3 -m pip install setuptools wheel --break-system-packages || python3 -m pip install setuptools wheel || true[0m
2026-02-11T15:30:57.5245718Z [36;1mpython3 -m pip install -e . --break-system-packages || python3 -m pip install -e .[0m
2026-02-11T15:30:57.5246261Z shell: sh -e {0}
2026-02-11T15:30:57.5246437Z env:
2026-02-11T15:30:57.5246601Z   PYTHON_VERSION_DEFAULT: 3.11
2026-02-11T15:30:57.5246818Z ##[endgroup]
2026-02-11T15:30:57.8170704Z WARNING: The directory '/github/home/.cache/pip' or its parent directory is not owned or is not writable by the current user. The cache has been disabled. Check the permissions and owner of that directory. If executing pip with sudo, you should use sudo's -H flag.
2026-02-11T15:30:57.8598562Z Requirement already satisfied: pip in /usr/lib/python3.13/site-packages (24.3.1)
2026-02-11T15:30:57.9254053Z Collecting pip
2026-02-11T15:30:57.9435542Z   Downloading pip-26.0.1-py3-none-any.whl.metadata (4.7 kB)
2026-02-11T15:30:57.9494851Z Downloading pip-26.0.1-py3-none-any.whl (1.8 MB)
2026-02-11T15:30:57.9652566Z    ━━━━━━━━━━━━━━━━━━━━━━━━━━━━━━━━━━━━━━━━ 1.8/1.8 MB 245.5 MB/s eta 0:00:00
2026-02-11T15:30:57.9790716Z Installing collected packages: pip
2026-02-11T15:30:58.7324237Z Successfully installed pip-26.0.1
2026-02-11T15:30:58.7327602Z WARNING: Running pip as the 'root' user can result in broken permissions and conflicting behaviour with the system package manager, possibly rendering your system unusable.It is recommended to use a virtual environment instead: https://pip.pypa.io/warnings/venv. Use the --root-user-action option if you know what you are doing and want to suppress this warning.
2026-02-11T15:30:59.0798651Z WARNING: The directory '/github/home/.cache/pip' or its parent directory is not owned or is not writable by the current user. The cache has been disabled. Check the permissions and owner of that directory. If executing pip with sudo, you should use sudo's -H flag.
2026-02-11T15:30:59.2407105Z Collecting setuptools
2026-02-11T15:30:59.2629972Z   Downloading setuptools-82.0.0-py3-none-any.whl.metadata (6.6 kB)
2026-02-11T15:30:59.2827046Z Collecting wheel
2026-02-11T15:30:59.2855288Z   Downloading wheel-0.46.3-py3-none-any.whl.metadata (2.4 kB)
2026-02-11T15:30:59.2962238Z Collecting packaging>=24.0 (from wheel)
2026-02-11T15:30:59.2989430Z   Downloading packaging-26.0-py3-none-any.whl.metadata (3.3 kB)
2026-02-11T15:30:59.3037008Z Downloading setuptools-82.0.0-py3-none-any.whl (1.0 MB)
2026-02-11T15:30:59.3223597Z    ━━━━━━━━━━━━━━━━━━━━━━━━━━━━━━━━━━━━━━━━ 1.0/1.0 MB 112.3 MB/s  0:00:00
2026-02-11T15:30:59.3251053Z Downloading wheel-0.46.3-py3-none-any.whl (30 kB)
2026-02-11T15:30:59.3281760Z Downloading packaging-26.0-py3-none-any.whl (74 kB)
2026-02-11T15:30:59.3416361Z Installing collected packages: setuptools, packaging, wheel
2026-02-11T15:30:59.9589489Z 
2026-02-11T15:30:59.9600632Z Successfully installed packaging-26.0 setuptools-82.0.0 wheel-0.46.3
2026-02-11T15:30:59.9604783Z WARNING: Running pip as the 'root' user can result in broken permissions and conflicting behaviour with the system package manager, possibly rendering your system unusable. It is recommended to use a virtual environment instead: https://pip.pypa.io/warnings/venv. Use the --root-user-action option if you know what you are doing and want to suppress this warning.
2026-02-11T15:31:00.3994237Z WARNING: The directory '/github/home/.cache/pip' or its parent directory is not owned or is not writable by the current user. The cache has been disabled. Check the permissions and owner of that directory. If executing pip with sudo, you should use sudo's -H flag.
2026-02-11T15:31:00.4341806Z Obtaining file:///__w/ImunoEdge/ImunoEdge
2026-02-11T15:31:00.4360442Z   Installing build dependencies: started
2026-02-11T15:31:00.9993529Z   Installing build dependencies: finished with status 'done'
2026-02-11T15:31:00.9998076Z   Checking if build backend supports build_editable: started
2026-02-11T15:31:01.2399962Z   Checking if build backend supports build_editable: finished with status 'done'
2026-02-11T15:31:01.2982033Z ERROR: Exception:
2026-02-11T15:31:01.2982562Z Traceback (most recent call last):
2026-02-11T15:31:01.2983824Z   File "/usr/local/lib/python3.13/site-packages/pip/_internal/cli/base_command.py", line 107, in _run_wrapper
2026-02-11T15:31:01.2984870Z     status = _inner_run()
2026-02-11T15:31:01.2985737Z   File "/usr/local/lib/python3.13/site-packages/pip/_internal/cli/base_command.py", line 98, in _inner_run
2026-02-11T15:31:01.2986416Z     return self.run(options, args)
2026-02-11T15:31:01.2986720Z            ~~~~~~~~^^^^^^^^^^^^^^^
2026-02-11T15:31:01.2987313Z   File "/usr/local/lib/python3.13/site-packages/pip/_internal/cli/req_command.py", line 96, in wrapper
2026-02-11T15:31:01.2988067Z     return func(self, options, args)
2026-02-11T15:31:01.2988639Z   File "/usr/local/lib/python3.13/site-packages/pip/_internal/commands/install.py", line 392, in run
2026-02-11T15:31:01.2989269Z     requirement_set = resolver.resolve(
2026-02-11T15:31:01.2989663Z         reqs, check_supported_wheels=not options.target_dir
2026-02-11T15:31:01.2990031Z     )
2026-02-11T15:31:01.2990601Z   File "/usr/local/lib/python3.13/site-packages/pip/_internal/resolution/resolvelib/resolver.py", line 79, in resolve
2026-02-11T15:31:01.2991424Z     collected = self.factory.collect_root_requirements(root_reqs)
2026-02-11T15:31:01.2992288Z   File "/usr/local/lib/python3.13/site-packages/pip/_internal/resolution/resolvelib/factory.py", line 538, in collect_root_requirements
2026-02-11T15:31:01.2993222Z     reqs = list(
2026-02-11T15:31:01.2993496Z         self._make_requirements_from_install_req(
2026-02-11T15:31:01.2993827Z     ...<2 lines>...
2026-02-11T15:31:01.2994041Z         )
2026-02-11T15:31:01.2994231Z     )
2026-02-11T15:31:01.2994940Z   File "/usr/local/lib/python3.13/site-packages/pip/_internal/resolution/resolvelib/factory.py", line 494, in _make_requirements_from_install_req
2026-02-11T15:31:01.2995786Z     cand = self._make_base_candidate_from_link(
2026-02-11T15:31:01.2996120Z         ireq.link,
2026-02-11T15:31:01.2996337Z     ...<2 lines>...
2026-02-11T15:31:01.2996566Z         version=None,
2026-02-11T15:31:01.2996794Z     )
2026-02-11T15:31:01.2997475Z   File "/usr/local/lib/python3.13/site-packages/pip/_internal/resolution/resolvelib/factory.py", line 205, in _make_base_candidate_from_link
2026-02-11T15:31:01.2998370Z     self._editable_candidate_cache[link] = EditableCandidate(
2026-02-11T15:31:01.2998788Z                                            ~~~~~~~~~~~~~~~~~^
2026-02-11T15:31:01.2999073Z         link,
2026-02-11T15:31:01.2999223Z         ^^^^^
2026-02-11T15:31:01.2999379Z     ...<3 lines>...
2026-02-11T15:31:01.2999549Z         version=version,
2026-02-11T15:31:01.2999748Z         ^^^^^^^^^^^^^^^^
2026-02-11T15:31:01.2999921Z     )
2026-02-11T15:31:01.3000063Z     ^
2026-02-11T15:31:01.3000508Z   File "/usr/local/lib/python3.13/site-packages/pip/_internal/resolution/resolvelib/candidates.py", line 343, in __init__
2026-02-11T15:31:01.3001024Z     super().__init__(
2026-02-11T15:31:01.3001203Z     ~~~~~~~~~~~~~~~~^
2026-02-11T15:31:01.3001374Z         link=link,
2026-02-11T15:31:01.3001538Z         ^^^^^^^^^^
2026-02-11T15:31:01.3001690Z     ...<4 lines>...
2026-02-11T15:31:01.3002170Z         version=version,
2026-02-11T15:31:01.3002352Z         ^^^^^^^^^^^^^^^^
2026-02-11T15:31:01.3002526Z     )
2026-02-11T15:31:01.3002659Z     ^
2026-02-11T15:31:01.3003383Z   File "/usr/local/lib/python3.13/site-packages/pip/_internal/resolution/resolvelib/candidates.py", line 161, in __init__
2026-02-11T15:31:01.3003942Z     self.dist = self._prepare()
2026-02-11T15:31:01.3004152Z                 ~~~~~~~~~~~~~^^
2026-02-11T15:31:01.3004813Z   File "/usr/local/lib/python3.13/site-packages/pip/_internal/resolution/resolvelib/candidates.py", line 238, in _prepare
2026-02-11T15:31:01.3005368Z     dist = self._prepare_distribution()
2026-02-11T15:31:01.3005948Z   File "/usr/local/lib/python3.13/site-packages/pip/_internal/resolution/resolvelib/candidates.py", line 353, in _prepare_distribution
2026-02-11T15:31:01.3006627Z     return self._factory.preparer.prepare_editable_requirement(self._ireq)
2026-02-11T15:31:01.3007025Z            ~~~~~~~~~~~~~~~~~~~~~~~~~~~~~~~~~~~~~~~~~~~~~~~~~~~^^^^^^^^^^^^
2026-02-11T15:31:01.3007610Z   File "/usr/local/lib/python3.13/site-packages/pip/_internal/operations/prepare.py", line 713, in prepare_editable_requirement
2026-02-11T15:31:01.3008153Z     dist = _get_prepared_distribution(
2026-02-11T15:31:01.3008385Z         req,
2026-02-11T15:31:01.3008537Z     ...<3 lines>...
2026-02-11T15:31:01.3008719Z         self.check_build_deps,
2026-02-11T15:31:01.3008914Z     )
2026-02-11T15:31:01.3009358Z   File "/usr/local/lib/python3.13/site-packages/pip/_internal/operations/prepare.py", line 77, in _get_prepared_distribution
2026-02-11T15:31:01.3009910Z     abstract_dist.prepare_distribution_metadata(
2026-02-11T15:31:01.3010181Z     ~~~~~~~~~~~~~~~~~~~~~~~~~~~~~~~~~~~~~~~~~~~^
2026-02-11T15:31:01.3010557Z         build_env_installer, build_isolation, check_build_deps
2026-02-11T15:31:01.3010869Z         ^^^^^^^^^^^^^^^^^^^^^^^^^^^^^^^^^^^^^^^^^^^^^^^^^^^^^^
2026-02-11T15:31:01.3011107Z     )
2026-02-11T15:31:01.3011249Z     ^
2026-02-11T15:31:01.3011703Z   File "/usr/local/lib/python3.13/site-packages/pip/_internal/distributions/sdist.py", line 53, in prepare_distribution_metadata
2026-02-11T15:31:01.3012263Z     self.req.editable_sanity_check()
2026-02-11T15:31:01.3012510Z     ~~~~~~~~~~~~~~~~~~~~~~~~~~~~~~^^
2026-02-11T15:31:01.3013112Z   File "/usr/local/lib/python3.13/site-packages/pip/_internal/req/req_install.py", line 501, in editable_sanity_check
2026-02-11T15:31:01.3013689Z     if self.editable and not self.supports_pyproject_editable:
2026-02-11T15:31:01.3014014Z                              ^^^^^^^^^^^^^^^^^^^^^^^^^^^^^^^^
2026-02-11T15:31:01.3014345Z   File "/usr/lib64/python3.13/functools.py", line 1025, in __get__
2026-02-11T15:31:01.3014659Z     val = self.func(instance)
2026-02-11T15:31:01.3015136Z   File "/usr/local/lib/python3.13/site-packages/pip/_internal/req/req_install.py", line 237, in supports_pyproject_editable
2026-02-11T15:31:01.3015745Z     return "build_editable" in self.pep517_backend._supported_features()
2026-02-11T15:31:01.3016118Z                                ~~~~~~~~~~~~~~~~~~~~~~~~~~~~~~~~~~~~~~~^^
2026-02-11T15:31:01.3016660Z   File "/usr/local/lib/python3.13/site-packages/pip/_vendor/pyproject_hooks/_impl.py", line 180, in _supported_features
2026-02-11T15:31:01.3017207Z     return self._call_hook("_supported_features", {})
2026-02-11T15:31:01.3017492Z            ~~~~~~~~~~~~~~~^^^^^^^^^^^^^^^^^^^^^^^^^^^
2026-02-11T15:31:01.3017969Z   File "/usr/local/lib/python3.13/site-packages/pip/_vendor/pyproject_hooks/_impl.py", line 402, in _call_hook
2026-02-11T15:31:01.3018457Z     raise BackendUnavailable(
2026-02-11T15:31:01.3018656Z     ...<4 lines>...
2026-02-11T15:31:01.3018821Z     )
2026-02-11T15:31:01.3019180Z pip._vendor.pyproject_hooks._impl.BackendUnavailable: Cannot import 'setuptools.backends._legacy'
2026-02-11T15:31:01.5830411Z WARNING: The directory '/github/home/.cache/pip' or its parent directory is not owned or is not writable by the current user. The cache has been disabled. Check the permissions and owner of that directory. If executing pip with sudo, you should use sudo's -H flag.
2026-02-11T15:31:01.6188268Z Obtaining file:///__w/ImunoEdge/ImunoEdge
2026-02-11T15:31:01.6206209Z   Installing build dependencies: started
2026-02-11T15:31:02.2004301Z   Installing build dependencies: finished with status 'done'
2026-02-11T15:31:02.2010202Z   Checking if build backend supports build_editable: started
2026-02-11T15:31:02.4527687Z   Checking if build backend supports build_editable: finished with status 'done'
2026-02-11T15:31:02.5111988Z ERROR: Exception:
2026-02-11T15:31:02.5112471Z Traceback (most recent call last):
2026-02-11T15:31:02.5113474Z   File "/usr/local/lib/python3.13/site-packages/pip/_internal/cli/base_command.py", line 107, in _run_wrapper
2026-02-11T15:31:02.5114128Z     status = _inner_run()
2026-02-11T15:31:02.5114678Z   File "/usr/local/lib/python3.13/site-packages/pip/_internal/cli/base_command.py", line 98, in _inner_run
2026-02-11T15:31:02.5115284Z     return self.run(options, args)
2026-02-11T15:31:02.5115584Z            ~~~~~~~~^^^^^^^^^^^^^^^
2026-02-11T15:31:02.5116113Z   File "/usr/local/lib/python3.13/site-packages/pip/_internal/cli/req_command.py", line 96, in wrapper
2026-02-11T15:31:02.5116712Z     return func(self, options, args)
2026-02-11T15:31:02.5117258Z   File "/usr/local/lib/python3.13/site-packages/pip/_internal/commands/install.py", line 392, in run
2026-02-11T15:31:02.5117849Z     requirement_set = resolver.resolve(
2026-02-11T15:31:02.5118240Z         reqs, check_supported_wheels=not options.target_dir
2026-02-11T15:31:02.5118594Z     )
2026-02-11T15:31:02.5119140Z   File "/usr/local/lib/python3.13/site-packages/pip/_internal/resolution/resolvelib/resolver.py", line 79, in resolve
2026-02-11T15:31:02.5119903Z     collected = self.factory.collect_root_requirements(root_reqs)
2026-02-11T15:31:02.5120751Z   File "/usr/local/lib/python3.13/site-packages/pip/_internal/resolution/resolvelib/factory.py", line 538, in collect_root_requirements
2026-02-11T15:31:02.5121491Z     reqs = list(
2026-02-11T15:31:02.5121752Z         self._make_requirements_from_install_req(
2026-02-11T15:31:02.5122125Z     ...<2 lines>...
2026-02-11T15:31:02.5122303Z         )
2026-02-11T15:31:02.5122463Z     )
2026-02-11T15:31:02.5123178Z   File "/usr/local/lib/python3.13/site-packages/pip/_internal/resolution/resolvelib/factory.py", line 494, in _make_requirements_from_install_req
2026-02-11T15:31:02.5123905Z     cand = self._make_base_candidate_from_link(
2026-02-11T15:31:02.5124191Z         ireq.link,
2026-02-11T15:31:02.5124381Z     ...<2 lines>...
2026-02-11T15:31:02.5124573Z         version=None,
2026-02-11T15:31:02.5124760Z     )
2026-02-11T15:31:02.5125325Z   File "/usr/local/lib/python3.13/site-packages/pip/_internal/resolution/resolvelib/factory.py", line 205, in _make_base_candidate_from_link
2026-02-11T15:31:02.5126053Z     self._editable_candidate_cache[link] = EditableCandidate(
2026-02-11T15:31:02.5126413Z                                            ~~~~~~~~~~~~~~~~~^
2026-02-11T15:31:02.5126685Z         link,
2026-02-11T15:31:02.5126855Z         ^^^^^
2026-02-11T15:31:02.5127044Z     ...<3 lines>...
2026-02-11T15:31:02.5127230Z         version=version,
2026-02-11T15:31:02.5127440Z         ^^^^^^^^^^^^^^^^
2026-02-11T15:31:02.5127630Z     )
2026-02-11T15:31:02.5127789Z     ^
2026-02-11T15:31:02.5128269Z   File "/usr/local/lib/python3.13/site-packages/pip/_internal/resolution/resolvelib/candidates.py", line 343, in __init__
2026-02-11T15:31:02.5128850Z     super().__init__(
2026-02-11T15:31:02.5129043Z     ~~~~~~~~~~~~~~~~^
2026-02-11T15:31:02.5129234Z         link=link,
2026-02-11T15:31:02.5129417Z         ^^^^^^^^^^
2026-02-11T15:31:02.5129588Z     ...<4 lines>...
2026-02-11T15:31:02.5129775Z         version=version,
2026-02-11T15:31:02.5129975Z         ^^^^^^^^^^^^^^^^
2026-02-11T15:31:02.5130167Z     )
2026-02-11T15:31:02.5130316Z     ^
2026-02-11T15:31:02.5130794Z   File "/usr/local/lib/python3.13/site-packages/pip/_internal/resolution/resolvelib/candidates.py", line 161, in __init__
2026-02-11T15:31:02.5131530Z     self.dist = self._prepare()
2026-02-11T15:31:02.5131737Z                 ~~~~~~~~~~~~~^^
2026-02-11T15:31:02.5132205Z   File "/usr/local/lib/python3.13/site-packages/pip/_internal/resolution/resolvelib/candidates.py", line 238, in _prepare
2026-02-11T15:31:02.5132751Z     dist = self._prepare_distribution()
2026-02-11T15:31:02.5133437Z   File "/usr/local/lib/python3.13/site-packages/pip/_internal/resolution/resolvelib/candidates.py", line 353, in _prepare_distribution
2026-02-11T15:31:02.5134239Z     return self._factory.preparer.prepare_editable_requirement(self._ireq)
2026-02-11T15:31:02.5134639Z            ~~~~~~~~~~~~~~~~~~~~~~~~~~~~~~~~~~~~~~~~~~~~~~~~~~~^^^^^^^^^^^^
2026-02-11T15:31:02.5135209Z   File "/usr/local/lib/python3.13/site-packages/pip/_internal/operations/prepare.py", line 713, in prepare_editable_requirement
2026-02-11T15:31:02.5135754Z     dist = _get_prepared_distribution(
2026-02-11T15:31:02.5135978Z         req,
2026-02-11T15:31:02.5136127Z     ...<3 lines>...
2026-02-11T15:31:02.5136312Z         self.check_build_deps,
2026-02-11T15:31:02.5136504Z     )
2026-02-11T15:31:02.5136936Z   File "/usr/local/lib/python3.13/site-packages/pip/_internal/operations/prepare.py", line 77, in _get_prepared_distribution
2026-02-11T15:31:02.5137478Z     abstract_dist.prepare_distribution_metadata(
2026-02-11T15:31:02.5137754Z     ~~~~~~~~~~~~~~~~~~~~~~~~~~~~~~~~~~~~~~~~~~~^
2026-02-11T15:31:02.5138054Z         build_env_installer, build_isolation, check_build_deps
2026-02-11T15:31:02.5138374Z         ^^^^^^^^^^^^^^^^^^^^^^^^^^^^^^^^^^^^^^^^^^^^^^^^^^^^^^
2026-02-11T15:31:02.5138609Z     )
2026-02-11T15:31:02.5138743Z     ^
2026-02-11T15:31:02.5139194Z   File "/usr/local/lib/python3.13/site-packages/pip/_internal/distributions/sdist.py", line 53, in prepare_distribution_metadata
2026-02-11T15:31:02.5139734Z     self.req.editable_sanity_check()
2026-02-11T15:31:02.5139959Z     ~~~~~~~~~~~~~~~~~~~~~~~~~~~~~~^^
2026-02-11T15:31:02.5140417Z   File "/usr/local/lib/python3.13/site-packages/pip/_internal/req/req_install.py", line 501, in editable_sanity_check
2026-02-11T15:31:02.5141002Z     if self.editable and not self.supports_pyproject_editable:
2026-02-11T15:31:02.5141311Z                              ^^^^^^^^^^^^^^^^^^^^^^^^^^^^^^^^
2026-02-11T15:31:02.5141643Z   File "/usr/lib64/python3.13/functools.py", line 1025, in __get__
2026-02-11T15:31:02.5141962Z     val = self.func(instance)
2026-02-11T15:31:02.5142447Z   File "/usr/local/lib/python3.13/site-packages/pip/_internal/req/req_install.py", line 237, in supports_pyproject_editable
2026-02-11T15:31:02.5143222Z     return "build_editable" in self.pep517_backend._supported_features()
2026-02-11T15:31:02.5143591Z                                ~~~~~~~~~~~~~~~~~~~~~~~~~~~~~~~~~~~~~~~^^
2026-02-11T15:31:02.5144134Z   File "/usr/local/lib/python3.13/site-packages/pip/_vendor/pyproject_hooks/_impl.py", line 180, in _supported_features
2026-02-11T15:31:02.5144685Z     return self._call_hook("_supported_features", {})
2026-02-11T15:31:02.5144972Z            ~~~~~~~~~~~~~~~^^^^^^^^^^^^^^^^^^^^^^^^^^^
2026-02-11T15:31:02.5145444Z   File "/usr/local/lib/python3.13/site-packages/pip/_vendor/pyproject_hooks/_impl.py", line 402, in _call_hook
2026-02-11T15:31:02.5145930Z     raise BackendUnavailable(
2026-02-11T15:31:02.5146134Z     ...<4 lines>...
2026-02-11T15:31:02.5146294Z     )
2026-02-11T15:31:02.5146654Z pip._vendor.pyproject_hooks._impl.BackendUnavailable: Cannot import 'setuptools.backends._legacy'
2026-02-11T15:31:02.5746619Z ##[error]Process completed with exit code 2.
2026-02-11T15:31:02.5855553Z Post job cleanup.
2026-02-11T15:31:02.5860004Z ##[command]/usr/bin/docker exec  39265e5592eb67e98a611b29c388069f792641e8de9bf4c7074b1f8f8097f48e sh -c "cat /etc/*release | grep ^ID"
2026-02-11T15:31:02.7667388Z [command]/usr/sbin/git version
2026-02-11T15:31:02.7702560Z git version 2.53.0
2026-02-11T15:31:02.7749101Z Temporarily overriding HOME='/__w/_temp/80a84d6e-b8eb-4cb7-83d7-f880b21e4937' before making global git config changes
2026-02-11T15:31:02.7750700Z Adding repository directory to the temporary git global config as a safe directory
2026-02-11T15:31:02.7754996Z [command]/usr/sbin/git config --global --add safe.directory /__w/ImunoEdge/ImunoEdge
2026-02-11T15:31:02.7784476Z Removing SSH command configuration
2026-02-11T15:31:02.7791056Z [command]/usr/sbin/git config --local --name-only --get-regexp core\.sshCommand
2026-02-11T15:31:02.7826466Z [command]/usr/sbin/git submodule foreach --recursive sh -c "git config --local --name-only --get-regexp 'core\.sshCommand' && git config --local --unset-all 'core.sshCommand' || :"
2026-02-11T15:31:02.8106362Z Entering 'TaipanStack'
2026-02-11T15:31:02.8173347Z Removing HTTP extra header
2026-02-11T15:31:02.8178428Z [command]/usr/sbin/git config --local --name-only --get-regexp http\.https\:\/\/github\.com\/\.extraheader
2026-02-11T15:31:02.8210558Z [command]/usr/sbin/git submodule foreach --recursive sh -c "git config --local --name-only --get-regexp 'http\.https\:\/\/github\.com\/\.extraheader' && git config --local --unset-all 'http.https://github.com/.extraheader' || :"
2026-02-11T15:31:02.8487848Z Entering 'TaipanStack'
2026-02-11T15:31:02.8550716Z Removing includeIf entries pointing to credentials config files
2026-02-11T15:31:02.8558208Z [command]/usr/sbin/git config --local --name-only --get-regexp ^includeIf\.gitdir:
2026-02-11T15:31:02.8580357Z includeif.gitdir:/__w/ImunoEdge/ImunoEdge/.git.path
2026-02-11T15:31:02.8581001Z includeif.gitdir:/__w/ImunoEdge/ImunoEdge/.git/worktrees/*.path
2026-02-11T15:31:02.8581437Z includeif.gitdir:/github/workspace/.git.path
2026-02-11T15:31:02.8581794Z includeif.gitdir:/github/workspace/.git/worktrees/*.path
2026-02-11T15:31:02.8590929Z [command]/usr/sbin/git config --local --get-all includeif.gitdir:/__w/ImunoEdge/ImunoEdge/.git.path
2026-02-11T15:31:02.8612197Z /__w/_temp/git-credentials-7c28a3c9-c08a-4f3d-a4a3-9226ec3de9e6.config
2026-02-11T15:31:02.8623472Z [command]/usr/sbin/git config --local --unset includeif.gitdir:/__w/ImunoEdge/ImunoEdge/.git.path /__w/_temp/git-credentials-7c28a3c9-c08a-4f3d-a4a3-9226ec3de9e6.config
2026-02-11T15:31:02.8655721Z [command]/usr/sbin/git config --local --get-all includeif.gitdir:/__w/ImunoEdge/ImunoEdge/.git/worktrees/*.path
2026-02-11T15:31:02.8676821Z /__w/_temp/git-credentials-7c28a3c9-c08a-4f3d-a4a3-9226ec3de9e6.config
2026-02-11T15:31:02.8687403Z [command]/usr/sbin/git config --local --unset includeif.gitdir:/__w/ImunoEdge/ImunoEdge/.git/worktrees/*.path /__w/_temp/git-credentials-7c28a3c9-c08a-4f3d-a4a3-9226ec3de9e6.config
2026-02-11T15:31:02.8718799Z [command]/usr/sbin/git config --local --get-all includeif.gitdir:/github/workspace/.git.path
2026-02-11T15:31:02.8738858Z /github/runner_temp/git-credentials-7c28a3c9-c08a-4f3d-a4a3-9226ec3de9e6.config
2026-02-11T15:31:02.8748222Z [command]/usr/sbin/git config --local --unset includeif.gitdir:/github/workspace/.git.path /github/runner_temp/git-credentials-7c28a3c9-c08a-4f3d-a4a3-9226ec3de9e6.config
2026-02-11T15:31:02.8778142Z [command]/usr/sbin/git config --local --get-all includeif.gitdir:/github/workspace/.git/worktrees/*.path
2026-02-11T15:31:02.8798533Z /github/runner_temp/git-credentials-7c28a3c9-c08a-4f3d-a4a3-9226ec3de9e6.config
2026-02-11T15:31:02.8808068Z [command]/usr/sbin/git config --local --unset includeif.gitdir:/github/workspace/.git/worktrees/*.path /github/runner_temp/git-credentials-7c28a3c9-c08a-4f3d-a4a3-9226ec3de9e6.config
2026-02-11T15:31:02.8839568Z [command]/usr/sbin/git submodule foreach --recursive git config --local --show-origin --name-only --get-regexp remote.origin.url
2026-02-11T15:31:02.9110400Z Entering 'TaipanStack'
2026-02-11T15:31:02.9132395Z file:/__w/ImunoEdge/ImunoEdge/.git/modules/TaipanStack/config	remote.origin.url
2026-02-11T15:31:02.9164513Z [command]/usr/sbin/git config --file /__w/ImunoEdge/ImunoEdge/.git/modules/TaipanStack/config --name-only --get-regexp ^includeIf\.gitdir:
2026-02-11T15:31:02.9185710Z includeif.gitdir:/__w/ImunoEdge/ImunoEdge/.git/modules/TaipanStack.path
2026-02-11T15:31:02.9186607Z includeif.gitdir:/github/workspace/.git/modules/TaipanStack.path
2026-02-11T15:31:02.9196011Z [command]/usr/sbin/git config --file /__w/ImunoEdge/ImunoEdge/.git/modules/TaipanStack/config --get-all includeif.gitdir:/__w/ImunoEdge/ImunoEdge/.git/modules/TaipanStack.path
2026-02-11T15:31:02.9214283Z /__w/_temp/git-credentials-7c28a3c9-c08a-4f3d-a4a3-9226ec3de9e6.config
2026-02-11T15:31:02.9223896Z [command]/usr/sbin/git config --file /__w/ImunoEdge/ImunoEdge/.git/modules/TaipanStack/config --unset includeif.gitdir:/__w/ImunoEdge/ImunoEdge/.git/modules/TaipanStack.path /__w/_temp/git-credentials-7c28a3c9-c08a-4f3d-a4a3-9226ec3de9e6.config
2026-02-11T15:31:02.9253331Z [command]/usr/sbin/git config --file /__w/ImunoEdge/ImunoEdge/.git/modules/TaipanStack/config --get-all includeif.gitdir:/github/workspace/.git/modules/TaipanStack.path
2026-02-11T15:31:02.9272483Z /github/runner_temp/git-credentials-7c28a3c9-c08a-4f3d-a4a3-9226ec3de9e6.config
2026-02-11T15:31:02.9281927Z [command]/usr/sbin/git config --file /__w/ImunoEdge/ImunoEdge/.git/modules/TaipanStack/config --unset includeif.gitdir:/github/workspace/.git/modules/TaipanStack.path /github/runner_temp/git-credentials-7c28a3c9-c08a-4f3d-a4a3-9226ec3de9e6.config
2026-02-11T15:31:02.9309607Z Removing credentials config '/__w/_temp/git-credentials-7c28a3c9-c08a-4f3d-a4a3-9226ec3de9e6.config'
2026-02-11T15:31:02.9445514Z Stop and remove container: f6256604d5ed4308b349a0f8dc05c8ee_fedora42_9d561d
2026-02-11T15:31:02.9450019Z ##[command]/usr/bin/docker rm --force 39265e5592eb67e98a611b29c388069f792641e8de9bf4c7074b1f8f8097f48e
2026-02-11T15:31:03.3122366Z 39265e5592eb67e98a611b29c388069f792641e8de9bf4c7074b1f8f8097f48e
2026-02-11T15:31:03.3151824Z Remove container network: github_network_c32edfd324a64e2186cd278cdd099cfe
2026-02-11T15:31:03.3156584Z ##[command]/usr/bin/docker network rm github_network_c32edfd324a64e2186cd278cdd099cfe
2026-02-11T15:31:03.4168909Z github_network_c32edfd324a64e2186cd278cdd099cfe
2026-02-11T15:31:03.4230655Z Cleaning up orphan processes
