2026-02-11T15:30:35.0774175Z Current runner version: '2.331.0'
2026-02-11T15:30:35.0798338Z ##[group]Runner Image Provisioner
2026-02-11T15:30:35.0799257Z Hosted Compute Agent
2026-02-11T15:30:35.0799837Z Version: 20260123.484
2026-02-11T15:30:35.0800421Z Commit: 6bd6555ca37d84114959e1c76d2c01448ff61c5d
2026-02-11T15:30:35.0801186Z Build Date: 2026-01-23T19:41:17Z
2026-02-11T15:30:35.0801819Z Worker ID: {af462e9f-ba12-4a0e-ac5f-78fb1ea75c26}
2026-02-11T15:30:35.0802572Z Azure Region: eastus2
2026-02-11T15:30:35.0803112Z ##[endgroup]
2026-02-11T15:30:35.0805205Z ##[group]Operating System
2026-02-11T15:30:35.0805832Z Ubuntu
2026-02-11T15:30:35.0806346Z 24.04.3
2026-02-11T15:30:35.0806848Z LTS
2026-02-11T15:30:35.0807286Z ##[endgroup]
2026-02-11T15:30:35.0807857Z ##[group]Runner Image
2026-02-11T15:30:35.0808432Z Image: ubuntu-24.04
2026-02-11T15:30:35.0808968Z Version: 20260201.15.1
2026-02-11T15:30:35.0810185Z Included Software: https://github.com/actions/runner-images/blob/ubuntu24/20260201.15/images/ubuntu/Ubuntu2404-Readme.md
2026-02-11T15:30:35.0811606Z Image Release: https://github.com/actions/runner-images/releases/tag/ubuntu24%2F20260201.15
2026-02-11T15:30:35.0812543Z ##[endgroup]
2026-02-11T15:30:35.0814133Z ##[group]GITHUB_TOKEN Permissions
2026-02-11T15:30:35.0816756Z Contents: read
2026-02-11T15:30:35.0818000Z Metadata: read
2026-02-11T15:30:35.0818752Z Packages: read
2026-02-11T15:30:35.0819471Z ##[endgroup]
2026-02-11T15:30:35.0822005Z Secret source: Actions
2026-02-11T15:30:35.0823508Z Prepare workflow directory
2026-02-11T15:30:35.1338716Z Prepare all required actions
2026-02-11T15:30:35.1391088Z Getting action download info
2026-02-11T15:30:35.4692833Z Download action repository 'actions/checkout@v6' (SHA:de0fac2e4500dabe0009e67214ff5f5447ce83dd)
2026-02-11T15:30:35.5557125Z Download action repository 'actions/setup-python@v6' (SHA:a309ff8b426b58ec0e2a45f0f869d46889d02405)
2026-02-11T15:30:36.0437003Z Complete job name: Smoke Test (Python 3.12)
2026-02-11T15:30:36.1044201Z ##[group]Run actions/checkout@v6
2026-02-11T15:30:36.1045089Z with:
2026-02-11T15:30:36.1045502Z   submodules: recursive
2026-02-11T15:30:36.1045982Z   repository: gabrielima7/ImunoEdge
2026-02-11T15:30:36.1046726Z   token: ***
2026-02-11T15:30:36.1047146Z   ssh-strict: true
2026-02-11T15:30:36.1047566Z   ssh-user: git
2026-02-11T15:30:36.1048001Z   persist-credentials: true
2026-02-11T15:30:36.1048469Z   clean: true
2026-02-11T15:30:36.1048900Z   sparse-checkout-cone-mode: true
2026-02-11T15:30:36.1049423Z   fetch-depth: 1
2026-02-11T15:30:36.1049863Z   fetch-tags: false
2026-02-11T15:30:36.1050300Z   show-progress: true
2026-02-11T15:30:36.1050753Z   lfs: false
2026-02-11T15:30:36.1051176Z   set-safe-directory: true
2026-02-11T15:30:36.1051824Z env:
2026-02-11T15:30:36.1052224Z   PYTHON_VERSION_DEFAULT: 3.11
2026-02-11T15:30:36.1052707Z ##[endgroup]
2026-02-11T15:30:36.2013261Z Syncing repository: gabrielima7/ImunoEdge
2026-02-11T15:30:36.2015525Z ##[group]Getting Git version info
2026-02-11T15:30:36.2016403Z Working directory is '/home/runner/work/ImunoEdge/ImunoEdge'
2026-02-11T15:30:36.2017522Z [command]/usr/bin/git version
2026-02-11T15:30:36.2060325Z git version 2.52.0
2026-02-11T15:30:36.2083363Z ##[endgroup]
2026-02-11T15:30:36.2097287Z Temporarily overriding HOME='/home/runner/work/_temp/1614f22c-8d9e-41ef-b5b5-ea1c765ec60b' before making global git config changes
2026-02-11T15:30:36.2099568Z Adding repository directory to the temporary git global config as a safe directory
2026-02-11T15:30:36.2101874Z [command]/usr/bin/git config --global --add safe.directory /home/runner/work/ImunoEdge/ImunoEdge
2026-02-11T15:30:36.2143295Z Deleting the contents of '/home/runner/work/ImunoEdge/ImunoEdge'
2026-02-11T15:30:36.2147102Z ##[group]Initializing the repository
2026-02-11T15:30:36.2151424Z [command]/usr/bin/git init /home/runner/work/ImunoEdge/ImunoEdge
2026-02-11T15:30:36.2253417Z hint: Using 'master' as the name for the initial branch. This default branch name
2026-02-11T15:30:36.2254764Z hint: will change to "main" in Git 3.0. To configure the initial branch name
2026-02-11T15:30:36.2256036Z hint: to use in all of your new repositories, which will suppress this warning,
2026-02-11T15:30:36.2256996Z hint: call:
2026-02-11T15:30:36.2257548Z hint:
2026-02-11T15:30:36.2258087Z hint: 	git config --global init.defaultBranch <name>
2026-02-11T15:30:36.2258698Z hint:
2026-02-11T15:30:36.2259277Z hint: Names commonly chosen instead of 'master' are 'main', 'trunk' and
2026-02-11T15:30:36.2260207Z hint: 'development'. The just-created branch can be renamed via this command:
2026-02-11T15:30:36.2261164Z hint:
2026-02-11T15:30:36.2261843Z hint: 	git branch -m <name>
2026-02-11T15:30:36.2262366Z hint:
2026-02-11T15:30:36.2263136Z hint: Disable this message with "git config set advice.defaultBranchName false"
2026-02-11T15:30:36.2264401Z Initialized empty Git repository in /home/runner/work/ImunoEdge/ImunoEdge/.git/
2026-02-11T15:30:36.2268818Z [command]/usr/bin/git remote add origin https://github.com/gabrielima7/ImunoEdge
2026-02-11T15:30:36.2304549Z ##[endgroup]
2026-02-11T15:30:36.2305853Z ##[group]Disabling automatic garbage collection
2026-02-11T15:30:36.2308822Z [command]/usr/bin/git config --local gc.auto 0
2026-02-11T15:30:36.2337765Z ##[endgroup]
2026-02-11T15:30:36.2338998Z ##[group]Setting up auth
2026-02-11T15:30:36.2339925Z Removing SSH command configuration
2026-02-11T15:30:36.2345253Z [command]/usr/bin/git config --local --name-only --get-regexp core\.sshCommand
2026-02-11T15:30:36.2378015Z [command]/usr/bin/git submodule foreach --recursive sh -c "git config --local --name-only --get-regexp 'core\.sshCommand' && git config --local --unset-all 'core.sshCommand' || :"
2026-02-11T15:30:36.2719081Z Removing HTTP extra header
2026-02-11T15:30:36.2725035Z [command]/usr/bin/git config --local --name-only --get-regexp http\.https\:\/\/github\.com\/\.extraheader
2026-02-11T15:30:36.2757863Z [command]/usr/bin/git submodule foreach --recursive sh -c "git config --local --name-only --get-regexp 'http\.https\:\/\/github\.com\/\.extraheader' && git config --local --unset-all 'http.https://github.com/.extraheader' || :"
2026-02-11T15:30:36.2985298Z Removing includeIf entries pointing to credentials config files
2026-02-11T15:30:36.2991067Z [command]/usr/bin/git config --local --name-only --get-regexp ^includeIf\.gitdir:
2026-02-11T15:30:36.3024248Z [command]/usr/bin/git submodule foreach --recursive git config --local --show-origin --name-only --get-regexp remote.origin.url
2026-02-11T15:30:36.3259579Z [command]/usr/bin/git config --file /home/runner/work/_temp/git-credentials-36704607-c306-4196-9411-8e82c190cd0e.config http.https://github.com/.extraheader AUTHORIZATION: basic ***
2026-02-11T15:30:36.3297246Z [command]/usr/bin/git config --local includeIf.gitdir:/home/runner/work/ImunoEdge/ImunoEdge/.git.path /home/runner/work/_temp/git-credentials-36704607-c306-4196-9411-8e82c190cd0e.config
2026-02-11T15:30:36.3328241Z [command]/usr/bin/git config --local includeIf.gitdir:/home/runner/work/ImunoEdge/ImunoEdge/.git/worktrees/*.path /home/runner/work/_temp/git-credentials-36704607-c306-4196-9411-8e82c190cd0e.config
2026-02-11T15:30:36.3358359Z [command]/usr/bin/git config --local includeIf.gitdir:/github/workspace/.git.path /github/runner_temp/git-credentials-36704607-c306-4196-9411-8e82c190cd0e.config
2026-02-11T15:30:36.3388298Z [command]/usr/bin/git config --local includeIf.gitdir:/github/workspace/.git/worktrees/*.path /github/runner_temp/git-credentials-36704607-c306-4196-9411-8e82c190cd0e.config
2026-02-11T15:30:36.3415532Z ##[endgroup]
2026-02-11T15:30:36.3416268Z ##[group]Fetching the repository
2026-02-11T15:30:36.3424751Z [command]/usr/bin/git -c protocol.version=2 fetch --no-tags --prune --no-recurse-submodules --depth=1 origin +22797f30b775dab08a63282bfc3c092003bdea47:refs/remotes/origin/main
2026-02-11T15:30:36.5483736Z From https://github.com/gabrielima7/ImunoEdge
2026-02-11T15:30:36.5485385Z  * [new ref]         22797f30b775dab08a63282bfc3c092003bdea47 -> origin/main
2026-02-11T15:30:36.5522732Z [command]/usr/bin/git branch --list --remote origin/main
2026-02-11T15:30:36.5556280Z   origin/main
2026-02-11T15:30:36.5566007Z [command]/usr/bin/git rev-parse refs/remotes/origin/main
2026-02-11T15:30:36.5588376Z 22797f30b775dab08a63282bfc3c092003bdea47
2026-02-11T15:30:36.5593298Z ##[endgroup]
2026-02-11T15:30:36.5594852Z ##[group]Determining the checkout info
2026-02-11T15:30:36.5596039Z ##[endgroup]
2026-02-11T15:30:36.5599211Z [command]/usr/bin/git sparse-checkout disable
2026-02-11T15:30:36.5642641Z [command]/usr/bin/git config --local --unset-all extensions.worktreeConfig
2026-02-11T15:30:36.5669849Z ##[group]Checking out the ref
2026-02-11T15:30:36.5673257Z [command]/usr/bin/git checkout --progress --force -B main refs/remotes/origin/main
2026-02-11T15:30:36.5809707Z Switched to a new branch 'main'
2026-02-11T15:30:36.5812343Z branch 'main' set up to track 'origin/main'.
2026-02-11T15:30:36.5819535Z ##[endgroup]
2026-02-11T15:30:36.5820774Z ##[group]Setting up auth for fetching submodules
2026-02-11T15:30:36.5825440Z [command]/usr/bin/git config --file /home/runner/work/_temp/git-credentials-36704607-c306-4196-9411-8e82c190cd0e.config http.https://github.com/.extraheader AUTHORIZATION: basic ***
2026-02-11T15:30:36.5861769Z [command]/usr/bin/git config --global include.path /home/runner/work/_temp/git-credentials-36704607-c306-4196-9411-8e82c190cd0e.config
2026-02-11T15:30:36.5892205Z [command]/usr/bin/git config --global --unset-all url.https://github.com/.insteadOf
2026-02-11T15:30:36.5924165Z [command]/usr/bin/git config --global --add url.https://github.com/.insteadOf git@github.com:
2026-02-11T15:30:36.5955989Z [command]/usr/bin/git config --global --add url.https://github.com/.insteadOf org-230595838@github.com:
2026-02-11T15:30:36.5983767Z ##[endgroup]
2026-02-11T15:30:36.5986019Z ##[group]Fetching submodules
2026-02-11T15:30:36.5987477Z [command]/usr/bin/git submodule sync --recursive
2026-02-11T15:30:36.6229193Z [command]/usr/bin/git -c protocol.version=2 submodule update --init --force --depth=1 --recursive
2026-02-11T15:30:36.6458956Z Submodule 'TaipanStack' (https://github.com/gabrielima7/TaipanStack.git) registered for path 'TaipanStack'
2026-02-11T15:30:36.6486826Z Cloning into '/home/runner/work/ImunoEdge/ImunoEdge/TaipanStack'...
2026-02-11T15:30:36.9244780Z Submodule path 'TaipanStack': checked out '788267ef00de0831d0cbe7423802ecc040dd79f8'
2026-02-11T15:30:36.9276571Z [command]/usr/bin/git submodule foreach --recursive git config --local gc.auto 0
2026-02-11T15:30:36.9502558Z Entering 'TaipanStack'
2026-02-11T15:30:36.9550661Z ##[endgroup]
2026-02-11T15:30:36.9552252Z ##[group]Persisting credentials for submodules
2026-02-11T15:30:36.9559160Z [command]/usr/bin/git submodule foreach --recursive sh -c "git config --local --name-only --get-regexp 'url\.https\:\/\/github\.com\/\.insteadOf' && git config --local --unset-all 'url.https://github.com/.insteadOf' || :"
2026-02-11T15:30:36.9782361Z Entering 'TaipanStack'
2026-02-11T15:30:36.9840551Z [command]/usr/bin/git submodule foreach --recursive git config --local --show-origin --name-only --get-regexp remote.origin.url
2026-02-11T15:30:37.0064738Z Entering 'TaipanStack'
2026-02-11T15:30:37.0085828Z file:/home/runner/work/ImunoEdge/ImunoEdge/.git/modules/TaipanStack/config	remote.origin.url
2026-02-11T15:30:37.0121892Z [command]/usr/bin/git config --file /home/runner/work/ImunoEdge/ImunoEdge/.git/modules/TaipanStack/config includeIf.gitdir:/home/runner/work/ImunoEdge/ImunoEdge/.git/modules/TaipanStack.path /home/runner/work/_temp/git-credentials-36704607-c306-4196-9411-8e82c190cd0e.config
2026-02-11T15:30:37.0161164Z [command]/usr/bin/git config --file /home/runner/work/ImunoEdge/ImunoEdge/.git/modules/TaipanStack/config includeIf.gitdir:/github/workspace/.git/modules/TaipanStack.path /github/runner_temp/git-credentials-36704607-c306-4196-9411-8e82c190cd0e.config
2026-02-11T15:30:37.0195224Z [command]/usr/bin/git submodule foreach --recursive git config --local --add 'url.https://github.com/.insteadOf' 'git@github.com:'
2026-02-11T15:30:37.0433601Z Entering 'TaipanStack'
2026-02-11T15:30:37.0489457Z [command]/usr/bin/git submodule foreach --recursive git config --local --add 'url.https://github.com/.insteadOf' 'org-230595838@github.com:'
2026-02-11T15:30:37.0725553Z Entering 'TaipanStack'
2026-02-11T15:30:37.0775551Z ##[endgroup]
2026-02-11T15:30:37.0848728Z [command]/usr/bin/git log -1 --format=%H
2026-02-11T15:30:37.0874503Z 22797f30b775dab08a63282bfc3c092003bdea47
2026-02-11T15:30:37.1180831Z ##[group]Run actions/setup-python@v6
2026-02-11T15:30:37.1181864Z with:
2026-02-11T15:30:37.1182613Z   python-version: 3.12
2026-02-11T15:30:37.1183469Z   allow-prereleases: true
2026-02-11T15:30:37.1184578Z   check-latest: false
2026-02-11T15:30:37.1185644Z   token: ***
2026-02-11T15:30:37.1186406Z   update-environment: true
2026-02-11T15:30:37.1187301Z   freethreaded: false
2026-02-11T15:30:37.1188096Z env:
2026-02-11T15:30:37.1188813Z   PYTHON_VERSION_DEFAULT: 3.11
2026-02-11T15:30:37.1189728Z ##[endgroup]
2026-02-11T15:30:37.2461350Z ##[group]Installed versions
2026-02-11T15:30:37.2572816Z Successfully set up CPython (3.12.12)
2026-02-11T15:30:37.2574844Z ##[endgroup]
2026-02-11T15:30:37.2707306Z ##[group]Run python -m pip install --upgrade pip
2026-02-11T15:30:37.2708671Z [36;1mpython -m pip install --upgrade pip[0m
2026-02-11T15:30:37.2709835Z [36;1mpip install setuptools wheel[0m
2026-02-11T15:30:37.2710875Z [36;1mpip install -e .[0m
2026-02-11T15:30:37.2768670Z shell: /usr/bin/bash -e {0}
2026-02-11T15:30:37.2769568Z env:
2026-02-11T15:30:37.2770640Z   PYTHON_VERSION_DEFAULT: 3.11
2026-02-11T15:30:37.2771923Z   pythonLocation: /opt/hostedtoolcache/Python/3.12.12/x64
2026-02-11T15:30:37.2773785Z   PKG_CONFIG_PATH: /opt/hostedtoolcache/Python/3.12.12/x64/lib/pkgconfig
2026-02-11T15:30:37.2775629Z   Python_ROOT_DIR: /opt/hostedtoolcache/Python/3.12.12/x64
2026-02-11T15:30:37.2777059Z   Python2_ROOT_DIR: /opt/hostedtoolcache/Python/3.12.12/x64
2026-02-11T15:30:37.2778496Z   Python3_ROOT_DIR: /opt/hostedtoolcache/Python/3.12.12/x64
2026-02-11T15:30:37.2779934Z   LD_LIBRARY_PATH: /opt/hostedtoolcache/Python/3.12.12/x64/lib
2026-02-11T15:30:37.2781172Z ##[endgroup]
2026-02-11T15:30:37.9715305Z Requirement already satisfied: pip in /opt/hostedtoolcache/Python/3.12.12/x64/lib/python3.12/site-packages (26.0)
2026-02-11T15:30:38.0711140Z Collecting pip
2026-02-11T15:30:38.1371735Z   Downloading pip-26.0.1-py3-none-any.whl.metadata (4.7 kB)
2026-02-11T15:30:38.1483533Z Downloading pip-26.0.1-py3-none-any.whl (1.8 MB)
2026-02-11T15:30:38.2620017Z    ━━━━━━━━━━━━━━━━━━━━━━━━━━━━━━━━━━━━━━━━ 1.8/1.8 MB 18.7 MB/s  0:00:00
2026-02-11T15:30:38.2789793Z Installing collected packages: pip
2026-02-11T15:30:38.2791759Z   Attempting uninstall: pip
2026-02-11T15:30:38.2811073Z     Found existing installation: pip 26.0
2026-02-11T15:30:38.3258880Z     Uninstalling pip-26.0:
2026-02-11T15:30:38.3322006Z       Successfully uninstalled pip-26.0
2026-02-11T15:30:39.2609656Z Successfully installed pip-26.0.1
2026-02-11T15:30:39.9104886Z Collecting setuptools
2026-02-11T15:30:39.9726564Z   Downloading setuptools-82.0.0-py3-none-any.whl.metadata (6.6 kB)
2026-02-11T15:30:39.9999275Z Collecting wheel
2026-02-11T15:30:40.0070913Z   Downloading wheel-0.46.3-py3-none-any.whl.metadata (2.4 kB)
2026-02-11T15:30:40.0356884Z Collecting packaging>=24.0 (from wheel)
2026-02-11T15:30:40.0424850Z   Downloading packaging-26.0-py3-none-any.whl.metadata (3.3 kB)
2026-02-11T15:30:40.0531976Z Downloading setuptools-82.0.0-py3-none-any.whl (1.0 MB)
2026-02-11T15:30:40.1254564Z    ━━━━━━━━━━━━━━━━━━━━━━━━━━━━━━━━━━━━━━━━ 1.0/1.0 MB 17.0 MB/s  0:00:00
2026-02-11T15:30:40.1330677Z Downloading wheel-0.46.3-py3-none-any.whl (30 kB)
2026-02-11T15:30:40.1418899Z Downloading packaging-26.0-py3-none-any.whl (74 kB)
2026-02-11T15:30:40.1611111Z Installing collected packages: setuptools, packaging, wheel
2026-02-11T15:30:40.9026130Z 
2026-02-11T15:30:40.9039720Z Successfully installed packaging-26.0 setuptools-82.0.0 wheel-0.46.3
2026-02-11T15:30:41.3082288Z Obtaining file:///home/runner/work/ImunoEdge/ImunoEdge
2026-02-11T15:30:41.3101724Z   Installing build dependencies: started
2026-02-11T15:30:41.9236452Z   Installing build dependencies: finished with status 'done'
2026-02-11T15:30:41.9242670Z   Checking if build backend supports build_editable: started
2026-02-11T15:30:42.2433037Z   Checking if build backend supports build_editable: finished with status 'done'
2026-02-11T15:30:42.2570401Z ERROR: Exception:
2026-02-11T15:30:42.2571054Z Traceback (most recent call last):
2026-02-11T15:30:42.2578322Z   File "/opt/hostedtoolcache/Python/3.12.12/x64/lib/python3.12/site-packages/pip/_internal/cli/base_command.py", line 107, in _run_wrapper
2026-02-11T15:30:42.2579043Z     status = _inner_run()
2026-02-11T15:30:42.2579274Z              ^^^^^^^^^^^^
2026-02-11T15:30:42.2579893Z   File "/opt/hostedtoolcache/Python/3.12.12/x64/lib/python3.12/site-packages/pip/_internal/cli/base_command.py", line 98, in _inner_run
2026-02-11T15:30:42.2580470Z     return self.run(options, args)
2026-02-11T15:30:42.2580718Z            ^^^^^^^^^^^^^^^^^^^^^^^
2026-02-11T15:30:42.2581590Z   File "/opt/hostedtoolcache/Python/3.12.12/x64/lib/python3.12/site-packages/pip/_internal/cli/req_command.py", line 96, in wrapper
2026-02-11T15:30:42.2582157Z     return func(self, options, args)
2026-02-11T15:30:42.2582404Z            ^^^^^^^^^^^^^^^^^^^^^^^^^
2026-02-11T15:30:42.2582944Z   File "/opt/hostedtoolcache/Python/3.12.12/x64/lib/python3.12/site-packages/pip/_internal/commands/install.py", line 392, in run
2026-02-11T15:30:42.2583479Z     requirement_set = resolver.resolve(
2026-02-11T15:30:42.2653124Z                       ^^^^^^^^^^^^^^^^^
2026-02-11T15:30:42.2653865Z   File "/opt/hostedtoolcache/Python/3.12.12/x64/lib/python3.12/site-packages/pip/_internal/resolution/resolvelib/resolver.py", line 79, in resolve
2026-02-11T15:30:42.2654922Z     collected = self.factory.collect_root_requirements(root_reqs)
2026-02-11T15:30:42.2655353Z                 ^^^^^^^^^^^^^^^^^^^^^^^^^^^^^^^^^^^^^^^^^^^^^^^^^
2026-02-11T15:30:42.2656224Z   File "/opt/hostedtoolcache/Python/3.12.12/x64/lib/python3.12/site-packages/pip/_internal/resolution/resolvelib/factory.py", line 538, in collect_root_requirements
2026-02-11T15:30:42.2656894Z     reqs = list(
2026-02-11T15:30:42.2657082Z            ^^^^^
2026-02-11T15:30:42.2657765Z   File "/opt/hostedtoolcache/Python/3.12.12/x64/lib/python3.12/site-packages/pip/_internal/resolution/resolvelib/factory.py", line 494, in _make_requirements_from_install_req
2026-02-11T15:30:42.2658463Z     cand = self._make_base_candidate_from_link(
2026-02-11T15:30:42.2658741Z            ^^^^^^^^^^^^^^^^^^^^^^^^^^^^^^^^^^^^
2026-02-11T15:30:42.2659415Z   File "/opt/hostedtoolcache/Python/3.12.12/x64/lib/python3.12/site-packages/pip/_internal/resolution/resolvelib/factory.py", line 205, in _make_base_candidate_from_link
2026-02-11T15:30:42.2660160Z     self._editable_candidate_cache[link] = EditableCandidate(
2026-02-11T15:30:42.2660502Z                                            ^^^^^^^^^^^^^^^^^^
2026-02-11T15:30:42.2661166Z   File "/opt/hostedtoolcache/Python/3.12.12/x64/lib/python3.12/site-packages/pip/_internal/resolution/resolvelib/candidates.py", line 343, in __init__
2026-02-11T15:30:42.2661768Z     super().__init__(
2026-02-11T15:30:42.2662344Z   File "/opt/hostedtoolcache/Python/3.12.12/x64/lib/python3.12/site-packages/pip/_internal/resolution/resolvelib/candidates.py", line 161, in __init__
2026-02-11T15:30:42.2662934Z     self.dist = self._prepare()
2026-02-11T15:30:42.2663165Z                 ^^^^^^^^^^^^^^^
2026-02-11T15:30:42.2663726Z   File "/opt/hostedtoolcache/Python/3.12.12/x64/lib/python3.12/site-packages/pip/_internal/resolution/resolvelib/candidates.py", line 238, in _prepare
2026-02-11T15:30:42.2664455Z     dist = self._prepare_distribution()
2026-02-11T15:30:42.2664714Z            ^^^^^^^^^^^^^^^^^^^^^^^^^^^^
2026-02-11T15:30:42.2665380Z   File "/opt/hostedtoolcache/Python/3.12.12/x64/lib/python3.12/site-packages/pip/_internal/resolution/resolvelib/candidates.py", line 353, in _prepare_distribution
2026-02-11T15:30:42.2666160Z     return self._factory.preparer.prepare_editable_requirement(self._ireq)
2026-02-11T15:30:42.2666800Z            ^^^^^^^^^^^^^^^^^^^^^^^^^^^^^^^^^^^^^^^^^^^^^^^^^^^^^^^^^^^^^^^
2026-02-11T15:30:42.2667470Z   File "/opt/hostedtoolcache/Python/3.12.12/x64/lib/python3.12/site-packages/pip/_internal/operations/prepare.py", line 713, in prepare_editable_requirement
2026-02-11T15:30:42.2668130Z     dist = _get_prepared_distribution(
2026-02-11T15:30:42.2668386Z            ^^^^^^^^^^^^^^^^^^^^^^^^^^^
2026-02-11T15:30:42.2669005Z   File "/opt/hostedtoolcache/Python/3.12.12/x64/lib/python3.12/site-packages/pip/_internal/operations/prepare.py", line 77, in _get_prepared_distribution
2026-02-11T15:30:42.2669678Z     abstract_dist.prepare_distribution_metadata(
2026-02-11T15:30:42.2670352Z   File "/opt/hostedtoolcache/Python/3.12.12/x64/lib/python3.12/site-packages/pip/_internal/distributions/sdist.py", line 53, in prepare_distribution_metadata
2026-02-11T15:30:42.2670974Z     self.req.editable_sanity_check()
2026-02-11T15:30:42.2671716Z   File "/opt/hostedtoolcache/Python/3.12.12/x64/lib/python3.12/site-packages/pip/_internal/req/req_install.py", line 501, in editable_sanity_check
2026-02-11T15:30:42.2672367Z     if self.editable and not self.supports_pyproject_editable:
2026-02-11T15:30:42.2672707Z                              ^^^^^^^^^^^^^^^^^^^^^^^^^^^^^^^^
2026-02-11T15:30:42.2673163Z   File "/opt/hostedtoolcache/Python/3.12.12/x64/lib/python3.12/functools.py", line 998, in __get__
2026-02-11T15:30:42.2673590Z     val = self.func(instance)
2026-02-11T15:30:42.2673802Z           ^^^^^^^^^^^^^^^^^^^
2026-02-11T15:30:42.2674602Z   File "/opt/hostedtoolcache/Python/3.12.12/x64/lib/python3.12/site-packages/pip/_internal/req/req_install.py", line 237, in supports_pyproject_editable
2026-02-11T15:30:42.2675296Z     return "build_editable" in self.pep517_backend._supported_features()
2026-02-11T15:30:42.2675667Z                                ^^^^^^^^^^^^^^^^^^^^^^^^^^^^^^^^^^^^^^^^^
2026-02-11T15:30:42.2676307Z   File "/opt/hostedtoolcache/Python/3.12.12/x64/lib/python3.12/site-packages/pip/_vendor/pyproject_hooks/_impl.py", line 180, in _supported_features
2026-02-11T15:30:42.2676939Z     return self._call_hook("_supported_features", {})
2026-02-11T15:30:42.2677235Z            ^^^^^^^^^^^^^^^^^^^^^^^^^^^^^^^^^^^^^^^^^^
2026-02-11T15:30:42.2677820Z   File "/opt/hostedtoolcache/Python/3.12.12/x64/lib/python3.12/site-packages/pip/_vendor/pyproject_hooks/_impl.py", line 402, in _call_hook
2026-02-11T15:30:42.2678405Z     raise BackendUnavailable(
2026-02-11T15:30:42.2678827Z pip._vendor.pyproject_hooks._impl.BackendUnavailable: Cannot import 'setuptools.backends._legacy'
2026-02-11T15:30:42.3104625Z ##[error]Process completed with exit code 2.
2026-02-11T15:30:42.3226596Z Post job cleanup.
2026-02-11T15:30:42.4022121Z [command]/usr/bin/git version
2026-02-11T15:30:42.4058458Z git version 2.52.0
2026-02-11T15:30:42.4127938Z Temporarily overriding HOME='/home/runner/work/_temp/62a18be3-5c95-4698-896c-7213da5add22' before making global git config changes
2026-02-11T15:30:42.4128834Z Adding repository directory to the temporary git global config as a safe directory
2026-02-11T15:30:42.4133650Z [command]/usr/bin/git config --global --add safe.directory /home/runner/work/ImunoEdge/ImunoEdge
2026-02-11T15:30:42.4165519Z Removing SSH command configuration
2026-02-11T15:30:42.4171824Z [command]/usr/bin/git config --local --name-only --get-regexp core\.sshCommand
2026-02-11T15:30:42.4207764Z [command]/usr/bin/git submodule foreach --recursive sh -c "git config --local --name-only --get-regexp 'core\.sshCommand' && git config --local --unset-all 'core.sshCommand' || :"
2026-02-11T15:30:42.4440604Z Entering 'TaipanStack'
2026-02-11T15:30:42.4498941Z Removing HTTP extra header
2026-02-11T15:30:42.4503659Z [command]/usr/bin/git config --local --name-only --get-regexp http\.https\:\/\/github\.com\/\.extraheader
2026-02-11T15:30:42.4538083Z [command]/usr/bin/git submodule foreach --recursive sh -c "git config --local --name-only --get-regexp 'http\.https\:\/\/github\.com\/\.extraheader' && git config --local --unset-all 'http.https://github.com/.extraheader' || :"
2026-02-11T15:30:42.4767222Z Entering 'TaipanStack'
2026-02-11T15:30:42.4822858Z Removing includeIf entries pointing to credentials config files
2026-02-11T15:30:42.4829598Z [command]/usr/bin/git config --local --name-only --get-regexp ^includeIf\.gitdir:
2026-02-11T15:30:42.4853325Z includeif.gitdir:/home/runner/work/ImunoEdge/ImunoEdge/.git.path
2026-02-11T15:30:42.4854288Z includeif.gitdir:/home/runner/work/ImunoEdge/ImunoEdge/.git/worktrees/*.path
2026-02-11T15:30:42.4854722Z includeif.gitdir:/github/workspace/.git.path
2026-02-11T15:30:42.4855090Z includeif.gitdir:/github/workspace/.git/worktrees/*.path
2026-02-11T15:30:42.4863496Z [command]/usr/bin/git config --local --get-all includeif.gitdir:/home/runner/work/ImunoEdge/ImunoEdge/.git.path
2026-02-11T15:30:42.4886101Z /home/runner/work/_temp/git-credentials-36704607-c306-4196-9411-8e82c190cd0e.config
2026-02-11T15:30:42.4895966Z [command]/usr/bin/git config --local --unset includeif.gitdir:/home/runner/work/ImunoEdge/ImunoEdge/.git.path /home/runner/work/_temp/git-credentials-36704607-c306-4196-9411-8e82c190cd0e.config
2026-02-11T15:30:42.4930239Z [command]/usr/bin/git config --local --get-all includeif.gitdir:/home/runner/work/ImunoEdge/ImunoEdge/.git/worktrees/*.path
2026-02-11T15:30:42.4952851Z /home/runner/work/_temp/git-credentials-36704607-c306-4196-9411-8e82c190cd0e.config
2026-02-11T15:30:42.4962131Z [command]/usr/bin/git config --local --unset includeif.gitdir:/home/runner/work/ImunoEdge/ImunoEdge/.git/worktrees/*.path /home/runner/work/_temp/git-credentials-36704607-c306-4196-9411-8e82c190cd0e.config
2026-02-11T15:30:42.4998590Z [command]/usr/bin/git config --local --get-all includeif.gitdir:/github/workspace/.git.path
2026-02-11T15:30:42.5022574Z /github/runner_temp/git-credentials-36704607-c306-4196-9411-8e82c190cd0e.config
2026-02-11T15:30:42.5030306Z [command]/usr/bin/git config --local --unset includeif.gitdir:/github/workspace/.git.path /github/runner_temp/git-credentials-36704607-c306-4196-9411-8e82c190cd0e.config
2026-02-11T15:30:42.5063869Z [command]/usr/bin/git config --local --get-all includeif.gitdir:/github/workspace/.git/worktrees/*.path
2026-02-11T15:30:42.5086955Z /github/runner_temp/git-credentials-36704607-c306-4196-9411-8e82c190cd0e.config
2026-02-11T15:30:42.5096879Z [command]/usr/bin/git config --local --unset includeif.gitdir:/github/workspace/.git/worktrees/*.path /github/runner_temp/git-credentials-36704607-c306-4196-9411-8e82c190cd0e.config
2026-02-11T15:30:42.5131344Z [command]/usr/bin/git submodule foreach --recursive git config --local --show-origin --name-only --get-regexp remote.origin.url
2026-02-11T15:30:42.5375285Z Entering 'TaipanStack'
2026-02-11T15:30:42.5396510Z file:/home/runner/work/ImunoEdge/ImunoEdge/.git/modules/TaipanStack/config	remote.origin.url
2026-02-11T15:30:42.5429712Z [command]/usr/bin/git config --file /home/runner/work/ImunoEdge/ImunoEdge/.git/modules/TaipanStack/config --name-only --get-regexp ^includeIf\.gitdir:
2026-02-11T15:30:42.5456590Z includeif.gitdir:/home/runner/work/ImunoEdge/ImunoEdge/.git/modules/TaipanStack.path
2026-02-11T15:30:42.5457510Z includeif.gitdir:/github/workspace/.git/modules/TaipanStack.path
2026-02-11T15:30:42.5464384Z [command]/usr/bin/git config --file /home/runner/work/ImunoEdge/ImunoEdge/.git/modules/TaipanStack/config --get-all includeif.gitdir:/home/runner/work/ImunoEdge/ImunoEdge/.git/modules/TaipanStack.path
2026-02-11T15:30:42.5485860Z /home/runner/work/_temp/git-credentials-36704607-c306-4196-9411-8e82c190cd0e.config
2026-02-11T15:30:42.5493503Z [command]/usr/bin/git config --file /home/runner/work/ImunoEdge/ImunoEdge/.git/modules/TaipanStack/config --unset includeif.gitdir:/home/runner/work/ImunoEdge/ImunoEdge/.git/modules/TaipanStack.path /home/runner/work/_temp/git-credentials-36704607-c306-4196-9411-8e82c190cd0e.config
2026-02-11T15:30:42.5524893Z [command]/usr/bin/git config --file /home/runner/work/ImunoEdge/ImunoEdge/.git/modules/TaipanStack/config --get-all includeif.gitdir:/github/workspace/.git/modules/TaipanStack.path
2026-02-11T15:30:42.5547975Z /github/runner_temp/git-credentials-36704607-c306-4196-9411-8e82c190cd0e.config
2026-02-11T15:30:42.5555949Z [command]/usr/bin/git config --file /home/runner/work/ImunoEdge/ImunoEdge/.git/modules/TaipanStack/config --unset includeif.gitdir:/github/workspace/.git/modules/TaipanStack.path /github/runner_temp/git-credentials-36704607-c306-4196-9411-8e82c190cd0e.config
2026-02-11T15:30:42.5583512Z Removing credentials config '/home/runner/work/_temp/git-credentials-36704607-c306-4196-9411-8e82c190cd0e.config'
2026-02-11T15:30:42.5704505Z Cleaning up orphan processes
