2026-02-11T15:30:35.6984717Z Current runner version: '2.331.0'
2026-02-11T15:30:35.7017637Z ##[group]Runner Image Provisioner
2026-02-11T15:30:35.7019044Z Hosted Compute Agent
2026-02-11T15:30:35.7019816Z Version: 20260123.484
2026-02-11T15:30:35.7020702Z Commit: 6bd6555ca37d84114959e1c76d2c01448ff61c5d
2026-02-11T15:30:35.7021792Z Build Date: 2026-01-23T19:41:17Z
2026-02-11T15:30:35.7022728Z Worker ID: {7e2a24d1-83d4-4626-b77b-695e2fd58c8c}
2026-02-11T15:30:35.7023676Z Azure Region: northcentralus
2026-02-11T15:30:35.7024580Z ##[endgroup]
2026-02-11T15:30:35.7026902Z ##[group]Operating System
2026-02-11T15:30:35.7027733Z Ubuntu
2026-02-11T15:30:35.7028662Z 24.04.3
2026-02-11T15:30:35.7029297Z LTS
2026-02-11T15:30:35.7029942Z ##[endgroup]
2026-02-11T15:30:35.7030583Z ##[group]Runner Image
2026-02-11T15:30:35.7031476Z Image: ubuntu-24.04
2026-02-11T15:30:35.7032137Z Version: 20260201.15.1
2026-02-11T15:30:35.7034037Z Included Software: https://github.com/actions/runner-images/blob/ubuntu24/20260201.15/images/ubuntu/Ubuntu2404-Readme.md
2026-02-11T15:30:35.7036102Z Image Release: https://github.com/actions/runner-images/releases/tag/ubuntu24%2F20260201.15
2026-02-11T15:30:35.7037483Z ##[endgroup]
2026-02-11T15:30:35.7039296Z ##[group]GITHUB_TOKEN Permissions
2026-02-11T15:30:35.7041903Z Contents: read
2026-02-11T15:30:35.7042715Z Metadata: read
2026-02-11T15:30:35.7043382Z Packages: read
2026-02-11T15:30:35.7044016Z ##[endgroup]
2026-02-11T15:30:35.7046886Z Secret source: Actions
2026-02-11T15:30:35.7048053Z Prepare workflow directory
2026-02-11T15:30:35.7586405Z Prepare all required actions
2026-02-11T15:30:35.7642401Z Getting action download info
2026-02-11T15:30:36.0666285Z Download action repository 'actions/checkout@v6' (SHA:de0fac2e4500dabe0009e67214ff5f5447ce83dd)
2026-02-11T15:30:36.1533718Z Download action repository 'actions/setup-python@v6' (SHA:a309ff8b426b58ec0e2a45f0f869d46889d02405)
2026-02-11T15:30:36.7436652Z Complete job name: Smoke Test (Python 3.14)
2026-02-11T15:30:36.8025407Z ##[group]Run actions/checkout@v6
2026-02-11T15:30:36.8026483Z with:
2026-02-11T15:30:36.8026958Z   submodules: recursive
2026-02-11T15:30:36.8027510Z   repository: gabrielima7/ImunoEdge
2026-02-11T15:30:36.8028550Z   token: ***
2026-02-11T15:30:36.8029128Z   ssh-strict: true
2026-02-11T15:30:36.8029587Z   ssh-user: git
2026-02-11T15:30:36.8030121Z   persist-credentials: true
2026-02-11T15:30:36.8030732Z   clean: true
2026-02-11T15:30:36.8031210Z   sparse-checkout-cone-mode: true
2026-02-11T15:30:36.8031812Z   fetch-depth: 1
2026-02-11T15:30:36.8032275Z   fetch-tags: false
2026-02-11T15:30:36.8032814Z   show-progress: true
2026-02-11T15:30:36.8033304Z   lfs: false
2026-02-11T15:30:36.8033814Z   set-safe-directory: true
2026-02-11T15:30:36.8034604Z env:
2026-02-11T15:30:36.8035107Z   PYTHON_VERSION_DEFAULT: 3.11
2026-02-11T15:30:36.8035700Z ##[endgroup]
2026-02-11T15:30:36.8970330Z Syncing repository: gabrielima7/ImunoEdge
2026-02-11T15:30:36.8972965Z ##[group]Getting Git version info
2026-02-11T15:30:36.8973834Z Working directory is '/home/runner/work/ImunoEdge/ImunoEdge'
2026-02-11T15:30:36.8975619Z [command]/usr/bin/git version
2026-02-11T15:30:36.9009176Z git version 2.52.0
2026-02-11T15:30:36.9030553Z ##[endgroup]
2026-02-11T15:30:36.9043814Z Temporarily overriding HOME='/home/runner/work/_temp/cf0e4242-92c6-4961-96e4-6f83c8794da6' before making global git config changes
2026-02-11T15:30:36.9045503Z Adding repository directory to the temporary git global config as a safe directory
2026-02-11T15:30:36.9048528Z [command]/usr/bin/git config --global --add safe.directory /home/runner/work/ImunoEdge/ImunoEdge
2026-02-11T15:30:36.9086095Z Deleting the contents of '/home/runner/work/ImunoEdge/ImunoEdge'
2026-02-11T15:30:36.9089330Z ##[group]Initializing the repository
2026-02-11T15:30:36.9093435Z [command]/usr/bin/git init /home/runner/work/ImunoEdge/ImunoEdge
2026-02-11T15:30:36.9204790Z hint: Using 'master' as the name for the initial branch. This default branch name
2026-02-11T15:30:36.9206343Z hint: will change to "main" in Git 3.0. To configure the initial branch name
2026-02-11T15:30:36.9208948Z hint: to use in all of your new repositories, which will suppress this warning,
2026-02-11T15:30:36.9210666Z hint: call:
2026-02-11T15:30:36.9211745Z hint:
2026-02-11T15:30:36.9212890Z hint: 	git config --global init.defaultBranch <name>
2026-02-11T15:30:36.9213691Z hint:
2026-02-11T15:30:36.9214514Z hint: Names commonly chosen instead of 'master' are 'main', 'trunk' and
2026-02-11T15:30:36.9215760Z hint: 'development'. The just-created branch can be renamed via this command:
2026-02-11T15:30:36.9217713Z hint:
2026-02-11T15:30:36.9218579Z hint: 	git branch -m <name>
2026-02-11T15:30:36.9219229Z hint:
2026-02-11T15:30:36.9220061Z hint: Disable this message with "git config set advice.defaultBranchName false"
2026-02-11T15:30:36.9221364Z Initialized empty Git repository in /home/runner/work/ImunoEdge/ImunoEdge/.git/
2026-02-11T15:30:36.9223776Z [command]/usr/bin/git remote add origin https://github.com/gabrielima7/ImunoEdge
2026-02-11T15:30:36.9249253Z ##[endgroup]
2026-02-11T15:30:36.9250137Z ##[group]Disabling automatic garbage collection
2026-02-11T15:30:36.9252319Z [command]/usr/bin/git config --local gc.auto 0
2026-02-11T15:30:36.9276312Z ##[endgroup]
2026-02-11T15:30:36.9277451Z ##[group]Setting up auth
2026-02-11T15:30:36.9278174Z Removing SSH command configuration
2026-02-11T15:30:36.9282721Z [command]/usr/bin/git config --local --name-only --get-regexp core\.sshCommand
2026-02-11T15:30:36.9310792Z [command]/usr/bin/git submodule foreach --recursive sh -c "git config --local --name-only --get-regexp 'core\.sshCommand' && git config --local --unset-all 'core.sshCommand' || :"
2026-02-11T15:30:36.9632610Z Removing HTTP extra header
2026-02-11T15:30:36.9638477Z [command]/usr/bin/git config --local --name-only --get-regexp http\.https\:\/\/github\.com\/\.extraheader
2026-02-11T15:30:36.9665672Z [command]/usr/bin/git submodule foreach --recursive sh -c "git config --local --name-only --get-regexp 'http\.https\:\/\/github\.com\/\.extraheader' && git config --local --unset-all 'http.https://github.com/.extraheader' || :"
2026-02-11T15:30:36.9839248Z Removing includeIf entries pointing to credentials config files
2026-02-11T15:30:36.9844719Z [command]/usr/bin/git config --local --name-only --get-regexp ^includeIf\.gitdir:
2026-02-11T15:30:36.9871487Z [command]/usr/bin/git submodule foreach --recursive git config --local --show-origin --name-only --get-regexp remote.origin.url
2026-02-11T15:30:37.0052660Z [command]/usr/bin/git config --file /home/runner/work/_temp/git-credentials-c378a9ba-592c-4808-a3bc-4aa94f7a4fdd.config http.https://github.com/.extraheader AUTHORIZATION: basic ***
2026-02-11T15:30:37.0085376Z [command]/usr/bin/git config --local includeIf.gitdir:/home/runner/work/ImunoEdge/ImunoEdge/.git.path /home/runner/work/_temp/git-credentials-c378a9ba-592c-4808-a3bc-4aa94f7a4fdd.config
2026-02-11T15:30:37.0108800Z [command]/usr/bin/git config --local includeIf.gitdir:/home/runner/work/ImunoEdge/ImunoEdge/.git/worktrees/*.path /home/runner/work/_temp/git-credentials-c378a9ba-592c-4808-a3bc-4aa94f7a4fdd.config
2026-02-11T15:30:37.0131980Z [command]/usr/bin/git config --local includeIf.gitdir:/github/workspace/.git.path /github/runner_temp/git-credentials-c378a9ba-592c-4808-a3bc-4aa94f7a4fdd.config
2026-02-11T15:30:37.0153322Z [command]/usr/bin/git config --local includeIf.gitdir:/github/workspace/.git/worktrees/*.path /github/runner_temp/git-credentials-c378a9ba-592c-4808-a3bc-4aa94f7a4fdd.config
2026-02-11T15:30:37.0172853Z ##[endgroup]
2026-02-11T15:30:37.0173698Z ##[group]Fetching the repository
2026-02-11T15:30:37.0180911Z [command]/usr/bin/git -c protocol.version=2 fetch --no-tags --prune --no-recurse-submodules --depth=1 origin +22797f30b775dab08a63282bfc3c092003bdea47:refs/remotes/origin/main
2026-02-11T15:30:37.3510677Z From https://github.com/gabrielima7/ImunoEdge
2026-02-11T15:30:37.3511511Z  * [new ref]         22797f30b775dab08a63282bfc3c092003bdea47 -> origin/main
2026-02-11T15:30:37.3547931Z [command]/usr/bin/git branch --list --remote origin/main
2026-02-11T15:30:37.3575367Z   origin/main
2026-02-11T15:30:37.3582940Z [command]/usr/bin/git rev-parse refs/remotes/origin/main
2026-02-11T15:30:37.3601743Z 22797f30b775dab08a63282bfc3c092003bdea47
2026-02-11T15:30:37.3605481Z ##[endgroup]
2026-02-11T15:30:37.3606626Z ##[group]Determining the checkout info
2026-02-11T15:30:37.3608106Z ##[endgroup]
2026-02-11T15:30:37.3612011Z [command]/usr/bin/git sparse-checkout disable
2026-02-11T15:30:37.3646496Z [command]/usr/bin/git config --local --unset-all extensions.worktreeConfig
2026-02-11T15:30:37.3668521Z ##[group]Checking out the ref
2026-02-11T15:30:37.3671812Z [command]/usr/bin/git checkout --progress --force -B main refs/remotes/origin/main
2026-02-11T15:30:37.3776396Z Switched to a new branch 'main'
2026-02-11T15:30:37.3777352Z branch 'main' set up to track 'origin/main'.
2026-02-11T15:30:37.3781776Z ##[endgroup]
2026-02-11T15:30:37.3782515Z ##[group]Setting up auth for fetching submodules
2026-02-11T15:30:37.3788299Z [command]/usr/bin/git config --file /home/runner/work/_temp/git-credentials-c378a9ba-592c-4808-a3bc-4aa94f7a4fdd.config http.https://github.com/.extraheader AUTHORIZATION: basic ***
2026-02-11T15:30:37.3819277Z [command]/usr/bin/git config --global include.path /home/runner/work/_temp/git-credentials-c378a9ba-592c-4808-a3bc-4aa94f7a4fdd.config
2026-02-11T15:30:37.3843467Z [command]/usr/bin/git config --global --unset-all url.https://github.com/.insteadOf
2026-02-11T15:30:37.3868438Z [command]/usr/bin/git config --global --add url.https://github.com/.insteadOf git@github.com:
2026-02-11T15:30:37.3892956Z [command]/usr/bin/git config --global --add url.https://github.com/.insteadOf org-230595838@github.com:
2026-02-11T15:30:37.3914161Z ##[endgroup]
2026-02-11T15:30:37.3914956Z ##[group]Fetching submodules
2026-02-11T15:30:37.3918163Z [command]/usr/bin/git submodule sync --recursive
2026-02-11T15:30:37.4103503Z [command]/usr/bin/git -c protocol.version=2 submodule update --init --force --depth=1 --recursive
2026-02-11T15:30:37.4278062Z Submodule 'TaipanStack' (https://github.com/gabrielima7/TaipanStack.git) registered for path 'TaipanStack'
2026-02-11T15:30:37.4300765Z Cloning into '/home/runner/work/ImunoEdge/ImunoEdge/TaipanStack'...
2026-02-11T15:30:37.8525005Z Submodule path 'TaipanStack': checked out '788267ef00de0831d0cbe7423802ecc040dd79f8'
2026-02-11T15:30:37.8548797Z [command]/usr/bin/git submodule foreach --recursive git config --local gc.auto 0
2026-02-11T15:30:37.8718378Z Entering 'TaipanStack'
2026-02-11T15:30:37.8757934Z ##[endgroup]
2026-02-11T15:30:37.8760056Z ##[group]Persisting credentials for submodules
2026-02-11T15:30:37.8766457Z [command]/usr/bin/git submodule foreach --recursive sh -c "git config --local --name-only --get-regexp 'url\.https\:\/\/github\.com\/\.insteadOf' && git config --local --unset-all 'url.https://github.com/.insteadOf' || :"
2026-02-11T15:30:37.8922973Z Entering 'TaipanStack'
2026-02-11T15:30:37.8965409Z [command]/usr/bin/git submodule foreach --recursive git config --local --show-origin --name-only --get-regexp remote.origin.url
2026-02-11T15:30:37.9121849Z Entering 'TaipanStack'
2026-02-11T15:30:37.9137945Z file:/home/runner/work/ImunoEdge/ImunoEdge/.git/modules/TaipanStack/config	remote.origin.url
2026-02-11T15:30:37.9164839Z [command]/usr/bin/git config --file /home/runner/work/ImunoEdge/ImunoEdge/.git/modules/TaipanStack/config includeIf.gitdir:/home/runner/work/ImunoEdge/ImunoEdge/.git/modules/TaipanStack.path /home/runner/work/_temp/git-credentials-c378a9ba-592c-4808-a3bc-4aa94f7a4fdd.config
2026-02-11T15:30:37.9190056Z [command]/usr/bin/git config --file /home/runner/work/ImunoEdge/ImunoEdge/.git/modules/TaipanStack/config includeIf.gitdir:/github/workspace/.git/modules/TaipanStack.path /github/runner_temp/git-credentials-c378a9ba-592c-4808-a3bc-4aa94f7a4fdd.config
2026-02-11T15:30:37.9215580Z [command]/usr/bin/git submodule foreach --recursive git config --local --add 'url.https://github.com/.insteadOf' 'git@github.com:'
2026-02-11T15:30:37.9374435Z Entering 'TaipanStack'
2026-02-11T15:30:37.9415751Z [command]/usr/bin/git submodule foreach --recursive git config --local --add 'url.https://github.com/.insteadOf' 'org-230595838@github.com:'
2026-02-11T15:30:37.9572525Z Entering 'TaipanStack'
2026-02-11T15:30:37.9610797Z ##[endgroup]
2026-02-11T15:30:37.9641998Z [command]/usr/bin/git log -1 --format=%H
2026-02-11T15:30:37.9661228Z 22797f30b775dab08a63282bfc3c092003bdea47
2026-02-11T15:30:37.9938188Z ##[group]Run actions/setup-python@v6
2026-02-11T15:30:37.9939289Z with:
2026-02-11T15:30:37.9940065Z   python-version: 3.14
2026-02-11T15:30:37.9940983Z   allow-prereleases: true
2026-02-11T15:30:37.9941916Z   check-latest: false
2026-02-11T15:30:37.9943057Z   token: ***
2026-02-11T15:30:37.9943869Z   update-environment: true
2026-02-11T15:30:37.9944813Z   freethreaded: false
2026-02-11T15:30:37.9945630Z env:
2026-02-11T15:30:37.9946363Z   PYTHON_VERSION_DEFAULT: 3.11
2026-02-11T15:30:37.9947287Z ##[endgroup]
2026-02-11T15:30:38.1173612Z ##[group]Installed versions
2026-02-11T15:30:38.1276888Z Successfully set up CPython (3.14.2)
2026-02-11T15:30:38.1279244Z ##[endgroup]
2026-02-11T15:30:38.1387347Z ##[group]Run python -m pip install --upgrade pip
2026-02-11T15:30:38.1388996Z [36;1mpython -m pip install --upgrade pip[0m
2026-02-11T15:30:38.1390175Z [36;1mpip install setuptools wheel[0m
2026-02-11T15:30:38.1391226Z [36;1mpip install -e .[0m
2026-02-11T15:30:38.1657021Z shell: /usr/bin/bash -e {0}
2026-02-11T15:30:38.1658154Z env:
2026-02-11T15:30:38.1658886Z   PYTHON_VERSION_DEFAULT: 3.11
2026-02-11T15:30:38.1660043Z   pythonLocation: /opt/hostedtoolcache/Python/3.14.2/x64
2026-02-11T15:30:38.1661625Z   PKG_CONFIG_PATH: /opt/hostedtoolcache/Python/3.14.2/x64/lib/pkgconfig
2026-02-11T15:30:38.1663194Z   Python_ROOT_DIR: /opt/hostedtoolcache/Python/3.14.2/x64
2026-02-11T15:30:38.1664610Z   Python2_ROOT_DIR: /opt/hostedtoolcache/Python/3.14.2/x64
2026-02-11T15:30:38.1666041Z   Python3_ROOT_DIR: /opt/hostedtoolcache/Python/3.14.2/x64
2026-02-11T15:30:38.1667487Z   LD_LIBRARY_PATH: /opt/hostedtoolcache/Python/3.14.2/x64/lib
2026-02-11T15:30:38.1668802Z ##[endgroup]
2026-02-11T15:30:41.2920285Z Requirement already satisfied: pip in /opt/hostedtoolcache/Python/3.14.2/x64/lib/python3.14/site-packages (26.0)
2026-02-11T15:30:41.3886616Z Collecting pip
2026-02-11T15:30:41.4441729Z   Downloading pip-26.0.1-py3-none-any.whl.metadata (4.7 kB)
2026-02-11T15:30:41.4527636Z Downloading pip-26.0.1-py3-none-any.whl (1.8 MB)
2026-02-11T15:30:41.4999850Z    ━━━━━━━━━━━━━━━━━━━━━━━━━━━━━━━━━━━━━━━━ 1.8/1.8 MB 96.7 MB/s  0:00:00
2026-02-11T15:30:41.5338316Z Installing collected packages: pip
2026-02-11T15:30:41.5339194Z   Attempting uninstall: pip
2026-02-11T15:30:41.5361142Z     Found existing installation: pip 26.0
2026-02-11T15:30:41.6348735Z     Uninstalling pip-26.0:
2026-02-11T15:30:41.6399113Z       Successfully uninstalled pip-26.0
2026-02-11T15:30:42.6091277Z Successfully installed pip-26.0.1
2026-02-11T15:30:43.5356505Z Collecting setuptools
2026-02-11T15:30:43.5921390Z   Downloading setuptools-82.0.0-py3-none-any.whl.metadata (6.6 kB)
2026-02-11T15:30:43.6156735Z Collecting wheel
2026-02-11T15:30:43.6191603Z   Downloading wheel-0.46.3-py3-none-any.whl.metadata (2.4 kB)
2026-02-11T15:30:43.6330713Z Collecting packaging>=24.0 (from wheel)
2026-02-11T15:30:43.6363614Z   Downloading packaging-26.0-py3-none-any.whl.metadata (3.3 kB)
2026-02-11T15:30:43.6431995Z Downloading setuptools-82.0.0-py3-none-any.whl (1.0 MB)
2026-02-11T15:30:43.6752702Z    ━━━━━━━━━━━━━━━━━━━━━━━━━━━━━━━━━━━━━━━━ 1.0/1.0 MB 75.8 MB/s  0:00:00
2026-02-11T15:30:43.6800972Z Downloading wheel-0.46.3-py3-none-any.whl (30 kB)
2026-02-11T15:30:43.6863521Z Downloading packaging-26.0-py3-none-any.whl (74 kB)
2026-02-11T15:30:43.7035013Z Installing collected packages: setuptools, packaging, wheel
2026-02-11T15:30:44.4732217Z 
2026-02-11T15:30:44.4742891Z Successfully installed packaging-26.0 setuptools-82.0.0 wheel-0.46.3
2026-02-11T15:30:44.8495157Z Obtaining file:///home/runner/work/ImunoEdge/ImunoEdge
2026-02-11T15:30:44.8510784Z   Installing build dependencies: started
2026-02-11T15:30:45.4086406Z   Installing build dependencies: finished with status 'done'
2026-02-11T15:30:45.4092720Z   Checking if build backend supports build_editable: started
2026-02-11T15:30:45.7785983Z   Checking if build backend supports build_editable: finished with status 'done'
2026-02-11T15:30:45.8268742Z ERROR: Exception:
2026-02-11T15:30:45.8270990Z Traceback (most recent call last):
2026-02-11T15:30:45.8281638Z   File "/opt/hostedtoolcache/Python/3.14.2/x64/lib/python3.14/site-packages/pip/_internal/cli/base_command.py", line 107, in _run_wrapper
2026-02-11T15:30:45.8283038Z     status = _inner_run()
2026-02-11T15:30:45.8284214Z   File "/opt/hostedtoolcache/Python/3.14.2/x64/lib/python3.14/site-packages/pip/_internal/cli/base_command.py", line 98, in _inner_run
2026-02-11T15:30:45.8285343Z     return self.run(options, args)
2026-02-11T15:30:45.8285791Z            ~~~~~~~~^^^^^^^^^^^^^^^
2026-02-11T15:30:45.8286904Z   File "/opt/hostedtoolcache/Python/3.14.2/x64/lib/python3.14/site-packages/pip/_internal/cli/req_command.py", line 96, in wrapper
2026-02-11T15:30:45.8288592Z     return func(self, options, args)
2026-02-11T15:30:45.8289351Z   File "/opt/hostedtoolcache/Python/3.14.2/x64/lib/python3.14/site-packages/pip/_internal/commands/install.py", line 392, in run
2026-02-11T15:30:45.8289969Z     requirement_set = resolver.resolve(
2026-02-11T15:30:45.8290326Z         reqs, check_supported_wheels=not options.target_dir
2026-02-11T15:30:45.8290635Z     )
2026-02-11T15:30:45.8291233Z   File "/opt/hostedtoolcache/Python/3.14.2/x64/lib/python3.14/site-packages/pip/_internal/resolution/resolvelib/resolver.py", line 79, in resolve
2026-02-11T15:30:45.8291976Z     collected = self.factory.collect_root_requirements(root_reqs)
2026-02-11T15:30:45.8292796Z   File "/opt/hostedtoolcache/Python/3.14.2/x64/lib/python3.14/site-packages/pip/_internal/resolution/resolvelib/factory.py", line 538, in collect_root_requirements
2026-02-11T15:30:45.8293396Z     reqs = list(
2026-02-11T15:30:45.8293604Z         self._make_requirements_from_install_req(
2026-02-11T15:30:45.8293873Z     ...<2 lines>...
2026-02-11T15:30:45.8294040Z         )
2026-02-11T15:30:45.8294194Z     )
2026-02-11T15:30:45.8294791Z   File "/opt/hostedtoolcache/Python/3.14.2/x64/lib/python3.14/site-packages/pip/_internal/resolution/resolvelib/factory.py", line 494, in _make_requirements_from_install_req
2026-02-11T15:30:45.8295442Z     cand = self._make_base_candidate_from_link(
2026-02-11T15:30:45.8295690Z         ireq.link,
2026-02-11T15:30:45.8295857Z     ...<2 lines>...
2026-02-11T15:30:45.8296039Z         version=None,
2026-02-11T15:30:45.8296207Z     )
2026-02-11T15:30:45.8296778Z   File "/opt/hostedtoolcache/Python/3.14.2/x64/lib/python3.14/site-packages/pip/_internal/resolution/resolvelib/factory.py", line 205, in _make_base_candidate_from_link
2026-02-11T15:30:45.8297452Z     self._editable_candidate_cache[link] = EditableCandidate(
2026-02-11T15:30:45.8297876Z                                            ~~~~~~~~~~~~~~~~~^
2026-02-11T15:30:45.8298172Z         link,
2026-02-11T15:30:45.8298340Z         ^^^^^
2026-02-11T15:30:45.8298502Z     ...<3 lines>...
2026-02-11T15:30:45.8298683Z         version=version,
2026-02-11T15:30:45.8298870Z         ^^^^^^^^^^^^^^^^
2026-02-11T15:30:45.8299050Z     )
2026-02-11T15:30:45.8299191Z     ^
2026-02-11T15:30:45.8299722Z   File "/opt/hostedtoolcache/Python/3.14.2/x64/lib/python3.14/site-packages/pip/_internal/resolution/resolvelib/candidates.py", line 343, in __init__
2026-02-11T15:30:45.8300262Z     super().__init__(
2026-02-11T15:30:45.8300441Z     ~~~~~~~~~~~~~~~~^
2026-02-11T15:30:45.8300610Z         link=link,
2026-02-11T15:30:45.8300780Z         ^^^^^^^^^^
2026-02-11T15:30:45.8300948Z     ...<4 lines>...
2026-02-11T15:30:45.8301114Z         version=version,
2026-02-11T15:30:45.8301301Z         ^^^^^^^^^^^^^^^^
2026-02-11T15:30:45.8301469Z     )
2026-02-11T15:30:45.8301614Z     ^
2026-02-11T15:30:45.8302119Z   File "/opt/hostedtoolcache/Python/3.14.2/x64/lib/python3.14/site-packages/pip/_internal/resolution/resolvelib/candidates.py", line 161, in __init__
2026-02-11T15:30:45.8302821Z     self.dist = self._prepare()
2026-02-11T15:30:45.8303037Z                 ~~~~~~~~~~~~~^^
2026-02-11T15:30:45.8303574Z   File "/opt/hostedtoolcache/Python/3.14.2/x64/lib/python3.14/site-packages/pip/_internal/resolution/resolvelib/candidates.py", line 238, in _prepare
2026-02-11T15:30:45.8304146Z     dist = self._prepare_distribution()
2026-02-11T15:30:45.8304778Z   File "/opt/hostedtoolcache/Python/3.14.2/x64/lib/python3.14/site-packages/pip/_internal/resolution/resolvelib/candidates.py", line 353, in _prepare_distribution
2026-02-11T15:30:45.8305480Z     return self._factory.preparer.prepare_editable_requirement(self._ireq)
2026-02-11T15:30:45.8305864Z            ~~~~~~~~~~~~~~~~~~~~~~~~~~~~~~~~~~~~~~~~~~~~~~~~~~~^^^^^^^^^^^^
2026-02-11T15:30:45.8306508Z   File "/opt/hostedtoolcache/Python/3.14.2/x64/lib/python3.14/site-packages/pip/_internal/operations/prepare.py", line 713, in prepare_editable_requirement
2026-02-11T15:30:45.8307100Z     dist = _get_prepared_distribution(
2026-02-11T15:30:45.8307423Z         req,
2026-02-11T15:30:45.8307583Z     ...<3 lines>...
2026-02-11T15:30:45.8307874Z         self.check_build_deps,
2026-02-11T15:30:45.8308140Z     )
2026-02-11T15:30:45.8308692Z   File "/opt/hostedtoolcache/Python/3.14.2/x64/lib/python3.14/site-packages/pip/_internal/operations/prepare.py", line 77, in _get_prepared_distribution
2026-02-11T15:30:45.8309304Z     abstract_dist.prepare_distribution_metadata(
2026-02-11T15:30:45.8309575Z     ~~~~~~~~~~~~~~~~~~~~~~~~~~~~~~~~~~~~~~~~~~~^
2026-02-11T15:30:45.8309910Z         build_env_installer, build_isolation, check_build_deps
2026-02-11T15:30:45.8310283Z         ^^^^^^^^^^^^^^^^^^^^^^^^^^^^^^^^^^^^^^^^^^^^^^^^^^^^^^
2026-02-11T15:30:45.8310510Z     )
2026-02-11T15:30:45.8310661Z     ^
2026-02-11T15:30:45.8311193Z   File "/opt/hostedtoolcache/Python/3.14.2/x64/lib/python3.14/site-packages/pip/_internal/distributions/sdist.py", line 53, in prepare_distribution_metadata
2026-02-11T15:30:45.8311783Z     self.req.editable_sanity_check()
2026-02-11T15:30:45.8312018Z     ~~~~~~~~~~~~~~~~~~~~~~~~~~~~~~^^
2026-02-11T15:30:45.8312566Z   File "/opt/hostedtoolcache/Python/3.14.2/x64/lib/python3.14/site-packages/pip/_internal/req/req_install.py", line 501, in editable_sanity_check
2026-02-11T15:30:45.8313167Z     if self.editable and not self.supports_pyproject_editable:
2026-02-11T15:30:45.8313471Z                              ^^^^^^^^^^^^^^^^^^^^^^^^^^^^^^^^
2026-02-11T15:30:45.8313901Z   File "/opt/hostedtoolcache/Python/3.14.2/x64/lib/python3.14/functools.py", line 1126, in __get__
2026-02-11T15:30:45.8314306Z     val = self.func(instance)
2026-02-11T15:30:45.8314852Z   File "/opt/hostedtoolcache/Python/3.14.2/x64/lib/python3.14/site-packages/pip/_internal/req/req_install.py", line 237, in supports_pyproject_editable
2026-02-11T15:30:45.8315495Z     return "build_editable" in self.pep517_backend._supported_features()
2026-02-11T15:30:45.8315852Z                                ~~~~~~~~~~~~~~~~~~~~~~~~~~~~~~~~~~~~~~~^^
2026-02-11T15:30:45.8316458Z   File "/opt/hostedtoolcache/Python/3.14.2/x64/lib/python3.14/site-packages/pip/_vendor/pyproject_hooks/_impl.py", line 180, in _supported_features
2026-02-11T15:30:45.8317046Z     return self._call_hook("_supported_features", {})
2026-02-11T15:30:45.8317329Z            ~~~~~~~~~~~~~~~^^^^^^^^^^^^^^^^^^^^^^^^^^^
2026-02-11T15:30:45.8317955Z   File "/opt/hostedtoolcache/Python/3.14.2/x64/lib/python3.14/site-packages/pip/_vendor/pyproject_hooks/_impl.py", line 402, in _call_hook
2026-02-11T15:30:45.8318496Z     raise BackendUnavailable(
2026-02-11T15:30:45.8318698Z     ...<4 lines>...
2026-02-11T15:30:45.8318867Z     )
2026-02-11T15:30:45.8319213Z pip._vendor.pyproject_hooks._impl.BackendUnavailable: Cannot import 'setuptools.backends._legacy'
2026-02-11T15:30:45.8836191Z ##[error]Process completed with exit code 2.
2026-02-11T15:30:45.8952142Z Post job cleanup.
2026-02-11T15:30:45.9727910Z [command]/usr/bin/git version
2026-02-11T15:30:45.9759450Z git version 2.52.0
2026-02-11T15:30:45.9793352Z Temporarily overriding HOME='/home/runner/work/_temp/449bf2ca-f9c2-4393-b873-cfa5192517f2' before making global git config changes
2026-02-11T15:30:45.9794607Z Adding repository directory to the temporary git global config as a safe directory
2026-02-11T15:30:45.9798598Z [command]/usr/bin/git config --global --add safe.directory /home/runner/work/ImunoEdge/ImunoEdge
2026-02-11T15:30:45.9822328Z Removing SSH command configuration
2026-02-11T15:30:45.9828422Z [command]/usr/bin/git config --local --name-only --get-regexp core\.sshCommand
2026-02-11T15:30:45.9855705Z [command]/usr/bin/git submodule foreach --recursive sh -c "git config --local --name-only --get-regexp 'core\.sshCommand' && git config --local --unset-all 'core.sshCommand' || :"
2026-02-11T15:30:46.0020762Z Entering 'TaipanStack'
2026-02-11T15:30:46.0063643Z Removing HTTP extra header
2026-02-11T15:30:46.0067634Z [command]/usr/bin/git config --local --name-only --get-regexp http\.https\:\/\/github\.com\/\.extraheader
2026-02-11T15:30:46.0094504Z [command]/usr/bin/git submodule foreach --recursive sh -c "git config --local --name-only --get-regexp 'http\.https\:\/\/github\.com\/\.extraheader' && git config --local --unset-all 'http.https://github.com/.extraheader' || :"
2026-02-11T15:30:46.0253061Z Entering 'TaipanStack'
2026-02-11T15:30:46.0292034Z Removing includeIf entries pointing to credentials config files
2026-02-11T15:30:46.0297389Z [command]/usr/bin/git config --local --name-only --get-regexp ^includeIf\.gitdir:
2026-02-11T15:30:46.0315411Z includeif.gitdir:/home/runner/work/ImunoEdge/ImunoEdge/.git.path
2026-02-11T15:30:46.0316194Z includeif.gitdir:/home/runner/work/ImunoEdge/ImunoEdge/.git/worktrees/*.path
2026-02-11T15:30:46.0316760Z includeif.gitdir:/github/workspace/.git.path
2026-02-11T15:30:46.0317264Z includeif.gitdir:/github/workspace/.git/worktrees/*.path
2026-02-11T15:30:46.0323903Z [command]/usr/bin/git config --local --get-all includeif.gitdir:/home/runner/work/ImunoEdge/ImunoEdge/.git.path
2026-02-11T15:30:46.0341614Z /home/runner/work/_temp/git-credentials-c378a9ba-592c-4808-a3bc-4aa94f7a4fdd.config
2026-02-11T15:30:46.0350285Z [command]/usr/bin/git config --local --unset includeif.gitdir:/home/runner/work/ImunoEdge/ImunoEdge/.git.path /home/runner/work/_temp/git-credentials-c378a9ba-592c-4808-a3bc-4aa94f7a4fdd.config
2026-02-11T15:30:46.0376932Z [command]/usr/bin/git config --local --get-all includeif.gitdir:/home/runner/work/ImunoEdge/ImunoEdge/.git/worktrees/*.path
2026-02-11T15:30:46.0393670Z /home/runner/work/_temp/git-credentials-c378a9ba-592c-4808-a3bc-4aa94f7a4fdd.config
2026-02-11T15:30:46.0400892Z [command]/usr/bin/git config --local --unset includeif.gitdir:/home/runner/work/ImunoEdge/ImunoEdge/.git/worktrees/*.path /home/runner/work/_temp/git-credentials-c378a9ba-592c-4808-a3bc-4aa94f7a4fdd.config
2026-02-11T15:30:46.0425529Z [command]/usr/bin/git config --local --get-all includeif.gitdir:/github/workspace/.git.path
2026-02-11T15:30:46.0441558Z /github/runner_temp/git-credentials-c378a9ba-592c-4808-a3bc-4aa94f7a4fdd.config
2026-02-11T15:30:46.0449127Z [command]/usr/bin/git config --local --unset includeif.gitdir:/github/workspace/.git.path /github/runner_temp/git-credentials-c378a9ba-592c-4808-a3bc-4aa94f7a4fdd.config
2026-02-11T15:30:46.0473138Z [command]/usr/bin/git config --local --get-all includeif.gitdir:/github/workspace/.git/worktrees/*.path
2026-02-11T15:30:46.0489444Z /github/runner_temp/git-credentials-c378a9ba-592c-4808-a3bc-4aa94f7a4fdd.config
2026-02-11T15:30:46.0496038Z [command]/usr/bin/git config --local --unset includeif.gitdir:/github/workspace/.git/worktrees/*.path /github/runner_temp/git-credentials-c378a9ba-592c-4808-a3bc-4aa94f7a4fdd.config
2026-02-11T15:30:46.0521212Z [command]/usr/bin/git submodule foreach --recursive git config --local --show-origin --name-only --get-regexp remote.origin.url
2026-02-11T15:30:46.0683440Z Entering 'TaipanStack'
2026-02-11T15:30:46.0699137Z file:/home/runner/work/ImunoEdge/ImunoEdge/.git/modules/TaipanStack/config	remote.origin.url
2026-02-11T15:30:46.0723985Z [command]/usr/bin/git config --file /home/runner/work/ImunoEdge/ImunoEdge/.git/modules/TaipanStack/config --name-only --get-regexp ^includeIf\.gitdir:
2026-02-11T15:30:46.0745597Z includeif.gitdir:/home/runner/work/ImunoEdge/ImunoEdge/.git/modules/TaipanStack.path
2026-02-11T15:30:46.0746391Z includeif.gitdir:/github/workspace/.git/modules/TaipanStack.path
2026-02-11T15:30:46.0752765Z [command]/usr/bin/git config --file /home/runner/work/ImunoEdge/ImunoEdge/.git/modules/TaipanStack/config --get-all includeif.gitdir:/home/runner/work/ImunoEdge/ImunoEdge/.git/modules/TaipanStack.path
2026-02-11T15:30:46.0768868Z /home/runner/work/_temp/git-credentials-c378a9ba-592c-4808-a3bc-4aa94f7a4fdd.config
2026-02-11T15:30:46.0775130Z [command]/usr/bin/git config --file /home/runner/work/ImunoEdge/ImunoEdge/.git/modules/TaipanStack/config --unset includeif.gitdir:/home/runner/work/ImunoEdge/ImunoEdge/.git/modules/TaipanStack.path /home/runner/work/_temp/git-credentials-c378a9ba-592c-4808-a3bc-4aa94f7a4fdd.config
2026-02-11T15:30:46.0799576Z [command]/usr/bin/git config --file /home/runner/work/ImunoEdge/ImunoEdge/.git/modules/TaipanStack/config --get-all includeif.gitdir:/github/workspace/.git/modules/TaipanStack.path
2026-02-11T15:30:46.0818797Z /github/runner_temp/git-credentials-c378a9ba-592c-4808-a3bc-4aa94f7a4fdd.config
2026-02-11T15:30:46.0827473Z [command]/usr/bin/git config --file /home/runner/work/ImunoEdge/ImunoEdge/.git/modules/TaipanStack/config --unset includeif.gitdir:/github/workspace/.git/modules/TaipanStack.path /github/runner_temp/git-credentials-c378a9ba-592c-4808-a3bc-4aa94f7a4fdd.config
2026-02-11T15:30:46.0848787Z Removing credentials config '/home/runner/work/_temp/git-credentials-c378a9ba-592c-4808-a3bc-4aa94f7a4fdd.config'
2026-02-11T15:30:46.0952484Z Cleaning up orphan processes
