2026-02-11T15:30:35.3948506Z Current runner version: '2.331.0'
2026-02-11T15:30:35.3972331Z ##[group]Runner Image Provisioner
2026-02-11T15:30:35.3973134Z Hosted Compute Agent
2026-02-11T15:30:35.3973605Z Version: 20260123.484
2026-02-11T15:30:35.3974116Z Commit: 6bd6555ca37d84114959e1c76d2c01448ff61c5d
2026-02-11T15:30:35.3974743Z Build Date: 2026-01-23T19:41:17Z
2026-02-11T15:30:35.3975366Z Worker ID: {a8987f1b-6f43-41bc-9870-92fce92dae7c}
2026-02-11T15:30:35.3975970Z Azure Region: northcentralus
2026-02-11T15:30:35.3976524Z ##[endgroup]
2026-02-11T15:30:35.3977798Z ##[group]Operating System
2026-02-11T15:30:35.3978319Z Ubuntu
2026-02-11T15:30:35.3979002Z 24.04.3
2026-02-11T15:30:35.3979420Z LTS
2026-02-11T15:30:35.3979905Z ##[endgroup]
2026-02-11T15:30:35.3980392Z ##[group]Runner Image
2026-02-11T15:30:35.3980891Z Image: ubuntu-24.04
2026-02-11T15:30:35.3981313Z Version: 20260201.15.1
2026-02-11T15:30:35.3982404Z Included Software: https://github.com/actions/runner-images/blob/ubuntu24/20260201.15/images/ubuntu/Ubuntu2404-Readme.md
2026-02-11T15:30:35.3983630Z Image Release: https://github.com/actions/runner-images/releases/tag/ubuntu24%2F20260201.15
2026-02-11T15:30:35.3984436Z ##[endgroup]
2026-02-11T15:30:35.3985343Z ##[group]GITHUB_TOKEN Permissions
2026-02-11T15:30:35.3987442Z Contents: read
2026-02-11T15:30:35.3987938Z Metadata: read
2026-02-11T15:30:35.3988342Z Packages: read
2026-02-11T15:30:35.3988912Z ##[endgroup]
2026-02-11T15:30:35.3990976Z Secret source: Actions
2026-02-11T15:30:35.3991844Z Prepare workflow directory
2026-02-11T15:30:35.4351036Z Prepare all required actions
2026-02-11T15:30:35.4390645Z Getting action download info
2026-02-11T15:30:35.8026065Z Download action repository 'actions/checkout@v6' (SHA:de0fac2e4500dabe0009e67214ff5f5447ce83dd)
2026-02-11T15:30:35.9099067Z Download action repository 'actions/setup-python@v6' (SHA:a309ff8b426b58ec0e2a45f0f869d46889d02405)
2026-02-11T15:30:36.4194114Z Complete job name: Smoke Test (Python 3.13)
2026-02-11T15:30:36.4729956Z ##[group]Run actions/checkout@v6
2026-02-11T15:30:36.4730806Z with:
2026-02-11T15:30:36.4731186Z   submodules: recursive
2026-02-11T15:30:36.4731748Z   repository: gabrielima7/ImunoEdge
2026-02-11T15:30:36.4732458Z   token: ***
2026-02-11T15:30:36.4732857Z   ssh-strict: true
2026-02-11T15:30:36.4733333Z   ssh-user: git
2026-02-11T15:30:36.4733742Z   persist-credentials: true
2026-02-11T15:30:36.4734208Z   clean: true
2026-02-11T15:30:36.4734666Z   sparse-checkout-cone-mode: true
2026-02-11T15:30:36.4735171Z   fetch-depth: 1
2026-02-11T15:30:36.4735586Z   fetch-tags: false
2026-02-11T15:30:36.4736053Z   show-progress: true
2026-02-11T15:30:36.4736459Z   lfs: false
2026-02-11T15:30:36.4736883Z   set-safe-directory: true
2026-02-11T15:30:36.4737597Z env:
2026-02-11T15:30:36.4737975Z   PYTHON_VERSION_DEFAULT: 3.11
2026-02-11T15:30:36.4738612Z ##[endgroup]
2026-02-11T15:30:36.5612545Z Syncing repository: gabrielima7/ImunoEdge
2026-02-11T15:30:36.5614463Z ##[group]Getting Git version info
2026-02-11T15:30:36.5615173Z Working directory is '/home/runner/work/ImunoEdge/ImunoEdge'
2026-02-11T15:30:36.5616236Z [command]/usr/bin/git version
2026-02-11T15:30:36.5672407Z git version 2.52.0
2026-02-11T15:30:36.5691771Z ##[endgroup]
2026-02-11T15:30:36.5705118Z Temporarily overriding HOME='/home/runner/work/_temp/65a748f8-8641-4363-834b-3f13f303c952' before making global git config changes
2026-02-11T15:30:36.5706619Z Adding repository directory to the temporary git global config as a safe directory
2026-02-11T15:30:36.5709883Z [command]/usr/bin/git config --global --add safe.directory /home/runner/work/ImunoEdge/ImunoEdge
2026-02-11T15:30:36.5745299Z Deleting the contents of '/home/runner/work/ImunoEdge/ImunoEdge'
2026-02-11T15:30:36.5748306Z ##[group]Initializing the repository
2026-02-11T15:30:36.5753016Z [command]/usr/bin/git init /home/runner/work/ImunoEdge/ImunoEdge
2026-02-11T15:30:36.5849001Z hint: Using 'master' as the name for the initial branch. This default branch name
2026-02-11T15:30:36.5850472Z hint: will change to "main" in Git 3.0. To configure the initial branch name
2026-02-11T15:30:36.5852144Z hint: to use in all of your new repositories, which will suppress this warning,
2026-02-11T15:30:36.5852823Z hint: call:
2026-02-11T15:30:36.5853262Z hint:
2026-02-11T15:30:36.5853753Z hint: 	git config --global init.defaultBranch <name>
2026-02-11T15:30:36.5854313Z hint:
2026-02-11T15:30:36.5854826Z hint: Names commonly chosen instead of 'master' are 'main', 'trunk' and
2026-02-11T15:30:36.5855698Z hint: 'development'. The just-created branch can be renamed via this command:
2026-02-11T15:30:36.5856373Z hint:
2026-02-11T15:30:36.5856721Z hint: 	git branch -m <name>
2026-02-11T15:30:36.5857296Z hint:
2026-02-11T15:30:36.5858113Z hint: Disable this message with "git config set advice.defaultBranchName false"
2026-02-11T15:30:36.5859592Z Initialized empty Git repository in /home/runner/work/ImunoEdge/ImunoEdge/.git/
2026-02-11T15:30:36.5863925Z [command]/usr/bin/git remote add origin https://github.com/gabrielima7/ImunoEdge
2026-02-11T15:30:36.5894386Z ##[endgroup]
2026-02-11T15:30:36.5895108Z ##[group]Disabling automatic garbage collection
2026-02-11T15:30:36.5898266Z [command]/usr/bin/git config --local gc.auto 0
2026-02-11T15:30:36.5921648Z ##[endgroup]
2026-02-11T15:30:36.5922639Z ##[group]Setting up auth
2026-02-11T15:30:36.5923453Z Removing SSH command configuration
2026-02-11T15:30:36.5928262Z [command]/usr/bin/git config --local --name-only --get-regexp core\.sshCommand
2026-02-11T15:30:36.5954648Z [command]/usr/bin/git submodule foreach --recursive sh -c "git config --local --name-only --get-regexp 'core\.sshCommand' && git config --local --unset-all 'core.sshCommand' || :"
2026-02-11T15:30:36.6247932Z Removing HTTP extra header
2026-02-11T15:30:36.6255027Z [command]/usr/bin/git config --local --name-only --get-regexp http\.https\:\/\/github\.com\/\.extraheader
2026-02-11T15:30:36.6282533Z [command]/usr/bin/git submodule foreach --recursive sh -c "git config --local --name-only --get-regexp 'http\.https\:\/\/github\.com\/\.extraheader' && git config --local --unset-all 'http.https://github.com/.extraheader' || :"
2026-02-11T15:30:36.6451596Z Removing includeIf entries pointing to credentials config files
2026-02-11T15:30:36.6457844Z [command]/usr/bin/git config --local --name-only --get-regexp ^includeIf\.gitdir:
2026-02-11T15:30:36.6484521Z [command]/usr/bin/git submodule foreach --recursive git config --local --show-origin --name-only --get-regexp remote.origin.url
2026-02-11T15:30:36.6656787Z [command]/usr/bin/git config --file /home/runner/work/_temp/git-credentials-cc694125-f497-40c8-a93c-1f08b01fa797.config http.https://github.com/.extraheader AUTHORIZATION: basic ***
2026-02-11T15:30:36.6686686Z [command]/usr/bin/git config --local includeIf.gitdir:/home/runner/work/ImunoEdge/ImunoEdge/.git.path /home/runner/work/_temp/git-credentials-cc694125-f497-40c8-a93c-1f08b01fa797.config
2026-02-11T15:30:36.6708332Z [command]/usr/bin/git config --local includeIf.gitdir:/home/runner/work/ImunoEdge/ImunoEdge/.git/worktrees/*.path /home/runner/work/_temp/git-credentials-cc694125-f497-40c8-a93c-1f08b01fa797.config
2026-02-11T15:30:36.6731708Z [command]/usr/bin/git config --local includeIf.gitdir:/github/workspace/.git.path /github/runner_temp/git-credentials-cc694125-f497-40c8-a93c-1f08b01fa797.config
2026-02-11T15:30:36.6754312Z [command]/usr/bin/git config --local includeIf.gitdir:/github/workspace/.git/worktrees/*.path /github/runner_temp/git-credentials-cc694125-f497-40c8-a93c-1f08b01fa797.config
2026-02-11T15:30:36.6881889Z ##[endgroup]
2026-02-11T15:30:36.6882867Z ##[group]Fetching the repository
2026-02-11T15:30:36.6884840Z [command]/usr/bin/git -c protocol.version=2 fetch --no-tags --prune --no-recurse-submodules --depth=1 origin +22797f30b775dab08a63282bfc3c092003bdea47:refs/remotes/origin/main
2026-02-11T15:30:37.0125806Z From https://github.com/gabrielima7/ImunoEdge
2026-02-11T15:30:37.0126657Z  * [new ref]         22797f30b775dab08a63282bfc3c092003bdea47 -> origin/main
2026-02-11T15:30:37.0164512Z [command]/usr/bin/git branch --list --remote origin/main
2026-02-11T15:30:37.0184221Z   origin/main
2026-02-11T15:30:37.0192182Z [command]/usr/bin/git rev-parse refs/remotes/origin/main
2026-02-11T15:30:37.0209658Z 22797f30b775dab08a63282bfc3c092003bdea47
2026-02-11T15:30:37.0212203Z ##[endgroup]
2026-02-11T15:30:37.0213173Z ##[group]Determining the checkout info
2026-02-11T15:30:37.0213903Z ##[endgroup]
2026-02-11T15:30:37.0216999Z [command]/usr/bin/git sparse-checkout disable
2026-02-11T15:30:37.0250572Z [command]/usr/bin/git config --local --unset-all extensions.worktreeConfig
2026-02-11T15:30:37.0270000Z ##[group]Checking out the ref
2026-02-11T15:30:37.0273034Z [command]/usr/bin/git checkout --progress --force -B main refs/remotes/origin/main
2026-02-11T15:30:37.0375279Z Switched to a new branch 'main'
2026-02-11T15:30:37.0376402Z branch 'main' set up to track 'origin/main'.
2026-02-11T15:30:37.0381061Z ##[endgroup]
2026-02-11T15:30:37.0381893Z ##[group]Setting up auth for fetching submodules
2026-02-11T15:30:37.0385973Z [command]/usr/bin/git config --file /home/runner/work/_temp/git-credentials-cc694125-f497-40c8-a93c-1f08b01fa797.config http.https://github.com/.extraheader AUTHORIZATION: basic ***
2026-02-11T15:30:37.0415448Z [command]/usr/bin/git config --global include.path /home/runner/work/_temp/git-credentials-cc694125-f497-40c8-a93c-1f08b01fa797.config
2026-02-11T15:30:37.0437743Z [command]/usr/bin/git config --global --unset-all url.https://github.com/.insteadOf
2026-02-11T15:30:37.0462046Z [command]/usr/bin/git config --global --add url.https://github.com/.insteadOf git@github.com:
2026-02-11T15:30:37.0486975Z [command]/usr/bin/git config --global --add url.https://github.com/.insteadOf org-230595838@github.com:
2026-02-11T15:30:37.0506932Z ##[endgroup]
2026-02-11T15:30:37.0507757Z ##[group]Fetching submodules
2026-02-11T15:30:37.0510499Z [command]/usr/bin/git submodule sync --recursive
2026-02-11T15:30:37.0724196Z [command]/usr/bin/git -c protocol.version=2 submodule update --init --force --depth=1 --recursive
2026-02-11T15:30:37.0905196Z Submodule 'TaipanStack' (https://github.com/gabrielima7/TaipanStack.git) registered for path 'TaipanStack'
2026-02-11T15:30:37.0924943Z Cloning into '/home/runner/work/ImunoEdge/ImunoEdge/TaipanStack'...
2026-02-11T15:30:37.5718968Z Submodule path 'TaipanStack': checked out '788267ef00de0831d0cbe7423802ecc040dd79f8'
2026-02-11T15:30:37.5742291Z [command]/usr/bin/git submodule foreach --recursive git config --local gc.auto 0
2026-02-11T15:30:37.5911974Z Entering 'TaipanStack'
2026-02-11T15:30:37.5949395Z ##[endgroup]
2026-02-11T15:30:37.5950884Z ##[group]Persisting credentials for submodules
2026-02-11T15:30:37.5959555Z [command]/usr/bin/git submodule foreach --recursive sh -c "git config --local --name-only --get-regexp 'url\.https\:\/\/github\.com\/\.insteadOf' && git config --local --unset-all 'url.https://github.com/.insteadOf' || :"
2026-02-11T15:30:37.6134666Z Entering 'TaipanStack'
2026-02-11T15:30:37.6180615Z [command]/usr/bin/git submodule foreach --recursive git config --local --show-origin --name-only --get-regexp remote.origin.url
2026-02-11T15:30:37.6344767Z Entering 'TaipanStack'
2026-02-11T15:30:37.6360990Z file:/home/runner/work/ImunoEdge/ImunoEdge/.git/modules/TaipanStack/config	remote.origin.url
2026-02-11T15:30:37.6388695Z [command]/usr/bin/git config --file /home/runner/work/ImunoEdge/ImunoEdge/.git/modules/TaipanStack/config includeIf.gitdir:/home/runner/work/ImunoEdge/ImunoEdge/.git/modules/TaipanStack.path /home/runner/work/_temp/git-credentials-cc694125-f497-40c8-a93c-1f08b01fa797.config
2026-02-11T15:30:37.6414651Z [command]/usr/bin/git config --file /home/runner/work/ImunoEdge/ImunoEdge/.git/modules/TaipanStack/config includeIf.gitdir:/github/workspace/.git/modules/TaipanStack.path /github/runner_temp/git-credentials-cc694125-f497-40c8-a93c-1f08b01fa797.config
2026-02-11T15:30:37.6437395Z [command]/usr/bin/git submodule foreach --recursive git config --local --add 'url.https://github.com/.insteadOf' 'git@github.com:'
2026-02-11T15:30:37.6597837Z Entering 'TaipanStack'
2026-02-11T15:30:37.6640698Z [command]/usr/bin/git submodule foreach --recursive git config --local --add 'url.https://github.com/.insteadOf' 'org-230595838@github.com:'
2026-02-11T15:30:37.6805676Z Entering 'TaipanStack'
2026-02-11T15:30:37.6909663Z ##[endgroup]
2026-02-11T15:30:37.6913487Z [command]/usr/bin/git log -1 --format=%H
2026-02-11T15:30:37.6932619Z 22797f30b775dab08a63282bfc3c092003bdea47
2026-02-11T15:30:37.7227418Z ##[group]Run actions/setup-python@v6
2026-02-11T15:30:37.7228652Z with:
2026-02-11T15:30:37.7229449Z   python-version: 3.13
2026-02-11T15:30:37.7230388Z   allow-prereleases: true
2026-02-11T15:30:37.7231348Z   check-latest: false
2026-02-11T15:30:37.7232530Z   token: ***
2026-02-11T15:30:37.7233357Z   update-environment: true
2026-02-11T15:30:37.7234315Z   freethreaded: false
2026-02-11T15:30:37.7235151Z env:
2026-02-11T15:30:37.7235920Z   PYTHON_VERSION_DEFAULT: 3.11
2026-02-11T15:30:37.7236856Z ##[endgroup]
2026-02-11T15:30:37.8476476Z ##[group]Installed versions
2026-02-11T15:30:37.8585765Z Successfully set up CPython (3.13.11)
2026-02-11T15:30:37.8587641Z ##[endgroup]
2026-02-11T15:30:37.8700059Z ##[group]Run python -m pip install --upgrade pip
2026-02-11T15:30:37.8701538Z [36;1mpython -m pip install --upgrade pip[0m
2026-02-11T15:30:37.8702704Z [36;1mpip install setuptools wheel[0m
2026-02-11T15:30:37.8703744Z [36;1mpip install -e .[0m
2026-02-11T15:30:37.8850934Z shell: /usr/bin/bash -e {0}
2026-02-11T15:30:37.8851899Z env:
2026-02-11T15:30:37.8852641Z   PYTHON_VERSION_DEFAULT: 3.11
2026-02-11T15:30:37.8853829Z   pythonLocation: /opt/hostedtoolcache/Python/3.13.11/x64
2026-02-11T15:30:37.8855490Z   PKG_CONFIG_PATH: /opt/hostedtoolcache/Python/3.13.11/x64/lib/pkgconfig
2026-02-11T15:30:37.8857109Z   Python_ROOT_DIR: /opt/hostedtoolcache/Python/3.13.11/x64
2026-02-11T15:30:37.8858679Z   Python2_ROOT_DIR: /opt/hostedtoolcache/Python/3.13.11/x64
2026-02-11T15:30:37.8860138Z   Python3_ROOT_DIR: /opt/hostedtoolcache/Python/3.13.11/x64
2026-02-11T15:30:37.8861628Z   LD_LIBRARY_PATH: /opt/hostedtoolcache/Python/3.13.11/x64/lib
2026-02-11T15:30:37.8862895Z ##[endgroup]
2026-02-11T15:30:40.3689756Z Requirement already satisfied: pip in /opt/hostedtoolcache/Python/3.13.11/x64/lib/python3.13/site-packages (26.0)
2026-02-11T15:30:40.4799951Z Collecting pip
2026-02-11T15:30:40.6026719Z   Downloading pip-26.0.1-py3-none-any.whl.metadata (4.7 kB)
2026-02-11T15:30:40.6302852Z Downloading pip-26.0.1-py3-none-any.whl (1.8 MB)
2026-02-11T15:30:40.7431992Z    ━━━━━━━━━━━━━━━━━━━━━━━━━━━━━━━━━━━━━━━━ 1.8/1.8 MB 27.7 MB/s  0:00:00
2026-02-11T15:30:40.7650902Z Installing collected packages: pip
2026-02-11T15:30:40.7651635Z   Attempting uninstall: pip
2026-02-11T15:30:40.7694744Z     Found existing installation: pip 26.0
2026-02-11T15:30:40.8756931Z     Uninstalling pip-26.0:
2026-02-11T15:30:40.8808253Z       Successfully uninstalled pip-26.0
2026-02-11T15:30:41.6425139Z Successfully installed pip-26.0.1
2026-02-11T15:30:42.2552222Z Collecting setuptools
2026-02-11T15:30:42.3624315Z   Downloading setuptools-82.0.0-py3-none-any.whl.metadata (6.6 kB)
2026-02-11T15:30:42.3879459Z Collecting wheel
2026-02-11T15:30:42.4091974Z   Downloading wheel-0.46.3-py3-none-any.whl.metadata (2.4 kB)
2026-02-11T15:30:42.4242029Z Collecting packaging>=24.0 (from wheel)
2026-02-11T15:30:42.4471472Z   Downloading packaging-26.0-py3-none-any.whl.metadata (3.3 kB)
2026-02-11T15:30:42.4723772Z Downloading setuptools-82.0.0-py3-none-any.whl (1.0 MB)
2026-02-11T15:30:42.5705180Z    ━━━━━━━━━━━━━━━━━━━━━━━━━━━━━━━━━━━━━━━━ 1.0/1.0 MB 16.9 MB/s  0:00:00
2026-02-11T15:30:42.5924892Z Downloading wheel-0.46.3-py3-none-any.whl (30 kB)
2026-02-11T15:30:42.6164997Z Downloading packaging-26.0-py3-none-any.whl (74 kB)
2026-02-11T15:30:42.6343830Z Installing collected packages: setuptools, packaging, wheel
2026-02-11T15:30:43.2561209Z 
2026-02-11T15:30:43.2572873Z Successfully installed packaging-26.0 setuptools-82.0.0 wheel-0.46.3
2026-02-11T15:30:43.6314270Z Obtaining file:///home/runner/work/ImunoEdge/ImunoEdge
2026-02-11T15:30:43.6331123Z   Installing build dependencies: started
2026-02-11T15:30:44.1847715Z   Installing build dependencies: finished with status 'done'
2026-02-11T15:30:44.1854813Z   Checking if build backend supports build_editable: started
2026-02-11T15:30:44.4973501Z   Checking if build backend supports build_editable: finished with status 'done'
2026-02-11T15:30:44.5241030Z ERROR: Exception:
2026-02-11T15:30:44.5241707Z Traceback (most recent call last):
2026-02-11T15:30:44.5249292Z   File "/opt/hostedtoolcache/Python/3.13.11/x64/lib/python3.13/site-packages/pip/_internal/cli/base_command.py", line 107, in _run_wrapper
2026-02-11T15:30:44.5250040Z     status = _inner_run()
2026-02-11T15:30:44.5250716Z   File "/opt/hostedtoolcache/Python/3.13.11/x64/lib/python3.13/site-packages/pip/_internal/cli/base_command.py", line 98, in _inner_run
2026-02-11T15:30:44.5251356Z     return self.run(options, args)
2026-02-11T15:30:44.5251620Z            ~~~~~~~~^^^^^^^^^^^^^^^
2026-02-11T15:30:44.5252570Z   File "/opt/hostedtoolcache/Python/3.13.11/x64/lib/python3.13/site-packages/pip/_internal/cli/req_command.py", line 96, in wrapper
2026-02-11T15:30:44.5253203Z     return func(self, options, args)
2026-02-11T15:30:44.5253820Z   File "/opt/hostedtoolcache/Python/3.13.11/x64/lib/python3.13/site-packages/pip/_internal/commands/install.py", line 392, in run
2026-02-11T15:30:44.5254372Z     requirement_set = resolver.resolve(
2026-02-11T15:30:44.5254667Z         reqs, check_supported_wheels=not options.target_dir
2026-02-11T15:30:44.5254956Z     )
2026-02-11T15:30:44.5255451Z   File "/opt/hostedtoolcache/Python/3.13.11/x64/lib/python3.13/site-packages/pip/_internal/resolution/resolvelib/resolver.py", line 79, in resolve
2026-02-11T15:30:44.5256072Z     collected = self.factory.collect_root_requirements(root_reqs)
2026-02-11T15:30:44.5256777Z   File "/opt/hostedtoolcache/Python/3.13.11/x64/lib/python3.13/site-packages/pip/_internal/resolution/resolvelib/factory.py", line 538, in collect_root_requirements
2026-02-11T15:30:44.5257366Z     reqs = list(
2026-02-11T15:30:44.5257577Z         self._make_requirements_from_install_req(
2026-02-11T15:30:44.5257830Z     ...<2 lines>...
2026-02-11T15:30:44.5257995Z         )
2026-02-11T15:30:44.5258155Z     )
2026-02-11T15:30:44.5258936Z   File "/opt/hostedtoolcache/Python/3.13.11/x64/lib/python3.13/site-packages/pip/_internal/resolution/resolvelib/factory.py", line 494, in _make_requirements_from_install_req
2026-02-11T15:30:44.5259587Z     cand = self._make_base_candidate_from_link(
2026-02-11T15:30:44.5259833Z         ireq.link,
2026-02-11T15:30:44.5260000Z     ...<2 lines>...
2026-02-11T15:30:44.5260181Z         version=None,
2026-02-11T15:30:44.5260348Z     )
2026-02-11T15:30:44.5260914Z   File "/opt/hostedtoolcache/Python/3.13.11/x64/lib/python3.13/site-packages/pip/_internal/resolution/resolvelib/factory.py", line 205, in _make_base_candidate_from_link
2026-02-11T15:30:44.5261602Z     self._editable_candidate_cache[link] = EditableCandidate(
2026-02-11T15:30:44.5261907Z                                            ~~~~~~~~~~~~~~~~~^
2026-02-11T15:30:44.5262152Z         link,
2026-02-11T15:30:44.5262304Z         ^^^^^
2026-02-11T15:30:44.5262463Z     ...<3 lines>...
2026-02-11T15:30:44.5262636Z         version=version,
2026-02-11T15:30:44.5262827Z         ^^^^^^^^^^^^^^^^
2026-02-11T15:30:44.5263003Z     )
2026-02-11T15:30:44.5263138Z     ^
2026-02-11T15:30:44.5263657Z   File "/opt/hostedtoolcache/Python/3.13.11/x64/lib/python3.13/site-packages/pip/_internal/resolution/resolvelib/candidates.py", line 343, in __init__
2026-02-11T15:30:44.5264196Z     super().__init__(
2026-02-11T15:30:44.5264380Z     ~~~~~~~~~~~~~~~~^
2026-02-11T15:30:44.5264546Z         link=link,
2026-02-11T15:30:44.5264718Z         ^^^^^^^^^^
2026-02-11T15:30:44.5264886Z     ...<4 lines>...
2026-02-11T15:30:44.5265055Z         version=version,
2026-02-11T15:30:44.5265243Z         ^^^^^^^^^^^^^^^^
2026-02-11T15:30:44.5265409Z     )
2026-02-11T15:30:44.5265555Z     ^
2026-02-11T15:30:44.5266054Z   File "/opt/hostedtoolcache/Python/3.13.11/x64/lib/python3.13/site-packages/pip/_internal/resolution/resolvelib/candidates.py", line 161, in __init__
2026-02-11T15:30:44.5266761Z     self.dist = self._prepare()
2026-02-11T15:30:44.5266986Z                 ~~~~~~~~~~~~~^^
2026-02-11T15:30:44.5267521Z   File "/opt/hostedtoolcache/Python/3.13.11/x64/lib/python3.13/site-packages/pip/_internal/resolution/resolvelib/candidates.py", line 238, in _prepare
2026-02-11T15:30:44.5268096Z     dist = self._prepare_distribution()
2026-02-11T15:30:44.5268824Z   File "/opt/hostedtoolcache/Python/3.13.11/x64/lib/python3.13/site-packages/pip/_internal/resolution/resolvelib/candidates.py", line 353, in _prepare_distribution
2026-02-11T15:30:44.5269525Z     return self._factory.preparer.prepare_editable_requirement(self._ireq)
2026-02-11T15:30:44.5269904Z            ~~~~~~~~~~~~~~~~~~~~~~~~~~~~~~~~~~~~~~~~~~~~~~~~~~~^^^^^^^^^^^^
2026-02-11T15:30:44.5270540Z   File "/opt/hostedtoolcache/Python/3.13.11/x64/lib/python3.13/site-packages/pip/_internal/operations/prepare.py", line 713, in prepare_editable_requirement
2026-02-11T15:30:44.5271245Z     dist = _get_prepared_distribution(
2026-02-11T15:30:44.5271475Z         req,
2026-02-11T15:30:44.5271633Z     ...<3 lines>...
2026-02-11T15:30:44.5271822Z         self.check_build_deps,
2026-02-11T15:30:44.5272010Z     )
2026-02-11T15:30:44.5272546Z   File "/opt/hostedtoolcache/Python/3.13.11/x64/lib/python3.13/site-packages/pip/_internal/operations/prepare.py", line 77, in _get_prepared_distribution
2026-02-11T15:30:44.5273150Z     abstract_dist.prepare_distribution_metadata(
2026-02-11T15:30:44.5273418Z     ~~~~~~~~~~~~~~~~~~~~~~~~~~~~~~~~~~~~~~~~~~~^
2026-02-11T15:30:44.5273750Z         build_env_installer, build_isolation, check_build_deps
2026-02-11T15:30:44.5274118Z         ^^^^^^^^^^^^^^^^^^^^^^^^^^^^^^^^^^^^^^^^^^^^^^^^^^^^^^
2026-02-11T15:30:44.5274349Z     )
2026-02-11T15:30:44.5274507Z     ^
2026-02-11T15:30:44.5275032Z   File "/opt/hostedtoolcache/Python/3.13.11/x64/lib/python3.13/site-packages/pip/_internal/distributions/sdist.py", line 53, in prepare_distribution_metadata
2026-02-11T15:30:44.5275626Z     self.req.editable_sanity_check()
2026-02-11T15:30:44.5275855Z     ~~~~~~~~~~~~~~~~~~~~~~~~~~~~~~^^
2026-02-11T15:30:44.5276396Z   File "/opt/hostedtoolcache/Python/3.13.11/x64/lib/python3.13/site-packages/pip/_internal/req/req_install.py", line 501, in editable_sanity_check
2026-02-11T15:30:44.5277001Z     if self.editable and not self.supports_pyproject_editable:
2026-02-11T15:30:44.5277312Z                              ^^^^^^^^^^^^^^^^^^^^^^^^^^^^^^^^
2026-02-11T15:30:44.5277737Z   File "/opt/hostedtoolcache/Python/3.13.11/x64/lib/python3.13/functools.py", line 1025, in __get__
2026-02-11T15:30:44.5278149Z     val = self.func(instance)
2026-02-11T15:30:44.5278767Z   File "/opt/hostedtoolcache/Python/3.13.11/x64/lib/python3.13/site-packages/pip/_internal/req/req_install.py", line 237, in supports_pyproject_editable
2026-02-11T15:30:44.5279406Z     return "build_editable" in self.pep517_backend._supported_features()
2026-02-11T15:30:44.5279753Z                                ~~~~~~~~~~~~~~~~~~~~~~~~~~~~~~~~~~~~~~~^^
2026-02-11T15:30:44.5280357Z   File "/opt/hostedtoolcache/Python/3.13.11/x64/lib/python3.13/site-packages/pip/_vendor/pyproject_hooks/_impl.py", line 180, in _supported_features
2026-02-11T15:30:44.5280945Z     return self._call_hook("_supported_features", {})
2026-02-11T15:30:44.5281219Z            ~~~~~~~~~~~~~~~^^^^^^^^^^^^^^^^^^^^^^^^^^^
2026-02-11T15:30:44.5281764Z   File "/opt/hostedtoolcache/Python/3.13.11/x64/lib/python3.13/site-packages/pip/_vendor/pyproject_hooks/_impl.py", line 402, in _call_hook
2026-02-11T15:30:44.5282308Z     raise BackendUnavailable(
2026-02-11T15:30:44.5282511Z     ...<4 lines>...
2026-02-11T15:30:44.5282676Z     )
2026-02-11T15:30:44.5283014Z pip._vendor.pyproject_hooks._impl.BackendUnavailable: Cannot import 'setuptools.backends._legacy'
2026-02-11T15:30:44.5747423Z ##[error]Process completed with exit code 2.
2026-02-11T15:30:44.5863966Z Post job cleanup.
2026-02-11T15:30:44.6609967Z [command]/usr/bin/git version
2026-02-11T15:30:44.6641886Z git version 2.52.0
2026-02-11T15:30:44.6676839Z Temporarily overriding HOME='/home/runner/work/_temp/3cd92180-7e29-4c4d-b895-634bcbeac10f' before making global git config changes
2026-02-11T15:30:44.6678085Z Adding repository directory to the temporary git global config as a safe directory
2026-02-11T15:30:44.6682801Z [command]/usr/bin/git config --global --add safe.directory /home/runner/work/ImunoEdge/ImunoEdge
2026-02-11T15:30:44.6709559Z Removing SSH command configuration
2026-02-11T15:30:44.6715588Z [command]/usr/bin/git config --local --name-only --get-regexp core\.sshCommand
2026-02-11T15:30:44.6743267Z [command]/usr/bin/git submodule foreach --recursive sh -c "git config --local --name-only --get-regexp 'core\.sshCommand' && git config --local --unset-all 'core.sshCommand' || :"
2026-02-11T15:30:44.6913921Z Entering 'TaipanStack'
2026-02-11T15:30:44.6956911Z Removing HTTP extra header
2026-02-11T15:30:44.6962111Z [command]/usr/bin/git config --local --name-only --get-regexp http\.https\:\/\/github\.com\/\.extraheader
2026-02-11T15:30:44.6990231Z [command]/usr/bin/git submodule foreach --recursive sh -c "git config --local --name-only --get-regexp 'http\.https\:\/\/github\.com\/\.extraheader' && git config --local --unset-all 'http.https://github.com/.extraheader' || :"
2026-02-11T15:30:44.7152577Z Entering 'TaipanStack'
2026-02-11T15:30:44.7192739Z Removing includeIf entries pointing to credentials config files
2026-02-11T15:30:44.7199427Z [command]/usr/bin/git config --local --name-only --get-regexp ^includeIf\.gitdir:
2026-02-11T15:30:44.7218747Z includeif.gitdir:/home/runner/work/ImunoEdge/ImunoEdge/.git.path
2026-02-11T15:30:44.7219574Z includeif.gitdir:/home/runner/work/ImunoEdge/ImunoEdge/.git/worktrees/*.path
2026-02-11T15:30:44.7220255Z includeif.gitdir:/github/workspace/.git.path
2026-02-11T15:30:44.7220785Z includeif.gitdir:/github/workspace/.git/worktrees/*.path
2026-02-11T15:30:44.7227564Z [command]/usr/bin/git config --local --get-all includeif.gitdir:/home/runner/work/ImunoEdge/ImunoEdge/.git.path
2026-02-11T15:30:44.7244581Z /home/runner/work/_temp/git-credentials-cc694125-f497-40c8-a93c-1f08b01fa797.config
2026-02-11T15:30:44.7253912Z [command]/usr/bin/git config --local --unset includeif.gitdir:/home/runner/work/ImunoEdge/ImunoEdge/.git.path /home/runner/work/_temp/git-credentials-cc694125-f497-40c8-a93c-1f08b01fa797.config
2026-02-11T15:30:44.7282115Z [command]/usr/bin/git config --local --get-all includeif.gitdir:/home/runner/work/ImunoEdge/ImunoEdge/.git/worktrees/*.path
2026-02-11T15:30:44.7299944Z /home/runner/work/_temp/git-credentials-cc694125-f497-40c8-a93c-1f08b01fa797.config
2026-02-11T15:30:44.7309384Z [command]/usr/bin/git config --local --unset includeif.gitdir:/home/runner/work/ImunoEdge/ImunoEdge/.git/worktrees/*.path /home/runner/work/_temp/git-credentials-cc694125-f497-40c8-a93c-1f08b01fa797.config
2026-02-11T15:30:44.7333971Z [command]/usr/bin/git config --local --get-all includeif.gitdir:/github/workspace/.git.path
2026-02-11T15:30:44.7350652Z /github/runner_temp/git-credentials-cc694125-f497-40c8-a93c-1f08b01fa797.config
2026-02-11T15:30:44.7357518Z [command]/usr/bin/git config --local --unset includeif.gitdir:/github/workspace/.git.path /github/runner_temp/git-credentials-cc694125-f497-40c8-a93c-1f08b01fa797.config
2026-02-11T15:30:44.7382269Z [command]/usr/bin/git config --local --get-all includeif.gitdir:/github/workspace/.git/worktrees/*.path
2026-02-11T15:30:44.7398849Z /github/runner_temp/git-credentials-cc694125-f497-40c8-a93c-1f08b01fa797.config
2026-02-11T15:30:44.7405179Z [command]/usr/bin/git config --local --unset includeif.gitdir:/github/workspace/.git/worktrees/*.path /github/runner_temp/git-credentials-cc694125-f497-40c8-a93c-1f08b01fa797.config
2026-02-11T15:30:44.7432839Z [command]/usr/bin/git submodule foreach --recursive git config --local --show-origin --name-only --get-regexp remote.origin.url
2026-02-11T15:30:44.7594066Z Entering 'TaipanStack'
2026-02-11T15:30:44.7609445Z file:/home/runner/work/ImunoEdge/ImunoEdge/.git/modules/TaipanStack/config	remote.origin.url
2026-02-11T15:30:44.7633527Z [command]/usr/bin/git config --file /home/runner/work/ImunoEdge/ImunoEdge/.git/modules/TaipanStack/config --name-only --get-regexp ^includeIf\.gitdir:
2026-02-11T15:30:44.7655332Z includeif.gitdir:/home/runner/work/ImunoEdge/ImunoEdge/.git/modules/TaipanStack.path
2026-02-11T15:30:44.7656066Z includeif.gitdir:/github/workspace/.git/modules/TaipanStack.path
2026-02-11T15:30:44.7662052Z [command]/usr/bin/git config --file /home/runner/work/ImunoEdge/ImunoEdge/.git/modules/TaipanStack/config --get-all includeif.gitdir:/home/runner/work/ImunoEdge/ImunoEdge/.git/modules/TaipanStack.path
2026-02-11T15:30:44.7677515Z /home/runner/work/_temp/git-credentials-cc694125-f497-40c8-a93c-1f08b01fa797.config
2026-02-11T15:30:44.7683697Z [command]/usr/bin/git config --file /home/runner/work/ImunoEdge/ImunoEdge/.git/modules/TaipanStack/config --unset includeif.gitdir:/home/runner/work/ImunoEdge/ImunoEdge/.git/modules/TaipanStack.path /home/runner/work/_temp/git-credentials-cc694125-f497-40c8-a93c-1f08b01fa797.config
2026-02-11T15:30:44.7707663Z [command]/usr/bin/git config --file /home/runner/work/ImunoEdge/ImunoEdge/.git/modules/TaipanStack/config --get-all includeif.gitdir:/github/workspace/.git/modules/TaipanStack.path
2026-02-11T15:30:44.7725214Z /github/runner_temp/git-credentials-cc694125-f497-40c8-a93c-1f08b01fa797.config
2026-02-11T15:30:44.7732383Z [command]/usr/bin/git config --file /home/runner/work/ImunoEdge/ImunoEdge/.git/modules/TaipanStack/config --unset includeif.gitdir:/github/workspace/.git/modules/TaipanStack.path /github/runner_temp/git-credentials-cc694125-f497-40c8-a93c-1f08b01fa797.config
2026-02-11T15:30:44.7754398Z Removing credentials config '/home/runner/work/_temp/git-credentials-cc694125-f497-40c8-a93c-1f08b01fa797.config'
2026-02-11T15:30:44.7858329Z Cleaning up orphan processes
