2026-02-11T15:30:34.8230658Z Current runner version: '2.331.0'
2026-02-11T15:30:34.8268197Z ##[group]Runner Image Provisioner
2026-02-11T15:30:34.8269399Z Hosted Compute Agent
2026-02-11T15:30:34.8270338Z Version: 20260123.484
2026-02-11T15:30:34.8271526Z Commit: 6bd6555ca37d84114959e1c76d2c01448ff61c5d
2026-02-11T15:30:34.8272655Z Build Date: 2026-01-23T19:41:17Z
2026-02-11T15:30:34.8274036Z Worker ID: {cf82a0a0-3c31-440f-8306-af63a9772f5e}
2026-02-11T15:30:34.8275313Z Azure Region: eastus
2026-02-11T15:30:34.8276231Z ##[endgroup]
2026-02-11T15:30:34.8278650Z ##[group]Operating System
2026-02-11T15:30:34.8279646Z Ubuntu
2026-02-11T15:30:34.8280314Z 24.04.3
2026-02-11T15:30:34.8281051Z LTS
2026-02-11T15:30:34.8281842Z ##[endgroup]
2026-02-11T15:30:34.8282642Z ##[group]Runner Image
2026-02-11T15:30:34.8283906Z Image: ubuntu-24.04
2026-02-11T15:30:34.8284719Z Version: 20260201.15.1
2026-02-11T15:30:34.8286916Z Included Software: https://github.com/actions/runner-images/blob/ubuntu24/20260201.15/images/ubuntu/Ubuntu2404-Readme.md
2026-02-11T15:30:34.8289606Z Image Release: https://github.com/actions/runner-images/releases/tag/ubuntu24%2F20260201.15
2026-02-11T15:30:34.8291833Z ##[endgroup]
2026-02-11T15:30:34.8293911Z ##[group]GITHUB_TOKEN Permissions
2026-02-11T15:30:34.8296865Z Contents: read
2026-02-11T15:30:34.8297676Z Metadata: read
2026-02-11T15:30:34.8298462Z Packages: read
2026-02-11T15:30:34.8299337Z ##[endgroup]
2026-02-11T15:30:34.8302263Z Secret source: Actions
2026-02-11T15:30:34.8303993Z Prepare workflow directory
2026-02-11T15:30:34.9144702Z Prepare all required actions
2026-02-11T15:30:34.9202630Z Getting action download info
2026-02-11T15:30:35.1467430Z Download action repository 'actions/checkout@v6' (SHA:de0fac2e4500dabe0009e67214ff5f5447ce83dd)
2026-02-11T15:30:35.3332077Z Complete job name: Test on ubuntu-24.04
2026-02-11T15:30:35.3876641Z ##[group]Checking docker version
2026-02-11T15:30:35.3889851Z ##[command]/usr/bin/docker version --format '{{.Server.APIVersion}}'
2026-02-11T15:30:35.4759139Z '1.48'
2026-02-11T15:30:35.4770664Z Docker daemon API version: '1.48'
2026-02-11T15:30:35.4771363Z ##[command]/usr/bin/docker version --format '{{.Client.APIVersion}}'
2026-02-11T15:30:35.4945912Z '1.48'
2026-02-11T15:30:35.4958483Z Docker client API version: '1.48'
2026-02-11T15:30:35.4964799Z ##[endgroup]
2026-02-11T15:30:35.4967941Z ##[group]Clean up resources from previous jobs
2026-02-11T15:30:35.4972870Z ##[command]/usr/bin/docker ps --all --quiet --no-trunc --filter "label=8b09e3"
2026-02-11T15:30:35.5122453Z ##[command]/usr/bin/docker network prune --force --filter "label=8b09e3"
2026-02-11T15:30:35.5256782Z ##[endgroup]
2026-02-11T15:30:35.5257293Z ##[group]Create local container network
2026-02-11T15:30:35.5268050Z ##[command]/usr/bin/docker network create --label 8b09e3 github_network_ea831f54cea74c69b6d857af8eef2fac
2026-02-11T15:30:35.5763242Z f5cc92af9bab8dc4aeab5bf75e141866e86fb55c1f2aa8e600f980e6be0431b1
2026-02-11T15:30:35.5781035Z ##[endgroup]
2026-02-11T15:30:35.5804425Z ##[group]Starting job container
2026-02-11T15:30:35.5825508Z ##[command]/usr/bin/docker pull ubuntu:24.04
2026-02-11T15:30:35.8180231Z 24.04: Pulling from library/ubuntu
2026-02-11T15:30:35.8878244Z a3629ac5b9f4: Pulling fs layer
2026-02-11T15:30:36.5288599Z a3629ac5b9f4: Verifying Checksum
2026-02-11T15:30:36.5289718Z a3629ac5b9f4: Download complete
2026-02-11T15:30:37.5969513Z a3629ac5b9f4: Pull complete
2026-02-11T15:30:37.6055738Z Digest: sha256:cd1dba651b3080c3686ecf4e3c4220f026b521fb76978881737d24f200828b2b
2026-02-11T15:30:37.6071652Z Status: Downloaded newer image for ubuntu:24.04
2026-02-11T15:30:37.6082069Z docker.io/library/ubuntu:24.04
2026-02-11T15:30:37.6199486Z ##[command]/usr/bin/docker create --name 69217d024ed445e4ab39fd2db69c162b_ubuntu2404_efb886 --label 8b09e3 --workdir /__w/ImunoEdge/ImunoEdge --network github_network_ea831f54cea74c69b6d857af8eef2fac  -e "HOME=/github/home" -e GITHUB_ACTIONS=true -e CI=true -v "/var/run/docker.sock":"/var/run/docker.sock" -v "/home/runner/work":"/__w" -v "/home/runner/actions-runner/cached/externals":"/__e":ro -v "/home/runner/work/_temp":"/__w/_temp" -v "/home/runner/work/_actions":"/__w/_actions" -v "/opt/hostedtoolcache":"/__t" -v "/home/runner/work/_temp/_github_home":"/github/home" -v "/home/runner/work/_temp/_github_workflow":"/github/workflow" --entrypoint "tail" ubuntu:24.04 "-f" "/dev/null"
2026-02-11T15:30:37.6640594Z f1a9f851d077c7fb28df0cb949678872fdd7413758a522b5911e969bf4104c60
2026-02-11T15:30:37.6668202Z ##[command]/usr/bin/docker start f1a9f851d077c7fb28df0cb949678872fdd7413758a522b5911e969bf4104c60
2026-02-11T15:30:37.8622869Z f1a9f851d077c7fb28df0cb949678872fdd7413758a522b5911e969bf4104c60
2026-02-11T15:30:37.8647314Z ##[command]/usr/bin/docker ps --all --filter id=f1a9f851d077c7fb28df0cb949678872fdd7413758a522b5911e969bf4104c60 --filter status=running --no-trunc --format "{{.ID}} {{.Status}}"
2026-02-11T15:30:37.8785347Z f1a9f851d077c7fb28df0cb949678872fdd7413758a522b5911e969bf4104c60 Up Less than a second
2026-02-11T15:30:37.8803326Z ##[command]/usr/bin/docker inspect --format "{{range .Config.Env}}{{println .}}{{end}}" f1a9f851d077c7fb28df0cb949678872fdd7413758a522b5911e969bf4104c60
2026-02-11T15:30:37.8930134Z HOME=/github/home
2026-02-11T15:30:37.8930793Z GITHUB_ACTIONS=true
2026-02-11T15:30:37.8931300Z CI=true
2026-02-11T15:30:37.8931938Z PATH=/usr/local/sbin:/usr/local/bin:/usr/sbin:/usr/bin:/sbin:/bin
2026-02-11T15:30:37.8954345Z ##[endgroup]
2026-02-11T15:30:37.8963666Z ##[group]Waiting for all services to be ready
2026-02-11T15:30:37.8965621Z ##[endgroup]
2026-02-11T15:30:37.9178642Z ##[group]Run apt-get update
2026-02-11T15:30:37.9179194Z [36;1mapt-get update[0m
2026-02-11T15:30:37.9179726Z [36;1mapt-get install -y python3 python3-pip python3-venv git[0m
2026-02-11T15:30:37.9183642Z shell: sh -e {0}
2026-02-11T15:30:37.9184299Z env:
2026-02-11T15:30:37.9184649Z   PYTHON_VERSION_DEFAULT: 3.11
2026-02-11T15:30:37.9185048Z ##[endgroup]
2026-02-11T15:30:38.3061972Z Get:1 http://archive.ubuntu.com/ubuntu noble InRelease [256 kB]
2026-02-11T15:30:38.3064162Z Get:2 http://security.ubuntu.com/ubuntu noble-security InRelease [126 kB]
2026-02-11T15:30:38.7348058Z Get:3 http://security.ubuntu.com/ubuntu noble-security/main amd64 Packages [1822 kB]
2026-02-11T15:30:38.7495434Z Get:4 http://archive.ubuntu.com/ubuntu noble-updates InRelease [126 kB]
2026-02-11T15:30:38.8616882Z Get:5 http://archive.ubuntu.com/ubuntu noble-backports InRelease [126 kB]
2026-02-11T15:30:38.9708060Z Get:6 http://archive.ubuntu.com/ubuntu noble/restricted amd64 Packages [117 kB]
2026-02-11T15:30:39.0061828Z Get:7 http://archive.ubuntu.com/ubuntu noble/multiverse amd64 Packages [331 kB]
2026-02-11T15:30:39.0768594Z Get:8 http://archive.ubuntu.com/ubuntu noble/main amd64 Packages [1808 kB]
2026-02-11T15:30:39.1730376Z Get:9 http://security.ubuntu.com/ubuntu noble-security/multiverse amd64 Packages [34.8 kB]
2026-02-11T15:30:39.1736502Z Get:10 http://security.ubuntu.com/ubuntu noble-security/restricted amd64 Packages [3106 kB]
2026-02-11T15:30:39.2506452Z Get:11 http://archive.ubuntu.com/ubuntu noble/universe amd64 Packages [19.3 MB]
2026-02-11T15:30:39.2929880Z Get:12 http://security.ubuntu.com/ubuntu noble-security/universe amd64 Packages [1199 kB]
2026-02-11T15:30:39.6530889Z Get:13 http://archive.ubuntu.com/ubuntu noble-updates/restricted amd64 Packages [3287 kB]
2026-02-11T15:30:39.7190859Z Get:14 http://archive.ubuntu.com/ubuntu noble-updates/multiverse amd64 Packages [38.1 kB]
2026-02-11T15:30:39.7192160Z Get:15 http://archive.ubuntu.com/ubuntu noble-updates/main amd64 Packages [2201 kB]
2026-02-11T15:30:39.7657261Z Get:16 http://archive.ubuntu.com/ubuntu noble-updates/universe amd64 Packages [1978 kB]
2026-02-11T15:30:39.7970163Z Get:17 http://archive.ubuntu.com/ubuntu noble-backports/main amd64 Packages [49.5 kB]
2026-02-11T15:30:39.7978314Z Get:18 http://archive.ubuntu.com/ubuntu noble-backports/universe amd64 Packages [34.6 kB]
2026-02-11T15:30:40.5262589Z Fetched 36.0 MB in 2s (14.6 MB/s)
2026-02-11T15:30:41.3448202Z Reading package lists...
2026-02-11T15:30:42.1888383Z Reading package lists...
2026-02-11T15:30:42.4221271Z Building dependency tree...
2026-02-11T15:30:42.4223339Z Reading state information...
2026-02-11T15:30:42.6905303Z The following additional packages will be installed:
2026-02-11T15:30:42.6906305Z   adduser binutils binutils-common binutils-x86-64-linux-gnu build-essential
2026-02-11T15:30:42.6907129Z   bzip2 ca-certificates cpp cpp-13 cpp-13-x86-64-linux-gnu
2026-02-11T15:30:42.6907924Z   cpp-x86-64-linux-gnu dirmngr dpkg-dev fakeroot fontconfig-config
2026-02-11T15:30:42.6908847Z   fonts-dejavu-core fonts-dejavu-mono g++ g++-13 g++-13-x86-64-linux-gnu
2026-02-11T15:30:42.6909870Z   g++-x86-64-linux-gnu gcc gcc-13 gcc-13-base gcc-13-x86-64-linux-gnu
2026-02-11T15:30:42.6910714Z   gcc-x86-64-linux-gnu git-man gnupg gnupg-l10n gnupg-utils gpg gpg-agent
2026-02-11T15:30:42.6915308Z   gpg-wks-client gpgconf gpgsm javascript-common keyboxd krb5-locales less
2026-02-11T15:30:42.6918471Z   libalgorithm-diff-perl libalgorithm-diff-xs-perl libalgorithm-merge-perl
2026-02-11T15:30:42.6920096Z   libaom3 libasan8 libatomic1 libbinutils libbrotli1 libbsd0 libc-bin
2026-02-11T15:30:42.6921020Z   libc-dev-bin libc-devtools libc6 libc6-dev libcbor0.10 libcc1-0 libcrypt-dev
2026-02-11T15:30:42.6921935Z   libctf-nobfd0 libctf0 libcurl3t64-gnutls libde265-0 libdeflate0 libdpkg-perl
2026-02-11T15:30:42.6922746Z   libedit2 liberror-perl libexpat1 libexpat1-dev libfakeroot libfido2-1
2026-02-11T15:30:42.6923711Z   libfile-fcntllock-perl libfontconfig1 libfreetype6 libgcc-13-dev libgd3
2026-02-11T15:30:42.6925125Z   libgdbm-compat4t64 libgdbm6t64 libgomp1 libgprofng0 libgssapi-krb5-2
2026-02-11T15:30:42.6925963Z   libheif-plugin-aomdec libheif-plugin-aomenc libheif-plugin-libde265 libheif1
2026-02-11T15:30:42.6926848Z   libhwasan0 libisl23 libitm1 libjansson4 libjbig0 libjpeg-turbo8 libjpeg8
2026-02-11T15:30:42.6927767Z   libjs-jquery libjs-sphinxdoc libjs-underscore libk5crypto3 libkeyutils1
2026-02-11T15:30:42.6928568Z   libkrb5-3 libkrb5support0 libksba8 libldap-common libldap2 liblerc4
2026-02-11T15:30:42.6929296Z   liblocale-gettext-perl liblsan0 libmpc3 libmpfr6 libnghttp2-14
2026-02-11T15:30:42.6930049Z   libperl5.38t64 libpng16-16t64 libpsl5t64 libpython3-dev libpython3-stdlib
2026-02-11T15:30:42.6930903Z   libpython3.12-dev libpython3.12-minimal libpython3.12-stdlib
2026-02-11T15:30:42.6931629Z   libpython3.12t64 libquadmath0 libreadline8t64 librtmp1 libsasl2-2
2026-02-11T15:30:42.6932361Z   libsasl2-modules libsasl2-modules-db libsframe1 libsharpyuv0 libsqlite3-0
2026-02-11T15:30:42.6933253Z   libssh-4 libssl3t64 libstdc++-13-dev libtiff6 libtsan2 libubsan1 libwebp7
2026-02-11T15:30:42.6934198Z   libx11-6 libx11-data libxau6 libxcb1 libxdmcp6 libxext6 libxmuu1 libxpm4
2026-02-11T15:30:42.6934940Z   linux-libc-dev lto-disabled-list make manpages manpages-dev media-types
2026-02-11T15:30:42.6935813Z   netbase openssh-client openssl patch perl perl-modules-5.38 pinentry-curses
2026-02-11T15:30:42.6936625Z   publicsuffix python3-dev python3-minimal python3-pip-whl
2026-02-11T15:30:42.6937275Z   python3-pkg-resources python3-setuptools python3-setuptools-whl
2026-02-11T15:30:42.6938049Z   python3-wheel python3.12 python3.12-dev python3.12-minimal python3.12-venv
2026-02-11T15:30:42.6938826Z   readline-common rpcsvc-proto tzdata xauth xz-utils zlib1g-dev
2026-02-11T15:30:42.6939432Z Suggested packages:
2026-02-11T15:30:42.6940056Z   cron quota ecryptfs-utils binutils-doc gprofng-gui bzip2-doc cpp-doc
2026-02-11T15:30:42.6940942Z   gcc-13-locales cpp-13-doc dbus-user-session libpam-systemd pinentry-gnome3
2026-02-11T15:30:42.6941446Z   tor debian-keyring g++-multilib g++-13-multilib gcc-13-doc gcc-multilib
2026-02-11T15:30:42.6941902Z   autoconf automake libtool flex bison gdb gcc-doc gcc-13-multilib
2026-02-11T15:30:42.6942348Z   gdb-x86-64-linux-gnu gettext-base git-daemon-run | git-daemon-sysvinit
2026-02-11T15:30:42.6942795Z   git-doc git-email git-gui gitk gitweb git-cvs git-mediawiki git-svn
2026-02-11T15:30:42.6943255Z   parcimonie xloadimage gpg-wks-server scdaemon apache2 | lighttpd | httpd
2026-02-11T15:30:42.6945826Z   glibc-doc locales libnss-nis libnss-nisplus bzr libgd-tools gdbm-l10n
2026-02-11T15:30:42.6946287Z   krb5-doc krb5-user libheif-plugin-x265 libheif-plugin-ffmpegdec
2026-02-11T15:30:42.6946978Z   libheif-plugin-jpegdec libheif-plugin-jpegenc libheif-plugin-j2kdec
2026-02-11T15:30:42.6947781Z   libheif-plugin-j2kenc libheif-plugin-rav1e libheif-plugin-svtenc
2026-02-11T15:30:42.6948234Z   libsasl2-modules-gssapi-mit | libsasl2-modules-gssapi-heimdal
2026-02-11T15:30:42.6948673Z   libsasl2-modules-ldap libsasl2-modules-otp libsasl2-modules-sql
2026-02-11T15:30:42.6949118Z   libstdc++-13-doc make-doc man-browser keychain libpam-ssh monkeysphere
2026-02-11T15:30:42.6949544Z   ssh-askpass ed diffutils-doc perl-doc libterm-readline-gnu-perl
2026-02-11T15:30:42.6950002Z   | libterm-readline-perl-perl libtap-harness-archive-perl pinentry-doc
2026-02-11T15:30:42.6950491Z   python3-doc python3-tk python-setuptools-doc python3.12-doc binfmt-support
2026-02-11T15:30:42.6950868Z   readline-doc
2026-02-11T15:30:42.9509164Z The following NEW packages will be installed:
2026-02-11T15:30:42.9510341Z   adduser binutils binutils-common binutils-x86-64-linux-gnu build-essential
2026-02-11T15:30:42.9511738Z   bzip2 ca-certificates cpp cpp-13 cpp-13-x86-64-linux-gnu
2026-02-11T15:30:42.9512684Z   cpp-x86-64-linux-gnu dirmngr dpkg-dev fakeroot fontconfig-config
2026-02-11T15:30:42.9513775Z   fonts-dejavu-core fonts-dejavu-mono g++ g++-13 g++-13-x86-64-linux-gnu
2026-02-11T15:30:42.9515560Z   g++-x86-64-linux-gnu gcc gcc-13 gcc-13-base gcc-13-x86-64-linux-gnu
2026-02-11T15:30:42.9516678Z   gcc-x86-64-linux-gnu git git-man gnupg gnupg-l10n gnupg-utils gpg gpg-agent
2026-02-11T15:30:42.9517978Z   gpg-wks-client gpgconf gpgsm javascript-common keyboxd krb5-locales less
2026-02-11T15:30:42.9519321Z   libalgorithm-diff-perl libalgorithm-diff-xs-perl libalgorithm-merge-perl
2026-02-11T15:30:42.9521096Z   libaom3 libasan8 libatomic1 libbinutils libbrotli1 libbsd0 libc-dev-bin
2026-02-11T15:30:42.9522478Z   libc-devtools libc6-dev libcbor0.10 libcc1-0 libcrypt-dev libctf-nobfd0
2026-02-11T15:30:42.9523885Z   libctf0 libcurl3t64-gnutls libde265-0 libdeflate0 libdpkg-perl libedit2
2026-02-11T15:30:42.9525172Z   liberror-perl libexpat1 libexpat1-dev libfakeroot libfido2-1
2026-02-11T15:30:42.9526682Z   libfile-fcntllock-perl libfontconfig1 libfreetype6 libgcc-13-dev libgd3
2026-02-11T15:30:42.9527917Z   libgdbm-compat4t64 libgdbm6t64 libgomp1 libgprofng0 libgssapi-krb5-2
2026-02-11T15:30:42.9529236Z   libheif-plugin-aomdec libheif-plugin-aomenc libheif-plugin-libde265 libheif1
2026-02-11T15:30:42.9530158Z   libhwasan0 libisl23 libitm1 libjansson4 libjbig0 libjpeg-turbo8 libjpeg8
2026-02-11T15:30:42.9531222Z   libjs-jquery libjs-sphinxdoc libjs-underscore libk5crypto3 libkeyutils1
2026-02-11T15:30:42.9532056Z   libkrb5-3 libkrb5support0 libksba8 libldap-common libldap2 liblerc4
2026-02-11T15:30:42.9532861Z   liblocale-gettext-perl liblsan0 libmpc3 libmpfr6 libnghttp2-14
2026-02-11T15:30:42.9533907Z   libperl5.38t64 libpng16-16t64 libpsl5t64 libpython3-dev libpython3-stdlib
2026-02-11T15:30:42.9534806Z   libpython3.12-dev libpython3.12-minimal libpython3.12-stdlib
2026-02-11T15:30:42.9535641Z   libpython3.12t64 libquadmath0 libreadline8t64 librtmp1 libsasl2-2
2026-02-11T15:30:42.9536514Z   libsasl2-modules libsasl2-modules-db libsframe1 libsharpyuv0 libsqlite3-0
2026-02-11T15:30:42.9537424Z   libssh-4 libstdc++-13-dev libtiff6 libtsan2 libubsan1 libwebp7 libx11-6
2026-02-11T15:30:42.9538251Z   libx11-data libxau6 libxcb1 libxdmcp6 libxext6 libxmuu1 libxpm4
2026-02-11T15:30:42.9539756Z   linux-libc-dev lto-disabled-list make manpages manpages-dev media-types
2026-02-11T15:30:42.9540748Z   netbase openssh-client openssl patch perl perl-modules-5.38 pinentry-curses
2026-02-11T15:30:42.9541764Z   publicsuffix python3 python3-dev python3-minimal python3-pip python3-pip-whl
2026-02-11T15:30:42.9542816Z   python3-pkg-resources python3-setuptools python3-setuptools-whl python3-venv
2026-02-11T15:30:42.9544078Z   python3-wheel python3.12 python3.12-dev python3.12-minimal python3.12-venv
2026-02-11T15:30:42.9545530Z   readline-common rpcsvc-proto tzdata xauth xz-utils zlib1g-dev
2026-02-11T15:30:42.9546232Z The following packages will be upgraded:
2026-02-11T15:30:42.9551530Z   libc-bin libc6 libssl3t64
2026-02-11T15:30:43.1699340Z 3 upgraded, 170 newly installed, 0 to remove and 1 not upgraded.
2026-02-11T15:30:43.1699869Z Need to get 130 MB of archives.
2026-02-11T15:30:43.1700355Z After this operation, 455 MB of additional disk space will be used.
2026-02-11T15:30:43.1701165Z Get:1 http://archive.ubuntu.com/ubuntu noble-updates/main amd64 libc6 amd64 2.39-0ubuntu8.7 [3263 kB]
2026-02-11T15:30:44.0562237Z Get:2 http://archive.ubuntu.com/ubuntu noble-updates/main amd64 libc-bin amd64 2.39-0ubuntu8.7 [682 kB]
2026-02-11T15:30:44.0704160Z Get:3 http://archive.ubuntu.com/ubuntu noble/main amd64 liblocale-gettext-perl amd64 1.07-6ubuntu5 [15.8 kB]
2026-02-11T15:30:44.0706573Z Get:4 http://archive.ubuntu.com/ubuntu noble-updates/main amd64 libssl3t64 amd64 3.0.13-0ubuntu3.7 [1942 kB]
2026-02-11T15:30:44.1113749Z Get:5 http://archive.ubuntu.com/ubuntu noble-updates/main amd64 libpython3.12-minimal amd64 3.12.3-1ubuntu0.11 [837 kB]
2026-02-11T15:30:44.1540346Z Get:6 http://archive.ubuntu.com/ubuntu noble-updates/main amd64 libexpat1 amd64 2.6.1-2ubuntu0.3 [88.0 kB]
2026-02-11T15:30:44.1553723Z Get:7 http://archive.ubuntu.com/ubuntu noble-updates/main amd64 python3.12-minimal amd64 3.12.3-1ubuntu0.11 [2342 kB]
2026-02-11T15:30:44.2054271Z Get:8 http://archive.ubuntu.com/ubuntu noble-updates/main amd64 python3-minimal amd64 3.12.3-0ubuntu2.1 [27.4 kB]
2026-02-11T15:30:44.2057403Z Get:9 http://archive.ubuntu.com/ubuntu noble/main amd64 media-types all 10.1.0 [27.5 kB]
2026-02-11T15:30:44.2061972Z Get:10 http://archive.ubuntu.com/ubuntu noble/main amd64 netbase all 6.4 [13.1 kB]
2026-02-11T15:30:44.2065444Z Get:11 http://archive.ubuntu.com/ubuntu noble-updates/main amd64 tzdata all 2025b-0ubuntu0.24.04.1 [276 kB]
2026-02-11T15:30:44.2433340Z Get:12 http://archive.ubuntu.com/ubuntu noble/main amd64 readline-common all 8.2-4build1 [56.5 kB]
2026-02-11T15:30:44.2440609Z Get:13 http://archive.ubuntu.com/ubuntu noble/main amd64 libreadline8t64 amd64 8.2-4build1 [153 kB]
2026-02-11T15:30:44.2453939Z Get:14 http://archive.ubuntu.com/ubuntu noble-updates/main amd64 libsqlite3-0 amd64 3.45.1-1ubuntu2.5 [701 kB]
2026-02-11T15:30:44.3373050Z Get:15 http://archive.ubuntu.com/ubuntu noble-updates/main amd64 libpython3.12-stdlib amd64 3.12.3-1ubuntu0.11 [2069 kB]
2026-02-11T15:30:44.3571777Z Get:16 http://archive.ubuntu.com/ubuntu noble-updates/main amd64 python3.12 amd64 3.12.3-1ubuntu0.11 [651 kB]
2026-02-11T15:30:44.3630546Z Get:17 http://archive.ubuntu.com/ubuntu noble-updates/main amd64 libpython3-stdlib amd64 3.12.3-0ubuntu2.1 [10.1 kB]
2026-02-11T15:30:44.3633241Z Get:18 http://archive.ubuntu.com/ubuntu noble-updates/main amd64 python3 amd64 3.12.3-0ubuntu2.1 [23.0 kB]
2026-02-11T15:30:44.3639745Z Get:19 http://archive.ubuntu.com/ubuntu noble-updates/main amd64 perl-modules-5.38 all 5.38.2-3.2ubuntu0.2 [3110 kB]
2026-02-11T15:30:44.4473198Z Get:20 http://archive.ubuntu.com/ubuntu noble/main amd64 libgdbm6t64 amd64 1.23-5.1build1 [34.4 kB]
2026-02-11T15:30:44.4479353Z Get:21 http://archive.ubuntu.com/ubuntu noble/main amd64 libgdbm-compat4t64 amd64 1.23-5.1build1 [6710 B]
2026-02-11T15:30:44.4486167Z Get:22 http://archive.ubuntu.com/ubuntu noble-updates/main amd64 libperl5.38t64 amd64 5.38.2-3.2ubuntu0.2 [4874 kB]
2026-02-11T15:30:44.5486104Z Get:23 http://archive.ubuntu.com/ubuntu noble-updates/main amd64 perl amd64 5.38.2-3.2ubuntu0.2 [231 kB]
2026-02-11T15:30:44.5504396Z Get:24 http://archive.ubuntu.com/ubuntu noble/main amd64 adduser all 3.137ubuntu1 [101 kB]
2026-02-11T15:30:44.5511227Z Get:25 http://archive.ubuntu.com/ubuntu noble-updates/main amd64 openssl amd64 3.0.13-0ubuntu3.7 [1003 kB]
2026-02-11T15:30:44.5587581Z Get:26 http://archive.ubuntu.com/ubuntu noble/main amd64 ca-certificates all 20240203 [159 kB]
2026-02-11T15:30:44.5599240Z Get:27 http://archive.ubuntu.com/ubuntu noble-updates/main amd64 krb5-locales all 1.20.1-6ubuntu2.6 [14.8 kB]
2026-02-11T15:30:44.5602027Z Get:28 http://archive.ubuntu.com/ubuntu noble-updates/main amd64 less amd64 590-2ubuntu2.1 [142 kB]
2026-02-11T15:30:44.6179223Z Get:29 http://archive.ubuntu.com/ubuntu noble-updates/main amd64 libbsd0 amd64 0.12.1-1build1.1 [41.2 kB]
2026-02-11T15:30:44.6184817Z Get:30 http://archive.ubuntu.com/ubuntu noble-updates/main amd64 libkrb5support0 amd64 1.20.1-6ubuntu2.6 [34.4 kB]
2026-02-11T15:30:44.6188035Z Get:31 http://archive.ubuntu.com/ubuntu noble-updates/main amd64 libk5crypto3 amd64 1.20.1-6ubuntu2.6 [82.0 kB]
2026-02-11T15:30:44.7119304Z Get:32 http://archive.ubuntu.com/ubuntu noble/main amd64 libkeyutils1 amd64 1.6.3-3build1 [9490 B]
2026-02-11T15:30:44.7121007Z Get:33 http://archive.ubuntu.com/ubuntu noble-updates/main amd64 libkrb5-3 amd64 1.20.1-6ubuntu2.6 [348 kB]
2026-02-11T15:30:44.7145281Z Get:34 http://archive.ubuntu.com/ubuntu noble-updates/main amd64 libgssapi-krb5-2 amd64 1.20.1-6ubuntu2.6 [143 kB]
2026-02-11T15:30:44.7158995Z Get:35 http://archive.ubuntu.com/ubuntu noble-updates/main amd64 python3-pkg-resources all 68.1.2-2ubuntu1.2 [168 kB]
2026-02-11T15:30:44.7170437Z Get:36 http://archive.ubuntu.com/ubuntu noble/main amd64 libcbor0.10 amd64 0.10.2-1.2ubuntu2 [25.8 kB]
2026-02-11T15:30:44.7175112Z Get:37 http://archive.ubuntu.com/ubuntu noble/main amd64 libedit2 amd64 3.1-20230828-1build1 [97.6 kB]
2026-02-11T15:30:44.7183037Z Get:38 http://archive.ubuntu.com/ubuntu noble/main amd64 libfido2-1 amd64 1.14.0-1build3 [83.5 kB]
2026-02-11T15:30:44.8053887Z Get:39 http://archive.ubuntu.com/ubuntu noble/main amd64 libjansson4 amd64 2.14-2build2 [32.8 kB]
2026-02-11T15:30:44.8061349Z Get:40 http://archive.ubuntu.com/ubuntu noble-updates/main amd64 libnghttp2-14 amd64 1.59.0-1ubuntu0.2 [74.3 kB]
2026-02-11T15:30:44.8071540Z Get:41 http://archive.ubuntu.com/ubuntu noble-updates/main amd64 libpng16-16t64 amd64 1.6.43-5ubuntu0.4 [188 kB]
2026-02-11T15:30:44.8991940Z Get:42 http://archive.ubuntu.com/ubuntu noble/main amd64 libpsl5t64 amd64 0.21.2-1.1build1 [57.1 kB]
2026-02-11T15:30:44.8999091Z Get:43 http://archive.ubuntu.com/ubuntu noble/main amd64 libxau6 amd64 1:1.0.9-1build6 [7160 B]
2026-02-11T15:30:44.9003185Z Get:44 http://archive.ubuntu.com/ubuntu noble/main amd64 libxdmcp6 amd64 1:1.1.3-0ubuntu6 [10.3 kB]
2026-02-11T15:30:44.9009562Z Get:45 http://archive.ubuntu.com/ubuntu noble/main amd64 libxcb1 amd64 1.15-1ubuntu2 [47.7 kB]
2026-02-11T15:30:44.9017107Z Get:46 http://archive.ubuntu.com/ubuntu noble/main amd64 libx11-data all 2:1.8.7-1build1 [115 kB]
2026-02-11T15:30:44.9030225Z Get:47 http://archive.ubuntu.com/ubuntu noble/main amd64 libx11-6 amd64 2:1.8.7-1build1 [650 kB]
2026-02-11T15:30:44.9075795Z Get:48 http://archive.ubuntu.com/ubuntu noble/main amd64 libxext6 amd64 2:1.3.4-1build2 [30.4 kB]
2026-02-11T15:30:44.9928695Z Get:49 http://archive.ubuntu.com/ubuntu noble/main amd64 libxmuu1 amd64 2:1.1.3-3build2 [8958 B]
2026-02-11T15:30:44.9934943Z Get:50 http://archive.ubuntu.com/ubuntu noble/main amd64 manpages all 6.7-2 [1384 kB]
2026-02-11T15:30:45.0031824Z Get:51 http://archive.ubuntu.com/ubuntu noble-updates/main amd64 openssh-client amd64 1:9.6p1-3ubuntu13.14 [906 kB]
2026-02-11T15:30:45.0865127Z Get:52 http://archive.ubuntu.com/ubuntu noble/main amd64 publicsuffix all 20231001.0357-0.1 [129 kB]
2026-02-11T15:30:45.0877880Z Get:53 http://archive.ubuntu.com/ubuntu noble/main amd64 xauth amd64 1:1.1.2-1build1 [25.6 kB]
2026-02-11T15:30:45.0884147Z Get:54 http://archive.ubuntu.com/ubuntu noble-updates/main amd64 xz-utils amd64 5.6.1+really5.4.5-1ubuntu0.2 [267 kB]
2026-02-11T15:30:45.0907122Z Get:55 http://archive.ubuntu.com/ubuntu noble-updates/main amd64 binutils-common amd64 2.42-4ubuntu2.8 [240 kB]
2026-02-11T15:30:45.0928097Z Get:56 http://archive.ubuntu.com/ubuntu noble-updates/main amd64 libsframe1 amd64 2.42-4ubuntu2.8 [15.6 kB]
2026-02-11T15:30:45.0932954Z Get:57 http://archive.ubuntu.com/ubuntu noble-updates/main amd64 libbinutils amd64 2.42-4ubuntu2.8 [576 kB]
2026-02-11T15:30:45.0973178Z Get:58 http://archive.ubuntu.com/ubuntu noble-updates/main amd64 libctf-nobfd0 amd64 2.42-4ubuntu2.8 [97.9 kB]
2026-02-11T15:30:45.1802399Z Get:59 http://archive.ubuntu.com/ubuntu noble-updates/main amd64 libctf0 amd64 2.42-4ubuntu2.8 [94.5 kB]
2026-02-11T15:30:45.1811700Z Get:60 http://archive.ubuntu.com/ubuntu noble-updates/main amd64 libgprofng0 amd64 2.42-4ubuntu2.8 [849 kB]
2026-02-11T15:30:45.1877806Z Get:61 http://archive.ubuntu.com/ubuntu noble-updates/main amd64 binutils-x86-64-linux-gnu amd64 2.42-4ubuntu2.8 [2463 kB]
2026-02-11T15:30:45.2738881Z Get:62 http://archive.ubuntu.com/ubuntu noble-updates/main amd64 binutils amd64 2.42-4ubuntu2.8 [18.1 kB]
2026-02-11T15:30:45.2745435Z Get:63 http://archive.ubuntu.com/ubuntu noble-updates/main amd64 libc-dev-bin amd64 2.39-0ubuntu8.7 [20.4 kB]
2026-02-11T15:30:45.2750788Z Get:64 http://archive.ubuntu.com/ubuntu noble-updates/main amd64 linux-libc-dev amd64 6.8.0-100.100 [2042 kB]
2026-02-11T15:30:45.2910179Z Get:65 http://archive.ubuntu.com/ubuntu noble/main amd64 libcrypt-dev amd64 1:4.4.36-4build1 [112 kB]
2026-02-11T15:30:45.2920111Z Get:66 http://archive.ubuntu.com/ubuntu noble/main amd64 rpcsvc-proto amd64 1.4.2-0ubuntu7 [67.4 kB]
2026-02-11T15:30:45.2930033Z Get:67 http://archive.ubuntu.com/ubuntu noble-updates/main amd64 libc6-dev amd64 2.39-0ubuntu8.7 [2124 kB]
2026-02-11T15:30:45.3686278Z Get:68 http://archive.ubuntu.com/ubuntu noble-updates/main amd64 gcc-13-base amd64 13.3.0-6ubuntu2~24.04 [51.5 kB]
2026-02-11T15:30:45.3696763Z Get:69 http://archive.ubuntu.com/ubuntu noble-updates/main amd64 libisl23 amd64 0.26-3build1.1 [680 kB]
2026-02-11T15:30:45.3749218Z Get:70 http://archive.ubuntu.com/ubuntu noble-updates/main amd64 libmpfr6 amd64 4.2.1-1build1.1 [353 kB]
2026-02-11T15:30:45.3778784Z Get:71 http://archive.ubuntu.com/ubuntu noble-updates/main amd64 libmpc3 amd64 1.3.1-1build1.1 [54.6 kB]
2026-02-11T15:30:45.4634723Z Get:72 http://archive.ubuntu.com/ubuntu noble-updates/main amd64 cpp-13-x86-64-linux-gnu amd64 13.3.0-6ubuntu2~24.04 [10.7 MB]
2026-02-11T15:30:45.6957899Z Get:73 http://archive.ubuntu.com/ubuntu noble-updates/main amd64 cpp-13 amd64 13.3.0-6ubuntu2~24.04 [1038 B]
2026-02-11T15:30:45.6959305Z Get:74 http://archive.ubuntu.com/ubuntu noble/main amd64 cpp-x86-64-linux-gnu amd64 4:13.2.0-7ubuntu1 [5326 B]
2026-02-11T15:30:45.6960232Z Get:75 http://archive.ubuntu.com/ubuntu noble/main amd64 cpp amd64 4:13.2.0-7ubuntu1 [22.4 kB]
2026-02-11T15:30:45.6966795Z Get:76 http://archive.ubuntu.com/ubuntu noble-updates/main amd64 libcc1-0 amd64 14.2.0-4ubuntu2~24.04 [48.0 kB]
2026-02-11T15:30:45.6973096Z Get:77 http://archive.ubuntu.com/ubuntu noble-updates/main amd64 libgomp1 amd64 14.2.0-4ubuntu2~24.04 [148 kB]
2026-02-11T15:30:45.6987069Z Get:78 http://archive.ubuntu.com/ubuntu noble-updates/main amd64 libitm1 amd64 14.2.0-4ubuntu2~24.04 [29.7 kB]
2026-02-11T15:30:45.6992163Z Get:79 http://archive.ubuntu.com/ubuntu noble-updates/main amd64 libatomic1 amd64 14.2.0-4ubuntu2~24.04 [10.5 kB]
2026-02-11T15:30:45.6997125Z Get:80 http://archive.ubuntu.com/ubuntu noble-updates/main amd64 libasan8 amd64 14.2.0-4ubuntu2~24.04 [3031 kB]
2026-02-11T15:30:45.7660484Z Get:81 http://archive.ubuntu.com/ubuntu noble-updates/main amd64 liblsan0 amd64 14.2.0-4ubuntu2~24.04 [1322 kB]
2026-02-11T15:30:45.8855178Z Get:82 http://archive.ubuntu.com/ubuntu noble-updates/main amd64 libtsan2 amd64 14.2.0-4ubuntu2~24.04 [2772 kB]
2026-02-11T15:30:45.9463031Z Get:83 http://archive.ubuntu.com/ubuntu noble-updates/main amd64 libubsan1 amd64 14.2.0-4ubuntu2~24.04 [1184 kB]
2026-02-11T15:30:45.9709911Z Get:84 http://archive.ubuntu.com/ubuntu noble-updates/main amd64 libhwasan0 amd64 14.2.0-4ubuntu2~24.04 [1641 kB]
2026-02-11T15:30:46.0062303Z Get:85 http://archive.ubuntu.com/ubuntu noble-updates/main amd64 libquadmath0 amd64 14.2.0-4ubuntu2~24.04 [153 kB]
2026-02-11T15:30:46.0095945Z Get:86 http://archive.ubuntu.com/ubuntu noble-updates/main amd64 libgcc-13-dev amd64 13.3.0-6ubuntu2~24.04 [2681 kB]
2026-02-11T15:30:46.0680306Z Get:87 http://archive.ubuntu.com/ubuntu noble-updates/main amd64 gcc-13-x86-64-linux-gnu amd64 13.3.0-6ubuntu2~24.04 [21.1 MB]
2026-02-11T15:30:46.5247818Z Get:88 http://archive.ubuntu.com/ubuntu noble-updates/main amd64 gcc-13 amd64 13.3.0-6ubuntu2~24.04 [494 kB]
2026-02-11T15:30:46.5325462Z Get:89 http://archive.ubuntu.com/ubuntu noble/main amd64 gcc-x86-64-linux-gnu amd64 4:13.2.0-7ubuntu1 [1212 B]
2026-02-11T15:30:46.5328422Z Get:90 http://archive.ubuntu.com/ubuntu noble/main amd64 gcc amd64 4:13.2.0-7ubuntu1 [5018 B]
2026-02-11T15:30:46.5330040Z Get:91 http://archive.ubuntu.com/ubuntu noble-updates/main amd64 libstdc++-13-dev amd64 13.3.0-6ubuntu2~24.04 [2420 kB]
2026-02-11T15:30:46.5851721Z Get:92 http://archive.ubuntu.com/ubuntu noble-updates/main amd64 g++-13-x86-64-linux-gnu amd64 13.3.0-6ubuntu2~24.04 [12.2 MB]
2026-02-11T15:30:46.8614528Z Get:93 http://archive.ubuntu.com/ubuntu noble-updates/main amd64 g++-13 amd64 13.3.0-6ubuntu2~24.04 [16.1 kB]
2026-02-11T15:30:46.8617375Z Get:94 http://archive.ubuntu.com/ubuntu noble/main amd64 g++-x86-64-linux-gnu amd64 4:13.2.0-7ubuntu1 [964 B]
2026-02-11T15:30:46.8618903Z Get:95 http://archive.ubuntu.com/ubuntu noble/main amd64 g++ amd64 4:13.2.0-7ubuntu1 [1100 B]
2026-02-11T15:30:46.8623718Z Get:96 http://archive.ubuntu.com/ubuntu noble/main amd64 make amd64 4.3-4.1build2 [180 kB]
2026-02-11T15:30:46.8637554Z Get:97 http://archive.ubuntu.com/ubuntu noble-updates/main amd64 libdpkg-perl all 1.22.6ubuntu6.5 [269 kB]
2026-02-11T15:30:46.8674938Z Get:98 http://archive.ubuntu.com/ubuntu noble-updates/main amd64 bzip2 amd64 1.0.8-5.1build0.1 [34.5 kB]
2026-02-11T15:30:46.8679222Z Get:99 http://archive.ubuntu.com/ubuntu noble/main amd64 patch amd64 2.7.6-7build3 [104 kB]
2026-02-11T15:30:46.8690769Z Get:100 http://archive.ubuntu.com/ubuntu noble/main amd64 lto-disabled-list all 47 [12.4 kB]
2026-02-11T15:30:46.8694269Z Get:101 http://archive.ubuntu.com/ubuntu noble-updates/main amd64 dpkg-dev all 1.22.6ubuntu6.5 [1074 kB]
2026-02-11T15:30:47.0796608Z Get:102 http://archive.ubuntu.com/ubuntu noble/main amd64 build-essential amd64 12.10ubuntu1 [4928 B]
2026-02-11T15:30:47.1720616Z Get:103 http://archive.ubuntu.com/ubuntu noble-updates/main amd64 gpgconf amd64 2.4.4-2ubuntu17.4 [104 kB]
2026-02-11T15:30:47.4154803Z Get:104 http://archive.ubuntu.com/ubuntu noble/main amd64 libksba8 amd64 1.6.6-1build1 [122 kB]
2026-02-11T15:30:47.5172228Z Get:105 http://archive.ubuntu.com/ubuntu noble-updates/main amd64 libsasl2-modules-db amd64 2.1.28+dfsg1-5ubuntu3.1 [20.4 kB]
2026-02-11T15:30:47.5282854Z Get:106 http://archive.ubuntu.com/ubuntu noble-updates/main amd64 libsasl2-2 amd64 2.1.28+dfsg1-5ubuntu3.1 [53.2 kB]
2026-02-11T15:30:47.5556785Z Get:107 http://archive.ubuntu.com/ubuntu noble-updates/main amd64 libldap2 amd64 2.6.10+dfsg-0ubuntu0.24.04.1 [198 kB]
2026-02-11T15:30:47.6230797Z Get:108 http://archive.ubuntu.com/ubuntu noble-updates/main amd64 dirmngr amd64 2.4.4-2ubuntu17.4 [323 kB]
2026-02-11T15:30:47.6882221Z Get:109 http://archive.ubuntu.com/ubuntu noble/main amd64 libfakeroot amd64 1.33-1 [32.4 kB]
2026-02-11T15:30:47.6935297Z Get:110 http://archive.ubuntu.com/ubuntu noble/main amd64 fakeroot amd64 1.33-1 [67.2 kB]
2026-02-11T15:30:47.7031042Z Get:111 http://archive.ubuntu.com/ubuntu noble/main amd64 fonts-dejavu-mono all 2.37-8 [502 kB]
2026-02-11T15:30:47.7606600Z Get:112 http://archive.ubuntu.com/ubuntu noble/main amd64 fonts-dejavu-core all 2.37-8 [835 kB]
2026-02-11T15:30:47.8257117Z Get:113 http://archive.ubuntu.com/ubuntu noble/main amd64 fontconfig-config amd64 2.15.0-1.1ubuntu2 [37.3 kB]
2026-02-11T15:30:47.8259103Z Get:114 http://archive.ubuntu.com/ubuntu noble/main amd64 libbrotli1 amd64 1.1.0-2build2 [331 kB]
2026-02-11T15:30:47.8407076Z Get:115 http://archive.ubuntu.com/ubuntu noble/main amd64 librtmp1 amd64 2.4+20151223.gitfa8646d.1-2build7 [56.3 kB]
2026-02-11T15:30:47.8428540Z Get:116 http://archive.ubuntu.com/ubuntu noble-updates/main amd64 libssh-4 amd64 0.10.6-2ubuntu0.2 [188 kB]
2026-02-11T15:30:47.8521494Z Get:117 http://archive.ubuntu.com/ubuntu noble-updates/main amd64 libcurl3t64-gnutls amd64 8.5.0-2ubuntu10.6 [333 kB]
2026-02-11T15:30:47.8666133Z Get:118 http://archive.ubuntu.com/ubuntu noble/main amd64 liberror-perl all 0.17029-2 [25.6 kB]
2026-02-11T15:30:47.8674751Z Get:119 http://archive.ubuntu.com/ubuntu noble-updates/main amd64 git-man all 1:2.43.0-1ubuntu7.3 [1100 kB]
2026-02-11T15:30:47.9233577Z Get:120 http://archive.ubuntu.com/ubuntu noble-updates/main amd64 git amd64 1:2.43.0-1ubuntu7.3 [3680 kB]
2026-02-11T15:30:47.9961053Z Get:121 http://archive.ubuntu.com/ubuntu noble-updates/main amd64 gnupg-utils amd64 2.4.4-2ubuntu17.4 [109 kB]
2026-02-11T15:30:48.0069173Z Get:122 http://archive.ubuntu.com/ubuntu noble-updates/main amd64 gpg amd64 2.4.4-2ubuntu17.4 [565 kB]
2026-02-11T15:30:48.0159771Z Get:123 http://archive.ubuntu.com/ubuntu noble/main amd64 pinentry-curses amd64 1.2.1-3ubuntu5 [35.2 kB]
2026-02-11T15:30:48.0163247Z Get:124 http://archive.ubuntu.com/ubuntu noble-updates/main amd64 gpg-agent amd64 2.4.4-2ubuntu17.4 [227 kB]
2026-02-11T15:30:48.0210786Z Get:125 http://archive.ubuntu.com/ubuntu noble-updates/main amd64 gpgsm amd64 2.4.4-2ubuntu17.4 [232 kB]
2026-02-11T15:30:48.0258654Z Get:126 http://archive.ubuntu.com/ubuntu noble-updates/main amd64 keyboxd amd64 2.4.4-2ubuntu17.4 [78.3 kB]
2026-02-11T15:30:48.0290295Z Get:127 http://archive.ubuntu.com/ubuntu noble-updates/main amd64 gnupg all 2.4.4-2ubuntu17.4 [359 kB]
2026-02-11T15:30:48.0364131Z Get:128 http://archive.ubuntu.com/ubuntu noble-updates/main amd64 gnupg-l10n all 2.4.4-2ubuntu17.4 [66.4 kB]
2026-02-11T15:30:48.0810281Z Get:129 http://archive.ubuntu.com/ubuntu noble-updates/main amd64 gpg-wks-client amd64 2.4.4-2ubuntu17.4 [70.8 kB]
2026-02-11T15:30:48.1308188Z Get:130 http://archive.ubuntu.com/ubuntu noble/main amd64 javascript-common all 11+nmu1 [5936 B]
2026-02-11T15:30:48.1311856Z Get:131 http://archive.ubuntu.com/ubuntu noble/main amd64 libalgorithm-diff-perl all 1.201-1 [41.8 kB]
2026-02-11T15:30:48.1317726Z Get:132 http://archive.ubuntu.com/ubuntu noble/main amd64 libalgorithm-diff-xs-perl amd64 0.04-8build3 [11.2 kB]
2026-02-11T15:30:48.1321044Z Get:133 http://archive.ubuntu.com/ubuntu noble/main amd64 libalgorithm-merge-perl all 0.08-5 [11.4 kB]
2026-02-11T15:30:48.1324921Z Get:134 http://archive.ubuntu.com/ubuntu noble-updates/main amd64 libaom3 amd64 3.8.2-2ubuntu0.1 [1941 kB]
2026-02-11T15:30:48.1459403Z Get:135 http://archive.ubuntu.com/ubuntu noble/main amd64 libfreetype6 amd64 2.13.2+dfsg-1build3 [402 kB]
2026-02-11T15:30:48.1484541Z Get:136 http://archive.ubuntu.com/ubuntu noble/main amd64 libfontconfig1 amd64 2.15.0-1.1ubuntu2 [139 kB]
2026-02-11T15:30:48.1495551Z Get:137 http://archive.ubuntu.com/ubuntu noble/main amd64 libsharpyuv0 amd64 1.3.2-0.4build3 [15.8 kB]
2026-02-11T15:30:48.1498285Z Get:138 http://archive.ubuntu.com/ubuntu noble-updates/main amd64 libheif-plugin-aomdec amd64 1.17.6-1ubuntu4.2 [10.6 kB]
2026-02-11T15:30:48.1735308Z Get:139 http://archive.ubuntu.com/ubuntu noble/main amd64 libde265-0 amd64 1.0.15-1build3 [166 kB]
2026-02-11T15:30:48.2648851Z Get:140 http://archive.ubuntu.com/ubuntu noble-updates/main amd64 libheif-plugin-libde265 amd64 1.17.6-1ubuntu4.2 [8174 B]
2026-02-11T15:30:48.2652513Z Get:141 http://archive.ubuntu.com/ubuntu noble-updates/main amd64 libheif1 amd64 1.17.6-1ubuntu4.2 [276 kB]
2026-02-11T15:30:48.2671100Z Get:142 http://archive.ubuntu.com/ubuntu noble/main amd64 libjpeg-turbo8 amd64 2.1.5-2ubuntu2 [150 kB]
2026-02-11T15:30:48.2681763Z Get:143 http://archive.ubuntu.com/ubuntu noble/main amd64 libjpeg8 amd64 8c-2ubuntu11 [2148 B]
2026-02-11T15:30:48.2683667Z Get:144 http://archive.ubuntu.com/ubuntu noble-updates/main amd64 libdeflate0 amd64 1.19-1build1.1 [43.9 kB]
2026-02-11T15:30:48.2688611Z Get:145 http://archive.ubuntu.com/ubuntu noble/main amd64 libjbig0 amd64 2.1-6.1ubuntu2 [29.7 kB]
2026-02-11T15:30:48.2694562Z Get:146 http://archive.ubuntu.com/ubuntu noble/main amd64 liblerc4 amd64 4.0.0+ds-4ubuntu2 [179 kB]
2026-02-11T15:30:48.2707830Z Get:147 http://archive.ubuntu.com/ubuntu noble/main amd64 libwebp7 amd64 1.3.2-0.4build3 [230 kB]
2026-02-11T15:30:48.2725290Z Get:148 http://archive.ubuntu.com/ubuntu noble-updates/main amd64 libtiff6 amd64 4.5.1+git230720-4ubuntu2.4 [199 kB]
2026-02-11T15:30:48.3562612Z Get:149 http://archive.ubuntu.com/ubuntu noble/main amd64 libxpm4 amd64 1:3.5.17-1build2 [36.5 kB]
2026-02-11T15:30:48.4475720Z Get:150 http://archive.ubuntu.com/ubuntu noble/main amd64 libgd3 amd64 2.3.3-9ubuntu5 [128 kB]
2026-02-11T15:30:48.4488321Z Get:151 http://archive.ubuntu.com/ubuntu noble-updates/main amd64 libc-devtools amd64 2.39-0ubuntu8.7 [29.3 kB]
2026-02-11T15:30:48.4489657Z Get:152 http://archive.ubuntu.com/ubuntu noble-updates/main amd64 libexpat1-dev amd64 2.6.1-2ubuntu0.3 [140 kB]
2026-02-11T15:30:48.4503849Z Get:153 http://archive.ubuntu.com/ubuntu noble/main amd64 libfile-fcntllock-perl amd64 0.22-4ubuntu5 [30.7 kB]
2026-02-11T15:30:48.4507155Z Get:154 http://archive.ubuntu.com/ubuntu noble-updates/main amd64 libheif-plugin-aomenc amd64 1.17.6-1ubuntu4.2 [14.7 kB]
2026-02-11T15:30:48.4510347Z Get:155 http://archive.ubuntu.com/ubuntu noble/main amd64 libjs-jquery all 3.6.1+dfsg+~3.5.14-1 [328 kB]
2026-02-11T15:30:48.4534470Z Get:156 http://archive.ubuntu.com/ubuntu noble/main amd64 libjs-underscore all 1.13.4~dfsg+~1.11.4-3 [118 kB]
2026-02-11T15:30:48.4541579Z Get:157 http://archive.ubuntu.com/ubuntu noble/main amd64 libjs-sphinxdoc all 7.2.6-6 [149 kB]
2026-02-11T15:30:48.4553130Z Get:158 http://archive.ubuntu.com/ubuntu noble-updates/main amd64 libldap-common all 2.6.10+dfsg-0ubuntu0.24.04.1 [32.9 kB]
2026-02-11T15:30:48.5390641Z Get:159 http://archive.ubuntu.com/ubuntu noble-updates/main amd64 libpython3.12t64 amd64 3.12.3-1ubuntu0.11 [2345 kB]
2026-02-11T15:30:48.6301502Z Get:160 http://archive.ubuntu.com/ubuntu noble-updates/main amd64 zlib1g-dev amd64 1:1.3.dfsg-3.1ubuntu2.1 [894 kB]
2026-02-11T15:30:48.6363570Z Get:161 http://archive.ubuntu.com/ubuntu noble-updates/main amd64 libpython3.12-dev amd64 3.12.3-1ubuntu0.11 [5683 kB]
2026-02-11T15:30:48.7393263Z Get:162 http://archive.ubuntu.com/ubuntu noble-updates/main amd64 libpython3-dev amd64 3.12.3-0ubuntu2.1 [10.3 kB]
2026-02-11T15:30:48.7397208Z Get:163 http://archive.ubuntu.com/ubuntu noble-updates/main amd64 libsasl2-modules amd64 2.1.28+dfsg1-5ubuntu3.1 [69.9 kB]
2026-02-11T15:30:48.7408404Z Get:164 http://archive.ubuntu.com/ubuntu noble/main amd64 manpages-dev all 6.7-2 [2013 kB]
2026-02-11T15:30:48.7551020Z Get:165 http://archive.ubuntu.com/ubuntu noble-updates/main amd64 python3.12-dev amd64 3.12.3-1ubuntu0.11 [498 kB]
2026-02-11T15:30:48.8175390Z Get:166 http://archive.ubuntu.com/ubuntu noble-updates/main amd64 python3-dev amd64 3.12.3-0ubuntu2.1 [26.7 kB]
2026-02-11T15:30:48.8178826Z Get:167 http://archive.ubuntu.com/ubuntu noble-updates/main amd64 python3-setuptools all 68.1.2-2ubuntu1.2 [397 kB]
2026-02-11T15:30:48.8209303Z Get:168 http://archive.ubuntu.com/ubuntu noble/universe amd64 python3-wheel all 0.42.0-2 [53.1 kB]
2026-02-11T15:30:48.8216868Z Get:169 http://archive.ubuntu.com/ubuntu noble-updates/universe amd64 python3-pip all 24.0+dfsg-1ubuntu1.3 [1320 kB]
2026-02-11T15:30:48.8310159Z Get:170 http://archive.ubuntu.com/ubuntu noble-updates/universe amd64 python3-pip-whl all 24.0+dfsg-1ubuntu1.3 [1707 kB]
2026-02-11T15:30:48.9040092Z Get:171 http://archive.ubuntu.com/ubuntu noble-updates/universe amd64 python3-setuptools-whl all 68.1.2-2ubuntu1.2 [716 kB]
2026-02-11T15:30:48.9090809Z Get:172 http://archive.ubuntu.com/ubuntu noble-updates/universe amd64 python3.12-venv amd64 3.12.3-1ubuntu0.11 [5680 B]
2026-02-11T15:30:48.9092344Z Get:173 http://archive.ubuntu.com/ubuntu noble-updates/universe amd64 python3-venv amd64 3.12.3-0ubuntu2.1 [1032 B]
2026-02-11T15:30:49.0881087Z debconf: delaying package configuration, since apt-utils is not installed
2026-02-11T15:30:49.1186093Z Fetched 130 MB in 6s (21.8 MB/s)
2026-02-11T15:30:49.1434369Z (Reading database ... 
2026-02-11T15:30:49.1434884Z (Reading database ... 5%
2026-02-11T15:30:49.1435220Z (Reading database ... 10%
2026-02-11T15:30:49.1435521Z (Reading database ... 15%
2026-02-11T15:30:49.1435776Z (Reading database ... 20%
2026-02-11T15:30:49.1436039Z (Reading database ... 25%
2026-02-11T15:30:49.1436849Z (Reading database ... 30%
2026-02-11T15:30:49.1437109Z (Reading database ... 35%
2026-02-11T15:30:49.1437360Z (Reading database ... 40%
2026-02-11T15:30:49.1437610Z (Reading database ... 45%
2026-02-11T15:30:49.1437866Z (Reading database ... 50%
2026-02-11T15:30:49.1438113Z (Reading database ... 55%
2026-02-11T15:30:49.1438373Z (Reading database ... 60%
2026-02-11T15:30:49.1448011Z (Reading database ... 65%
2026-02-11T15:30:49.1486789Z (Reading database ... 70%
2026-02-11T15:30:49.1522087Z (Reading database ... 75%
2026-02-11T15:30:49.1851968Z (Reading database ... 80%
2026-02-11T15:30:49.1883948Z (Reading database ... 85%
2026-02-11T15:30:49.1910924Z (Reading database ... 90%
2026-02-11T15:30:49.2515749Z (Reading database ... 95%
2026-02-11T15:30:49.2516383Z (Reading database ... 100%
2026-02-11T15:30:49.2517280Z (Reading database ... 4381 files and directories currently installed.)
2026-02-11T15:30:49.2521798Z Preparing to unpack .../libc6_2.39-0ubuntu8.7_amd64.deb ...
2026-02-11T15:30:49.3343746Z debconf: unable to initialize frontend: Dialog
2026-02-11T15:30:49.3344392Z debconf: (TERM is not set, so the dialog frontend is not usable.)
2026-02-11T15:30:49.3344860Z debconf: falling back to frontend: Readline
2026-02-11T15:30:49.3348111Z debconf: unable to initialize frontend: Readline
2026-02-11T15:30:49.3362782Z debconf: (Can't locate Term/ReadLine.pm in @INC (you may need to install the Term::ReadLine module) (@INC entries checked: /etc/perl /usr/local/lib/x86_64-linux-gnu/perl/5.38.2 /usr/local/share/perl/5.38.2 /usr/lib/x86_64-linux-gnu/perl5/5.38 /usr/share/perl5 /usr/lib/x86_64-linux-gnu/perl-base /usr/lib/x86_64-linux-gnu/perl/5.38 /usr/share/perl/5.38 /usr/local/lib/site_perl) at /usr/share/perl5/Debconf/FrontEnd/Readline.pm line 8.)
2026-02-11T15:30:49.3364878Z debconf: falling back to frontend: Teletype
2026-02-11T15:30:49.3731062Z Unpacking libc6:amd64 (2.39-0ubuntu8.7) over (2.39-0ubuntu8.6) ...
2026-02-11T15:30:50.4829876Z Setting up libc6:amd64 (2.39-0ubuntu8.7) ...
2026-02-11T15:30:50.5438023Z debconf: unable to initialize frontend: Dialog
2026-02-11T15:30:50.5438882Z debconf: (TERM is not set, so the dialog frontend is not usable.)
2026-02-11T15:30:50.5439672Z debconf: falling back to frontend: Readline
2026-02-11T15:30:50.5440345Z debconf: unable to initialize frontend: Readline
2026-02-11T15:30:50.5504432Z debconf: (Can't locate Term/ReadLine.pm in @INC (you may need to install the Term::ReadLine module) (@INC entries checked: /etc/perl /usr/local/lib/x86_64-linux-gnu/perl/5.38.2 /usr/local/share/perl/5.38.2 /usr/lib/x86_64-linux-gnu/perl5/5.38 /usr/share/perl5 /usr/lib/x86_64-linux-gnu/perl-base /usr/lib/x86_64-linux-gnu/perl/5.38 /usr/share/perl/5.38 /usr/local/lib/site_perl) at /usr/share/perl5/Debconf/FrontEnd/Readline.pm line 8.)
2026-02-11T15:30:50.5506215Z debconf: falling back to frontend: Teletype
2026-02-11T15:30:51.6111850Z (Reading database ... 
2026-02-11T15:30:51.6112477Z (Reading database ... 5%
2026-02-11T15:30:51.6112813Z (Reading database ... 10%
2026-02-11T15:30:51.6113138Z (Reading database ... 15%
2026-02-11T15:30:51.6113606Z (Reading database ... 20%
2026-02-11T15:30:51.6113907Z (Reading database ... 25%
2026-02-11T15:30:51.6114180Z (Reading database ... 30%
2026-02-11T15:30:51.6114462Z (Reading database ... 35%
2026-02-11T15:30:51.6114736Z (Reading database ... 40%
2026-02-11T15:30:51.6115018Z (Reading database ... 45%
2026-02-11T15:30:51.6115294Z (Reading database ... 50%
2026-02-11T15:30:51.6115578Z (Reading database ... 55%
2026-02-11T15:30:51.6116065Z (Reading database ... 60%
2026-02-11T15:30:51.6122298Z (Reading database ... 65%
2026-02-11T15:30:51.6127640Z (Reading database ... 70%
2026-02-11T15:30:51.6130310Z (Reading database ... 75%
2026-02-11T15:30:51.6136866Z (Reading database ... 80%
2026-02-11T15:30:51.6139759Z (Reading database ... 85%
2026-02-11T15:30:51.6142063Z (Reading database ... 90%
2026-02-11T15:30:51.6145036Z (Reading database ... 95%
2026-02-11T15:30:51.6145535Z (Reading database ... 100%
2026-02-11T15:30:51.6146386Z (Reading database ... 4381 files and directories currently installed.)
2026-02-11T15:30:51.6151633Z Preparing to unpack .../libc-bin_2.39-0ubuntu8.7_amd64.deb ...
2026-02-11T15:30:51.6182900Z Unpacking libc-bin (2.39-0ubuntu8.7) over (2.39-0ubuntu8.6) ...
2026-02-11T15:30:51.7576022Z Setting up libc-bin (2.39-0ubuntu8.7) ...
2026-02-11T15:30:51.8112668Z Selecting previously unselected package liblocale-gettext-perl.
2026-02-11T15:30:51.8120973Z (Reading database ... 
2026-02-11T15:30:51.8121456Z (Reading database ... 5%
2026-02-11T15:30:51.8121701Z (Reading database ... 10%
2026-02-11T15:30:51.8121924Z (Reading database ... 15%
2026-02-11T15:30:51.8122150Z (Reading database ... 20%
2026-02-11T15:30:51.8122369Z (Reading database ... 25%
2026-02-11T15:30:51.8122583Z (Reading database ... 30%
2026-02-11T15:30:51.8122802Z (Reading database ... 35%
2026-02-11T15:30:51.8123015Z (Reading database ... 40%
2026-02-11T15:30:51.8123234Z (Reading database ... 45%
2026-02-11T15:30:51.8123781Z (Reading database ... 50%
2026-02-11T15:30:51.8124108Z (Reading database ... 55%
2026-02-11T15:30:51.8124407Z (Reading database ... 60%
2026-02-11T15:30:51.8131497Z (Reading database ... 65%
2026-02-11T15:30:51.8137471Z (Reading database ... 70%
2026-02-11T15:30:51.8139972Z (Reading database ... 75%
2026-02-11T15:30:51.8146668Z (Reading database ... 80%
2026-02-11T15:30:51.8149843Z (Reading database ... 85%
2026-02-11T15:30:51.8151991Z (Reading database ... 90%
2026-02-11T15:30:51.8156265Z (Reading database ... 95%
2026-02-11T15:30:51.8156647Z (Reading database ... 100%
2026-02-11T15:30:51.8157184Z (Reading database ... 4381 files and directories currently installed.)
2026-02-11T15:30:51.8161322Z Preparing to unpack .../liblocale-gettext-perl_1.07-6ubuntu5_amd64.deb ...
2026-02-11T15:30:51.8172033Z Unpacking liblocale-gettext-perl (1.07-6ubuntu5) ...
2026-02-11T15:30:51.8348502Z Preparing to unpack .../libssl3t64_3.0.13-0ubuntu3.7_amd64.deb ...
2026-02-11T15:30:51.8390014Z Unpacking libssl3t64:amd64 (3.0.13-0ubuntu3.7) over (3.0.13-0ubuntu3.6) ...
2026-02-11T15:30:51.9070475Z Setting up libssl3t64:amd64 (3.0.13-0ubuntu3.7) ...
2026-02-11T15:30:51.9242012Z Selecting previously unselected package libpython3.12-minimal:amd64.
2026-02-11T15:30:51.9250430Z (Reading database ... 
2026-02-11T15:30:51.9250869Z (Reading database ... 5%
2026-02-11T15:30:51.9251264Z (Reading database ... 10%
2026-02-11T15:30:51.9251641Z (Reading database ... 15%
2026-02-11T15:30:51.9252020Z (Reading database ... 20%
2026-02-11T15:30:51.9252449Z (Reading database ... 25%
2026-02-11T15:30:51.9252720Z (Reading database ... 30%
2026-02-11T15:30:51.9252975Z (Reading database ... 35%
2026-02-11T15:30:51.9253224Z (Reading database ... 40%
2026-02-11T15:30:51.9253727Z (Reading database ... 45%
2026-02-11T15:30:51.9254051Z (Reading database ... 50%
2026-02-11T15:30:51.9254301Z (Reading database ... 55%
2026-02-11T15:30:51.9254554Z (Reading database ... 60%
2026-02-11T15:30:51.9262041Z (Reading database ... 65%
2026-02-11T15:30:51.9267675Z (Reading database ... 70%
2026-02-11T15:30:51.9270530Z (Reading database ... 75%
2026-02-11T15:30:51.9276816Z (Reading database ... 80%
2026-02-11T15:30:51.9279708Z (Reading database ... 85%
2026-02-11T15:30:51.9282562Z (Reading database ... 90%
2026-02-11T15:30:51.9285862Z (Reading database ... 95%
2026-02-11T15:30:51.9286308Z (Reading database ... 100%
2026-02-11T15:30:51.9286740Z (Reading database ... 4395 files and directories currently installed.)
2026-02-11T15:30:51.9291051Z Preparing to unpack .../libpython3.12-minimal_3.12.3-1ubuntu0.11_amd64.deb ...
2026-02-11T15:30:51.9303644Z Unpacking libpython3.12-minimal:amd64 (3.12.3-1ubuntu0.11) ...
2026-02-11T15:30:52.0042083Z Selecting previously unselected package libexpat1:amd64.
2026-02-11T15:30:52.0051954Z Preparing to unpack .../libexpat1_2.6.1-2ubuntu0.3_amd64.deb ...
2026-02-11T15:30:52.0062166Z Unpacking libexpat1:amd64 (2.6.1-2ubuntu0.3) ...
2026-02-11T15:30:52.0228424Z Selecting previously unselected package python3.12-minimal.
2026-02-11T15:30:52.0237707Z Preparing to unpack .../python3.12-minimal_3.12.3-1ubuntu0.11_amd64.deb ...
2026-02-11T15:30:52.0459600Z Unpacking python3.12-minimal (3.12.3-1ubuntu0.11) ...
2026-02-11T15:30:52.0917013Z Setting up libpython3.12-minimal:amd64 (3.12.3-1ubuntu0.11) ...
2026-02-11T15:30:52.0974817Z Setting up libexpat1:amd64 (2.6.1-2ubuntu0.3) ...
2026-02-11T15:30:52.1004436Z Setting up python3.12-minimal (3.12.3-1ubuntu0.11) ...
2026-02-11T15:30:52.8279899Z Selecting previously unselected package python3-minimal.
2026-02-11T15:30:52.8288129Z (Reading database ... 
2026-02-11T15:30:52.8288870Z (Reading database ... 5%
2026-02-11T15:30:52.8289535Z (Reading database ... 10%
2026-02-11T15:30:52.8289958Z (Reading database ... 15%
2026-02-11T15:30:52.8290381Z (Reading database ... 20%
2026-02-11T15:30:52.8290779Z (Reading database ... 25%
2026-02-11T15:30:52.8291185Z (Reading database ... 30%
2026-02-11T15:30:52.8291525Z (Reading database ... 35%
2026-02-11T15:30:52.8291794Z (Reading database ... 40%
2026-02-11T15:30:52.8292047Z (Reading database ... 45%
2026-02-11T15:30:52.8292463Z (Reading database ... 50%
2026-02-11T15:30:52.8292880Z (Reading database ... 55%
2026-02-11T15:30:52.8293281Z (Reading database ... 60%
2026-02-11T15:30:52.8294107Z (Reading database ... 65%
2026-02-11T15:30:52.8298430Z (Reading database ... 70%
2026-02-11T15:30:52.8301180Z (Reading database ... 75%
2026-02-11T15:30:52.8307037Z (Reading database ... 80%
2026-02-11T15:30:52.8309990Z (Reading database ... 85%
2026-02-11T15:30:52.8312624Z (Reading database ... 90%
2026-02-11T15:30:52.8315099Z (Reading database ... 95%
2026-02-11T15:30:52.8315465Z (Reading database ... 100%
2026-02-11T15:30:52.8315977Z (Reading database ... 4714 files and directories currently installed.)
2026-02-11T15:30:52.8320589Z Preparing to unpack .../0-python3-minimal_3.12.3-0ubuntu2.1_amd64.deb ...
2026-02-11T15:30:52.8333733Z Unpacking python3-minimal (3.12.3-0ubuntu2.1) ...
2026-02-11T15:30:52.8495553Z Selecting previously unselected package media-types.
2026-02-11T15:30:52.8504075Z Preparing to unpack .../1-media-types_10.1.0_all.deb ...
2026-02-11T15:30:52.8515181Z Unpacking media-types (10.1.0) ...
2026-02-11T15:30:52.8665136Z Selecting previously unselected package netbase.
2026-02-11T15:30:52.8674113Z Preparing to unpack .../2-netbase_6.4_all.deb ...
2026-02-11T15:30:52.8683685Z Unpacking netbase (6.4) ...
2026-02-11T15:30:52.8834836Z Selecting previously unselected package tzdata.
2026-02-11T15:30:52.8843594Z Preparing to unpack .../3-tzdata_2025b-0ubuntu0.24.04.1_all.deb ...
2026-02-11T15:30:52.8852757Z Unpacking tzdata (2025b-0ubuntu0.24.04.1) ...
2026-02-11T15:30:52.9757187Z Selecting previously unselected package readline-common.
2026-02-11T15:30:52.9766353Z Preparing to unpack .../4-readline-common_8.2-4build1_all.deb ...
2026-02-11T15:30:52.9774936Z Unpacking readline-common (8.2-4build1) ...
2026-02-11T15:30:52.9925335Z Selecting previously unselected package libreadline8t64:amd64.
2026-02-11T15:30:52.9935112Z Preparing to unpack .../5-libreadline8t64_8.2-4build1_amd64.deb ...
2026-02-11T15:30:52.9971792Z Adding 'diversion of /lib/x86_64-linux-gnu/libhistory.so.8 to /lib/x86_64-linux-gnu/libhistory.so.8.usr-is-merged by libreadline8t64'
2026-02-11T15:30:53.0007318Z Adding 'diversion of /lib/x86_64-linux-gnu/libhistory.so.8.2 to /lib/x86_64-linux-gnu/libhistory.so.8.2.usr-is-merged by libreadline8t64'
2026-02-11T15:30:53.0037605Z Adding 'diversion of /lib/x86_64-linux-gnu/libreadline.so.8 to /lib/x86_64-linux-gnu/libreadline.so.8.usr-is-merged by libreadline8t64'
2026-02-11T15:30:53.0066628Z Adding 'diversion of /lib/x86_64-linux-gnu/libreadline.so.8.2 to /lib/x86_64-linux-gnu/libreadline.so.8.2.usr-is-merged by libreadline8t64'
2026-02-11T15:30:53.0079540Z Unpacking libreadline8t64:amd64 (8.2-4build1) ...
2026-02-11T15:30:53.0241525Z Selecting previously unselected package libsqlite3-0:amd64.
2026-02-11T15:30:53.0251841Z Preparing to unpack .../6-libsqlite3-0_3.45.1-1ubuntu2.5_amd64.deb ...
2026-02-11T15:30:53.0260577Z Unpacking libsqlite3-0:amd64 (3.45.1-1ubuntu2.5) ...
2026-02-11T15:30:53.0464938Z Selecting previously unselected package libpython3.12-stdlib:amd64.
2026-02-11T15:30:53.0474246Z Preparing to unpack .../7-libpython3.12-stdlib_3.12.3-1ubuntu0.11_amd64.deb ...
2026-02-11T15:30:53.0483137Z Unpacking libpython3.12-stdlib:amd64 (3.12.3-1ubuntu0.11) ...
2026-02-11T15:30:53.1465865Z Selecting previously unselected package python3.12.
2026-02-11T15:30:53.1476325Z Preparing to unpack .../8-python3.12_3.12.3-1ubuntu0.11_amd64.deb ...
2026-02-11T15:30:53.1486449Z Unpacking python3.12 (3.12.3-1ubuntu0.11) ...
2026-02-11T15:30:53.1646676Z Selecting previously unselected package libpython3-stdlib:amd64.
2026-02-11T15:30:53.1656904Z Preparing to unpack .../9-libpython3-stdlib_3.12.3-0ubuntu2.1_amd64.deb ...
2026-02-11T15:30:53.1666142Z Unpacking libpython3-stdlib:amd64 (3.12.3-0ubuntu2.1) ...
2026-02-11T15:30:53.1816296Z Setting up python3-minimal (3.12.3-0ubuntu2.1) ...
2026-02-11T15:30:53.3073794Z Selecting previously unselected package python3.
2026-02-11T15:30:53.3082869Z (Reading database ... 
2026-02-11T15:30:53.3083661Z (Reading database ... 5%
2026-02-11T15:30:53.3084151Z (Reading database ... 10%
2026-02-11T15:30:53.3084630Z (Reading database ... 15%
2026-02-11T15:30:53.3085094Z (Reading database ... 20%
2026-02-11T15:30:53.3085557Z (Reading database ... 25%
2026-02-11T15:30:53.3086011Z (Reading database ... 30%
2026-02-11T15:30:53.3086469Z (Reading database ... 35%
2026-02-11T15:30:53.3086916Z (Reading database ... 40%
2026-02-11T15:30:53.3087477Z (Reading database ... 45%
2026-02-11T15:30:53.3087765Z (Reading database ... 50%
2026-02-11T15:30:53.3088040Z (Reading database ... 55%
2026-02-11T15:30:53.3088318Z (Reading database ... 60%
2026-02-11T15:30:53.3095128Z (Reading database ... 65%
2026-02-11T15:30:53.3101850Z (Reading database ... 70%
2026-02-11T15:30:53.3106381Z (Reading database ... 75%
2026-02-11T15:30:53.3109745Z (Reading database ... 80%
2026-02-11T15:30:53.3114986Z (Reading database ... 85%
2026-02-11T15:30:53.3117711Z (Reading database ... 90%
2026-02-11T15:30:53.3123973Z (Reading database ... 95%
2026-02-11T15:30:53.3124357Z (Reading database ... 100%
2026-02-11T15:30:53.3124867Z (Reading database ... 5720 files and directories currently installed.)
2026-02-11T15:30:53.3129226Z Preparing to unpack .../0-python3_3.12.3-0ubuntu2.1_amd64.deb ...
2026-02-11T15:30:53.3272975Z Unpacking python3 (3.12.3-0ubuntu2.1) ...
2026-02-11T15:30:53.3426335Z Selecting previously unselected package perl-modules-5.38.
2026-02-11T15:30:53.3437314Z Preparing to unpack .../1-perl-modules-5.38_5.38.2-3.2ubuntu0.2_all.deb ...
2026-02-11T15:30:53.3445802Z Unpacking perl-modules-5.38 (5.38.2-3.2ubuntu0.2) ...
2026-02-11T15:30:53.6162574Z Selecting previously unselected package libgdbm6t64:amd64.
2026-02-11T15:30:53.6176564Z Preparing to unpack .../2-libgdbm6t64_1.23-5.1build1_amd64.deb ...
2026-02-11T15:30:53.6184585Z Unpacking libgdbm6t64:amd64 (1.23-5.1build1) ...
2026-02-11T15:30:53.6331590Z Selecting previously unselected package libgdbm-compat4t64:amd64.
2026-02-11T15:30:53.6342572Z Preparing to unpack .../3-libgdbm-compat4t64_1.23-5.1build1_amd64.deb ...
2026-02-11T15:30:53.6352286Z Unpacking libgdbm-compat4t64:amd64 (1.23-5.1build1) ...
2026-02-11T15:30:53.6503135Z Selecting previously unselected package libperl5.38t64:amd64.
2026-02-11T15:30:53.6515655Z Preparing to unpack .../4-libperl5.38t64_5.38.2-3.2ubuntu0.2_amd64.deb ...
2026-02-11T15:30:53.6527954Z Unpacking libperl5.38t64:amd64 (5.38.2-3.2ubuntu0.2) ...
2026-02-11T15:30:53.8401316Z Selecting previously unselected package perl.
2026-02-11T15:30:53.8414774Z Preparing to unpack .../5-perl_5.38.2-3.2ubuntu0.2_amd64.deb ...
2026-02-11T15:30:53.8480029Z Unpacking perl (5.38.2-3.2ubuntu0.2) ...
2026-02-11T15:30:53.8727978Z Selecting previously unselected package adduser.
2026-02-11T15:30:53.8740272Z Preparing to unpack .../6-adduser_3.137ubuntu1_all.deb ...
2026-02-11T15:30:53.8761758Z Unpacking adduser (3.137ubuntu1) ...
2026-02-11T15:30:53.9000956Z Setting up adduser (3.137ubuntu1) ...
2026-02-11T15:30:53.9261803Z Selecting previously unselected package openssl.
2026-02-11T15:30:53.9271846Z (Reading database ... 
2026-02-11T15:30:53.9272428Z (Reading database ... 5%
2026-02-11T15:30:53.9273111Z (Reading database ... 10%
2026-02-11T15:30:53.9273720Z (Reading database ... 15%
2026-02-11T15:30:53.9274152Z (Reading database ... 20%
2026-02-11T15:30:53.9274560Z (Reading database ... 25%
2026-02-11T15:30:53.9274985Z (Reading database ... 30%
2026-02-11T15:30:53.9275282Z (Reading database ... 35%
2026-02-11T15:30:53.9275552Z (Reading database ... 40%
2026-02-11T15:30:53.9275809Z (Reading database ... 45%
2026-02-11T15:30:53.9276061Z (Reading database ... 50%
2026-02-11T15:30:53.9276318Z (Reading database ... 55%
2026-02-11T15:30:53.9276566Z (Reading database ... 60%
2026-02-11T15:30:53.9276816Z (Reading database ... 65%
2026-02-11T15:30:53.9285638Z (Reading database ... 70%
2026-02-11T15:30:53.9295172Z (Reading database ... 75%
2026-02-11T15:30:53.9300993Z (Reading database ... 80%
2026-02-11T15:30:53.9308634Z (Reading database ... 85%
2026-02-11T15:30:53.9311872Z (Reading database ... 90%
2026-02-11T15:30:53.9315908Z (Reading database ... 95%
2026-02-11T15:30:53.9316307Z (Reading database ... 100%
2026-02-11T15:30:53.9316871Z (Reading database ... 7801 files and directories currently installed.)
2026-02-11T15:30:53.9322186Z Preparing to unpack .../000-openssl_3.0.13-0ubuntu3.7_amd64.deb ...
2026-02-11T15:30:53.9333214Z Unpacking openssl (3.0.13-0ubuntu3.7) ...
2026-02-11T15:30:53.9690335Z Selecting previously unselected package ca-certificates.
2026-02-11T15:30:53.9702713Z Preparing to unpack .../001-ca-certificates_20240203_all.deb ...
2026-02-11T15:30:53.9713060Z Unpacking ca-certificates (20240203) ...
2026-02-11T15:30:54.0160599Z Selecting previously unselected package krb5-locales.
2026-02-11T15:30:54.0175082Z Preparing to unpack .../002-krb5-locales_1.20.1-6ubuntu2.6_all.deb ...
2026-02-11T15:30:54.0181837Z Unpacking krb5-locales (1.20.1-6ubuntu2.6) ...
2026-02-11T15:30:54.0317242Z Selecting previously unselected package less.
2026-02-11T15:30:54.0329581Z Preparing to unpack .../003-less_590-2ubuntu2.1_amd64.deb ...
2026-02-11T15:30:54.0349114Z Unpacking less (590-2ubuntu2.1) ...
2026-02-11T15:30:54.0527142Z Selecting previously unselected package libbsd0:amd64.
2026-02-11T15:30:54.0539465Z Preparing to unpack .../004-libbsd0_0.12.1-1build1.1_amd64.deb ...
2026-02-11T15:30:54.0548813Z Unpacking libbsd0:amd64 (0.12.1-1build1.1) ...
2026-02-11T15:30:54.0692102Z Selecting previously unselected package libkrb5support0:amd64.
2026-02-11T15:30:54.0705723Z Preparing to unpack .../005-libkrb5support0_1.20.1-6ubuntu2.6_amd64.deb ...
2026-02-11T15:30:54.0714158Z Unpacking libkrb5support0:amd64 (1.20.1-6ubuntu2.6) ...
2026-02-11T15:30:54.0857652Z Selecting previously unselected package libk5crypto3:amd64.
2026-02-11T15:30:54.0869794Z Preparing to unpack .../006-libk5crypto3_1.20.1-6ubuntu2.6_amd64.deb ...
2026-02-11T15:30:54.0878013Z Unpacking libk5crypto3:amd64 (1.20.1-6ubuntu2.6) ...
2026-02-11T15:30:54.1022336Z Selecting previously unselected package libkeyutils1:amd64.
2026-02-11T15:30:54.1035176Z Preparing to unpack .../007-libkeyutils1_1.6.3-3build1_amd64.deb ...
2026-02-11T15:30:54.1043879Z Unpacking libkeyutils1:amd64 (1.6.3-3build1) ...
2026-02-11T15:30:54.1178863Z Selecting previously unselected package libkrb5-3:amd64.
2026-02-11T15:30:54.1191386Z Preparing to unpack .../008-libkrb5-3_1.20.1-6ubuntu2.6_amd64.deb ...
2026-02-11T15:30:54.1200029Z Unpacking libkrb5-3:amd64 (1.20.1-6ubuntu2.6) ...
2026-02-11T15:30:54.1394318Z Selecting previously unselected package libgssapi-krb5-2:amd64.
2026-02-11T15:30:54.1406703Z Preparing to unpack .../009-libgssapi-krb5-2_1.20.1-6ubuntu2.6_amd64.deb ...
2026-02-11T15:30:54.1415223Z Unpacking libgssapi-krb5-2:amd64 (1.20.1-6ubuntu2.6) ...
2026-02-11T15:30:54.1572659Z Selecting previously unselected package python3-pkg-resources.
2026-02-11T15:30:54.1585167Z Preparing to unpack .../010-python3-pkg-resources_68.1.2-2ubuntu1.2_all.deb ...
2026-02-11T15:30:54.1594273Z Unpacking python3-pkg-resources (68.1.2-2ubuntu1.2) ...
2026-02-11T15:30:54.1830381Z Selecting previously unselected package libcbor0.10:amd64.
2026-02-11T15:30:54.1842871Z Preparing to unpack .../011-libcbor0.10_0.10.2-1.2ubuntu2_amd64.deb ...
2026-02-11T15:30:54.1851370Z Unpacking libcbor0.10:amd64 (0.10.2-1.2ubuntu2) ...
2026-02-11T15:30:54.2009129Z Selecting previously unselected package libedit2:amd64.
2026-02-11T15:30:54.2021597Z Preparing to unpack .../012-libedit2_3.1-20230828-1build1_amd64.deb ...
2026-02-11T15:30:54.2030284Z Unpacking libedit2:amd64 (3.1-20230828-1build1) ...
2026-02-11T15:30:54.2176666Z Selecting previously unselected package libfido2-1:amd64.
2026-02-11T15:30:54.2189322Z Preparing to unpack .../013-libfido2-1_1.14.0-1build3_amd64.deb ...
2026-02-11T15:30:54.2197469Z Unpacking libfido2-1:amd64 (1.14.0-1build3) ...
2026-02-11T15:30:54.2345902Z Selecting previously unselected package libjansson4:amd64.
2026-02-11T15:30:54.2358243Z Preparing to unpack .../014-libjansson4_2.14-2build2_amd64.deb ...
2026-02-11T15:30:54.2367915Z Unpacking libjansson4:amd64 (2.14-2build2) ...
2026-02-11T15:30:54.2514670Z Selecting previously unselected package libnghttp2-14:amd64.
2026-02-11T15:30:54.2527055Z Preparing to unpack .../015-libnghttp2-14_1.59.0-1ubuntu0.2_amd64.deb ...
2026-02-11T15:30:54.2535363Z Unpacking libnghttp2-14:amd64 (1.59.0-1ubuntu0.2) ...
2026-02-11T15:30:54.2676962Z Selecting previously unselected package libpng16-16t64:amd64.
2026-02-11T15:30:54.2690059Z Preparing to unpack .../016-libpng16-16t64_1.6.43-5ubuntu0.4_amd64.deb ...
2026-02-11T15:30:54.2698355Z Unpacking libpng16-16t64:amd64 (1.6.43-5ubuntu0.4) ...
2026-02-11T15:30:54.2855521Z Selecting previously unselected package libpsl5t64:amd64.
2026-02-11T15:30:54.2868487Z Preparing to unpack .../017-libpsl5t64_0.21.2-1.1build1_amd64.deb ...
2026-02-11T15:30:54.2876737Z Unpacking libpsl5t64:amd64 (0.21.2-1.1build1) ...
2026-02-11T15:30:54.3013598Z Selecting previously unselected package libxau6:amd64.
2026-02-11T15:30:54.3026835Z Preparing to unpack .../018-libxau6_1%3a1.0.9-1build6_amd64.deb ...
2026-02-11T15:30:54.3035084Z Unpacking libxau6:amd64 (1:1.0.9-1build6) ...
2026-02-11T15:30:54.3166613Z Selecting previously unselected package libxdmcp6:amd64.
2026-02-11T15:30:54.3179995Z Preparing to unpack .../019-libxdmcp6_1%3a1.1.3-0ubuntu6_amd64.deb ...
2026-02-11T15:30:54.3189757Z Unpacking libxdmcp6:amd64 (1:1.1.3-0ubuntu6) ...
2026-02-11T15:30:54.3322000Z Selecting previously unselected package libxcb1:amd64.
2026-02-11T15:30:54.3334686Z Preparing to unpack .../020-libxcb1_1.15-1ubuntu2_amd64.deb ...
2026-02-11T15:30:54.3342448Z Unpacking libxcb1:amd64 (1.15-1ubuntu2) ...
2026-02-11T15:30:54.3473328Z Selecting previously unselected package libx11-data.
2026-02-11T15:30:54.3486943Z Preparing to unpack .../021-libx11-data_2%3a1.8.7-1build1_all.deb ...
2026-02-11T15:30:54.3494422Z Unpacking libx11-data (2:1.8.7-1build1) ...
2026-02-11T15:30:54.4018672Z Selecting previously unselected package libx11-6:amd64.
2026-02-11T15:30:54.4031406Z Preparing to unpack .../022-libx11-6_2%3a1.8.7-1build1_amd64.deb ...
2026-02-11T15:30:54.4040181Z Unpacking libx11-6:amd64 (2:1.8.7-1build1) ...
2026-02-11T15:30:54.4247803Z Selecting previously unselected package libxext6:amd64.
2026-02-11T15:30:54.4259839Z Preparing to unpack .../023-libxext6_2%3a1.3.4-1build2_amd64.deb ...
2026-02-11T15:30:54.4268900Z Unpacking libxext6:amd64 (2:1.3.4-1build2) ...
2026-02-11T15:30:54.4400959Z Selecting previously unselected package libxmuu1:amd64.
2026-02-11T15:30:54.4414014Z Preparing to unpack .../024-libxmuu1_2%3a1.1.3-3build2_amd64.deb ...
2026-02-11T15:30:54.4421894Z Unpacking libxmuu1:amd64 (2:1.1.3-3build2) ...
2026-02-11T15:30:54.4548399Z Selecting previously unselected package manpages.
2026-02-11T15:30:54.4560280Z Preparing to unpack .../025-manpages_6.7-2_all.deb ...
2026-02-11T15:30:54.4568794Z Unpacking manpages (6.7-2) ...
2026-02-11T15:30:54.4936558Z Selecting previously unselected package openssh-client.
2026-02-11T15:30:54.4950834Z Preparing to unpack .../026-openssh-client_1%3a9.6p1-3ubuntu13.14_amd64.deb ...
2026-02-11T15:30:54.5015410Z Unpacking openssh-client (1:9.6p1-3ubuntu13.14) ...
2026-02-11T15:30:54.5343766Z Selecting previously unselected package publicsuffix.
2026-02-11T15:30:54.5357004Z Preparing to unpack .../027-publicsuffix_20231001.0357-0.1_all.deb ...
2026-02-11T15:30:54.5365122Z Unpacking publicsuffix (20231001.0357-0.1) ...
2026-02-11T15:30:54.5507915Z Selecting previously unselected package xauth.
2026-02-11T15:30:54.5520403Z Preparing to unpack .../028-xauth_1%3a1.1.2-1build1_amd64.deb ...
2026-02-11T15:30:54.5529623Z Unpacking xauth (1:1.1.2-1build1) ...
2026-02-11T15:30:54.5662987Z Selecting previously unselected package xz-utils.
2026-02-11T15:30:54.5677397Z Preparing to unpack .../029-xz-utils_5.6.1+really5.4.5-1ubuntu0.2_amd64.deb ...
2026-02-11T15:30:54.5686204Z Unpacking xz-utils (5.6.1+really5.4.5-1ubuntu0.2) ...
2026-02-11T15:30:54.5919123Z Selecting previously unselected package binutils-common:amd64.
2026-02-11T15:30:54.5932307Z Preparing to unpack .../030-binutils-common_2.42-4ubuntu2.8_amd64.deb ...
2026-02-11T15:30:54.5942747Z Unpacking binutils-common:amd64 (2.42-4ubuntu2.8) ...
2026-02-11T15:30:54.6112036Z Selecting previously unselected package libsframe1:amd64.
2026-02-11T15:30:54.6125899Z Preparing to unpack .../031-libsframe1_2.42-4ubuntu2.8_amd64.deb ...
2026-02-11T15:30:54.6134902Z Unpacking libsframe1:amd64 (2.42-4ubuntu2.8) ...
2026-02-11T15:30:54.6272590Z Selecting previously unselected package libbinutils:amd64.
2026-02-11T15:30:54.6286982Z Preparing to unpack .../032-libbinutils_2.42-4ubuntu2.8_amd64.deb ...
2026-02-11T15:30:54.6295438Z Unpacking libbinutils:amd64 (2.42-4ubuntu2.8) ...
2026-02-11T15:30:54.6522405Z Selecting previously unselected package libctf-nobfd0:amd64.
2026-02-11T15:30:54.6535504Z Preparing to unpack .../033-libctf-nobfd0_2.42-4ubuntu2.8_amd64.deb ...
2026-02-11T15:30:54.6545594Z Unpacking libctf-nobfd0:amd64 (2.42-4ubuntu2.8) ...
2026-02-11T15:30:54.6696935Z Selecting previously unselected package libctf0:amd64.
2026-02-11T15:30:54.6710155Z Preparing to unpack .../034-libctf0_2.42-4ubuntu2.8_amd64.deb ...
2026-02-11T15:30:54.6719625Z Unpacking libctf0:amd64 (2.42-4ubuntu2.8) ...
2026-02-11T15:30:54.6877318Z Selecting previously unselected package libgprofng0:amd64.
2026-02-11T15:30:54.6890994Z Preparing to unpack .../035-libgprofng0_2.42-4ubuntu2.8_amd64.deb ...
2026-02-11T15:30:54.6902960Z Unpacking libgprofng0:amd64 (2.42-4ubuntu2.8) ...
2026-02-11T15:30:54.7189602Z Selecting previously unselected package binutils-x86-64-linux-gnu.
2026-02-11T15:30:54.7204613Z Preparing to unpack .../036-binutils-x86-64-linux-gnu_2.42-4ubuntu2.8_amd64.deb ...
2026-02-11T15:30:54.7212253Z Unpacking binutils-x86-64-linux-gnu (2.42-4ubuntu2.8) ...
2026-02-11T15:30:54.7985294Z Selecting previously unselected package binutils.
2026-02-11T15:30:54.7999350Z Preparing to unpack .../037-binutils_2.42-4ubuntu2.8_amd64.deb ...
2026-02-11T15:30:54.8007741Z Unpacking binutils (2.42-4ubuntu2.8) ...
2026-02-11T15:30:54.8186764Z Selecting previously unselected package libc-dev-bin.
2026-02-11T15:30:54.8200030Z Preparing to unpack .../038-libc-dev-bin_2.39-0ubuntu8.7_amd64.deb ...
2026-02-11T15:30:54.8208383Z Unpacking libc-dev-bin (2.39-0ubuntu8.7) ...
2026-02-11T15:30:54.8331542Z Selecting previously unselected package linux-libc-dev:amd64.
2026-02-11T15:30:54.8345962Z Preparing to unpack .../039-linux-libc-dev_6.8.0-100.100_amd64.deb ...
2026-02-11T15:30:54.8355844Z Unpacking linux-libc-dev:amd64 (6.8.0-100.100) ...
2026-02-11T15:30:55.0296249Z Selecting previously unselected package libcrypt-dev:amd64.
2026-02-11T15:30:55.0311513Z Preparing to unpack .../040-libcrypt-dev_1%3a4.4.36-4build1_amd64.deb ...
2026-02-11T15:30:55.0366236Z Unpacking libcrypt-dev:amd64 (1:4.4.36-4build1) ...
2026-02-11T15:30:55.0521283Z Selecting previously unselected package rpcsvc-proto.
2026-02-11T15:30:55.0535929Z Preparing to unpack .../041-rpcsvc-proto_1.4.2-0ubuntu7_amd64.deb ...
2026-02-11T15:30:55.0544488Z Unpacking rpcsvc-proto (1.4.2-0ubuntu7) ...
2026-02-11T15:30:55.0724852Z Selecting previously unselected package libc6-dev:amd64.
2026-02-11T15:30:55.0739479Z Preparing to unpack .../042-libc6-dev_2.39-0ubuntu8.7_amd64.deb ...
2026-02-11T15:30:55.0748519Z Unpacking libc6-dev:amd64 (2.39-0ubuntu8.7) ...
2026-02-11T15:30:55.2145630Z Selecting previously unselected package gcc-13-base:amd64.
2026-02-11T15:30:55.2161416Z Preparing to unpack .../043-gcc-13-base_13.3.0-6ubuntu2~24.04_amd64.deb ...
2026-02-11T15:30:55.2170114Z Unpacking gcc-13-base:amd64 (13.3.0-6ubuntu2~24.04) ...
2026-02-11T15:30:55.2310034Z Selecting previously unselected package libisl23:amd64.
2026-02-11T15:30:55.2325779Z Preparing to unpack .../044-libisl23_0.26-3build1.1_amd64.deb ...
2026-02-11T15:30:55.2334675Z Unpacking libisl23:amd64 (0.26-3build1.1) ...
2026-02-11T15:30:55.2579600Z Selecting previously unselected package libmpfr6:amd64.
2026-02-11T15:30:55.2595481Z Preparing to unpack .../045-libmpfr6_4.2.1-1build1.1_amd64.deb ...
2026-02-11T15:30:55.2604560Z Unpacking libmpfr6:amd64 (4.2.1-1build1.1) ...
2026-02-11T15:30:55.2788557Z Selecting previously unselected package libmpc3:amd64.
2026-02-11T15:30:55.2804023Z Preparing to unpack .../046-libmpc3_1.3.1-1build1.1_amd64.deb ...
2026-02-11T15:30:55.2812339Z Unpacking libmpc3:amd64 (1.3.1-1build1.1) ...
2026-02-11T15:30:55.2950045Z Selecting previously unselected package cpp-13-x86-64-linux-gnu.
2026-02-11T15:30:55.2965291Z Preparing to unpack .../047-cpp-13-x86-64-linux-gnu_13.3.0-6ubuntu2~24.04_amd64.deb ...
2026-02-11T15:30:55.2974739Z Unpacking cpp-13-x86-64-linux-gnu (13.3.0-6ubuntu2~24.04) ...
2026-02-11T15:30:55.4366397Z Selecting previously unselected package cpp-13.
2026-02-11T15:30:55.4382193Z Preparing to unpack .../048-cpp-13_13.3.0-6ubuntu2~24.04_amd64.deb ...
2026-02-11T15:30:55.4392440Z Unpacking cpp-13 (13.3.0-6ubuntu2~24.04) ...
2026-02-11T15:30:55.4516572Z Selecting previously unselected package cpp-x86-64-linux-gnu.
2026-02-11T15:30:55.4531577Z Preparing to unpack .../049-cpp-x86-64-linux-gnu_4%3a13.2.0-7ubuntu1_amd64.deb ...
2026-02-11T15:30:55.4541186Z Unpacking cpp-x86-64-linux-gnu (4:13.2.0-7ubuntu1) ...
2026-02-11T15:30:55.4685255Z Selecting previously unselected package cpp.
2026-02-11T15:30:55.4700718Z Preparing to unpack .../050-cpp_4%3a13.2.0-7ubuntu1_amd64.deb ...
2026-02-11T15:30:55.4752188Z Unpacking cpp (4:13.2.0-7ubuntu1) ...
2026-02-11T15:30:55.4898762Z Selecting previously unselected package libcc1-0:amd64.
2026-02-11T15:30:55.4916431Z Preparing to unpack .../051-libcc1-0_14.2.0-4ubuntu2~24.04_amd64.deb ...
2026-02-11T15:30:55.4927598Z Unpacking libcc1-0:amd64 (14.2.0-4ubuntu2~24.04) ...
2026-02-11T15:30:55.5073332Z Selecting previously unselected package libgomp1:amd64.
2026-02-11T15:30:55.5089322Z Preparing to unpack .../052-libgomp1_14.2.0-4ubuntu2~24.04_amd64.deb ...
2026-02-11T15:30:55.5098338Z Unpacking libgomp1:amd64 (14.2.0-4ubuntu2~24.04) ...
2026-02-11T15:30:55.5259482Z Selecting previously unselected package libitm1:amd64.
2026-02-11T15:30:55.5275193Z Preparing to unpack .../053-libitm1_14.2.0-4ubuntu2~24.04_amd64.deb ...
2026-02-11T15:30:55.5283542Z Unpacking libitm1:amd64 (14.2.0-4ubuntu2~24.04) ...
2026-02-11T15:30:55.5428655Z Selecting previously unselected package libatomic1:amd64.
2026-02-11T15:30:55.5444535Z Preparing to unpack .../054-libatomic1_14.2.0-4ubuntu2~24.04_amd64.deb ...
2026-02-11T15:30:55.5452399Z Unpacking libatomic1:amd64 (14.2.0-4ubuntu2~24.04) ...
2026-02-11T15:30:55.5596099Z Selecting previously unselected package libasan8:amd64.
2026-02-11T15:30:55.5612232Z Preparing to unpack .../055-libasan8_14.2.0-4ubuntu2~24.04_amd64.deb ...
2026-02-11T15:30:55.5620633Z Unpacking libasan8:amd64 (14.2.0-4ubuntu2~24.04) ...
2026-02-11T15:30:55.6187888Z Selecting previously unselected package liblsan0:amd64.
2026-02-11T15:30:55.6203249Z Preparing to unpack .../056-liblsan0_14.2.0-4ubuntu2~24.04_amd64.deb ...
2026-02-11T15:30:55.6212623Z Unpacking liblsan0:amd64 (14.2.0-4ubuntu2~24.04) ...
2026-02-11T15:30:55.6521740Z Selecting previously unselected package libtsan2:amd64.
2026-02-11T15:30:55.6539227Z Preparing to unpack .../057-libtsan2_14.2.0-4ubuntu2~24.04_amd64.deb ...
2026-02-11T15:30:55.6548366Z Unpacking libtsan2:amd64 (14.2.0-4ubuntu2~24.04) ...
2026-02-11T15:30:55.7032538Z Selecting previously unselected package libubsan1:amd64.
2026-02-11T15:30:55.7047495Z Preparing to unpack .../058-libubsan1_14.2.0-4ubuntu2~24.04_amd64.deb ...
2026-02-11T15:30:55.7057642Z Unpacking libubsan1:amd64 (14.2.0-4ubuntu2~24.04) ...
2026-02-11T15:30:55.7367671Z Selecting previously unselected package libhwasan0:amd64.
2026-02-11T15:30:55.7383615Z Preparing to unpack .../059-libhwasan0_14.2.0-4ubuntu2~24.04_amd64.deb ...
2026-02-11T15:30:55.7392400Z Unpacking libhwasan0:amd64 (14.2.0-4ubuntu2~24.04) ...
2026-02-11T15:30:55.7739681Z Selecting previously unselected package libquadmath0:amd64.
2026-02-11T15:30:55.7754552Z Preparing to unpack .../060-libquadmath0_14.2.0-4ubuntu2~24.04_amd64.deb ...
2026-02-11T15:30:55.7763844Z Unpacking libquadmath0:amd64 (14.2.0-4ubuntu2~24.04) ...
2026-02-11T15:30:55.7909731Z Selecting previously unselected package libgcc-13-dev:amd64.
2026-02-11T15:30:55.7924905Z Preparing to unpack .../061-libgcc-13-dev_13.3.0-6ubuntu2~24.04_amd64.deb ...
2026-02-11T15:30:55.7934718Z Unpacking libgcc-13-dev:amd64 (13.3.0-6ubuntu2~24.04) ...
2026-02-11T15:30:55.8848377Z Selecting previously unselected package gcc-13-x86-64-linux-gnu.
2026-02-11T15:30:55.8862774Z Preparing to unpack .../062-gcc-13-x86-64-linux-gnu_13.3.0-6ubuntu2~24.04_amd64.deb ...
2026-02-11T15:30:55.8872287Z Unpacking gcc-13-x86-64-linux-gnu (13.3.0-6ubuntu2~24.04) ...
2026-02-11T15:30:56.1493949Z Selecting previously unselected package gcc-13.
2026-02-11T15:30:56.1509218Z Preparing to unpack .../063-gcc-13_13.3.0-6ubuntu2~24.04_amd64.deb ...
2026-02-11T15:30:56.1518079Z Unpacking gcc-13 (13.3.0-6ubuntu2~24.04) ...
2026-02-11T15:30:56.1693227Z Selecting previously unselected package gcc-x86-64-linux-gnu.
2026-02-11T15:30:56.1708200Z Preparing to unpack .../064-gcc-x86-64-linux-gnu_4%3a13.2.0-7ubuntu1_amd64.deb ...
2026-02-11T15:30:56.1716787Z Unpacking gcc-x86-64-linux-gnu (4:13.2.0-7ubuntu1) ...
2026-02-11T15:30:56.1865117Z Selecting previously unselected package gcc.
2026-02-11T15:30:56.1880071Z Preparing to unpack .../065-gcc_4%3a13.2.0-7ubuntu1_amd64.deb ...
2026-02-11T15:30:56.1888076Z Unpacking gcc (4:13.2.0-7ubuntu1) ...
2026-02-11T15:30:56.2040751Z Selecting previously unselected package libstdc++-13-dev:amd64.
2026-02-11T15:30:56.2056038Z Preparing to unpack .../066-libstdc++-13-dev_13.3.0-6ubuntu2~24.04_amd64.deb ...
2026-02-11T15:30:56.2064438Z Unpacking libstdc++-13-dev:amd64 (13.3.0-6ubuntu2~24.04) ...
2026-02-11T15:30:56.4261537Z Selecting previously unselected package g++-13-x86-64-linux-gnu.
2026-02-11T15:30:56.4278949Z Preparing to unpack .../067-g++-13-x86-64-linux-gnu_13.3.0-6ubuntu2~24.04_amd64.deb ...
2026-02-11T15:30:56.4287786Z Unpacking g++-13-x86-64-linux-gnu (13.3.0-6ubuntu2~24.04) ...
2026-02-11T15:30:56.5737996Z Selecting previously unselected package g++-13.
2026-02-11T15:30:56.5754609Z Preparing to unpack .../068-g++-13_13.3.0-6ubuntu2~24.04_amd64.deb ...
2026-02-11T15:30:56.5762398Z Unpacking g++-13 (13.3.0-6ubuntu2~24.04) ...
2026-02-11T15:30:56.5886102Z Selecting previously unselected package g++-x86-64-linux-gnu.
2026-02-11T15:30:56.5901203Z Preparing to unpack .../069-g++-x86-64-linux-gnu_4%3a13.2.0-7ubuntu1_amd64.deb ...
2026-02-11T15:30:56.5909418Z Unpacking g++-x86-64-linux-gnu (4:13.2.0-7ubuntu1) ...
2026-02-11T15:30:56.6050260Z Selecting previously unselected package g++.
2026-02-11T15:30:56.6067230Z Preparing to unpack .../070-g++_4%3a13.2.0-7ubuntu1_amd64.deb ...
2026-02-11T15:30:56.6075247Z Unpacking g++ (4:13.2.0-7ubuntu1) ...
2026-02-11T15:30:56.6202169Z Selecting previously unselected package make.
2026-02-11T15:30:56.6218419Z Preparing to unpack .../071-make_4.3-4.1build2_amd64.deb ...
2026-02-11T15:30:56.6227251Z Unpacking make (4.3-4.1build2) ...
2026-02-11T15:30:56.6405100Z Selecting previously unselected package libdpkg-perl.
2026-02-11T15:30:56.6420144Z Preparing to unpack .../072-libdpkg-perl_1.22.6ubuntu6.5_all.deb ...
2026-02-11T15:30:56.6427887Z Unpacking libdpkg-perl (1.22.6ubuntu6.5) ...
2026-02-11T15:30:56.6799688Z Selecting previously unselected package bzip2.
2026-02-11T15:30:56.6815515Z Preparing to unpack .../073-bzip2_1.0.8-5.1build0.1_amd64.deb ...
2026-02-11T15:30:56.6825317Z Unpacking bzip2 (1.0.8-5.1build0.1) ...
2026-02-11T15:30:56.6981936Z Selecting previously unselected package patch.
2026-02-11T15:30:56.6998765Z Preparing to unpack .../074-patch_2.7.6-7build3_amd64.deb ...
2026-02-11T15:30:56.7009093Z Unpacking patch (2.7.6-7build3) ...
2026-02-11T15:30:56.7160341Z Selecting previously unselected package lto-disabled-list.
2026-02-11T15:30:56.7177226Z Preparing to unpack .../075-lto-disabled-list_47_all.deb ...
2026-02-11T15:30:56.7186087Z Unpacking lto-disabled-list (47) ...
2026-02-11T15:30:56.7318493Z Selecting previously unselected package dpkg-dev.
2026-02-11T15:30:56.7336226Z Preparing to unpack .../076-dpkg-dev_1.22.6ubuntu6.5_all.deb ...
2026-02-11T15:30:56.7346404Z Unpacking dpkg-dev (1.22.6ubuntu6.5) ...
2026-02-11T15:30:56.7766190Z Selecting previously unselected package build-essential.
2026-02-11T15:30:56.7783290Z Preparing to unpack .../077-build-essential_12.10ubuntu1_amd64.deb ...
2026-02-11T15:30:56.7792203Z Unpacking build-essential (12.10ubuntu1) ...
2026-02-11T15:30:56.7935325Z Selecting previously unselected package gpgconf.
2026-02-11T15:30:56.7951391Z Preparing to unpack .../078-gpgconf_2.4.4-2ubuntu17.4_amd64.deb ...
2026-02-11T15:30:56.7960317Z Unpacking gpgconf (2.4.4-2ubuntu17.4) ...
2026-02-11T15:30:56.8180222Z Selecting previously unselected package libksba8:amd64.
2026-02-11T15:30:56.8197173Z Preparing to unpack .../079-libksba8_1.6.6-1build1_amd64.deb ...
2026-02-11T15:30:56.8207976Z Unpacking libksba8:amd64 (1.6.6-1build1) ...
2026-02-11T15:30:56.8358711Z Selecting previously unselected package libsasl2-modules-db:amd64.
2026-02-11T15:30:56.8375136Z Preparing to unpack .../080-libsasl2-modules-db_2.1.28+dfsg1-5ubuntu3.1_amd64.deb ...
2026-02-11T15:30:56.8383532Z Unpacking libsasl2-modules-db:amd64 (2.1.28+dfsg1-5ubuntu3.1) ...
2026-02-11T15:30:56.8536891Z Selecting previously unselected package libsasl2-2:amd64.
2026-02-11T15:30:56.8553270Z Preparing to unpack .../081-libsasl2-2_2.1.28+dfsg1-5ubuntu3.1_amd64.deb ...
2026-02-11T15:30:56.8563542Z Unpacking libsasl2-2:amd64 (2.1.28+dfsg1-5ubuntu3.1) ...
2026-02-11T15:30:56.8729671Z Selecting previously unselected package libldap2:amd64.
2026-02-11T15:30:56.8746768Z Preparing to unpack .../082-libldap2_2.6.10+dfsg-0ubuntu0.24.04.1_amd64.deb ...
2026-02-11T15:30:56.8757581Z Unpacking libldap2:amd64 (2.6.10+dfsg-0ubuntu0.24.04.1) ...
2026-02-11T15:30:56.8949778Z Selecting previously unselected package dirmngr.
2026-02-11T15:30:56.8967225Z Preparing to unpack .../083-dirmngr_2.4.4-2ubuntu17.4_amd64.deb ...
2026-02-11T15:30:56.9080544Z Unpacking dirmngr (2.4.4-2ubuntu17.4) ...
2026-02-11T15:30:56.9368966Z Selecting previously unselected package libfakeroot:amd64.
2026-02-11T15:30:56.9385875Z Preparing to unpack .../084-libfakeroot_1.33-1_amd64.deb ...
2026-02-11T15:30:56.9422842Z Unpacking libfakeroot:amd64 (1.33-1) ...
2026-02-11T15:30:56.9575399Z Selecting previously unselected package fakeroot.
2026-02-11T15:30:56.9590848Z Preparing to unpack .../085-fakeroot_1.33-1_amd64.deb ...
2026-02-11T15:30:56.9598850Z Unpacking fakeroot (1.33-1) ...
2026-02-11T15:30:56.9770442Z Selecting previously unselected package fonts-dejavu-mono.
2026-02-11T15:30:56.9787490Z Preparing to unpack .../086-fonts-dejavu-mono_2.37-8_all.deb ...
2026-02-11T15:30:56.9797076Z Unpacking fonts-dejavu-mono (2.37-8) ...
2026-02-11T15:30:57.0051485Z Selecting previously unselected package fonts-dejavu-core.
2026-02-11T15:30:57.0068014Z Preparing to unpack .../087-fonts-dejavu-core_2.37-8_all.deb ...
2026-02-11T15:30:57.0207777Z Unpacking fonts-dejavu-core (2.37-8) ...
2026-02-11T15:30:57.0497416Z Selecting previously unselected package fontconfig-config.
2026-02-11T15:30:57.0514024Z Preparing to unpack .../088-fontconfig-config_2.15.0-1.1ubuntu2_amd64.deb ...
2026-02-11T15:30:57.1818923Z Unpacking fontconfig-config (2.15.0-1.1ubuntu2) ...
2026-02-11T15:30:57.2075698Z Selecting previously unselected package libbrotli1:amd64.
2026-02-11T15:30:57.2091363Z Preparing to unpack .../089-libbrotli1_1.1.0-2build2_amd64.deb ...
2026-02-11T15:30:57.2100215Z Unpacking libbrotli1:amd64 (1.1.0-2build2) ...
2026-02-11T15:30:57.2319830Z Selecting previously unselected package librtmp1:amd64.
2026-02-11T15:30:57.2337510Z Preparing to unpack .../090-librtmp1_2.4+20151223.gitfa8646d.1-2build7_amd64.deb ...
2026-02-11T15:30:57.2346352Z Unpacking librtmp1:amd64 (2.4+20151223.gitfa8646d.1-2build7) ...
2026-02-11T15:30:57.2502413Z Selecting previously unselected package libssh-4:amd64.
2026-02-11T15:30:57.2520003Z Preparing to unpack .../091-libssh-4_0.10.6-2ubuntu0.2_amd64.deb ...
2026-02-11T15:30:57.2529900Z Unpacking libssh-4:amd64 (0.10.6-2ubuntu0.2) ...
2026-02-11T15:30:57.2757952Z Selecting previously unselected package libcurl3t64-gnutls:amd64.
2026-02-11T15:30:57.2775269Z Preparing to unpack .../092-libcurl3t64-gnutls_8.5.0-2ubuntu10.6_amd64.deb ...
2026-02-11T15:30:57.2784745Z Unpacking libcurl3t64-gnutls:amd64 (8.5.0-2ubuntu10.6) ...
2026-02-11T15:30:57.2971904Z Selecting previously unselected package liberror-perl.
2026-02-11T15:30:57.2989637Z Preparing to unpack .../093-liberror-perl_0.17029-2_all.deb ...
2026-02-11T15:30:57.2999064Z Unpacking liberror-perl (0.17029-2) ...
2026-02-11T15:30:57.3143324Z Selecting previously unselected package git-man.
2026-02-11T15:30:57.3160554Z Preparing to unpack .../094-git-man_1%3a2.43.0-1ubuntu7.3_all.deb ...
2026-02-11T15:30:57.3168722Z Unpacking git-man (1:2.43.0-1ubuntu7.3) ...
2026-02-11T15:30:57.3438875Z Selecting previously unselected package git.
2026-02-11T15:30:57.3456560Z Preparing to unpack .../095-git_1%3a2.43.0-1ubuntu7.3_amd64.deb ...
2026-02-11T15:30:57.3509147Z Unpacking git (1:2.43.0-1ubuntu7.3) ...
2026-02-11T15:30:57.4898087Z Selecting previously unselected package gnupg-utils.
2026-02-11T15:30:57.4917684Z Preparing to unpack .../096-gnupg-utils_2.4.4-2ubuntu17.4_amd64.deb ...
2026-02-11T15:30:57.4926339Z Unpacking gnupg-utils (2.4.4-2ubuntu17.4) ...
2026-02-11T15:30:57.5101000Z Selecting previously unselected package gpg.
2026-02-11T15:30:57.5118496Z Preparing to unpack .../097-gpg_2.4.4-2ubuntu17.4_amd64.deb ...
2026-02-11T15:30:57.5127213Z Unpacking gpg (2.4.4-2ubuntu17.4) ...
2026-02-11T15:30:57.5332478Z Selecting previously unselected package pinentry-curses.
2026-02-11T15:30:57.5350742Z Preparing to unpack .../098-pinentry-curses_1.2.1-3ubuntu5_amd64.deb ...
2026-02-11T15:30:57.5359388Z Unpacking pinentry-curses (1.2.1-3ubuntu5) ...
2026-02-11T15:30:57.5510942Z Selecting previously unselected package gpg-agent.
2026-02-11T15:30:57.5528927Z Preparing to unpack .../099-gpg-agent_2.4.4-2ubuntu17.4_amd64.deb ...
2026-02-11T15:30:57.5537475Z Unpacking gpg-agent (2.4.4-2ubuntu17.4) ...
2026-02-11T15:30:57.5734976Z Selecting previously unselected package gpgsm.
2026-02-11T15:30:57.5752124Z Preparing to unpack .../100-gpgsm_2.4.4-2ubuntu17.4_amd64.deb ...
2026-02-11T15:30:57.5762843Z Unpacking gpgsm (2.4.4-2ubuntu17.4) ...
2026-02-11T15:30:57.5938479Z Selecting previously unselected package keyboxd.
2026-02-11T15:30:57.5956376Z Preparing to unpack .../101-keyboxd_2.4.4-2ubuntu17.4_amd64.deb ...
2026-02-11T15:30:57.5965196Z Unpacking keyboxd (2.4.4-2ubuntu17.4) ...
2026-02-11T15:30:57.6117564Z Selecting previously unselected package gnupg.
2026-02-11T15:30:57.6134636Z Preparing to unpack .../102-gnupg_2.4.4-2ubuntu17.4_all.deb ...
2026-02-11T15:30:57.6142944Z Unpacking gnupg (2.4.4-2ubuntu17.4) ...
2026-02-11T15:30:57.6322789Z Selecting previously unselected package gnupg-l10n.
2026-02-11T15:30:57.6341224Z Preparing to unpack .../103-gnupg-l10n_2.4.4-2ubuntu17.4_all.deb ...
2026-02-11T15:30:57.6349094Z Unpacking gnupg-l10n (2.4.4-2ubuntu17.4) ...
2026-02-11T15:30:57.6541509Z Selecting previously unselected package gpg-wks-client.
2026-02-11T15:30:57.6559290Z Preparing to unpack .../104-gpg-wks-client_2.4.4-2ubuntu17.4_amd64.deb ...
2026-02-11T15:30:57.6568057Z Unpacking gpg-wks-client (2.4.4-2ubuntu17.4) ...
2026-02-11T15:30:57.6741626Z Selecting previously unselected package javascript-common.
2026-02-11T15:30:57.6759751Z Preparing to unpack .../105-javascript-common_11+nmu1_all.deb ...
2026-02-11T15:30:57.6841915Z Unpacking javascript-common (11+nmu1) ...
2026-02-11T15:30:57.7000867Z Selecting previously unselected package libalgorithm-diff-perl.
2026-02-11T15:30:57.7017940Z Preparing to unpack .../106-libalgorithm-diff-perl_1.201-1_all.deb ...
2026-02-11T15:30:57.7027383Z Unpacking libalgorithm-diff-perl (1.201-1) ...
2026-02-11T15:30:57.7190424Z Selecting previously unselected package libalgorithm-diff-xs-perl:amd64.
2026-02-11T15:30:57.7208687Z Preparing to unpack .../107-libalgorithm-diff-xs-perl_0.04-8build3_amd64.deb ...
2026-02-11T15:30:57.7219964Z Unpacking libalgorithm-diff-xs-perl:amd64 (0.04-8build3) ...
2026-02-11T15:30:57.7366507Z Selecting previously unselected package libalgorithm-merge-perl.
2026-02-11T15:30:57.7383181Z Preparing to unpack .../108-libalgorithm-merge-perl_0.08-5_all.deb ...
2026-02-11T15:30:57.7392880Z Unpacking libalgorithm-merge-perl (0.08-5) ...
2026-02-11T15:30:57.7537989Z Selecting previously unselected package libaom3:amd64.
2026-02-11T15:30:57.7555227Z Preparing to unpack .../109-libaom3_3.8.2-2ubuntu0.1_amd64.deb ...
2026-02-11T15:30:57.7564829Z Unpacking libaom3:amd64 (3.8.2-2ubuntu0.1) ...
2026-02-11T15:30:57.7921585Z Selecting previously unselected package libfreetype6:amd64.
2026-02-11T15:30:57.7939995Z Preparing to unpack .../110-libfreetype6_2.13.2+dfsg-1build3_amd64.deb ...
2026-02-11T15:30:57.7949178Z Unpacking libfreetype6:amd64 (2.13.2+dfsg-1build3) ...
2026-02-11T15:30:57.8140542Z Selecting previously unselected package libfontconfig1:amd64.
2026-02-11T15:30:57.8159136Z Preparing to unpack .../111-libfontconfig1_2.15.0-1.1ubuntu2_amd64.deb ...
2026-02-11T15:30:57.8168178Z Unpacking libfontconfig1:amd64 (2.15.0-1.1ubuntu2) ...
2026-02-11T15:30:57.8344701Z Selecting previously unselected package libsharpyuv0:amd64.
2026-02-11T15:30:57.8363985Z Preparing to unpack .../112-libsharpyuv0_1.3.2-0.4build3_amd64.deb ...
2026-02-11T15:30:57.8372211Z Unpacking libsharpyuv0:amd64 (1.3.2-0.4build3) ...
2026-02-11T15:30:57.8512539Z Selecting previously unselected package libheif-plugin-aomdec:amd64.
2026-02-11T15:30:57.8529177Z Preparing to unpack .../113-libheif-plugin-aomdec_1.17.6-1ubuntu4.2_amd64.deb ...
2026-02-11T15:30:57.8538162Z Unpacking libheif-plugin-aomdec:amd64 (1.17.6-1ubuntu4.2) ...
2026-02-11T15:30:57.8684969Z Selecting previously unselected package libde265-0:amd64.
2026-02-11T15:30:57.8701994Z Preparing to unpack .../114-libde265-0_1.0.15-1build3_amd64.deb ...
2026-02-11T15:30:57.8711529Z Unpacking libde265-0:amd64 (1.0.15-1build3) ...
2026-02-11T15:30:57.8869440Z Selecting previously unselected package libheif-plugin-libde265:amd64.
2026-02-11T15:30:57.8887586Z Preparing to unpack .../115-libheif-plugin-libde265_1.17.6-1ubuntu4.2_amd64.deb ...
2026-02-11T15:30:57.8895361Z Unpacking libheif-plugin-libde265:amd64 (1.17.6-1ubuntu4.2) ...
2026-02-11T15:30:57.9230517Z Selecting previously unselected package libheif1:amd64.
2026-02-11T15:30:57.9247997Z Preparing to unpack .../116-libheif1_1.17.6-1ubuntu4.2_amd64.deb ...
2026-02-11T15:30:57.9256941Z Unpacking libheif1:amd64 (1.17.6-1ubuntu4.2) ...
2026-02-11T15:30:57.9451828Z Selecting previously unselected package libjpeg-turbo8:amd64.
2026-02-11T15:30:57.9470142Z Preparing to unpack .../117-libjpeg-turbo8_2.1.5-2ubuntu2_amd64.deb ...
2026-02-11T15:30:57.9478679Z Unpacking libjpeg-turbo8:amd64 (2.1.5-2ubuntu2) ...
2026-02-11T15:30:57.9642604Z Selecting previously unselected package libjpeg8:amd64.
2026-02-11T15:30:57.9660538Z Preparing to unpack .../118-libjpeg8_8c-2ubuntu11_amd64.deb ...
2026-02-11T15:30:57.9669266Z Unpacking libjpeg8:amd64 (8c-2ubuntu11) ...
2026-02-11T15:30:57.9807550Z Selecting previously unselected package libdeflate0:amd64.
2026-02-11T15:30:57.9825168Z Preparing to unpack .../119-libdeflate0_1.19-1build1.1_amd64.deb ...
2026-02-11T15:30:57.9834141Z Unpacking libdeflate0:amd64 (1.19-1build1.1) ...
2026-02-11T15:30:57.9982464Z Selecting previously unselected package libjbig0:amd64.
2026-02-11T15:30:58.0000804Z Preparing to unpack .../120-libjbig0_2.1-6.1ubuntu2_amd64.deb ...
2026-02-11T15:30:58.0010124Z Unpacking libjbig0:amd64 (2.1-6.1ubuntu2) ...
2026-02-11T15:30:58.0167903Z Selecting previously unselected package liblerc4:amd64.
2026-02-11T15:30:58.0185780Z Preparing to unpack .../121-liblerc4_4.0.0+ds-4ubuntu2_amd64.deb ...
2026-02-11T15:30:58.0194568Z Unpacking liblerc4:amd64 (4.0.0+ds-4ubuntu2) ...
2026-02-11T15:30:58.0362476Z Selecting previously unselected package libwebp7:amd64.
2026-02-11T15:30:58.0380682Z Preparing to unpack .../122-libwebp7_1.3.2-0.4build3_amd64.deb ...
2026-02-11T15:30:58.0389477Z Unpacking libwebp7:amd64 (1.3.2-0.4build3) ...
2026-02-11T15:30:58.0565363Z Selecting previously unselected package libtiff6:amd64.
2026-02-11T15:30:58.0583048Z Preparing to unpack .../123-libtiff6_4.5.1+git230720-4ubuntu2.4_amd64.deb ...
2026-02-11T15:30:58.0595243Z Unpacking libtiff6:amd64 (4.5.1+git230720-4ubuntu2.4) ...
2026-02-11T15:30:58.0766909Z Selecting previously unselected package libxpm4:amd64.
2026-02-11T15:30:58.0785130Z Preparing to unpack .../124-libxpm4_1%3a3.5.17-1build2_amd64.deb ...
2026-02-11T15:30:58.0794723Z Unpacking libxpm4:amd64 (1:3.5.17-1build2) ...
2026-02-11T15:30:58.0941079Z Selecting previously unselected package libgd3:amd64.
2026-02-11T15:30:58.0959221Z Preparing to unpack .../125-libgd3_2.3.3-9ubuntu5_amd64.deb ...
2026-02-11T15:30:58.0967595Z Unpacking libgd3:amd64 (2.3.3-9ubuntu5) ...
2026-02-11T15:30:58.1124209Z Selecting previously unselected package libc-devtools.
2026-02-11T15:30:58.1141953Z Preparing to unpack .../126-libc-devtools_2.39-0ubuntu8.7_amd64.deb ...
2026-02-11T15:30:58.1150220Z Unpacking libc-devtools (2.39-0ubuntu8.7) ...
2026-02-11T15:30:58.1298757Z Selecting previously unselected package libexpat1-dev:amd64.
2026-02-11T15:30:58.1315900Z Preparing to unpack .../127-libexpat1-dev_2.6.1-2ubuntu0.3_amd64.deb ...
2026-02-11T15:30:58.1325007Z Unpacking libexpat1-dev:amd64 (2.6.1-2ubuntu0.3) ...
2026-02-11T15:30:58.1535101Z Selecting previously unselected package libfile-fcntllock-perl.
2026-02-11T15:30:58.1554598Z Preparing to unpack .../128-libfile-fcntllock-perl_0.22-4ubuntu5_amd64.deb ...
2026-02-11T15:30:58.1562956Z Unpacking libfile-fcntllock-perl (0.22-4ubuntu5) ...
2026-02-11T15:30:58.1722750Z Selecting previously unselected package libheif-plugin-aomenc:amd64.
2026-02-11T15:30:58.1741089Z Preparing to unpack .../129-libheif-plugin-aomenc_1.17.6-1ubuntu4.2_amd64.deb ...
2026-02-11T15:30:58.1749625Z Unpacking libheif-plugin-aomenc:amd64 (1.17.6-1ubuntu4.2) ...
2026-02-11T15:30:58.1912061Z Selecting previously unselected package libjs-jquery.
2026-02-11T15:30:58.1930072Z Preparing to unpack .../130-libjs-jquery_3.6.1+dfsg+~3.5.14-1_all.deb ...
2026-02-11T15:30:58.1982111Z Unpacking libjs-jquery (3.6.1+dfsg+~3.5.14-1) ...
2026-02-11T15:30:58.2153515Z Selecting previously unselected package libjs-underscore.
2026-02-11T15:30:58.2172585Z Preparing to unpack .../131-libjs-underscore_1.13.4~dfsg+~1.11.4-3_all.deb ...
2026-02-11T15:30:58.2183876Z Unpacking libjs-underscore (1.13.4~dfsg+~1.11.4-3) ...
2026-02-11T15:30:58.2340468Z Selecting previously unselected package libjs-sphinxdoc.
2026-02-11T15:30:58.2358685Z Preparing to unpack .../132-libjs-sphinxdoc_7.2.6-6_all.deb ...
2026-02-11T15:30:58.2368116Z Unpacking libjs-sphinxdoc (7.2.6-6) ...
2026-02-11T15:30:58.2534359Z Selecting previously unselected package libldap-common.
2026-02-11T15:30:58.2553274Z Preparing to unpack .../133-libldap-common_2.6.10+dfsg-0ubuntu0.24.04.1_all.deb ...
2026-02-11T15:30:58.2562256Z Unpacking libldap-common (2.6.10+dfsg-0ubuntu0.24.04.1) ...
2026-02-11T15:30:58.2718490Z Selecting previously unselected package libpython3.12t64:amd64.
2026-02-11T15:30:58.2736532Z Preparing to unpack .../134-libpython3.12t64_3.12.3-1ubuntu0.11_amd64.deb ...
2026-02-11T15:30:58.2755636Z Unpacking libpython3.12t64:amd64 (3.12.3-1ubuntu0.11) ...
2026-02-11T15:30:58.3210683Z Selecting previously unselected package zlib1g-dev:amd64.
2026-02-11T15:30:58.3229806Z Preparing to unpack .../135-zlib1g-dev_1%3a1.3.dfsg-3.1ubuntu2.1_amd64.deb ...
2026-02-11T15:30:58.3239117Z Unpacking zlib1g-dev:amd64 (1:1.3.dfsg-3.1ubuntu2.1) ...
2026-02-11T15:30:58.3419829Z Selecting previously unselected package libpython3.12-dev:amd64.
2026-02-11T15:30:58.3438589Z Preparing to unpack .../136-libpython3.12-dev_3.12.3-1ubuntu0.11_amd64.deb ...
2026-02-11T15:30:58.3447700Z Unpacking libpython3.12-dev:amd64 (3.12.3-1ubuntu0.11) ...
2026-02-11T15:30:58.4947275Z Selecting previously unselected package libpython3-dev:amd64.
2026-02-11T15:30:58.4967119Z Preparing to unpack .../137-libpython3-dev_3.12.3-0ubuntu2.1_amd64.deb ...
2026-02-11T15:30:58.4976004Z Unpacking libpython3-dev:amd64 (3.12.3-0ubuntu2.1) ...
2026-02-11T15:30:58.5132243Z Selecting previously unselected package libsasl2-modules:amd64.
2026-02-11T15:30:58.5151772Z Preparing to unpack .../138-libsasl2-modules_2.1.28+dfsg1-5ubuntu3.1_amd64.deb ...
2026-02-11T15:30:58.5204573Z Unpacking libsasl2-modules:amd64 (2.1.28+dfsg1-5ubuntu3.1) ...
2026-02-11T15:30:58.5383565Z Selecting previously unselected package manpages-dev.
2026-02-11T15:30:58.5401520Z Preparing to unpack .../139-manpages-dev_6.7-2_all.deb ...
2026-02-11T15:30:58.5411252Z Unpacking manpages-dev (6.7-2) ...
2026-02-11T15:30:58.6317241Z Selecting previously unselected package python3.12-dev.
2026-02-11T15:30:58.6340748Z Preparing to unpack .../140-python3.12-dev_3.12.3-1ubuntu0.11_amd64.deb ...
2026-02-11T15:30:58.6357261Z Unpacking python3.12-dev (3.12.3-1ubuntu0.11) ...
2026-02-11T15:30:58.6505281Z Selecting previously unselected package python3-dev.
2026-02-11T15:30:58.6524934Z Preparing to unpack .../141-python3-dev_3.12.3-0ubuntu2.1_amd64.deb ...
2026-02-11T15:30:58.6534991Z Unpacking python3-dev (3.12.3-0ubuntu2.1) ...
2026-02-11T15:30:58.6695318Z Selecting previously unselected package python3-setuptools.
2026-02-11T15:30:58.6715093Z Preparing to unpack .../142-python3-setuptools_68.1.2-2ubuntu1.2_all.deb ...
2026-02-11T15:30:58.6724663Z Unpacking python3-setuptools (68.1.2-2ubuntu1.2) ...
2026-02-11T15:30:58.7221260Z Selecting previously unselected package python3-wheel.
2026-02-11T15:30:58.7241498Z Preparing to unpack .../143-python3-wheel_0.42.0-2_all.deb ...
2026-02-11T15:30:58.7250103Z Unpacking python3-wheel (0.42.0-2) ...
2026-02-11T15:30:58.7457489Z Selecting previously unselected package python3-pip.
2026-02-11T15:30:58.7477796Z Preparing to unpack .../144-python3-pip_24.0+dfsg-1ubuntu1.3_all.deb ...
2026-02-11T15:30:58.7486417Z Unpacking python3-pip (24.0+dfsg-1ubuntu1.3) ...
2026-02-11T15:30:58.8754042Z Selecting previously unselected package python3-pip-whl.
2026-02-11T15:30:58.8775364Z Preparing to unpack .../145-python3-pip-whl_24.0+dfsg-1ubuntu1.3_all.deb ...
2026-02-11T15:30:58.8785572Z Unpacking python3-pip-whl (24.0+dfsg-1ubuntu1.3) ...
2026-02-11T15:30:58.8988171Z Selecting previously unselected package python3-setuptools-whl.
2026-02-11T15:30:58.9008429Z Preparing to unpack .../146-python3-setuptools-whl_68.1.2-2ubuntu1.2_all.deb ...
2026-02-11T15:30:58.9017418Z Unpacking python3-setuptools-whl (68.1.2-2ubuntu1.2) ...
2026-02-11T15:30:58.9191887Z Selecting previously unselected package python3.12-venv.
2026-02-11T15:30:58.9212774Z Preparing to unpack .../147-python3.12-venv_3.12.3-1ubuntu0.11_amd64.deb ...
2026-02-11T15:30:58.9221291Z Unpacking python3.12-venv (3.12.3-1ubuntu0.11) ...
2026-02-11T15:30:58.9517776Z Selecting previously unselected package python3-venv.
2026-02-11T15:30:58.9537678Z Preparing to unpack .../148-python3-venv_3.12.3-0ubuntu2.1_amd64.deb ...
2026-02-11T15:30:58.9546985Z Unpacking python3-venv (3.12.3-0ubuntu2.1) ...
2026-02-11T15:30:58.9814306Z Setting up libksba8:amd64 (1.6.6-1build1) ...
2026-02-11T15:30:58.9838622Z Setting up pinentry-curses (1.2.1-3ubuntu5) ...
2026-02-11T15:30:58.9966332Z Setting up media-types (10.1.0) ...
2026-02-11T15:30:58.9999648Z Setting up javascript-common (11+nmu1) ...
2026-02-11T15:30:59.0171441Z Setting up libsharpyuv0:amd64 (1.3.2-0.4build3) ...
2026-02-11T15:30:59.0193980Z Setting up libaom3:amd64 (3.8.2-2ubuntu0.1) ...
2026-02-11T15:30:59.0214347Z Setting up libxau6:amd64 (1:1.0.9-1build6) ...
2026-02-11T15:30:59.0237768Z Setting up python3-setuptools-whl (68.1.2-2ubuntu1.2) ...
2026-02-11T15:30:59.0262199Z Setting up libkeyutils1:amd64 (1.6.3-3build1) ...
2026-02-11T15:30:59.0287936Z Setting up lto-disabled-list (47) ...
2026-02-11T15:30:59.0310266Z Setting up liblerc4:amd64 (4.0.0+ds-4ubuntu2) ...
2026-02-11T15:30:59.0330442Z Setting up libgdbm6t64:amd64 (1.23-5.1build1) ...
2026-02-11T15:30:59.0354345Z Setting up libgdbm-compat4t64:amd64 (1.23-5.1build1) ...
2026-02-11T15:30:59.0377788Z Setting up libcbor0.10:amd64 (0.10.2-1.2ubuntu2) ...
2026-02-11T15:30:59.0415621Z Setting up manpages (6.7-2) ...
2026-02-11T15:30:59.0444653Z Setting up libbrotli1:amd64 (1.1.0-2build2) ...
2026-02-11T15:30:59.0487402Z Setting up libsqlite3-0:amd64 (3.45.1-1ubuntu2.5) ...
2026-02-11T15:30:59.0510246Z Setting up libsasl2-modules:amd64 (2.1.28+dfsg1-5ubuntu3.1) ...
2026-02-11T15:30:59.0599636Z Setting up binutils-common:amd64 (2.42-4ubuntu2.8) ...
2026-02-11T15:30:59.0628796Z Setting up libpsl5t64:amd64 (0.21.2-1.1build1) ...
2026-02-11T15:30:59.0651225Z Setting up libnghttp2-14:amd64 (1.59.0-1ubuntu0.2) ...
2026-02-11T15:30:59.0676824Z Setting up libdeflate0:amd64 (1.19-1build1.1) ...
2026-02-11T15:30:59.0700982Z Setting up less (590-2ubuntu2.1) ...
2026-02-11T15:30:59.0756819Z Setting up linux-libc-dev:amd64 (6.8.0-100.100) ...
2026-02-11T15:30:59.0776159Z Setting up libctf-nobfd0:amd64 (2.42-4ubuntu2.8) ...
2026-02-11T15:30:59.0797741Z Setting up krb5-locales (1.20.1-6ubuntu2.6) ...
2026-02-11T15:30:59.0819420Z Setting up libgomp1:amd64 (14.2.0-4ubuntu2~24.04) ...
2026-02-11T15:30:59.0853133Z Setting up bzip2 (1.0.8-5.1build0.1) ...
2026-02-11T15:30:59.0876711Z Setting up libldap-common (2.6.10+dfsg-0ubuntu0.24.04.1) ...
2026-02-11T15:30:59.0906997Z Setting up libjbig0:amd64 (2.1-6.1ubuntu2) ...
2026-02-11T15:30:59.0930699Z Setting up libsframe1:amd64 (2.42-4ubuntu2.8) ...
2026-02-11T15:30:59.0957972Z Setting up libfakeroot:amd64 (1.33-1) ...
2026-02-11T15:30:59.0987695Z Setting up libjansson4:amd64 (2.14-2build2) ...
2026-02-11T15:30:59.1013989Z Setting up libkrb5support0:amd64 (1.20.1-6ubuntu2.6) ...
2026-02-11T15:30:59.1038285Z Setting up libsasl2-modules-db:amd64 (2.1.28+dfsg1-5ubuntu3.1) ...
2026-02-11T15:30:59.1062118Z Setting up tzdata (2025b-0ubuntu0.24.04.1) ...
2026-02-11T15:30:59.1758068Z debconf: unable to initialize frontend: Dialog
2026-02-11T15:30:59.1758807Z debconf: (TERM is not set, so the dialog frontend is not usable.)
2026-02-11T15:30:59.1759476Z debconf: falling back to frontend: Readline
2026-02-11T15:30:59.1820852Z debconf: unable to initialize frontend: Readline
2026-02-11T15:30:59.1821464Z debconf: (This frontend requires a controlling tty.)
2026-02-11T15:30:59.1821971Z debconf: falling back to frontend: Teletype
2026-02-11T15:30:59.2133108Z Configuring tzdata
2026-02-11T15:30:59.2133798Z ------------------
2026-02-11T15:30:59.2134119Z 
2026-02-11T15:30:59.2134580Z Please select the geographic area in which you live. Subsequent configuration
2026-02-11T15:30:59.2135766Z questions will narrow this down by presenting a list of cities, representing
2026-02-11T15:30:59.2136679Z the time zones in which they are located.
2026-02-11T15:30:59.2137092Z 
2026-02-11T15:30:59.2137348Z   1. Africa      4. Arctic    7. Australia  10. Pacific
2026-02-11T15:30:59.2138061Z   2. America     5. Asia      8. Europe     11. Etc
2026-02-11T15:30:59.2138757Z   3. Antarctica  6. Atlantic  9. Indian     12. Legacy
2026-02-11T15:30:59.2139399Z Geographic area: 
2026-02-11T15:30:59.2142152Z Use of uninitialized value $_[1] in join or string at /usr/share/perl5/Debconf/DbDriver/Stack.pm line 112.
2026-02-11T15:30:59.2204747Z 
2026-02-11T15:30:59.2205075Z Current default time zone: '/UTC'
2026-02-11T15:30:59.2349462Z Local time is now:      Wed Feb 11 15:30:59 UTC 2026.
2026-02-11T15:30:59.2350244Z Universal Time is now:  Wed Feb 11 15:30:59 UTC 2026.
2026-02-11T15:30:59.2351091Z Run 'dpkg-reconfigure tzdata' if you wish to change it.
2026-02-11T15:30:59.2351409Z 
2026-02-11T15:30:59.2357390Z Use of uninitialized value $val in substitution (s///) at /usr/share/perl5/Debconf/Format/822.pm line 84, <GEN6> line 4.
2026-02-11T15:30:59.2358726Z Use of uninitialized value $val in concatenation (.) or string at /usr/share/perl5/Debconf/Format/822.pm line 85, <GEN6> line 4.
2026-02-11T15:30:59.2462179Z Setting up fakeroot (1.33-1) ...
2026-02-11T15:30:59.2495042Z update-alternatives: using /usr/bin/fakeroot-sysv to provide /usr/bin/fakeroot (fakeroot) in auto mode
2026-02-11T15:30:59.2499025Z update-alternatives: warning: skip creation of /usr/share/man/man1/fakeroot.1.gz because associated file /usr/share/man/man1/fakeroot-sysv.1.gz (of link group fakeroot) doesn't exist
2026-02-11T15:30:59.2500659Z update-alternatives: warning: skip creation of /usr/share/man/man1/faked.1.gz because associated file /usr/share/man/man1/faked-sysv.1.gz (of link group fakeroot) doesn't exist
2026-02-11T15:30:59.2502020Z update-alternatives: warning: skip creation of /usr/share/man/es/man1/fakeroot.1.gz because associated file /usr/share/man/es/man1/fakeroot-sysv.1.gz (of link group fakeroot) doesn't exist
2026-02-11T15:30:59.2504461Z update-alternatives: warning: skip creation of /usr/share/man/es/man1/faked.1.gz because associated file /usr/share/man/es/man1/faked-sysv.1.gz (of link group fakeroot) doesn't exist
2026-02-11T15:30:59.2506673Z update-alternatives: warning: skip creation of /usr/share/man/fr/man1/fakeroot.1.gz because associated file /usr/share/man/fr/man1/fakeroot-sysv.1.gz (of link group fakeroot) doesn't exist
2026-02-11T15:30:59.2507983Z update-alternatives: warning: skip creation of /usr/share/man/fr/man1/faked.1.gz because associated file /usr/share/man/fr/man1/faked-sysv.1.gz (of link group fakeroot) doesn't exist
2026-02-11T15:30:59.2509270Z update-alternatives: warning: skip creation of /usr/share/man/sv/man1/fakeroot.1.gz because associated file /usr/share/man/sv/man1/fakeroot-sysv.1.gz (of link group fakeroot) doesn't exist
2026-02-11T15:30:59.2510537Z update-alternatives: warning: skip creation of /usr/share/man/sv/man1/faked.1.gz because associated file /usr/share/man/sv/man1/faked-sysv.1.gz (of link group fakeroot) doesn't exist
2026-02-11T15:30:59.2532771Z Setting up rpcsvc-proto (1.4.2-0ubuntu7) ...
2026-02-11T15:30:59.2556530Z Setting up gcc-13-base:amd64 (13.3.0-6ubuntu2~24.04) ...
2026-02-11T15:30:59.2580115Z Setting up libx11-data (2:1.8.7-1build1) ...
2026-02-11T15:30:59.2611133Z Setting up make (4.3-4.1build2) ...
2026-02-11T15:30:59.2632804Z Setting up libmpfr6:amd64 (4.2.1-1build1.1) ...
2026-02-11T15:30:59.2663570Z Setting up gnupg-l10n (2.4.4-2ubuntu17.4) ...
2026-02-11T15:30:59.2688753Z Setting up librtmp1:amd64 (2.4+20151223.gitfa8646d.1-2build7) ...
2026-02-11T15:30:59.2713822Z Setting up xz-utils (5.6.1+really5.4.5-1ubuntu0.2) ...
2026-02-11T15:30:59.2752114Z update-alternatives: using /usr/bin/xz to provide /usr/bin/lzma (lzma) in auto mode
2026-02-11T15:30:59.2754090Z update-alternatives: warning: skip creation of /usr/share/man/man1/lzma.1.gz because associated file /usr/share/man/man1/xz.1.gz (of link group lzma) doesn't exist
2026-02-11T15:30:59.2760909Z update-alternatives: warning: skip creation of /usr/share/man/man1/unlzma.1.gz because associated file /usr/share/man/man1/unxz.1.gz (of link group lzma) doesn't exist
2026-02-11T15:30:59.2763304Z update-alternatives: warning: skip creation of /usr/share/man/man1/lzcat.1.gz because associated file /usr/share/man/man1/xzcat.1.gz (of link group lzma) doesn't exist
2026-02-11T15:30:59.2785848Z update-alternatives: warning: skip creation of /usr/share/man/man1/lzmore.1.gz because associated file /usr/share/man/man1/xzmore.1.gz (of link group lzma) doesn't exist
2026-02-11T15:30:59.2787793Z update-alternatives: warning: skip creation of /usr/share/man/man1/lzless.1.gz because associated file /usr/share/man/man1/xzless.1.gz (of link group lzma) doesn't exist
2026-02-11T15:30:59.2789148Z update-alternatives: warning: skip creation of /usr/share/man/man1/lzdiff.1.gz because associated file /usr/share/man/man1/xzdiff.1.gz (of link group lzma) doesn't exist
2026-02-11T15:30:59.2790295Z update-alternatives: warning: skip creation of /usr/share/man/man1/lzcmp.1.gz because associated file /usr/share/man/man1/xzcmp.1.gz (of link group lzma) doesn't exist
2026-02-11T15:30:59.2791397Z update-alternatives: warning: skip creation of /usr/share/man/man1/lzgrep.1.gz because associated file /usr/share/man/man1/xzgrep.1.gz (of link group lzma) doesn't exist
2026-02-11T15:30:59.2792491Z update-alternatives: warning: skip creation of /usr/share/man/man1/lzegrep.1.gz because associated file /usr/share/man/man1/xzegrep.1.gz (of link group lzma) doesn't exist
2026-02-11T15:30:59.2794459Z update-alternatives: warning: skip creation of /usr/share/man/man1/lzfgrep.1.gz because associated file /usr/share/man/man1/xzfgrep.1.gz (of link group lzma) doesn't exist
2026-02-11T15:30:59.2799802Z Setting up perl-modules-5.38 (5.38.2-3.2ubuntu0.2) ...
2026-02-11T15:30:59.2824057Z Setting up libquadmath0:amd64 (14.2.0-4ubuntu2~24.04) ...
2026-02-11T15:30:59.2844854Z Setting up fonts-dejavu-mono (2.37-8) ...
2026-02-11T15:30:59.2898493Z Setting up libpng16-16t64:amd64 (1.6.43-5ubuntu0.4) ...
2026-02-11T15:30:59.2921902Z Setting up libmpc3:amd64 (1.3.1-1build1.1) ...
2026-02-11T15:30:59.2949566Z Setting up libatomic1:amd64 (14.2.0-4ubuntu2~24.04) ...
2026-02-11T15:30:59.2982384Z Setting up patch (2.7.6-7build3) ...
2026-02-11T15:30:59.3001837Z Setting up fonts-dejavu-core (2.37-8) ...
2026-02-11T15:30:59.3226724Z Setting up libk5crypto3:amd64 (1.20.1-6ubuntu2.6) ...
2026-02-11T15:30:59.3250623Z Setting up libjpeg-turbo8:amd64 (2.1.5-2ubuntu2) ...
2026-02-11T15:30:59.3274316Z Setting up libsasl2-2:amd64 (2.1.28+dfsg1-5ubuntu3.1) ...
2026-02-11T15:30:59.3297748Z Setting up libwebp7:amd64 (1.3.2-0.4build3) ...
2026-02-11T15:30:59.3324446Z Setting up libubsan1:amd64 (14.2.0-4ubuntu2~24.04) ...
2026-02-11T15:30:59.3349402Z Setting up libhwasan0:amd64 (14.2.0-4ubuntu2~24.04) ...
2026-02-11T15:30:59.3372991Z Setting up libcrypt-dev:amd64 (1:4.4.36-4build1) ...
2026-02-11T15:30:59.3441380Z Setting up libasan8:amd64 (14.2.0-4ubuntu2~24.04) ...
2026-02-11T15:30:59.3463083Z Setting up git-man (1:2.43.0-1ubuntu7.3) ...
2026-02-11T15:30:59.3487689Z Setting up netbase (6.4) ...
2026-02-11T15:30:59.3562216Z Setting up libkrb5-3:amd64 (1.20.1-6ubuntu2.6) ...
2026-02-11T15:30:59.3593357Z Setting up libperl5.38t64:amd64 (5.38.2-3.2ubuntu0.2) ...
2026-02-11T15:30:59.3617079Z Setting up libtsan2:amd64 (14.2.0-4ubuntu2~24.04) ...
2026-02-11T15:30:59.3640059Z Setting up libjs-jquery (3.6.1+dfsg+~3.5.14-1) ...
2026-02-11T15:30:59.3709417Z Setting up libbinutils:amd64 (2.42-4ubuntu2.8) ...
2026-02-11T15:30:59.3787183Z Setting up libfido2-1:amd64 (1.14.0-1build3) ...
2026-02-11T15:30:59.3810371Z Setting up libisl23:amd64 (0.26-3build1.1) ...
2026-02-11T15:30:59.3836590Z Setting up libde265-0:amd64 (1.0.15-1build3) ...
2026-02-11T15:30:59.3865152Z Setting up libc-dev-bin (2.39-0ubuntu8.7) ...
2026-02-11T15:30:59.3891353Z Setting up openssl (3.0.13-0ubuntu3.7) ...
2026-02-11T15:30:59.3936003Z Setting up libbsd0:amd64 (0.12.1-1build1.1) ...
2026-02-11T15:30:59.3959562Z Setting up readline-common (8.2-4build1) ...
2026-02-11T15:30:59.4012392Z Setting up publicsuffix (20231001.0357-0.1) ...
2026-02-11T15:30:59.4132933Z Setting up libcc1-0:amd64 (14.2.0-4ubuntu2~24.04) ...
2026-02-11T15:30:59.4156233Z Setting up libldap2:amd64 (2.6.10+dfsg-0ubuntu0.24.04.1) ...
2026-02-11T15:30:59.4179964Z Setting up liblocale-gettext-perl (1.07-6ubuntu5) ...
2026-02-11T15:30:59.4202079Z Setting up liblsan0:amd64 (14.2.0-4ubuntu2~24.04) ...
2026-02-11T15:30:59.4229447Z Setting up libitm1:amd64 (14.2.0-4ubuntu2~24.04) ...
2026-02-11T15:30:59.4252963Z Setting up libjs-underscore (1.13.4~dfsg+~1.11.4-3) ...
2026-02-11T15:30:59.4274788Z Setting up gnupg-utils (2.4.4-2ubuntu17.4) ...
2026-02-11T15:30:59.4300893Z Setting up libctf0:amd64 (2.42-4ubuntu2.8) ...
2026-02-11T15:30:59.4332746Z Setting up libjpeg8:amd64 (8c-2ubuntu11) ...
2026-02-11T15:30:59.4356281Z Setting up manpages-dev (6.7-2) ...
2026-02-11T15:30:59.4444886Z Setting up libxdmcp6:amd64 (1:1.1.3-0ubuntu6) ...
2026-02-11T15:30:59.4465106Z Setting up libxcb1:amd64 (1.15-1ubuntu2) ...
2026-02-11T15:30:59.4489113Z Setting up cpp-13-x86-64-linux-gnu (13.3.0-6ubuntu2~24.04) ...
2026-02-11T15:30:59.4511279Z Setting up fontconfig-config (2.15.0-1.1ubuntu2) ...
2026-02-11T15:30:59.5831440Z Setting up libedit2:amd64 (3.1-20230828-1build1) ...
2026-02-11T15:30:59.5855097Z Setting up ca-certificates (20240203) ...
2026-02-11T15:30:59.6590208Z debconf: unable to initialize frontend: Dialog
2026-02-11T15:30:59.6590736Z debconf: (TERM is not set, so the dialog frontend is not usable.)
2026-02-11T15:30:59.6591192Z debconf: falling back to frontend: Readline
2026-02-11T15:30:59.6652699Z debconf: unable to initialize frontend: Readline
2026-02-11T15:30:59.6653107Z debconf: (This frontend requires a controlling tty.)
2026-02-11T15:30:59.6653666Z debconf: falling back to frontend: Teletype
2026-02-11T15:31:00.0577990Z Updating certificates in /etc/ssl/certs...
2026-02-11T15:31:00.6076297Z 146 added, 0 removed; done.
2026-02-11T15:31:00.6229478Z Setting up perl (5.38.2-3.2ubuntu0.2) ...
2026-02-11T15:31:00.6317965Z Setting up libgprofng0:amd64 (2.42-4ubuntu2.8) ...
2026-02-11T15:31:00.6343950Z Setting up libfreetype6:amd64 (2.13.2+dfsg-1build3) ...
2026-02-11T15:31:00.6371643Z Setting up libgssapi-krb5-2:amd64 (1.20.1-6ubuntu2.6) ...
2026-02-11T15:31:00.6400543Z Setting up libjs-sphinxdoc (7.2.6-6) ...
2026-02-11T15:31:00.6426634Z Setting up libdpkg-perl (1.22.6ubuntu6.5) ...
2026-02-11T15:31:00.6454780Z Setting up libssh-4:amd64 (0.10.6-2ubuntu0.2) ...
2026-02-11T15:31:00.6478739Z Setting up libreadline8t64:amd64 (8.2-4build1) ...
2026-02-11T15:31:00.6500211Z Setting up libgcc-13-dev:amd64 (13.3.0-6ubuntu2~24.04) ...
2026-02-11T15:31:00.6526496Z Setting up libtiff6:amd64 (4.5.1+git230720-4ubuntu2.4) ...
2026-02-11T15:31:00.6552057Z Setting up gpgconf (2.4.4-2ubuntu17.4) ...
2026-02-11T15:31:00.6576689Z Setting up libc6-dev:amd64 (2.39-0ubuntu8.7) ...
2026-02-11T15:31:00.6604069Z Setting up libx11-6:amd64 (2:1.8.7-1build1) ...
2026-02-11T15:31:00.6624865Z Setting up libfontconfig1:amd64 (2.15.0-1.1ubuntu2) ...
2026-02-11T15:31:00.6649215Z Setting up libxmuu1:amd64 (2:1.1.3-3build2) ...
2026-02-11T15:31:00.6674117Z Setting up gpg (2.4.4-2ubuntu17.4) ...
2026-02-11T15:31:00.6699640Z Setting up libstdc++-13-dev:amd64 (13.3.0-6ubuntu2~24.04) ...
2026-02-11T15:31:00.6719863Z Setting up binutils-x86-64-linux-gnu (2.42-4ubuntu2.8) ...
2026-02-11T15:31:00.6746648Z Setting up cpp-x86-64-linux-gnu (4:13.2.0-7ubuntu1) ...
2026-02-11T15:31:00.6769777Z Setting up gpg-agent (2.4.4-2ubuntu17.4) ...
2026-02-11T15:31:01.1025017Z Setting up libpython3.12-stdlib:amd64 (3.12.3-1ubuntu0.11) ...
2026-02-11T15:31:01.1048835Z Setting up libxpm4:amd64 (1:3.5.17-1build2) ...
2026-02-11T15:31:01.1075806Z Setting up cpp-13 (13.3.0-6ubuntu2~24.04) ...
2026-02-11T15:31:01.1099898Z Setting up libfile-fcntllock-perl (0.22-4ubuntu5) ...
2026-02-11T15:31:01.1124168Z Setting up python3-pip-whl (24.0+dfsg-1ubuntu1.3) ...
2026-02-11T15:31:01.1162236Z Setting up libalgorithm-diff-perl (1.201-1) ...
2026-02-11T15:31:01.1187883Z Setting up openssh-client (1:9.6p1-3ubuntu13.14) ...
2026-02-11T15:31:01.1812322Z Setting up gcc-13-x86-64-linux-gnu (13.3.0-6ubuntu2~24.04) ...
2026-02-11T15:31:01.1834376Z Setting up python3.12 (3.12.3-1ubuntu0.11) ...
2026-02-11T15:31:01.9891077Z Setting up gpgsm (2.4.4-2ubuntu17.4) ...
2026-02-11T15:31:01.9920377Z Setting up libcurl3t64-gnutls:amd64 (8.5.0-2ubuntu10.6) ...
2026-02-11T15:31:01.9945913Z Setting up libxext6:amd64 (2:1.3.4-1build2) ...
2026-02-11T15:31:01.9969793Z Setting up binutils (2.42-4ubuntu2.8) ...
2026-02-11T15:31:01.9994340Z Setting up dpkg-dev (1.22.6ubuntu6.5) ...
2026-02-11T15:31:02.0036411Z Setting up liberror-perl (0.17029-2) ...
2026-02-11T15:31:02.0060412Z Setting up libpython3.12t64:amd64 (3.12.3-1ubuntu0.11) ...
2026-02-11T15:31:02.0084931Z Setting up dirmngr (2.4.4-2ubuntu17.4) ...
2026-02-11T15:31:02.1245942Z Setting up libexpat1-dev:amd64 (2.6.1-2ubuntu0.3) ...
2026-02-11T15:31:02.1269224Z Setting up gcc-13 (13.3.0-6ubuntu2~24.04) ...
2026-02-11T15:31:02.1297266Z Setting up keyboxd (2.4.4-2ubuntu17.4) ...
2026-02-11T15:31:02.2364249Z Setting up git (1:2.43.0-1ubuntu7.3) ...
2026-02-11T15:31:02.2454727Z Setting up zlib1g-dev:amd64 (1:1.3.dfsg-3.1ubuntu2.1) ...
2026-02-11T15:31:02.2480564Z Setting up xauth (1:1.1.2-1build1) ...
2026-02-11T15:31:02.2507836Z Setting up cpp (4:13.2.0-7ubuntu1) ...
2026-02-11T15:31:02.2597461Z Setting up gnupg (2.4.4-2ubuntu17.4) ...
2026-02-11T15:31:02.2621821Z Setting up libalgorithm-diff-xs-perl:amd64 (0.04-8build3) ...
2026-02-11T15:31:02.2646894Z Setting up libpython3-stdlib:amd64 (3.12.3-0ubuntu2.1) ...
2026-02-11T15:31:02.2669815Z Setting up libalgorithm-merge-perl (0.08-5) ...
2026-02-11T15:31:02.2695003Z Setting up g++-13-x86-64-linux-gnu (13.3.0-6ubuntu2~24.04) ...
2026-02-11T15:31:02.2719112Z Setting up gcc-x86-64-linux-gnu (4:13.2.0-7ubuntu1) ...
2026-02-11T15:31:02.2741392Z Setting up gpg-wks-client (2.4.4-2ubuntu17.4) ...
2026-02-11T15:31:02.2766496Z Setting up python3.12-venv (3.12.3-1ubuntu0.11) ...
2026-02-11T15:31:02.3247109Z Setting up python3 (3.12.3-0ubuntu2.1) ...
2026-02-11T15:31:02.3300500Z running python rtupdate hooks for python3.12...
2026-02-11T15:31:02.3301113Z running python post-rtupdate hooks for python3.12...
2026-02-11T15:31:02.4183042Z Setting up libpython3.12-dev:amd64 (3.12.3-1ubuntu0.11) ...
2026-02-11T15:31:02.4204614Z Setting up python3-wheel (0.42.0-2) ...
2026-02-11T15:31:02.5495891Z Setting up gcc (4:13.2.0-7ubuntu1) ...
2026-02-11T15:31:02.5583817Z Setting up python3-venv (3.12.3-0ubuntu2.1) ...
2026-02-11T15:31:02.5607569Z Setting up python3.12-dev (3.12.3-1ubuntu0.11) ...
2026-02-11T15:31:02.5631066Z Setting up g++-x86-64-linux-gnu (4:13.2.0-7ubuntu1) ...
2026-02-11T15:31:02.5656537Z Setting up python3-pkg-resources (68.1.2-2ubuntu1.2) ...
2026-02-11T15:31:02.7501287Z Setting up g++-13 (13.3.0-6ubuntu2~24.04) ...
2026-02-11T15:31:02.7525121Z Setting up libpython3-dev:amd64 (3.12.3-0ubuntu2.1) ...
2026-02-11T15:31:02.7561726Z Setting up python3-setuptools (68.1.2-2ubuntu1.2) ...
2026-02-11T15:31:03.1713719Z Setting up python3-dev (3.12.3-0ubuntu2.1) ...
2026-02-11T15:31:03.1741054Z Setting up python3-pip (24.0+dfsg-1ubuntu1.3) ...
2026-02-11T15:31:04.3439447Z Setting up g++ (4:13.2.0-7ubuntu1) ...
2026-02-11T15:31:04.3472421Z update-alternatives: using /usr/bin/g++ to provide /usr/bin/c++ (c++) in auto mode
2026-02-11T15:31:04.3474236Z update-alternatives: warning: skip creation of /usr/share/man/man1/c++.1.gz because associated file /usr/share/man/man1/g++.1.gz (of link group c++) doesn't exist
2026-02-11T15:31:04.3491727Z Setting up build-essential (12.10ubuntu1) ...
2026-02-11T15:31:04.3520043Z Setting up libheif1:amd64 (1.17.6-1ubuntu4.2) ...
2026-02-11T15:31:04.3546874Z Setting up libgd3:amd64 (2.3.3-9ubuntu5) ...
2026-02-11T15:31:04.3573977Z Setting up libc-devtools (2.39-0ubuntu8.7) ...
2026-02-11T15:31:04.3596717Z Setting up libheif-plugin-aomdec:amd64 (1.17.6-1ubuntu4.2) ...
2026-02-11T15:31:04.3620448Z Setting up libheif-plugin-libde265:amd64 (1.17.6-1ubuntu4.2) ...
2026-02-11T15:31:04.3641810Z Setting up libheif-plugin-aomenc:amd64 (1.17.6-1ubuntu4.2) ...
2026-02-11T15:31:04.3666453Z Processing triggers for libc-bin (2.39-0ubuntu8.7) ...
2026-02-11T15:31:04.3789253Z Processing triggers for ca-certificates (20240203) ...
2026-02-11T15:31:04.3832384Z Updating certificates in /etc/ssl/certs...
2026-02-11T15:31:04.8175296Z 0 added, 0 removed; done.
2026-02-11T15:31:04.8175837Z Running hooks in /etc/ca-certificates/update.d...
2026-02-11T15:31:04.8190190Z done.
2026-02-11T15:31:04.8846855Z ##[group]Run actions/checkout@v6
2026-02-11T15:31:04.8847133Z with:
2026-02-11T15:31:04.8847315Z   submodules: recursive
2026-02-11T15:31:04.8847532Z   repository: gabrielima7/ImunoEdge
2026-02-11T15:31:04.8847938Z   token: ***
2026-02-11T15:31:04.8848114Z   ssh-strict: true
2026-02-11T15:31:04.8848495Z   ssh-user: git
2026-02-11T15:31:04.8848685Z   persist-credentials: true
2026-02-11T15:31:04.8848894Z   clean: true
2026-02-11T15:31:04.8849073Z   sparse-checkout-cone-mode: true
2026-02-11T15:31:04.8849309Z   fetch-depth: 1
2026-02-11T15:31:04.8849490Z   fetch-tags: false
2026-02-11T15:31:04.8849669Z   show-progress: true
2026-02-11T15:31:04.8849850Z   lfs: false
2026-02-11T15:31:04.8850013Z   set-safe-directory: true
2026-02-11T15:31:04.8850214Z env:
2026-02-11T15:31:04.8850376Z   PYTHON_VERSION_DEFAULT: 3.11
2026-02-11T15:31:04.8850592Z ##[endgroup]
2026-02-11T15:31:04.8897974Z ##[command]/usr/bin/docker exec  f1a9f851d077c7fb28df0cb949678872fdd7413758a522b5911e969bf4104c60 sh -c "cat /etc/*release | grep ^ID"
2026-02-11T15:31:05.0950001Z Syncing repository: gabrielima7/ImunoEdge
2026-02-11T15:31:05.0952147Z ##[group]Getting Git version info
2026-02-11T15:31:05.0952493Z Working directory is '/__w/ImunoEdge/ImunoEdge'
2026-02-11T15:31:05.0952981Z [command]/usr/bin/git version
2026-02-11T15:31:05.0953628Z git version 2.43.0
2026-02-11T15:31:05.0956655Z ##[endgroup]
2026-02-11T15:31:05.0976726Z Temporarily overriding HOME='/__w/_temp/3ed6b6a8-dffc-4d2c-a7cb-3794ea28f3ad' before making global git config changes
2026-02-11T15:31:05.0978005Z Adding repository directory to the temporary git global config as a safe directory
2026-02-11T15:31:05.0982349Z [command]/usr/bin/git config --global --add safe.directory /__w/ImunoEdge/ImunoEdge
2026-02-11T15:31:05.1018511Z Deleting the contents of '/__w/ImunoEdge/ImunoEdge'
2026-02-11T15:31:05.1022504Z ##[group]Initializing the repository
2026-02-11T15:31:05.1027026Z [command]/usr/bin/git init /__w/ImunoEdge/ImunoEdge
2026-02-11T15:31:05.1062658Z hint: Using 'master' as the name for the initial branch. This default branch name
2026-02-11T15:31:05.1063903Z hint: is subject to change. To configure the initial branch name to use in all
2026-02-11T15:31:05.1064823Z hint: of your new repositories, which will suppress this warning, call:
2026-02-11T15:31:05.1065455Z hint: 
2026-02-11T15:31:05.1065903Z hint: 	git config --global init.defaultBranch <name>
2026-02-11T15:31:05.1066419Z hint: 
2026-02-11T15:31:05.1066891Z hint: Names commonly chosen instead of 'master' are 'main', 'trunk' and
2026-02-11T15:31:05.1067754Z hint: 'development'. The just-created branch can be renamed via this command:
2026-02-11T15:31:05.1068438Z hint: 
2026-02-11T15:31:05.1068733Z hint: 	git branch -m <name>
2026-02-11T15:31:05.1071333Z Initialized empty Git repository in /__w/ImunoEdge/ImunoEdge/.git/
2026-02-11T15:31:05.1085668Z [command]/usr/bin/git remote add origin https://github.com/gabrielima7/ImunoEdge
2026-02-11T15:31:05.1119938Z ##[endgroup]
2026-02-11T15:31:05.1120580Z ##[group]Disabling automatic garbage collection
2026-02-11T15:31:05.1124745Z [command]/usr/bin/git config --local gc.auto 0
2026-02-11T15:31:05.1152453Z ##[endgroup]
2026-02-11T15:31:05.1153780Z ##[group]Setting up auth
2026-02-11T15:31:05.1154322Z Removing SSH command configuration
2026-02-11T15:31:05.1160644Z [command]/usr/bin/git config --local --name-only --get-regexp core\.sshCommand
2026-02-11T15:31:05.1192493Z [command]/usr/bin/git submodule foreach --recursive sh -c "git config --local --name-only --get-regexp 'core\.sshCommand' && git config --local --unset-all 'core.sshCommand' || :"
2026-02-11T15:31:05.1424165Z Removing HTTP extra header
2026-02-11T15:31:05.1428957Z [command]/usr/bin/git config --local --name-only --get-regexp http\.https\:\/\/github\.com\/\.extraheader
2026-02-11T15:31:05.1459155Z [command]/usr/bin/git submodule foreach --recursive sh -c "git config --local --name-only --get-regexp 'http\.https\:\/\/github\.com\/\.extraheader' && git config --local --unset-all 'http.https://github.com/.extraheader' || :"
2026-02-11T15:31:05.1684276Z Removing includeIf entries pointing to credentials config files
2026-02-11T15:31:05.1689952Z [command]/usr/bin/git config --local --name-only --get-regexp ^includeIf\.gitdir:
2026-02-11T15:31:05.1721456Z [command]/usr/bin/git submodule foreach --recursive git config --local --show-origin --name-only --get-regexp remote.origin.url
2026-02-11T15:31:05.1960343Z [command]/usr/bin/git config --file /__w/_temp/git-credentials-623ea782-c462-4701-b182-f98e275ce7b2.config http.https://github.com/.extraheader AUTHORIZATION: basic ***
2026-02-11T15:31:05.1999525Z [command]/usr/bin/git config --local includeIf.gitdir:/__w/ImunoEdge/ImunoEdge/.git.path /__w/_temp/git-credentials-623ea782-c462-4701-b182-f98e275ce7b2.config
2026-02-11T15:31:05.2029764Z [command]/usr/bin/git config --local includeIf.gitdir:/__w/ImunoEdge/ImunoEdge/.git/worktrees/*.path /__w/_temp/git-credentials-623ea782-c462-4701-b182-f98e275ce7b2.config
2026-02-11T15:31:05.2059778Z [command]/usr/bin/git config --local includeIf.gitdir:/github/workspace/.git.path /github/runner_temp/git-credentials-623ea782-c462-4701-b182-f98e275ce7b2.config
2026-02-11T15:31:05.2090216Z [command]/usr/bin/git config --local includeIf.gitdir:/github/workspace/.git/worktrees/*.path /github/runner_temp/git-credentials-623ea782-c462-4701-b182-f98e275ce7b2.config
2026-02-11T15:31:05.2117300Z ##[endgroup]
2026-02-11T15:31:05.2117721Z ##[group]Fetching the repository
2026-02-11T15:31:05.2126056Z [command]/usr/bin/git -c protocol.version=2 fetch --no-tags --prune --no-recurse-submodules --depth=1 origin +22797f30b775dab08a63282bfc3c092003bdea47:refs/remotes/origin/main
2026-02-11T15:31:05.4096426Z From https://github.com/gabrielima7/ImunoEdge
2026-02-11T15:31:05.4097530Z  * [new ref]         22797f30b775dab08a63282bfc3c092003bdea47 -> origin/main
2026-02-11T15:31:05.4128154Z [command]/usr/bin/git branch --list --remote origin/main
2026-02-11T15:31:05.4156658Z   origin/main
2026-02-11T15:31:05.4167905Z [command]/usr/bin/git rev-parse refs/remotes/origin/main
2026-02-11T15:31:05.4192978Z 22797f30b775dab08a63282bfc3c092003bdea47
2026-02-11T15:31:05.4198443Z ##[endgroup]
2026-02-11T15:31:05.4199386Z ##[group]Determining the checkout info
2026-02-11T15:31:05.4202261Z ##[endgroup]
2026-02-11T15:31:05.4207191Z [command]/usr/bin/git sparse-checkout disable
2026-02-11T15:31:05.4250178Z [command]/usr/bin/git config --local --unset-all extensions.worktreeConfig
2026-02-11T15:31:05.4282813Z ##[group]Checking out the ref
2026-02-11T15:31:05.4287733Z [command]/usr/bin/git checkout --progress --force -B main refs/remotes/origin/main
2026-02-11T15:31:05.4436762Z Switched to a new branch 'main'
2026-02-11T15:31:05.4437947Z branch 'main' set up to track 'origin/main'.
2026-02-11T15:31:05.4444149Z ##[endgroup]
2026-02-11T15:31:05.4444795Z ##[group]Setting up auth for fetching submodules
2026-02-11T15:31:05.4451802Z [command]/usr/bin/git config --file /__w/_temp/git-credentials-623ea782-c462-4701-b182-f98e275ce7b2.config http.https://github.com/.extraheader AUTHORIZATION: basic ***
2026-02-11T15:31:05.4493808Z [command]/usr/bin/git config --global include.path /__w/_temp/git-credentials-623ea782-c462-4701-b182-f98e275ce7b2.config
2026-02-11T15:31:05.4535627Z [command]/usr/bin/git config --global --unset-all url.https://github.com/.insteadOf
2026-02-11T15:31:05.4574028Z [command]/usr/bin/git config --global --add url.https://github.com/.insteadOf git@github.com:
2026-02-11T15:31:05.4607759Z [command]/usr/bin/git config --global --add url.https://github.com/.insteadOf org-230595838@github.com:
2026-02-11T15:31:05.4635004Z ##[endgroup]
2026-02-11T15:31:05.4635870Z ##[group]Fetching submodules
2026-02-11T15:31:05.4639030Z [command]/usr/bin/git submodule sync --recursive
2026-02-11T15:31:05.4892025Z [command]/usr/bin/git -c protocol.version=2 submodule update --init --force --depth=1 --recursive
2026-02-11T15:31:05.5142271Z Submodule 'TaipanStack' (https://github.com/gabrielima7/TaipanStack.git) registered for path 'TaipanStack'
2026-02-11T15:31:05.5167260Z Cloning into '/__w/ImunoEdge/ImunoEdge/TaipanStack'...
2026-02-11T15:31:05.7793636Z Submodule path 'TaipanStack': checked out '788267ef00de0831d0cbe7423802ecc040dd79f8'
2026-02-11T15:31:05.7824264Z [command]/usr/bin/git submodule foreach --recursive git config --local gc.auto 0
2026-02-11T15:31:05.8051125Z Entering 'TaipanStack'
2026-02-11T15:31:05.8094606Z ##[endgroup]
2026-02-11T15:31:05.8095261Z ##[group]Persisting credentials for submodules
2026-02-11T15:31:05.8101704Z [command]/usr/bin/git submodule foreach --recursive sh -c "git config --local --name-only --get-regexp 'url\.https\:\/\/github\.com\/\.insteadOf' && git config --local --unset-all 'url.https://github.com/.insteadOf' || :"
2026-02-11T15:31:05.8327098Z Entering 'TaipanStack'
2026-02-11T15:31:05.8378700Z [command]/usr/bin/git submodule foreach --recursive git config --local --show-origin --name-only --get-regexp remote.origin.url
2026-02-11T15:31:05.8606918Z Entering 'TaipanStack'
2026-02-11T15:31:05.8623308Z file:/__w/ImunoEdge/ImunoEdge/.git/modules/TaipanStack/config	remote.origin.url
2026-02-11T15:31:05.8656533Z [command]/usr/bin/git config --file /__w/ImunoEdge/ImunoEdge/.git/modules/TaipanStack/config includeIf.gitdir:/__w/ImunoEdge/ImunoEdge/.git/modules/TaipanStack.path /__w/_temp/git-credentials-623ea782-c462-4701-b182-f98e275ce7b2.config
2026-02-11T15:31:05.8689410Z [command]/usr/bin/git config --file /__w/ImunoEdge/ImunoEdge/.git/modules/TaipanStack/config includeIf.gitdir:/github/workspace/.git/modules/TaipanStack.path /github/runner_temp/git-credentials-623ea782-c462-4701-b182-f98e275ce7b2.config
2026-02-11T15:31:05.8725312Z [command]/usr/bin/git submodule foreach --recursive git config --local --add 'url.https://github.com/.insteadOf' 'git@github.com:'
2026-02-11T15:31:05.8951415Z Entering 'TaipanStack'
2026-02-11T15:31:05.9002004Z [command]/usr/bin/git submodule foreach --recursive git config --local --add 'url.https://github.com/.insteadOf' 'org-230595838@github.com:'
2026-02-11T15:31:05.9230112Z Entering 'TaipanStack'
2026-02-11T15:31:05.9276045Z ##[endgroup]
2026-02-11T15:31:05.9316114Z [command]/usr/bin/git log -1 --format=%H
2026-02-11T15:31:05.9339899Z 22797f30b775dab08a63282bfc3c092003bdea47
2026-02-11T15:31:05.9489479Z ##[group]Run python3 -m pip install --upgrade pip --break-system-packages || python3 -m pip install --upgrade pip || true
2026-02-11T15:31:05.9490399Z [36;1mpython3 -m pip install --upgrade pip --break-system-packages || python3 -m pip install --upgrade pip || true[0m
2026-02-11T15:31:05.9491208Z [36;1mpython3 -m pip install setuptools wheel --break-system-packages || python3 -m pip install setuptools wheel || true[0m
2026-02-11T15:31:05.9491889Z [36;1mpython3 -m pip install -e . --break-system-packages || python3 -m pip install -e .[0m
2026-02-11T15:31:05.9492420Z shell: sh -e {0}
2026-02-11T15:31:05.9492599Z env:
2026-02-11T15:31:05.9492768Z   PYTHON_VERSION_DEFAULT: 3.11
2026-02-11T15:31:05.9492986Z ##[endgroup]
2026-02-11T15:31:06.2894869Z WARNING: The directory '/github/home/.cache/pip' or its parent directory is not owned or is not writable by the current user. The cache has been disabled. Check the permissions and owner of that directory. If executing pip with sudo, you should use sudo's -H flag.
2026-02-11T15:31:06.3216670Z Requirement already satisfied: pip in /usr/lib/python3/dist-packages (24.0)
2026-02-11T15:31:06.4156387Z Collecting pip
2026-02-11T15:31:06.4655892Z   Downloading pip-26.0.1-py3-none-any.whl.metadata (4.7 kB)
2026-02-11T15:31:06.4712575Z Downloading pip-26.0.1-py3-none-any.whl (1.8 MB)
2026-02-11T15:31:06.5005386Z    ━━━━━━━━━━━━━━━━━━━━━━━━━━━━━━━━━━━━━━━━ 1.8/1.8 MB 67.4 MB/s eta 0:00:00
2026-02-11T15:31:06.5326914Z Installing collected packages: pip
2026-02-11T15:31:06.5327950Z   Attempting uninstall: pip
2026-02-11T15:31:06.5355442Z     Found existing installation: pip 24.0
2026-02-11T15:31:06.5368023Z ERROR: Cannot uninstall pip 24.0, RECORD file not found. Hint: The package was installed by debian.
2026-02-11T15:31:06.8621596Z WARNING: The directory '/github/home/.cache/pip' or its parent directory is not owned or is not writable by the current user. The cache has been disabled. Check the permissions and owner of that directory. If executing pip with sudo, you should use sudo's -H flag.
2026-02-11T15:31:06.8663854Z error: externally-managed-environment
2026-02-11T15:31:06.8664204Z 
2026-02-11T15:31:06.8665065Z × This environment is externally managed
2026-02-11T15:31:06.8665709Z ╰─> To install Python packages system-wide, try apt install
2026-02-11T15:31:06.8666292Z     python3-xyz, where xyz is the package you are trying to
2026-02-11T15:31:06.8666752Z     install.
2026-02-11T15:31:06.8666976Z     
2026-02-11T15:31:06.8667330Z     If you wish to install a non-Debian-packaged Python package,
2026-02-11T15:31:06.8667959Z     create a virtual environment using python3 -m venv path/to/venv.
2026-02-11T15:31:06.8668631Z     Then use path/to/venv/bin/python and path/to/venv/bin/pip. Make
2026-02-11T15:31:06.8669168Z     sure you have python3-full installed.
2026-02-11T15:31:06.8669529Z     
2026-02-11T15:31:06.8669927Z     If you wish to install a non-Debian packaged Python application,
2026-02-11T15:31:06.8670531Z     it may be easiest to use pipx install xyz, which will manage a
2026-02-11T15:31:06.8671143Z     virtual environment for you. Make sure you have pipx installed.
2026-02-11T15:31:06.8671620Z     
2026-02-11T15:31:06.8671996Z     See /usr/share/doc/python3.12/README.venv for more information.
2026-02-11T15:31:06.8672385Z 
2026-02-11T15:31:06.8673701Z note: If you believe this is a mistake, please contact your Python installation or OS distribution provider. You can override this, at the risk of breaking your Python installation or OS, by passing --break-system-packages.
2026-02-11T15:31:06.8675169Z hint: See PEP 668 for the detailed specification.
2026-02-11T15:31:07.1775602Z WARNING: The directory '/github/home/.cache/pip' or its parent directory is not owned or is not writable by the current user. The cache has been disabled. Check the permissions and owner of that directory. If executing pip with sudo, you should use sudo's -H flag.
2026-02-11T15:31:07.2061184Z Requirement already satisfied: setuptools in /usr/lib/python3/dist-packages (68.1.2)
2026-02-11T15:31:07.2067819Z Requirement already satisfied: wheel in /usr/lib/python3/dist-packages (0.42.0)
2026-02-11T15:31:07.2149554Z WARNING: Running pip as the 'root' user can result in broken permissions and conflicting behaviour with the system package manager. It is recommended to use a virtual environment instead: https://pip.pypa.io/warnings/venv
2026-02-11T15:31:07.5377046Z WARNING: The directory '/github/home/.cache/pip' or its parent directory is not owned or is not writable by the current user. The cache has been disabled. Check the permissions and owner of that directory. If executing pip with sudo, you should use sudo's -H flag.
2026-02-11T15:31:07.5659119Z Obtaining file:///__w/ImunoEdge/ImunoEdge
2026-02-11T15:31:07.5683908Z   Installing build dependencies: started
2026-02-11T15:31:09.0323051Z   Installing build dependencies: finished with status 'done'
2026-02-11T15:31:09.0338165Z   Checking if build backend supports build_editable: started
2026-02-11T15:31:09.1744756Z   Checking if build backend supports build_editable: finished with status 'done'
2026-02-11T15:31:09.1777644Z ERROR: Exception:
2026-02-11T15:31:09.1778031Z Traceback (most recent call last):
2026-02-11T15:31:09.1778872Z   File "/usr/lib/python3/dist-packages/pip/_internal/cli/base_command.py", line 180, in exc_logging_wrapper
2026-02-11T15:31:09.1779570Z     status = run_func(*args)
2026-02-11T15:31:09.1779864Z              ^^^^^^^^^^^^^^^
2026-02-11T15:31:09.1780411Z   File "/usr/lib/python3/dist-packages/pip/_internal/cli/req_command.py", line 245, in wrapper
2026-02-11T15:31:09.1781045Z     return func(self, options, args)
2026-02-11T15:31:09.1781369Z            ^^^^^^^^^^^^^^^^^^^^^^^^^
2026-02-11T15:31:09.1781921Z   File "/usr/lib/python3/dist-packages/pip/_internal/commands/install.py", line 377, in run
2026-02-11T15:31:09.1782539Z     requirement_set = resolver.resolve(
2026-02-11T15:31:09.1782871Z                       ^^^^^^^^^^^^^^^^^
2026-02-11T15:31:09.1783666Z   File "/usr/lib/python3/dist-packages/pip/_internal/resolution/resolvelib/resolver.py", line 76, in resolve
2026-02-11T15:31:09.1784479Z     collected = self.factory.collect_root_requirements(root_reqs)
2026-02-11T15:31:09.1785266Z                 ^^^^^^^^^^^^^^^^^^^^^^^^^^^^^^^^^^^^^^^^^^^^^^^^^
2026-02-11T15:31:09.1786078Z   File "/usr/lib/python3/dist-packages/pip/_internal/resolution/resolvelib/factory.py", line 534, in collect_root_requirements
2026-02-11T15:31:09.1786867Z     reqs = list(
2026-02-11T15:31:09.1787097Z            ^^^^^
2026-02-11T15:31:09.1787811Z   File "/usr/lib/python3/dist-packages/pip/_internal/resolution/resolvelib/factory.py", line 490, in _make_requirements_from_install_req
2026-02-11T15:31:09.1788674Z     cand = self._make_base_candidate_from_link(
2026-02-11T15:31:09.1789039Z            ^^^^^^^^^^^^^^^^^^^^^^^^^^^^^^^^^^^^
2026-02-11T15:31:09.1789830Z   File "/usr/lib/python3/dist-packages/pip/_internal/resolution/resolvelib/factory.py", line 207, in _make_base_candidate_from_link
2026-02-11T15:31:09.1790740Z     self._editable_candidate_cache[link] = EditableCandidate(
2026-02-11T15:31:09.1791193Z                                            ^^^^^^^^^^^^^^^^^^
2026-02-11T15:31:09.1791915Z   File "/usr/lib/python3/dist-packages/pip/_internal/resolution/resolvelib/candidates.py", line 315, in __init__
2026-02-11T15:31:09.1792619Z     super().__init__(
2026-02-11T15:31:09.1793233Z   File "/usr/lib/python3/dist-packages/pip/_internal/resolution/resolvelib/candidates.py", line 156, in __init__
2026-02-11T15:31:09.1794205Z     self.dist = self._prepare()
2026-02-11T15:31:09.1794507Z                 ^^^^^^^^^^^^^^^
2026-02-11T15:31:09.1795145Z   File "/usr/lib/python3/dist-packages/pip/_internal/resolution/resolvelib/candidates.py", line 222, in _prepare
2026-02-11T15:31:09.1795876Z     dist = self._prepare_distribution()
2026-02-11T15:31:09.1796201Z            ^^^^^^^^^^^^^^^^^^^^^^^^^^^^
2026-02-11T15:31:09.1796965Z   File "/usr/lib/python3/dist-packages/pip/_internal/resolution/resolvelib/candidates.py", line 325, in _prepare_distribution
2026-02-11T15:31:09.1797671Z     return self._factory.preparer.prepare_editable_requirement(self._ireq)
2026-02-11T15:31:09.1798058Z            ^^^^^^^^^^^^^^^^^^^^^^^^^^^^^^^^^^^^^^^^^^^^^^^^^^^^^^^^^^^^^^^
2026-02-11T15:31:09.1798600Z   File "/usr/lib/python3/dist-packages/pip/_internal/operations/prepare.py", line 696, in prepare_editable_requirement
2026-02-11T15:31:09.1799151Z     dist = _get_prepared_distribution(
2026-02-11T15:31:09.1799389Z            ^^^^^^^^^^^^^^^^^^^^^^^^^^^
2026-02-11T15:31:09.1799876Z   File "/usr/lib/python3/dist-packages/pip/_internal/operations/prepare.py", line 71, in _get_prepared_distribution
2026-02-11T15:31:09.1800422Z     abstract_dist.prepare_distribution_metadata(
2026-02-11T15:31:09.1800970Z   File "/usr/lib/python3/dist-packages/pip/_internal/distributions/sdist.py", line 52, in prepare_distribution_metadata
2026-02-11T15:31:09.1801507Z     self.req.isolated_editable_sanity_check()
2026-02-11T15:31:09.1802017Z   File "/usr/lib/python3/dist-packages/pip/_internal/req/req_install.py", line 545, in isolated_editable_sanity_check
2026-02-11T15:31:09.1802539Z     and not self.supports_pyproject_editable()
2026-02-11T15:31:09.1802794Z             ^^^^^^^^^^^^^^^^^^^^^^^^^^^^^^^^^^
2026-02-11T15:31:09.1803265Z   File "/usr/lib/python3/dist-packages/pip/_internal/req/req_install.py", line 257, in supports_pyproject_editable
2026-02-11T15:31:09.1803985Z     return "build_editable" in self.pep517_backend._supported_features()
2026-02-11T15:31:09.1804347Z                                ^^^^^^^^^^^^^^^^^^^^^^^^^^^^^^^^^^^^^^^^^
2026-02-11T15:31:09.1804848Z   File "/usr/lib/python3/dist-packages/pip/_vendor/pyproject_hooks/_impl.py", line 153, in _supported_features
2026-02-11T15:31:09.1805365Z     return self._call_hook('_supported_features', {})
2026-02-11T15:31:09.1805653Z            ^^^^^^^^^^^^^^^^^^^^^^^^^^^^^^^^^^^^^^^^^^
2026-02-11T15:31:09.1806087Z   File "/usr/lib/python3/dist-packages/pip/_vendor/pyproject_hooks/_impl.py", line 321, in _call_hook
2026-02-11T15:31:09.1806577Z     raise BackendUnavailable(data.get('traceback', ''))
2026-02-11T15:31:09.1807024Z pip._vendor.pyproject_hooks._impl.BackendUnavailable: Traceback (most recent call last):
2026-02-11T15:31:09.1807804Z   File "/usr/lib/python3/dist-packages/pip/_vendor/pyproject_hooks/_in_process/_in_process.py", line 77, in _build_backend
2026-02-11T15:31:09.1808318Z     obj = import_module(mod_path)
2026-02-11T15:31:09.1808528Z           ^^^^^^^^^^^^^^^^^^^^^^^
2026-02-11T15:31:09.1808845Z   File "/usr/lib/python3.12/importlib/__init__.py", line 90, in import_module
2026-02-11T15:31:09.1809258Z     return _bootstrap._gcd_import(name[level:], package, level)
2026-02-11T15:31:09.1809615Z            ^^^^^^^^^^^^^^^^^^^^^^^^^^^^^^^^^^^^^^^^^^^^^^^^^^^^
2026-02-11T15:31:09.1809951Z   File "<frozen importlib._bootstrap>", line 1387, in _gcd_import
2026-02-11T15:31:09.1810354Z   File "<frozen importlib._bootstrap>", line 1360, in _find_and_load
2026-02-11T15:31:09.1810781Z   File "<frozen importlib._bootstrap>", line 1310, in _find_and_load_unlocked
2026-02-11T15:31:09.1811240Z   File "<frozen importlib._bootstrap>", line 488, in _call_with_frames_removed
2026-02-11T15:31:09.1811681Z   File "<frozen importlib._bootstrap>", line 1387, in _gcd_import
2026-02-11T15:31:09.1812063Z   File "<frozen importlib._bootstrap>", line 1360, in _find_and_load
2026-02-11T15:31:09.1812483Z   File "<frozen importlib._bootstrap>", line 1324, in _find_and_load_unlocked
2026-02-11T15:31:09.1812910Z ModuleNotFoundError: No module named 'setuptools.backends'
2026-02-11T15:31:09.1813152Z 
2026-02-11T15:31:09.5267951Z WARNING: The directory '/github/home/.cache/pip' or its parent directory is not owned or is not writable by the current user. The cache has been disabled. Check the permissions and owner of that directory. If executing pip with sudo, you should use sudo's -H flag.
2026-02-11T15:31:09.5308459Z error: externally-managed-environment
2026-02-11T15:31:09.5308782Z 
2026-02-11T15:31:09.5309285Z × This environment is externally managed
2026-02-11T15:31:09.5310182Z ╰─> To install Python packages system-wide, try apt install
2026-02-11T15:31:09.5310723Z     python3-xyz, where xyz is the package you are trying to
2026-02-11T15:31:09.5311156Z     install.
2026-02-11T15:31:09.5311376Z     
2026-02-11T15:31:09.5311705Z     If you wish to install a non-Debian-packaged Python package,
2026-02-11T15:31:09.5312299Z     create a virtual environment using python3 -m venv path/to/venv.
2026-02-11T15:31:09.5312880Z     Then use path/to/venv/bin/python and path/to/venv/bin/pip. Make
2026-02-11T15:31:09.5313595Z     sure you have python3-full installed.
2026-02-11T15:31:09.5313981Z     
2026-02-11T15:31:09.5314315Z     If you wish to install a non-Debian packaged Python application,
2026-02-11T15:31:09.5314866Z     it may be easiest to use pipx install xyz, which will manage a
2026-02-11T15:31:09.5327342Z     virtual environment for you. Make sure you have pipx installed.
2026-02-11T15:31:09.5327897Z     
2026-02-11T15:31:09.5328312Z     See /usr/share/doc/python3.12/README.venv for more information.
2026-02-11T15:31:09.5328756Z 
2026-02-11T15:31:09.5329550Z note: If you believe this is a mistake, please contact your Python installation or OS distribution provider. You can override this, at the risk of breaking your Python installation or OS, by passing --break-system-packages.
2026-02-11T15:31:09.5330514Z hint: See PEP 668 for the detailed specification.
2026-02-11T15:31:09.5800105Z ##[error]Process completed with exit code 1.
2026-02-11T15:31:09.5908029Z Post job cleanup.
2026-02-11T15:31:09.5913907Z ##[command]/usr/bin/docker exec  f1a9f851d077c7fb28df0cb949678872fdd7413758a522b5911e969bf4104c60 sh -c "cat /etc/*release | grep ^ID"
2026-02-11T15:31:09.7706708Z [command]/usr/bin/git version
2026-02-11T15:31:09.7742470Z git version 2.43.0
2026-02-11T15:31:09.7787540Z Temporarily overriding HOME='/__w/_temp/b0b061be-5531-4f41-beca-523bcb21d4a8' before making global git config changes
2026-02-11T15:31:09.7788796Z Adding repository directory to the temporary git global config as a safe directory
2026-02-11T15:31:09.7792989Z [command]/usr/bin/git config --global --add safe.directory /__w/ImunoEdge/ImunoEdge
2026-02-11T15:31:09.7824507Z Removing SSH command configuration
2026-02-11T15:31:09.7833913Z [command]/usr/bin/git config --local --name-only --get-regexp core\.sshCommand
2026-02-11T15:31:09.7874556Z [command]/usr/bin/git submodule foreach --recursive sh -c "git config --local --name-only --get-regexp 'core\.sshCommand' && git config --local --unset-all 'core.sshCommand' || :"
2026-02-11T15:31:09.8114162Z Entering 'TaipanStack'
2026-02-11T15:31:09.8168796Z Removing HTTP extra header
2026-02-11T15:31:09.8174686Z [command]/usr/bin/git config --local --name-only --get-regexp http\.https\:\/\/github\.com\/\.extraheader
2026-02-11T15:31:09.8209985Z [command]/usr/bin/git submodule foreach --recursive sh -c "git config --local --name-only --get-regexp 'http\.https\:\/\/github\.com\/\.extraheader' && git config --local --unset-all 'http.https://github.com/.extraheader' || :"
2026-02-11T15:31:09.8450106Z Entering 'TaipanStack'
2026-02-11T15:31:09.8501200Z Removing includeIf entries pointing to credentials config files
2026-02-11T15:31:09.8508628Z [command]/usr/bin/git config --local --name-only --get-regexp ^includeIf\.gitdir:
2026-02-11T15:31:09.8532664Z includeif.gitdir:/__w/ImunoEdge/ImunoEdge/.git.path
2026-02-11T15:31:09.8534124Z includeif.gitdir:/__w/ImunoEdge/ImunoEdge/.git/worktrees/*.path
2026-02-11T15:31:09.8534866Z includeif.gitdir:/github/workspace/.git.path
2026-02-11T15:31:09.8535503Z includeif.gitdir:/github/workspace/.git/worktrees/*.path
2026-02-11T15:31:09.8546902Z [command]/usr/bin/git config --local --get-all includeif.gitdir:/__w/ImunoEdge/ImunoEdge/.git.path
2026-02-11T15:31:09.8567896Z /__w/_temp/git-credentials-623ea782-c462-4701-b182-f98e275ce7b2.config
2026-02-11T15:31:09.8580279Z [command]/usr/bin/git config --local --unset includeif.gitdir:/__w/ImunoEdge/ImunoEdge/.git.path /__w/_temp/git-credentials-623ea782-c462-4701-b182-f98e275ce7b2.config
2026-02-11T15:31:09.8612547Z [command]/usr/bin/git config --local --get-all includeif.gitdir:/__w/ImunoEdge/ImunoEdge/.git/worktrees/*.path
2026-02-11T15:31:09.8634656Z /__w/_temp/git-credentials-623ea782-c462-4701-b182-f98e275ce7b2.config
2026-02-11T15:31:09.8645831Z [command]/usr/bin/git config --local --unset includeif.gitdir:/__w/ImunoEdge/ImunoEdge/.git/worktrees/*.path /__w/_temp/git-credentials-623ea782-c462-4701-b182-f98e275ce7b2.config
2026-02-11T15:31:09.8676759Z [command]/usr/bin/git config --local --get-all includeif.gitdir:/github/workspace/.git.path
2026-02-11T15:31:09.8697263Z /github/runner_temp/git-credentials-623ea782-c462-4701-b182-f98e275ce7b2.config
2026-02-11T15:31:09.8706387Z [command]/usr/bin/git config --local --unset includeif.gitdir:/github/workspace/.git.path /github/runner_temp/git-credentials-623ea782-c462-4701-b182-f98e275ce7b2.config
2026-02-11T15:31:09.8739076Z [command]/usr/bin/git config --local --get-all includeif.gitdir:/github/workspace/.git/worktrees/*.path
2026-02-11T15:31:09.8760099Z /github/runner_temp/git-credentials-623ea782-c462-4701-b182-f98e275ce7b2.config
2026-02-11T15:31:09.8802027Z [command]/usr/bin/git config --local --unset includeif.gitdir:/github/workspace/.git/worktrees/*.path /github/runner_temp/git-credentials-623ea782-c462-4701-b182-f98e275ce7b2.config
2026-02-11T15:31:09.8837716Z [command]/usr/bin/git submodule foreach --recursive git config --local --show-origin --name-only --get-regexp remote.origin.url
2026-02-11T15:31:09.9072933Z Entering 'TaipanStack'
2026-02-11T15:31:09.9090731Z file:/__w/ImunoEdge/ImunoEdge/.git/modules/TaipanStack/config	remote.origin.url
2026-02-11T15:31:09.9124276Z [command]/usr/bin/git config --file /__w/ImunoEdge/ImunoEdge/.git/modules/TaipanStack/config --name-only --get-regexp ^includeIf\.gitdir:
2026-02-11T15:31:09.9148458Z includeif.gitdir:/__w/ImunoEdge/ImunoEdge/.git/modules/TaipanStack.path
2026-02-11T15:31:09.9149371Z includeif.gitdir:/github/workspace/.git/modules/TaipanStack.path
2026-02-11T15:31:09.9156958Z [command]/usr/bin/git config --file /__w/ImunoEdge/ImunoEdge/.git/modules/TaipanStack/config --get-all includeif.gitdir:/__w/ImunoEdge/ImunoEdge/.git/modules/TaipanStack.path
2026-02-11T15:31:09.9182228Z /__w/_temp/git-credentials-623ea782-c462-4701-b182-f98e275ce7b2.config
2026-02-11T15:31:09.9188685Z [command]/usr/bin/git config --file /__w/ImunoEdge/ImunoEdge/.git/modules/TaipanStack/config --unset includeif.gitdir:/__w/ImunoEdge/ImunoEdge/.git/modules/TaipanStack.path /__w/_temp/git-credentials-623ea782-c462-4701-b182-f98e275ce7b2.config
2026-02-11T15:31:09.9222875Z [command]/usr/bin/git config --file /__w/ImunoEdge/ImunoEdge/.git/modules/TaipanStack/config --get-all includeif.gitdir:/github/workspace/.git/modules/TaipanStack.path
2026-02-11T15:31:09.9245486Z /github/runner_temp/git-credentials-623ea782-c462-4701-b182-f98e275ce7b2.config
2026-02-11T15:31:09.9255350Z [command]/usr/bin/git config --file /__w/ImunoEdge/ImunoEdge/.git/modules/TaipanStack/config --unset includeif.gitdir:/github/workspace/.git/modules/TaipanStack.path /github/runner_temp/git-credentials-623ea782-c462-4701-b182-f98e275ce7b2.config
2026-02-11T15:31:09.9288237Z Removing credentials config '/__w/_temp/git-credentials-623ea782-c462-4701-b182-f98e275ce7b2.config'
2026-02-11T15:31:09.9458393Z Stop and remove container: 69217d024ed445e4ab39fd2db69c162b_ubuntu2404_efb886
2026-02-11T15:31:09.9462966Z ##[command]/usr/bin/docker rm --force f1a9f851d077c7fb28df0cb949678872fdd7413758a522b5911e969bf4104c60
2026-02-11T15:31:11.4899193Z f1a9f851d077c7fb28df0cb949678872fdd7413758a522b5911e969bf4104c60
2026-02-11T15:31:11.4949650Z Remove container network: github_network_ea831f54cea74c69b6d857af8eef2fac
2026-02-11T15:31:11.4954435Z ##[command]/usr/bin/docker network rm github_network_ea831f54cea74c69b6d857af8eef2fac
2026-02-11T15:31:11.6247429Z github_network_ea831f54cea74c69b6d857af8eef2fac
2026-02-11T15:31:11.6307418Z Cleaning up orphan processes
