2026-02-11T15:30:35.9403435Z Current runner version: '2.331.0'
2026-02-11T15:30:35.9428779Z ##[group]Runner Image Provisioner
2026-02-11T15:30:35.9429646Z Hosted Compute Agent
2026-02-11T15:30:35.9430279Z Version: 20260123.484
2026-02-11T15:30:35.9430940Z Commit: 6bd6555ca37d84114959e1c76d2c01448ff61c5d
2026-02-11T15:30:35.9431657Z Build Date: 2026-01-23T19:41:17Z
2026-02-11T15:30:35.9432405Z Worker ID: {0f1b36f8-8435-48b7-9d5e-779751279ee4}
2026-02-11T15:30:35.9433192Z Azure Region: westus
2026-02-11T15:30:35.9433873Z ##[endgroup]
2026-02-11T15:30:35.9435369Z ##[group]Operating System
2026-02-11T15:30:35.9435998Z Ubuntu
2026-02-11T15:30:35.9436718Z 24.04.3
2026-02-11T15:30:35.9437179Z LTS
2026-02-11T15:30:35.9437789Z ##[endgroup]
2026-02-11T15:30:35.9438303Z ##[group]Runner Image
2026-02-11T15:30:35.9438872Z Image: ubuntu-24.04
2026-02-11T15:30:35.9439456Z Version: 20260201.15.1
2026-02-11T15:30:35.9440669Z Included Software: https://github.com/actions/runner-images/blob/ubuntu24/20260201.15/images/ubuntu/Ubuntu2404-Readme.md
2026-02-11T15:30:35.9442198Z Image Release: https://github.com/actions/runner-images/releases/tag/ubuntu24%2F20260201.15
2026-02-11T15:30:35.9443140Z ##[endgroup]
2026-02-11T15:30:35.9444293Z ##[group]GITHUB_TOKEN Permissions
2026-02-11T15:30:35.9446086Z Contents: read
2026-02-11T15:30:35.9446932Z Metadata: read
2026-02-11T15:30:35.9447604Z Packages: read
2026-02-11T15:30:35.9448118Z ##[endgroup]
2026-02-11T15:30:35.9450276Z Secret source: Actions
2026-02-11T15:30:35.9451045Z Prepare workflow directory
2026-02-11T15:30:35.9844495Z Prepare all required actions
2026-02-11T15:30:35.9884414Z Getting action download info
2026-02-11T15:30:36.5344658Z Download action repository 'actions/checkout@v6' (SHA:de0fac2e4500dabe0009e67214ff5f5447ce83dd)
2026-02-11T15:30:36.6590794Z Download action repository 'actions/setup-python@v6' (SHA:a309ff8b426b58ec0e2a45f0f869d46889d02405)
2026-02-11T15:30:37.8030900Z Download action repository 'semgrep/semgrep-action@v1' (SHA:713efdd345f3035192eaa63f56867b88e63e4e5d)
2026-02-11T15:30:38.7349368Z Complete job name: Security Scanning (Bandit)
2026-02-11T15:30:38.7853924Z ##[group]Pull down action image 'returntocorp/semgrep-agent:v1'
2026-02-11T15:30:38.7907263Z ##[command]/usr/bin/docker pull returntocorp/semgrep-agent:v1
2026-02-11T15:30:40.6564591Z v1: Pulling from returntocorp/semgrep-agent
2026-02-11T15:30:40.9215036Z 7264a8db6415: Pulling fs layer
2026-02-11T15:30:40.9215713Z 66e1d5e70e42: Pulling fs layer
2026-02-11T15:30:40.9216991Z 64dfa579cd50: Pulling fs layer
2026-02-11T15:30:40.9217737Z afa58c10ee34: Pulling fs layer
2026-02-11T15:30:40.9218238Z cd87b3fa61f8: Pulling fs layer
2026-02-11T15:30:40.9218721Z a54df9278105: Pulling fs layer
2026-02-11T15:30:40.9219242Z 22d9c0f131ae: Pulling fs layer
2026-02-11T15:30:40.9219738Z bfa6cbe2a060: Pulling fs layer
2026-02-11T15:30:40.9220241Z e6455d0c4d0a: Pulling fs layer
2026-02-11T15:30:40.9220770Z 4e6528b8b44b: Pulling fs layer
2026-02-11T15:30:40.9221201Z 77aae498c7b4: Pulling fs layer
2026-02-11T15:30:40.9221573Z f6a963258091: Pulling fs layer
2026-02-11T15:30:40.9221925Z e68b04e3dc22: Pulling fs layer
2026-02-11T15:30:40.9222320Z e50eacad623d: Pulling fs layer
2026-02-11T15:30:40.9222599Z 464938719a27: Pulling fs layer
2026-02-11T15:30:40.9222861Z c09dc33c2ea4: Pulling fs layer
2026-02-11T15:30:40.9223125Z db70a1bf97d5: Pulling fs layer
2026-02-11T15:30:40.9223391Z 5667267dbf96: Pulling fs layer
2026-02-11T15:30:40.9223662Z 55e5ab738d77: Pulling fs layer
2026-02-11T15:30:40.9223942Z fbf9ea8fb0f3: Pulling fs layer
2026-02-11T15:30:40.9224192Z bfa6cbe2a060: Waiting
2026-02-11T15:30:40.9224490Z e6455d0c4d0a: Waiting
2026-02-11T15:30:40.9224719Z 4e6528b8b44b: Waiting
2026-02-11T15:30:40.9224950Z 77aae498c7b4: Waiting
2026-02-11T15:30:40.9225219Z f6a963258091: Waiting
2026-02-11T15:30:40.9225475Z e68b04e3dc22: Waiting
2026-02-11T15:30:40.9225693Z e50eacad623d: Waiting
2026-02-11T15:30:40.9225963Z 464938719a27: Waiting
2026-02-11T15:30:40.9226214Z c09dc33c2ea4: Waiting
2026-02-11T15:30:40.9226773Z db70a1bf97d5: Waiting
2026-02-11T15:30:40.9227003Z 5667267dbf96: Waiting
2026-02-11T15:30:40.9227538Z 55e5ab738d77: Waiting
2026-02-11T15:30:40.9227761Z fbf9ea8fb0f3: Waiting
2026-02-11T15:30:40.9228128Z afa58c10ee34: Waiting
2026-02-11T15:30:40.9228352Z a54df9278105: Waiting
2026-02-11T15:30:40.9228563Z cd87b3fa61f8: Waiting
2026-02-11T15:30:40.9228781Z 22d9c0f131ae: Waiting
2026-02-11T15:30:41.1746908Z 66e1d5e70e42: Download complete
2026-02-11T15:30:41.1864621Z 7264a8db6415: Download complete
2026-02-11T15:30:41.2283821Z 64dfa579cd50: Verifying Checksum
2026-02-11T15:30:41.2284361Z 64dfa579cd50: Download complete
2026-02-11T15:30:41.3163844Z 7264a8db6415: Pull complete
2026-02-11T15:30:41.4496605Z afa58c10ee34: Verifying Checksum
2026-02-11T15:30:41.4497132Z afa58c10ee34: Download complete
2026-02-11T15:30:41.4665643Z cd87b3fa61f8: Verifying Checksum
2026-02-11T15:30:41.4666700Z cd87b3fa61f8: Download complete
2026-02-11T15:30:41.4863719Z a54df9278105: Download complete
2026-02-11T15:30:41.7132004Z 22d9c0f131ae: Verifying Checksum
2026-02-11T15:30:41.7132381Z 22d9c0f131ae: Download complete
2026-02-11T15:30:41.7183427Z 66e1d5e70e42: Pull complete
2026-02-11T15:30:41.7609533Z e6455d0c4d0a: Verifying Checksum
2026-02-11T15:30:41.7610840Z e6455d0c4d0a: Download complete
2026-02-11T15:30:41.7691911Z bfa6cbe2a060: Verifying Checksum
2026-02-11T15:30:41.7692542Z bfa6cbe2a060: Download complete
2026-02-11T15:30:42.0446010Z 77aae498c7b4: Verifying Checksum
2026-02-11T15:30:42.0447148Z 77aae498c7b4: Download complete
2026-02-11T15:30:42.0884768Z 4e6528b8b44b: Verifying Checksum
2026-02-11T15:30:42.0885300Z 4e6528b8b44b: Download complete
2026-02-11T15:30:42.1796592Z f6a963258091: Verifying Checksum
2026-02-11T15:30:42.1797626Z f6a963258091: Download complete
2026-02-11T15:30:42.3193316Z e68b04e3dc22: Verifying Checksum
2026-02-11T15:30:42.3193763Z e68b04e3dc22: Download complete
2026-02-11T15:30:42.3328484Z e50eacad623d: Verifying Checksum
2026-02-11T15:30:42.3329646Z e50eacad623d: Download complete
2026-02-11T15:30:42.3466922Z 64dfa579cd50: Pull complete
2026-02-11T15:30:42.3603486Z afa58c10ee34: Pull complete
2026-02-11T15:30:42.4365511Z 464938719a27: Verifying Checksum
2026-02-11T15:30:42.4366186Z 464938719a27: Download complete
2026-02-11T15:30:42.5768921Z c09dc33c2ea4: Download complete
2026-02-11T15:30:42.5831850Z db70a1bf97d5: Verifying Checksum
2026-02-11T15:30:42.5833433Z db70a1bf97d5: Download complete
2026-02-11T15:30:42.6375532Z cd87b3fa61f8: Pull complete
2026-02-11T15:30:42.6485571Z a54df9278105: Pull complete
2026-02-11T15:30:42.6787304Z 22d9c0f131ae: Pull complete
2026-02-11T15:30:42.7138711Z 5667267dbf96: Verifying Checksum
2026-02-11T15:30:42.7139173Z 5667267dbf96: Download complete
2026-02-11T15:30:42.8364815Z 55e5ab738d77: Verifying Checksum
2026-02-11T15:30:42.8365286Z 55e5ab738d77: Download complete
2026-02-11T15:30:42.8445481Z fbf9ea8fb0f3: Download complete
2026-02-11T15:30:42.9154246Z bfa6cbe2a060: Pull complete
2026-02-11T15:30:43.6680575Z e6455d0c4d0a: Pull complete
2026-02-11T15:30:44.8202518Z 4e6528b8b44b: Pull complete
2026-02-11T15:30:44.8325794Z 77aae498c7b4: Pull complete
2026-02-11T15:30:45.3714015Z f6a963258091: Pull complete
2026-02-11T15:30:45.3852466Z e68b04e3dc22: Pull complete
2026-02-11T15:30:45.3947531Z e50eacad623d: Pull complete
2026-02-11T15:30:45.4088128Z 464938719a27: Pull complete
2026-02-11T15:30:45.4209545Z c09dc33c2ea4: Pull complete
2026-02-11T15:30:45.4324719Z db70a1bf97d5: Pull complete
2026-02-11T15:30:45.4426232Z 5667267dbf96: Pull complete
2026-02-11T15:30:45.4554243Z 55e5ab738d77: Pull complete
2026-02-11T15:30:45.4830684Z fbf9ea8fb0f3: Pull complete
2026-02-11T15:30:45.4878428Z Digest: sha256:2ed984f89000f77516016248700ad91681cb89bbe2adbdecd1d38dc84394adbb
2026-02-11T15:30:45.4893725Z Status: Downloaded newer image for returntocorp/semgrep-agent:v1
2026-02-11T15:30:45.4903439Z docker.io/returntocorp/semgrep-agent:v1
2026-02-11T15:30:45.4924756Z ##[endgroup]
2026-02-11T15:30:45.5190215Z ##[group]Run actions/checkout@v6
2026-02-11T15:30:45.5190782Z with:
2026-02-11T15:30:45.5190970Z   submodules: recursive
2026-02-11T15:30:45.5191417Z   repository: gabrielima7/ImunoEdge
2026-02-11T15:30:45.5191838Z   token: ***
2026-02-11T15:30:45.5192023Z   ssh-strict: true
2026-02-11T15:30:45.5192201Z   ssh-user: git
2026-02-11T15:30:45.5192389Z   persist-credentials: true
2026-02-11T15:30:45.5192599Z   clean: true
2026-02-11T15:30:45.5192786Z   sparse-checkout-cone-mode: true
2026-02-11T15:30:45.5193016Z   fetch-depth: 1
2026-02-11T15:30:45.5193188Z   fetch-tags: false
2026-02-11T15:30:45.5193373Z   show-progress: true
2026-02-11T15:30:45.5193548Z   lfs: false
2026-02-11T15:30:45.5193724Z   set-safe-directory: true
2026-02-11T15:30:45.5194136Z env:
2026-02-11T15:30:45.5194318Z   PYTHON_VERSION_DEFAULT: 3.11
2026-02-11T15:30:45.5194530Z ##[endgroup]
2026-02-11T15:30:45.6099666Z Syncing repository: gabrielima7/ImunoEdge
2026-02-11T15:30:45.6101395Z ##[group]Getting Git version info
2026-02-11T15:30:45.6101787Z Working directory is '/home/runner/work/ImunoEdge/ImunoEdge'
2026-02-11T15:30:45.6102342Z [command]/usr/bin/git version
2026-02-11T15:30:45.6178314Z git version 2.52.0
2026-02-11T15:30:45.6201251Z ##[endgroup]
2026-02-11T15:30:45.6216128Z Temporarily overriding HOME='/home/runner/work/_temp/4a47cf62-c200-422e-8b01-a1bef72704f8' before making global git config changes
2026-02-11T15:30:45.6217161Z Adding repository directory to the temporary git global config as a safe directory
2026-02-11T15:30:45.6221958Z [command]/usr/bin/git config --global --add safe.directory /home/runner/work/ImunoEdge/ImunoEdge
2026-02-11T15:30:45.6261951Z Deleting the contents of '/home/runner/work/ImunoEdge/ImunoEdge'
2026-02-11T15:30:45.6265165Z ##[group]Initializing the repository
2026-02-11T15:30:45.6270359Z [command]/usr/bin/git init /home/runner/work/ImunoEdge/ImunoEdge
2026-02-11T15:30:45.6392208Z hint: Using 'master' as the name for the initial branch. This default branch name
2026-02-11T15:30:45.6393132Z hint: will change to "main" in Git 3.0. To configure the initial branch name
2026-02-11T15:30:45.6393736Z hint: to use in all of your new repositories, which will suppress this warning,
2026-02-11T15:30:45.6394160Z hint: call:
2026-02-11T15:30:45.6394338Z hint:
2026-02-11T15:30:45.6394720Z hint: 	git config --global init.defaultBranch <name>
2026-02-11T15:30:45.6395283Z hint:
2026-02-11T15:30:45.6395816Z hint: Names commonly chosen instead of 'master' are 'main', 'trunk' and
2026-02-11T15:30:45.6396638Z hint: 'development'. The just-created branch can be renamed via this command:
2026-02-11T15:30:45.6397199Z hint:
2026-02-11T15:30:45.6397555Z hint: 	git branch -m <name>
2026-02-11T15:30:45.6397964Z hint:
2026-02-11T15:30:45.6398557Z hint: Disable this message with "git config set advice.defaultBranchName false"
2026-02-11T15:30:45.6399667Z Initialized empty Git repository in /home/runner/work/ImunoEdge/ImunoEdge/.git/
2026-02-11T15:30:45.6408351Z [command]/usr/bin/git remote add origin https://github.com/gabrielima7/ImunoEdge
2026-02-11T15:30:45.6474815Z ##[endgroup]
2026-02-11T15:30:45.6475460Z ##[group]Disabling automatic garbage collection
2026-02-11T15:30:45.6480267Z [command]/usr/bin/git config --local gc.auto 0
2026-02-11T15:30:45.6507692Z ##[endgroup]
2026-02-11T15:30:45.6508300Z ##[group]Setting up auth
2026-02-11T15:30:45.6509657Z Removing SSH command configuration
2026-02-11T15:30:45.6515951Z [command]/usr/bin/git config --local --name-only --get-regexp core\.sshCommand
2026-02-11T15:30:45.6547547Z [command]/usr/bin/git submodule foreach --recursive sh -c "git config --local --name-only --get-regexp 'core\.sshCommand' && git config --local --unset-all 'core.sshCommand' || :"
2026-02-11T15:30:45.6888547Z Removing HTTP extra header
2026-02-11T15:30:45.6893538Z [command]/usr/bin/git config --local --name-only --get-regexp http\.https\:\/\/github\.com\/\.extraheader
2026-02-11T15:30:45.6924275Z [command]/usr/bin/git submodule foreach --recursive sh -c "git config --local --name-only --get-regexp 'http\.https\:\/\/github\.com\/\.extraheader' && git config --local --unset-all 'http.https://github.com/.extraheader' || :"
2026-02-11T15:30:45.7136995Z Removing includeIf entries pointing to credentials config files
2026-02-11T15:30:45.7143549Z [command]/usr/bin/git config --local --name-only --get-regexp ^includeIf\.gitdir:
2026-02-11T15:30:45.7175285Z [command]/usr/bin/git submodule foreach --recursive git config --local --show-origin --name-only --get-regexp remote.origin.url
2026-02-11T15:30:45.7403904Z [command]/usr/bin/git config --file /home/runner/work/_temp/git-credentials-55afed35-4ff7-4e69-a4ad-ddc0aeb5c9b5.config http.https://github.com/.extraheader AUTHORIZATION: basic ***
2026-02-11T15:30:45.7441534Z [command]/usr/bin/git config --local includeIf.gitdir:/home/runner/work/ImunoEdge/ImunoEdge/.git.path /home/runner/work/_temp/git-credentials-55afed35-4ff7-4e69-a4ad-ddc0aeb5c9b5.config
2026-02-11T15:30:45.7471567Z [command]/usr/bin/git config --local includeIf.gitdir:/home/runner/work/ImunoEdge/ImunoEdge/.git/worktrees/*.path /home/runner/work/_temp/git-credentials-55afed35-4ff7-4e69-a4ad-ddc0aeb5c9b5.config
2026-02-11T15:30:45.7502488Z [command]/usr/bin/git config --local includeIf.gitdir:/github/workspace/.git.path /github/runner_temp/git-credentials-55afed35-4ff7-4e69-a4ad-ddc0aeb5c9b5.config
2026-02-11T15:30:45.7532736Z [command]/usr/bin/git config --local includeIf.gitdir:/github/workspace/.git/worktrees/*.path /github/runner_temp/git-credentials-55afed35-4ff7-4e69-a4ad-ddc0aeb5c9b5.config
2026-02-11T15:30:45.7558935Z ##[endgroup]
2026-02-11T15:30:45.7559515Z ##[group]Fetching the repository
2026-02-11T15:30:45.7568938Z [command]/usr/bin/git -c protocol.version=2 fetch --no-tags --prune --no-recurse-submodules --depth=1 origin +22797f30b775dab08a63282bfc3c092003bdea47:refs/remotes/origin/main
2026-02-11T15:30:46.4142636Z From https://github.com/gabrielima7/ImunoEdge
2026-02-11T15:30:46.4143364Z  * [new ref]         22797f30b775dab08a63282bfc3c092003bdea47 -> origin/main
2026-02-11T15:30:46.4183593Z [command]/usr/bin/git branch --list --remote origin/main
2026-02-11T15:30:46.4214693Z   origin/main
2026-02-11T15:30:46.4222867Z [command]/usr/bin/git rev-parse refs/remotes/origin/main
2026-02-11T15:30:46.4245025Z 22797f30b775dab08a63282bfc3c092003bdea47
2026-02-11T15:30:46.4249270Z ##[endgroup]
2026-02-11T15:30:46.4249669Z ##[group]Determining the checkout info
2026-02-11T15:30:46.4250519Z ##[endgroup]
2026-02-11T15:30:46.4254383Z [command]/usr/bin/git sparse-checkout disable
2026-02-11T15:30:46.4294351Z [command]/usr/bin/git config --local --unset-all extensions.worktreeConfig
2026-02-11T15:30:46.4320054Z ##[group]Checking out the ref
2026-02-11T15:30:46.4323921Z [command]/usr/bin/git checkout --progress --force -B main refs/remotes/origin/main
2026-02-11T15:30:46.4455119Z Switched to a new branch 'main'
2026-02-11T15:30:46.4458257Z branch 'main' set up to track 'origin/main'.
2026-02-11T15:30:46.4464044Z ##[endgroup]
2026-02-11T15:30:46.4464791Z ##[group]Setting up auth for fetching submodules
2026-02-11T15:30:46.4470618Z [command]/usr/bin/git config --file /home/runner/work/_temp/git-credentials-55afed35-4ff7-4e69-a4ad-ddc0aeb5c9b5.config http.https://github.com/.extraheader AUTHORIZATION: basic ***
2026-02-11T15:30:46.4506771Z [command]/usr/bin/git config --global include.path /home/runner/work/_temp/git-credentials-55afed35-4ff7-4e69-a4ad-ddc0aeb5c9b5.config
2026-02-11T15:30:46.4535729Z [command]/usr/bin/git config --global --unset-all url.https://github.com/.insteadOf
2026-02-11T15:30:46.4566688Z [command]/usr/bin/git config --global --add url.https://github.com/.insteadOf git@github.com:
2026-02-11T15:30:46.4597132Z [command]/usr/bin/git config --global --add url.https://github.com/.insteadOf org-230595838@github.com:
2026-02-11T15:30:46.4624276Z ##[endgroup]
2026-02-11T15:30:46.4625036Z ##[group]Fetching submodules
2026-02-11T15:30:46.4628894Z [command]/usr/bin/git submodule sync --recursive
2026-02-11T15:30:46.4878332Z [command]/usr/bin/git -c protocol.version=2 submodule update --init --force --depth=1 --recursive
2026-02-11T15:30:46.5099455Z Submodule 'TaipanStack' (https://github.com/gabrielima7/TaipanStack.git) registered for path 'TaipanStack'
2026-02-11T15:30:46.5125706Z Cloning into '/home/runner/work/ImunoEdge/ImunoEdge/TaipanStack'...
2026-02-11T15:30:47.3385638Z Submodule path 'TaipanStack': checked out '788267ef00de0831d0cbe7423802ecc040dd79f8'
2026-02-11T15:30:47.3417611Z [command]/usr/bin/git submodule foreach --recursive git config --local gc.auto 0
2026-02-11T15:30:47.3648577Z Entering 'TaipanStack'
2026-02-11T15:30:47.3737356Z ##[endgroup]
2026-02-11T15:30:47.3737737Z ##[group]Persisting credentials for submodules
2026-02-11T15:30:47.3745349Z [command]/usr/bin/git submodule foreach --recursive sh -c "git config --local --name-only --get-regexp 'url\.https\:\/\/github\.com\/\.insteadOf' && git config --local --unset-all 'url.https://github.com/.insteadOf' || :"
2026-02-11T15:30:47.3966150Z Entering 'TaipanStack'
2026-02-11T15:30:47.4054109Z [command]/usr/bin/git submodule foreach --recursive git config --local --show-origin --name-only --get-regexp remote.origin.url
2026-02-11T15:30:47.4281319Z Entering 'TaipanStack'
2026-02-11T15:30:47.4299368Z file:/home/runner/work/ImunoEdge/ImunoEdge/.git/modules/TaipanStack/config	remote.origin.url
2026-02-11T15:30:47.4332560Z [command]/usr/bin/git config --file /home/runner/work/ImunoEdge/ImunoEdge/.git/modules/TaipanStack/config includeIf.gitdir:/home/runner/work/ImunoEdge/ImunoEdge/.git/modules/TaipanStack.path /home/runner/work/_temp/git-credentials-55afed35-4ff7-4e69-a4ad-ddc0aeb5c9b5.config
2026-02-11T15:30:47.4373292Z [command]/usr/bin/git config --file /home/runner/work/ImunoEdge/ImunoEdge/.git/modules/TaipanStack/config includeIf.gitdir:/github/workspace/.git/modules/TaipanStack.path /github/runner_temp/git-credentials-55afed35-4ff7-4e69-a4ad-ddc0aeb5c9b5.config
2026-02-11T15:30:47.4409483Z [command]/usr/bin/git submodule foreach --recursive git config --local --add 'url.https://github.com/.insteadOf' 'git@github.com:'
2026-02-11T15:30:47.4624874Z Entering 'TaipanStack'
2026-02-11T15:30:47.4675384Z [command]/usr/bin/git submodule foreach --recursive git config --local --add 'url.https://github.com/.insteadOf' 'org-230595838@github.com:'
2026-02-11T15:30:47.4891736Z Entering 'TaipanStack'
2026-02-11T15:30:47.4939662Z ##[endgroup]
2026-02-11T15:30:47.4985609Z [command]/usr/bin/git log -1 --format=%H
2026-02-11T15:30:47.5009616Z 22797f30b775dab08a63282bfc3c092003bdea47
2026-02-11T15:30:47.5294528Z ##[group]Run actions/setup-python@v6
2026-02-11T15:30:47.5294799Z with:
2026-02-11T15:30:47.5294979Z   python-version: 3.11
2026-02-11T15:30:47.5295187Z   check-latest: false
2026-02-11T15:30:47.5295504Z   token: ***
2026-02-11T15:30:47.5295695Z   update-environment: true
2026-02-11T15:30:47.5295915Z   allow-prereleases: false
2026-02-11T15:30:47.5296120Z   freethreaded: false
2026-02-11T15:30:47.5296563Z env:
2026-02-11T15:30:47.5296816Z   PYTHON_VERSION_DEFAULT: 3.11
2026-02-11T15:30:47.5297028Z ##[endgroup]
2026-02-11T15:30:47.6540053Z ##[group]Installed versions
2026-02-11T15:30:47.6658752Z Successfully set up CPython (3.11.14)
2026-02-11T15:30:47.6659506Z ##[endgroup]
2026-02-11T15:30:47.6755495Z ##[group]Run pip install bandit[toml]
2026-02-11T15:30:47.6755861Z [36;1mpip install bandit[toml][0m
2026-02-11T15:30:47.6879192Z shell: /usr/bin/bash -e {0}
2026-02-11T15:30:47.6879438Z env:
2026-02-11T15:30:47.6879619Z   PYTHON_VERSION_DEFAULT: 3.11
2026-02-11T15:30:47.6879918Z   pythonLocation: /opt/hostedtoolcache/Python/3.11.14/x64
2026-02-11T15:30:47.6880330Z   PKG_CONFIG_PATH: /opt/hostedtoolcache/Python/3.11.14/x64/lib/pkgconfig
2026-02-11T15:30:47.6880740Z   Python_ROOT_DIR: /opt/hostedtoolcache/Python/3.11.14/x64
2026-02-11T15:30:47.6881085Z   Python2_ROOT_DIR: /opt/hostedtoolcache/Python/3.11.14/x64
2026-02-11T15:30:47.6881438Z   Python3_ROOT_DIR: /opt/hostedtoolcache/Python/3.11.14/x64
2026-02-11T15:30:47.6881787Z   LD_LIBRARY_PATH: /opt/hostedtoolcache/Python/3.11.14/x64/lib
2026-02-11T15:30:47.6882079Z ##[endgroup]
2026-02-11T15:30:50.2330691Z Collecting bandit[toml]
2026-02-11T15:30:50.2889068Z   Downloading bandit-1.9.3-py3-none-any.whl.metadata (7.1 kB)
2026-02-11T15:30:50.3416819Z Collecting PyYAML>=5.3.1 (from bandit[toml])
2026-02-11T15:30:50.3456700Z   Downloading pyyaml-6.0.3-cp311-cp311-manylinux2014_x86_64.manylinux_2_17_x86_64.manylinux_2_28_x86_64.whl.metadata (2.4 kB)
2026-02-11T15:30:50.3693710Z Collecting stevedore>=1.20.0 (from bandit[toml])
2026-02-11T15:30:50.3727297Z   Downloading stevedore-5.6.0-py3-none-any.whl.metadata (2.3 kB)
2026-02-11T15:30:50.4188340Z Collecting rich (from bandit[toml])
2026-02-11T15:30:50.4224883Z   Downloading rich-14.3.2-py3-none-any.whl.metadata (18 kB)
2026-02-11T15:30:50.4418008Z Collecting markdown-it-py>=2.2.0 (from rich->bandit[toml])
2026-02-11T15:30:50.4452399Z   Downloading markdown_it_py-4.0.0-py3-none-any.whl.metadata (7.3 kB)
2026-02-11T15:30:50.4645205Z Collecting pygments<3.0.0,>=2.13.0 (from rich->bandit[toml])
2026-02-11T15:30:50.4677179Z   Downloading pygments-2.19.2-py3-none-any.whl.metadata (2.5 kB)
2026-02-11T15:30:50.4782194Z Collecting mdurl~=0.1 (from markdown-it-py>=2.2.0->rich->bandit[toml])
2026-02-11T15:30:50.4810271Z   Downloading mdurl-0.1.2-py3-none-any.whl.metadata (1.6 kB)
2026-02-11T15:30:50.4880442Z Downloading bandit-1.9.3-py3-none-any.whl (134 kB)
2026-02-11T15:30:50.5062281Z Downloading pyyaml-6.0.3-cp311-cp311-manylinux2014_x86_64.manylinux_2_17_x86_64.manylinux_2_28_x86_64.whl (806 kB)
2026-02-11T15:30:50.5173910Z    ━━━━━━━━━━━━━━━━━━━━━━━━━━━━━━━━━━━━━━━━ 806.6/806.6 kB 89.2 MB/s  0:00:00
2026-02-11T15:30:50.5212718Z Downloading stevedore-5.6.0-py3-none-any.whl (54 kB)
2026-02-11T15:30:50.5302096Z Downloading rich-14.3.2-py3-none-any.whl (309 kB)
2026-02-11T15:30:50.5377463Z Downloading pygments-2.19.2-py3-none-any.whl (1.2 MB)
2026-02-11T15:30:50.5479661Z    ━━━━━━━━━━━━━━━━━━━━━━━━━━━━━━━━━━━━━━━━ 1.2/1.2 MB 127.0 MB/s  0:00:00
2026-02-11T15:30:50.5511129Z Downloading markdown_it_py-4.0.0-py3-none-any.whl (87 kB)
2026-02-11T15:30:50.5574574Z Downloading mdurl-0.1.2-py3-none-any.whl (10.0 kB)
2026-02-11T15:30:50.6127758Z Installing collected packages: stevedore, PyYAML, pygments, mdurl, markdown-it-py, rich, bandit
2026-02-11T15:30:51.7440539Z 
2026-02-11T15:30:51.7451284Z Successfully installed PyYAML-6.0.3 bandit-1.9.3 markdown-it-py-4.0.0 mdurl-0.1.2 pygments-2.19.2 rich-14.3.2 stevedore-5.6.0
2026-02-11T15:30:51.8427110Z 
2026-02-11T15:30:51.8427668Z [notice] A new release of pip is available: 26.0 -> 26.0.1
2026-02-11T15:30:51.8428285Z [notice] To update, run: pip install --upgrade pip
2026-02-11T15:30:51.9026040Z ##[group]Run bandit -r src/imunoedge/ -ll --skip B603,B311
2026-02-11T15:30:51.9026707Z [36;1mbandit -r src/imunoedge/ -ll --skip B603,B311[0m
2026-02-11T15:30:51.9058636Z shell: /usr/bin/bash -e {0}
2026-02-11T15:30:51.9058873Z env:
2026-02-11T15:30:51.9059047Z   PYTHON_VERSION_DEFAULT: 3.11
2026-02-11T15:30:51.9059349Z   pythonLocation: /opt/hostedtoolcache/Python/3.11.14/x64
2026-02-11T15:30:51.9059778Z   PKG_CONFIG_PATH: /opt/hostedtoolcache/Python/3.11.14/x64/lib/pkgconfig
2026-02-11T15:30:51.9060180Z   Python_ROOT_DIR: /opt/hostedtoolcache/Python/3.11.14/x64
2026-02-11T15:30:51.9060528Z   Python2_ROOT_DIR: /opt/hostedtoolcache/Python/3.11.14/x64
2026-02-11T15:30:51.9060886Z   Python3_ROOT_DIR: /opt/hostedtoolcache/Python/3.11.14/x64
2026-02-11T15:30:51.9061233Z   LD_LIBRARY_PATH: /opt/hostedtoolcache/Python/3.11.14/x64/lib
2026-02-11T15:30:51.9061527Z ##[endgroup]
2026-02-11T15:30:52.0993081Z [main]	INFO	profile include tests: None
2026-02-11T15:30:52.0993696Z [main]	INFO	profile exclude tests: None
2026-02-11T15:30:52.0994136Z [main]	INFO	cli include tests: None
2026-02-11T15:30:52.0994469Z [main]	INFO	cli exclude tests: B603,B311
2026-02-11T15:30:52.0996666Z [main]	INFO	running on Python 3.11.14
2026-02-11T15:30:52.1846113Z Run started:2026-02-11 15:30:52.184357+00:00
2026-02-11T15:30:52.1846792Z 
2026-02-11T15:30:52.1846958Z Test results:
2026-02-11T15:30:52.1847219Z 	No issues identified.
2026-02-11T15:30:52.1847395Z 
2026-02-11T15:30:52.1847481Z Code scanned:
2026-02-11T15:30:52.1847706Z 	Total lines of code: 1201
2026-02-11T15:30:52.1847995Z 	Total lines skipped (#nosec): 1
2026-02-11T15:30:52.1848515Z 	Total potential issues skipped due to specifically being disabled (e.g., #nosec BXXX): 0
2026-02-11T15:30:52.1849368Z 
2026-02-11T15:30:52.1849456Z Run metrics:
2026-02-11T15:30:52.1849691Z 	Total issues (by severity):
2026-02-11T15:30:52.1849951Z 		Undefined: 0
2026-02-11T15:30:52.1850161Z 		Low: 1
2026-02-11T15:30:52.1850349Z 		Medium: 0
2026-02-11T15:30:52.1850557Z 		High: 0
2026-02-11T15:30:52.1850769Z 	Total issues (by confidence):
2026-02-11T15:30:52.1851036Z 		Undefined: 0
2026-02-11T15:30:52.1851232Z 		Low: 0
2026-02-11T15:30:52.1851419Z 		Medium: 0
2026-02-11T15:30:52.1851610Z 		High: 1
2026-02-11T15:30:52.1851804Z Files skipped (0):
2026-02-11T15:30:52.2204748Z ##[group]Run semgrep/semgrep-action@v1
2026-02-11T15:30:52.2205039Z with:
2026-02-11T15:30:52.2205211Z   config: auto
2026-02-11T15:30:52.2205377Z env:
2026-02-11T15:30:52.2205547Z   PYTHON_VERSION_DEFAULT: 3.11
2026-02-11T15:30:52.2205838Z   pythonLocation: /opt/hostedtoolcache/Python/3.11.14/x64
2026-02-11T15:30:52.2206251Z   PKG_CONFIG_PATH: /opt/hostedtoolcache/Python/3.11.14/x64/lib/pkgconfig
2026-02-11T15:30:52.2206921Z   Python_ROOT_DIR: /opt/hostedtoolcache/Python/3.11.14/x64
2026-02-11T15:30:52.2207273Z   Python2_ROOT_DIR: /opt/hostedtoolcache/Python/3.11.14/x64
2026-02-11T15:30:52.2207627Z   Python3_ROOT_DIR: /opt/hostedtoolcache/Python/3.11.14/x64
2026-02-11T15:30:52.2207976Z   LD_LIBRARY_PATH: /opt/hostedtoolcache/Python/3.11.14/x64/lib
2026-02-11T15:30:52.2208269Z ##[endgroup]
2026-02-11T15:30:52.2304216Z ##[command]/usr/bin/docker run --name returntocorpsemgrepagentv1_b4f94e --label eac1de --workdir /github/workspace --rm -e "PYTHON_VERSION_DEFAULT" -e "pythonLocation" -e "PKG_CONFIG_PATH" -e "Python_ROOT_DIR" -e "Python2_ROOT_DIR" -e "Python3_ROOT_DIR" -e "LD_LIBRARY_PATH" -e "INPUT_CONFIG" -e "INPUT_PUBLISHTOKEN" -e "HOME" -e "GITHUB_JOB" -e "GITHUB_REF" -e "GITHUB_SHA" -e "GITHUB_REPOSITORY" -e "GITHUB_REPOSITORY_OWNER" -e "GITHUB_REPOSITORY_OWNER_ID" -e "GITHUB_RUN_ID" -e "GITHUB_RUN_NUMBER" -e "GITHUB_RETENTION_DAYS" -e "GITHUB_RUN_ATTEMPT" -e "GITHUB_ACTOR_ID" -e "GITHUB_ACTOR" -e "GITHUB_WORKFLOW" -e "GITHUB_HEAD_REF" -e "GITHUB_BASE_REF" -e "GITHUB_EVENT_NAME" -e "GITHUB_SERVER_URL" -e "GITHUB_API_URL" -e "GITHUB_GRAPHQL_URL" -e "GITHUB_REF_NAME" -e "GITHUB_REF_PROTECTED" -e "GITHUB_REF_TYPE" -e "GITHUB_WORKFLOW_REF" -e "GITHUB_WORKFLOW_SHA" -e "GITHUB_REPOSITORY_ID" -e "GITHUB_TRIGGERING_ACTOR" -e "GITHUB_WORKSPACE" -e "GITHUB_ACTION" -e "GITHUB_EVENT_PATH" -e "GITHUB_ACTION_REPOSITORY" -e "GITHUB_ACTION_REF" -e "GITHUB_PATH" -e "GITHUB_ENV" -e "GITHUB_STEP_SUMMARY" -e "GITHUB_STATE" -e "GITHUB_OUTPUT" -e "RUNNER_OS" -e "RUNNER_ARCH" -e "RUNNER_NAME" -e "RUNNER_ENVIRONMENT" -e "RUNNER_TOOL_CACHE" -e "RUNNER_TEMP" -e "RUNNER_WORKSPACE" -e "ACTIONS_RUNTIME_URL" -e "ACTIONS_RUNTIME_TOKEN" -e "ACTIONS_CACHE_URL" -e "ACTIONS_RESULTS_URL" -e "ACTIONS_ORCHESTRATION_ID" -e GITHUB_ACTIONS=true -e CI=true -v "/var/run/docker.sock":"/var/run/docker.sock" -v "/home/runner/work/_temp":"/github/runner_temp" -v "/home/runner/work/_temp/_github_home":"/github/home" -v "/home/runner/work/_temp/_github_workflow":"/github/workflow" -v "/home/runner/work/_temp/_runner_file_commands":"/github/file_commands" -v "/home/runner/work/ImunoEdge/ImunoEdge":"/github/workspace" returntocorp/semgrep-agent:v1
2026-02-11T15:30:52.8329540Z === Running: SEMGREP_RULES="auto" semgrep ci
2026-02-11T15:30:53.5975723Z                   
2026-02-11T15:30:53.5976082Z                   
2026-02-11T15:30:53.5976864Z ┌────────────────┐
2026-02-11T15:30:53.5977088Z │ Debugging Info │
2026-02-11T15:30:53.5977293Z └────────────────┘
2026-02-11T15:30:53.5980707Z                   
2026-02-11T15:30:53.5980962Z   SCAN ENVIRONMENT
2026-02-11T15:30:53.6001463Z   versions    - semgrep 1.36.0 on python 3.11.4                                
2026-02-11T15:30:53.6002189Z   environment - running in environment github-actions, triggering event is push
2026-02-11T15:30:53.9606806Z                
2026-02-11T15:30:53.9607251Z                
2026-02-11T15:30:53.9607903Z ┌─────────────┐
2026-02-11T15:30:53.9608729Z │ Scan Status │
2026-02-11T15:30:53.9609138Z └─────────────┘
2026-02-11T15:30:54.1109724Z   Scanning 119 files tracked by git with 1064 Code rules:
2026-02-11T15:30:54.1174411Z                                                                                 
2026-02-11T15:30:54.1175291Z   Language      Rules   Files          Origin      Rules                        
2026-02-11T15:30:54.1176756Z  ─────────────────────────────        ───────────────────                       
2026-02-11T15:30:54.1177580Z   <multilang>      48     238          Community    1064                        
2026-02-11T15:30:54.1178636Z   python          243       8                                                   
2026-02-11T15:30:54.1179118Z   yaml             31       1                                                   
2026-02-11T15:30:54.1179574Z   bash              4       1                                                   
2026-02-11T15:30:54.1180022Z                                                                                 
2026-02-11T15:30:56.4178176Z                 
2026-02-11T15:30:56.4178526Z                 
2026-02-11T15:30:56.4179056Z ┌──────────────┐
2026-02-11T15:30:56.4179311Z │ Scan Summary │
2026-02-11T15:30:56.4179530Z └──────────────┘
2026-02-11T15:30:56.4179795Z Some files were skipped or only partially analyzed.
2026-02-11T15:30:56.4180155Z   Scan was limited to files tracked by git.
2026-02-11T15:30:56.4180647Z   Partially scanned: 1 files only partially analyzed due to parsing or internal Semgrep errors
2026-02-11T15:30:56.4181046Z 
2026-02-11T15:30:56.4181337Z (need more rules? `semgrep login` for additional free Semgrep Registry rules)
2026-02-11T15:30:56.4181679Z 
2026-02-11T15:30:56.4181778Z CI scan completed successfully.
2026-02-11T15:30:56.4182061Z   Found 0 findings (0 blocking) from 1064 rules.
2026-02-11T15:30:56.4182393Z   No blocking findings so exiting with code 0
2026-02-11T15:30:56.4224292Z 
2026-02-11T15:30:56.4225082Z A new version of Semgrep is available. See https://semgrep.dev/docs/upgrading
2026-02-11T15:30:56.4225759Z 
2026-02-11T15:30:56.4226101Z Versions prior to 1.76.0 are no longer supported by Semgrep.dev, please upgrade.
2026-02-11T15:30:57.3092190Z Post job cleanup.
2026-02-11T15:30:57.4339676Z Post job cleanup.
2026-02-11T15:30:57.5181074Z [command]/usr/bin/git version
2026-02-11T15:30:57.5227396Z git version 2.52.0
2026-02-11T15:30:57.5267221Z Temporarily overriding HOME='/home/runner/work/_temp/3320921f-2567-42a3-986f-0f22beb908ba' before making global git config changes
2026-02-11T15:30:57.5268699Z Adding repository directory to the temporary git global config as a safe directory
2026-02-11T15:30:57.5272791Z [command]/usr/bin/git config --global --add safe.directory /home/runner/work/ImunoEdge/ImunoEdge
2026-02-11T15:30:57.5304212Z Removing SSH command configuration
2026-02-11T15:30:57.5310958Z [command]/usr/bin/git config --local --name-only --get-regexp core\.sshCommand
2026-02-11T15:30:57.5345186Z [command]/usr/bin/git submodule foreach --recursive sh -c "git config --local --name-only --get-regexp 'core\.sshCommand' && git config --local --unset-all 'core.sshCommand' || :"
2026-02-11T15:30:57.5563307Z Entering 'TaipanStack'
2026-02-11T15:30:57.5619598Z Removing HTTP extra header
2026-02-11T15:30:57.5624732Z [command]/usr/bin/git config --local --name-only --get-regexp http\.https\:\/\/github\.com\/\.extraheader
2026-02-11T15:30:57.5659459Z [command]/usr/bin/git submodule foreach --recursive sh -c "git config --local --name-only --get-regexp 'http\.https\:\/\/github\.com\/\.extraheader' && git config --local --unset-all 'http.https://github.com/.extraheader' || :"
2026-02-11T15:30:57.5875954Z Entering 'TaipanStack'
2026-02-11T15:30:57.5930339Z Removing includeIf entries pointing to credentials config files
2026-02-11T15:30:57.5938348Z [command]/usr/bin/git config --local --name-only --get-regexp ^includeIf\.gitdir:
2026-02-11T15:30:57.5963432Z includeif.gitdir:/home/runner/work/ImunoEdge/ImunoEdge/.git.path
2026-02-11T15:30:57.5964282Z includeif.gitdir:/home/runner/work/ImunoEdge/ImunoEdge/.git/worktrees/*.path
2026-02-11T15:30:57.5965520Z includeif.gitdir:/github/workspace/.git.path
2026-02-11T15:30:57.5966208Z includeif.gitdir:/github/workspace/.git/worktrees/*.path
2026-02-11T15:30:57.5975462Z [command]/usr/bin/git config --local --get-all includeif.gitdir:/home/runner/work/ImunoEdge/ImunoEdge/.git.path
2026-02-11T15:30:57.5997794Z /home/runner/work/_temp/git-credentials-55afed35-4ff7-4e69-a4ad-ddc0aeb5c9b5.config
2026-02-11T15:30:57.6009066Z [command]/usr/bin/git config --local --unset includeif.gitdir:/home/runner/work/ImunoEdge/ImunoEdge/.git.path /home/runner/work/_temp/git-credentials-55afed35-4ff7-4e69-a4ad-ddc0aeb5c9b5.config
2026-02-11T15:30:57.6044180Z [command]/usr/bin/git config --local --get-all includeif.gitdir:/home/runner/work/ImunoEdge/ImunoEdge/.git/worktrees/*.path
2026-02-11T15:30:57.6066143Z /home/runner/work/_temp/git-credentials-55afed35-4ff7-4e69-a4ad-ddc0aeb5c9b5.config
2026-02-11T15:30:57.6076947Z [command]/usr/bin/git config --local --unset includeif.gitdir:/home/runner/work/ImunoEdge/ImunoEdge/.git/worktrees/*.path /home/runner/work/_temp/git-credentials-55afed35-4ff7-4e69-a4ad-ddc0aeb5c9b5.config
2026-02-11T15:30:57.6109361Z [command]/usr/bin/git config --local --get-all includeif.gitdir:/github/workspace/.git.path
2026-02-11T15:30:57.6129933Z /github/runner_temp/git-credentials-55afed35-4ff7-4e69-a4ad-ddc0aeb5c9b5.config
2026-02-11T15:30:57.6139376Z [command]/usr/bin/git config --local --unset includeif.gitdir:/github/workspace/.git.path /github/runner_temp/git-credentials-55afed35-4ff7-4e69-a4ad-ddc0aeb5c9b5.config
2026-02-11T15:30:57.6174491Z [command]/usr/bin/git config --local --get-all includeif.gitdir:/github/workspace/.git/worktrees/*.path
2026-02-11T15:30:57.6205031Z /github/runner_temp/git-credentials-55afed35-4ff7-4e69-a4ad-ddc0aeb5c9b5.config
2026-02-11T15:30:57.6215006Z [command]/usr/bin/git config --local --unset includeif.gitdir:/github/workspace/.git/worktrees/*.path /github/runner_temp/git-credentials-55afed35-4ff7-4e69-a4ad-ddc0aeb5c9b5.config
2026-02-11T15:30:57.6250119Z [command]/usr/bin/git submodule foreach --recursive git config --local --show-origin --name-only --get-regexp remote.origin.url
2026-02-11T15:30:57.6471174Z Entering 'TaipanStack'
2026-02-11T15:30:57.6484017Z file:/home/runner/work/ImunoEdge/ImunoEdge/.git/modules/TaipanStack/config	remote.origin.url
2026-02-11T15:30:57.6517377Z [command]/usr/bin/git config --file /home/runner/work/ImunoEdge/ImunoEdge/.git/modules/TaipanStack/config --name-only --get-regexp ^includeIf\.gitdir:
2026-02-11T15:30:57.6539678Z includeif.gitdir:/home/runner/work/ImunoEdge/ImunoEdge/.git/modules/TaipanStack.path
2026-02-11T15:30:57.6540638Z includeif.gitdir:/github/workspace/.git/modules/TaipanStack.path
2026-02-11T15:30:57.6584462Z [command]/usr/bin/git config --file /home/runner/work/ImunoEdge/ImunoEdge/.git/modules/TaipanStack/config --get-all includeif.gitdir:/home/runner/work/ImunoEdge/ImunoEdge/.git/modules/TaipanStack.path
2026-02-11T15:30:57.6606715Z /home/runner/work/_temp/git-credentials-55afed35-4ff7-4e69-a4ad-ddc0aeb5c9b5.config
2026-02-11T15:30:57.6615013Z [command]/usr/bin/git config --file /home/runner/work/ImunoEdge/ImunoEdge/.git/modules/TaipanStack/config --unset includeif.gitdir:/home/runner/work/ImunoEdge/ImunoEdge/.git/modules/TaipanStack.path /home/runner/work/_temp/git-credentials-55afed35-4ff7-4e69-a4ad-ddc0aeb5c9b5.config
2026-02-11T15:30:57.6645553Z [command]/usr/bin/git config --file /home/runner/work/ImunoEdge/ImunoEdge/.git/modules/TaipanStack/config --get-all includeif.gitdir:/github/workspace/.git/modules/TaipanStack.path
2026-02-11T15:30:57.6665783Z /github/runner_temp/git-credentials-55afed35-4ff7-4e69-a4ad-ddc0aeb5c9b5.config
2026-02-11T15:30:57.6674080Z [command]/usr/bin/git config --file /home/runner/work/ImunoEdge/ImunoEdge/.git/modules/TaipanStack/config --unset includeif.gitdir:/github/workspace/.git/modules/TaipanStack.path /github/runner_temp/git-credentials-55afed35-4ff7-4e69-a4ad-ddc0aeb5c9b5.config
2026-02-11T15:30:57.6700394Z Removing credentials config '/home/runner/work/_temp/git-credentials-55afed35-4ff7-4e69-a4ad-ddc0aeb5c9b5.config'
2026-02-11T15:30:57.6842554Z Cleaning up orphan processes
