2026-02-11T15:30:34.9639051Z Current runner version: '2.331.0'
2026-02-11T15:30:34.9664765Z ##[group]Runner Image Provisioner
2026-02-11T15:30:34.9665692Z Hosted Compute Agent
2026-02-11T15:30:34.9666228Z Version: 20260123.484
2026-02-11T15:30:34.9666826Z Commit: 6bd6555ca37d84114959e1c76d2c01448ff61c5d
2026-02-11T15:30:34.9667575Z Build Date: 2026-01-23T19:41:17Z
2026-02-11T15:30:34.9668249Z Worker ID: {9e600c05-f765-4f59-9a5c-1a173b21536a}
2026-02-11T15:30:34.9668941Z Azure Region: northcentralus
2026-02-11T15:30:34.9669521Z ##[endgroup]
2026-02-11T15:30:34.9670942Z ##[group]Operating System
2026-02-11T15:30:34.9671528Z Ubuntu
2026-02-11T15:30:34.9672097Z 24.04.3
2026-02-11T15:30:34.9672707Z LTS
2026-02-11T15:30:34.9673203Z ##[endgroup]
2026-02-11T15:30:34.9673655Z ##[group]Runner Image
2026-02-11T15:30:34.9674304Z Image: ubuntu-24.04
2026-02-11T15:30:34.9674815Z Version: 20260201.15.1
2026-02-11T15:30:34.9676081Z Included Software: https://github.com/actions/runner-images/blob/ubuntu24/20260201.15/images/ubuntu/Ubuntu2404-Readme.md
2026-02-11T15:30:34.9677553Z Image Release: https://github.com/actions/runner-images/releases/tag/ubuntu24%2F20260201.15
2026-02-11T15:30:34.9678505Z ##[endgroup]
2026-02-11T15:30:34.9679617Z ##[group]GITHUB_TOKEN Permissions
2026-02-11T15:30:34.9681767Z Contents: read
2026-02-11T15:30:34.9682595Z Metadata: read
2026-02-11T15:30:34.9683342Z Packages: read
2026-02-11T15:30:34.9683815Z ##[endgroup]
2026-02-11T15:30:34.9686413Z Secret source: Actions
2026-02-11T15:30:34.9687727Z Prepare workflow directory
2026-02-11T15:30:35.0239709Z Prepare all required actions
2026-02-11T15:30:35.0278750Z Getting action download info
2026-02-11T15:30:35.4211906Z Download action repository 'actions/checkout@v6' (SHA:de0fac2e4500dabe0009e67214ff5f5447ce83dd)
2026-02-11T15:30:35.6121403Z Complete job name: Test on alpine-3.20
2026-02-11T15:30:35.6673758Z ##[group]Checking docker version
2026-02-11T15:30:35.6687161Z ##[command]/usr/bin/docker version --format '{{.Server.APIVersion}}'
2026-02-11T15:30:35.7294069Z '1.48'
2026-02-11T15:30:35.7305659Z Docker daemon API version: '1.48'
2026-02-11T15:30:35.7306469Z ##[command]/usr/bin/docker version --format '{{.Client.APIVersion}}'
2026-02-11T15:30:35.7481258Z '1.48'
2026-02-11T15:30:35.7493895Z Docker client API version: '1.48'
2026-02-11T15:30:35.7499548Z ##[endgroup]
2026-02-11T15:30:35.7502774Z ##[group]Clean up resources from previous jobs
2026-02-11T15:30:35.7508274Z ##[command]/usr/bin/docker ps --all --quiet --no-trunc --filter "label=9b0359"
2026-02-11T15:30:35.7658602Z ##[command]/usr/bin/docker network prune --force --filter "label=9b0359"
2026-02-11T15:30:35.7796655Z ##[endgroup]
2026-02-11T15:30:35.7797203Z ##[group]Create local container network
2026-02-11T15:30:35.7807971Z ##[command]/usr/bin/docker network create --label 9b0359 github_network_58ceaa96575f4059ae94084693b365b5
2026-02-11T15:30:35.8323124Z eedc7007b432f2c1c3f0096a9149c5507bc6a3f384525282f65074903eb91ce0
2026-02-11T15:30:35.8343794Z ##[endgroup]
2026-02-11T15:30:35.8368260Z ##[group]Starting job container
2026-02-11T15:30:35.8390092Z ##[command]/usr/bin/docker pull alpine:3.20
2026-02-11T15:30:36.4807449Z 3.20: Pulling from library/alpine
2026-02-11T15:30:36.6734838Z 76eb174b37c3: Pulling fs layer
2026-02-11T15:30:36.8096517Z 76eb174b37c3: Verifying Checksum
2026-02-11T15:30:36.8100125Z 76eb174b37c3: Download complete
2026-02-11T15:30:36.9181613Z 76eb174b37c3: Pull complete
2026-02-11T15:30:36.9227342Z Digest: sha256:a4f4213abb84c497377b8544c81b3564f313746700372ec4fe84653e4fb03805
2026-02-11T15:30:36.9242337Z Status: Downloaded newer image for alpine:3.20
2026-02-11T15:30:36.9250713Z docker.io/library/alpine:3.20
2026-02-11T15:30:36.9355194Z ##[command]/usr/bin/docker create --name b37ff8fa695f400b88173e45d3189013_alpine320_cd02eb --label 9b0359 --workdir /__w/ImunoEdge/ImunoEdge --network github_network_58ceaa96575f4059ae94084693b365b5  -e "HOME=/github/home" -e GITHUB_ACTIONS=true -e CI=true -v "/var/run/docker.sock":"/var/run/docker.sock" -v "/home/runner/work":"/__w" -v "/home/runner/actions-runner/cached/externals":"/__e":ro -v "/home/runner/work/_temp":"/__w/_temp" -v "/home/runner/work/_actions":"/__w/_actions" -v "/opt/hostedtoolcache":"/__t" -v "/home/runner/work/_temp/_github_home":"/github/home" -v "/home/runner/work/_temp/_github_workflow":"/github/workflow" --entrypoint "tail" alpine:3.20 "-f" "/dev/null"
2026-02-11T15:30:37.6485886Z 8fb85abd649823f6eb6e253c1baf5d0775be7c3df40da0a4497ecf2ab2f2c359
2026-02-11T15:30:37.6515051Z ##[command]/usr/bin/docker start 8fb85abd649823f6eb6e253c1baf5d0775be7c3df40da0a4497ecf2ab2f2c359
2026-02-11T15:30:37.8278258Z 8fb85abd649823f6eb6e253c1baf5d0775be7c3df40da0a4497ecf2ab2f2c359
2026-02-11T15:30:37.8300219Z ##[command]/usr/bin/docker ps --all --filter id=8fb85abd649823f6eb6e253c1baf5d0775be7c3df40da0a4497ecf2ab2f2c359 --filter status=running --no-trunc --format "{{.ID}} {{.Status}}"
2026-02-11T15:30:37.8432940Z 8fb85abd649823f6eb6e253c1baf5d0775be7c3df40da0a4497ecf2ab2f2c359 Up Less than a second
2026-02-11T15:30:37.8454629Z ##[command]/usr/bin/docker inspect --format "{{range .Config.Env}}{{println .}}{{end}}" 8fb85abd649823f6eb6e253c1baf5d0775be7c3df40da0a4497ecf2ab2f2c359
2026-02-11T15:30:37.8584680Z HOME=/github/home
2026-02-11T15:30:37.8586205Z GITHUB_ACTIONS=true
2026-02-11T15:30:37.8587522Z CI=true
2026-02-11T15:30:37.8589184Z PATH=/usr/local/sbin:/usr/local/bin:/usr/sbin:/usr/bin:/sbin:/bin
2026-02-11T15:30:37.8608134Z ##[endgroup]
2026-02-11T15:30:37.8618776Z ##[group]Waiting for all services to be ready
2026-02-11T15:30:37.8621257Z ##[endgroup]
2026-02-11T15:30:37.8929913Z ##[group]Run apk add --no-cache python3 py3-pip py3-virtualenv git bash
2026-02-11T15:30:37.8931735Z [36;1mapk add --no-cache python3 py3-pip py3-virtualenv git bash[0m
2026-02-11T15:30:37.8936787Z shell: sh -e {0}
2026-02-11T15:30:37.8937838Z env:
2026-02-11T15:30:37.8938589Z   PYTHON_VERSION_DEFAULT: 3.11
2026-02-11T15:30:37.8939486Z ##[endgroup]
2026-02-11T15:30:37.9668352Z fetch https://dl-cdn.alpinelinux.org/alpine/v3.20/main/x86_64/APKINDEX.tar.gz
2026-02-11T15:30:38.0361974Z fetch https://dl-cdn.alpinelinux.org/alpine/v3.20/community/x86_64/APKINDEX.tar.gz
2026-02-11T15:30:38.3017405Z (1/46) Installing ncurses-terminfo-base (6.4_p20240420-r2)
2026-02-11T15:30:38.3097039Z (2/46) Installing libncursesw (6.4_p20240420-r2)
2026-02-11T15:30:38.3168490Z (3/46) Installing readline (8.2.10-r0)
2026-02-11T15:30:38.3221778Z (4/46) Installing bash (5.2.26-r0)
2026-02-11T15:30:38.3366544Z Executing bash-5.2.26-r0.post-install
2026-02-11T15:30:38.3398662Z (5/46) Installing ca-certificates (20250911-r0)
2026-02-11T15:30:38.3625552Z (6/46) Installing brotli-libs (1.1.0-r2)
2026-02-11T15:30:38.3716740Z (7/46) Installing c-ares (1.33.1-r0)
2026-02-11T15:30:38.3753957Z (8/46) Installing libunistring (1.2-r0)
2026-02-11T15:30:38.3865995Z (9/46) Installing libidn2 (2.3.7-r0)
2026-02-11T15:30:38.3907033Z (10/46) Installing nghttp2-libs (1.62.1-r0)
2026-02-11T15:30:38.3945434Z (11/46) Installing libpsl (0.21.5-r1)
2026-02-11T15:30:38.3980495Z (12/46) Installing zstd-libs (1.5.6-r0)
2026-02-11T15:30:38.4069226Z (13/46) Installing libcurl (8.14.1-r2)
2026-02-11T15:30:38.4143080Z (14/46) Installing libexpat (2.7.4-r0)
2026-02-11T15:30:38.4180646Z (15/46) Installing pcre2 (10.43-r0)
2026-02-11T15:30:38.4254647Z (16/46) Installing git (2.45.4-r0)
2026-02-11T15:30:38.4906492Z (17/46) Installing git-init-template (2.45.4-r0)
2026-02-11T15:30:38.4957744Z (18/46) Installing libbz2 (1.0.8-r6)
2026-02-11T15:30:38.4989654Z (19/46) Installing libffi (3.4.6-r0)
2026-02-11T15:30:38.5019785Z (20/46) Installing gdbm (1.23-r1)
2026-02-11T15:30:38.5081640Z (21/46) Installing xz-libs (5.6.2-r1)
2026-02-11T15:30:38.5129990Z (22/46) Installing libgcc (13.2.1_git20240309-r1)
2026-02-11T15:30:38.5178702Z (23/46) Installing libstdc++ (13.2.1_git20240309-r1)
2026-02-11T15:30:38.5381030Z (24/46) Installing mpdecimal (4.0.0-r0)
2026-02-11T15:30:38.5421718Z (25/46) Installing libpanelw (6.4_p20240420-r2)
2026-02-11T15:30:38.5447208Z (26/46) Installing sqlite-libs (3.45.3-r3)
2026-02-11T15:30:38.5582140Z (27/46) Installing python3 (3.12.12-r0)
2026-02-11T15:30:38.7454736Z (28/46) Installing python3-pycache-pyc0 (3.12.12-r0)
2026-02-11T15:30:38.8759373Z (29/46) Installing pyc (3.12.12-r0)
2026-02-11T15:30:38.8783581Z (30/46) Installing py3-setuptools-pyc (70.3.0-r0)
2026-02-11T15:30:38.9301705Z (31/46) Installing py3-pip-pyc (24.0-r2)
2026-02-11T15:30:39.0240957Z (32/46) Installing py3-parsing (3.1.2-r1)
2026-02-11T15:30:39.0309991Z (33/46) Installing py3-parsing-pyc (3.1.2-r1)
2026-02-11T15:30:39.0384153Z (34/46) Installing py3-packaging-pyc (24.0-r1)
2026-02-11T15:30:39.0435753Z (35/46) Installing python3-pyc (3.12.12-r0)
2026-02-11T15:30:39.0464124Z (36/46) Installing py3-packaging (24.0-r1)
2026-02-11T15:30:39.0519456Z (37/46) Installing py3-setuptools (70.3.0-r0)
2026-02-11T15:30:39.0941544Z (38/46) Installing py3-pip (24.0-r2)
2026-02-11T15:30:39.1786761Z (39/46) Installing py3-platformdirs (4.2.2-r0)
2026-02-11T15:30:39.1839701Z (40/46) Installing py3-platformdirs-pyc (4.2.2-r0)
2026-02-11T15:30:39.1890786Z (41/46) Installing py3-distlib (0.3.8-r1)
2026-02-11T15:30:39.1968140Z (42/46) Installing py3-distlib-pyc (0.3.8-r1)
2026-02-11T15:30:39.2049439Z (43/46) Installing py3-filelock (3.13.1-r1)
2026-02-11T15:30:39.2100040Z (44/46) Installing py3-filelock-pyc (3.13.1-r1)
2026-02-11T15:30:39.2159764Z (45/46) Installing py3-virtualenv (20.28.0-r0)
2026-02-11T15:30:39.2613218Z (46/46) Installing py3-virtualenv-pyc (20.28.0-r0)
2026-02-11T15:30:39.2817993Z Executing busybox-1.36.1-r31.trigger
2026-02-11T15:30:39.2867305Z Executing ca-certificates-20250911-r0.trigger
2026-02-11T15:30:39.3297962Z OK: 96 MiB in 60 packages
2026-02-11T15:30:39.4196887Z ##[group]Run actions/checkout@v6
2026-02-11T15:30:39.4197203Z with:
2026-02-11T15:30:39.4197382Z   submodules: recursive
2026-02-11T15:30:39.4197619Z   repository: gabrielima7/ImunoEdge
2026-02-11T15:30:39.4198069Z   token: ***
2026-02-11T15:30:39.4198247Z   ssh-strict: true
2026-02-11T15:30:39.4198426Z   ssh-user: git
2026-02-11T15:30:39.4198610Z   persist-credentials: true
2026-02-11T15:30:39.4198835Z   clean: true
2026-02-11T15:30:39.4199037Z   sparse-checkout-cone-mode: true
2026-02-11T15:30:39.4199273Z   fetch-depth: 1
2026-02-11T15:30:39.4199444Z   fetch-tags: false
2026-02-11T15:30:39.4199634Z   show-progress: true
2026-02-11T15:30:39.4199813Z   lfs: false
2026-02-11T15:30:39.4199990Z   set-safe-directory: true
2026-02-11T15:30:39.4200223Z env:
2026-02-11T15:30:39.4200382Z   PYTHON_VERSION_DEFAULT: 3.11
2026-02-11T15:30:39.4200593Z ##[endgroup]
2026-02-11T15:30:39.4242236Z ##[command]/usr/bin/docker exec  8fb85abd649823f6eb6e253c1baf5d0775be7c3df40da0a4497ecf2ab2f2c359 sh -c "cat /etc/*release | grep ^ID"
2026-02-11T15:30:39.6275421Z Syncing repository: gabrielima7/ImunoEdge
2026-02-11T15:30:39.6276792Z ##[group]Getting Git version info
2026-02-11T15:30:39.6277142Z Working directory is '/__w/ImunoEdge/ImunoEdge'
2026-02-11T15:30:39.6277642Z [command]/usr/bin/git version
2026-02-11T15:30:39.6298958Z git version 2.45.4
2026-02-11T15:30:39.6374749Z ##[endgroup]
2026-02-11T15:30:39.6399532Z Temporarily overriding HOME='/__w/_temp/3a751493-2d9a-40ec-afca-85e3b4a5b4c9' before making global git config changes
2026-02-11T15:30:39.6400852Z Adding repository directory to the temporary git global config as a safe directory
2026-02-11T15:30:39.6407464Z [command]/usr/bin/git config --global --add safe.directory /__w/ImunoEdge/ImunoEdge
2026-02-11T15:30:39.6438444Z Deleting the contents of '/__w/ImunoEdge/ImunoEdge'
2026-02-11T15:30:39.6443117Z ##[group]Initializing the repository
2026-02-11T15:30:39.6447306Z [command]/usr/bin/git init /__w/ImunoEdge/ImunoEdge
2026-02-11T15:30:39.6486496Z hint: Using 'master' as the name for the initial branch. This default branch name
2026-02-11T15:30:39.6487844Z hint: is subject to change. To configure the initial branch name to use in all
2026-02-11T15:30:39.6488713Z hint: of your new repositories, which will suppress this warning, call:
2026-02-11T15:30:39.6489311Z hint:
2026-02-11T15:30:39.6489667Z hint: 	git config --global init.defaultBranch <name>
2026-02-11T15:30:39.6489968Z hint:
2026-02-11T15:30:39.6490519Z hint: Names commonly chosen instead of 'master' are 'main', 'trunk' and
2026-02-11T15:30:39.6490999Z hint: 'development'. The just-created branch can be renamed via this command:
2026-02-11T15:30:39.6491366Z hint:
2026-02-11T15:30:39.6491536Z hint: 	git branch -m <name>
2026-02-11T15:30:39.6491855Z Initialized empty Git repository in /__w/ImunoEdge/ImunoEdge/.git/
2026-02-11T15:30:39.6502346Z [command]/usr/bin/git remote add origin https://github.com/gabrielima7/ImunoEdge
2026-02-11T15:30:39.6531246Z ##[endgroup]
2026-02-11T15:30:39.6531926Z ##[group]Disabling automatic garbage collection
2026-02-11T15:30:39.6537073Z [command]/usr/bin/git config --local gc.auto 0
2026-02-11T15:30:39.6561639Z ##[endgroup]
2026-02-11T15:30:39.6561987Z ##[group]Setting up auth
2026-02-11T15:30:39.6564244Z Removing SSH command configuration
2026-02-11T15:30:39.6571594Z [command]/usr/bin/git config --local --name-only --get-regexp core\.sshCommand
2026-02-11T15:30:39.6601535Z [command]/usr/bin/git submodule foreach --recursive sh -c "git config --local --name-only --get-regexp 'core\.sshCommand' && git config --local --unset-all 'core.sshCommand' || :"
2026-02-11T15:30:39.6788516Z Removing HTTP extra header
2026-02-11T15:30:39.6794152Z [command]/usr/bin/git config --local --name-only --get-regexp http\.https\:\/\/github\.com\/\.extraheader
2026-02-11T15:30:39.6823352Z [command]/usr/bin/git submodule foreach --recursive sh -c "git config --local --name-only --get-regexp 'http\.https\:\/\/github\.com\/\.extraheader' && git config --local --unset-all 'http.https://github.com/.extraheader' || :"
2026-02-11T15:30:39.7002904Z Removing includeIf entries pointing to credentials config files
2026-02-11T15:30:39.7010963Z [command]/usr/bin/git config --local --name-only --get-regexp ^includeIf\.gitdir:
2026-02-11T15:30:39.7039718Z [command]/usr/bin/git submodule foreach --recursive git config --local --show-origin --name-only --get-regexp remote.origin.url
2026-02-11T15:30:39.7231819Z [command]/usr/bin/git config --file /__w/_temp/git-credentials-13489718-d7a9-456c-873e-976d23a58097.config http.https://github.com/.extraheader AUTHORIZATION: basic ***
2026-02-11T15:30:39.7267357Z [command]/usr/bin/git config --local includeIf.gitdir:/__w/ImunoEdge/ImunoEdge/.git.path /__w/_temp/git-credentials-13489718-d7a9-456c-873e-976d23a58097.config
2026-02-11T15:30:39.7293778Z [command]/usr/bin/git config --local includeIf.gitdir:/__w/ImunoEdge/ImunoEdge/.git/worktrees/*.path /__w/_temp/git-credentials-13489718-d7a9-456c-873e-976d23a58097.config
2026-02-11T15:30:39.7320835Z [command]/usr/bin/git config --local includeIf.gitdir:/github/workspace/.git.path /github/runner_temp/git-credentials-13489718-d7a9-456c-873e-976d23a58097.config
2026-02-11T15:30:39.7349739Z [command]/usr/bin/git config --local includeIf.gitdir:/github/workspace/.git/worktrees/*.path /github/runner_temp/git-credentials-13489718-d7a9-456c-873e-976d23a58097.config
2026-02-11T15:30:39.7434293Z ##[endgroup]
2026-02-11T15:30:39.7434725Z ##[group]Fetching the repository
2026-02-11T15:30:39.7435575Z [command]/usr/bin/git -c protocol.version=2 fetch --no-tags --prune --no-recurse-submodules --depth=1 origin +22797f30b775dab08a63282bfc3c092003bdea47:refs/remotes/origin/main
2026-02-11T15:30:39.9682599Z From https://github.com/gabrielima7/ImunoEdge
2026-02-11T15:30:39.9683496Z  * [new ref]         22797f30b775dab08a63282bfc3c092003bdea47 -> origin/main
2026-02-11T15:30:39.9715716Z [command]/usr/bin/git branch --list --remote origin/main
2026-02-11T15:30:39.9739709Z   origin/main
2026-02-11T15:30:39.9750751Z [command]/usr/bin/git rev-parse refs/remotes/origin/main
2026-02-11T15:30:39.9770859Z 22797f30b775dab08a63282bfc3c092003bdea47
2026-02-11T15:30:39.9777139Z ##[endgroup]
2026-02-11T15:30:39.9777814Z ##[group]Determining the checkout info
2026-02-11T15:30:39.9779971Z ##[endgroup]
2026-02-11T15:30:39.9785315Z [command]/usr/bin/git sparse-checkout disable
2026-02-11T15:30:39.9823202Z [command]/usr/bin/git config --local --unset-all extensions.worktreeConfig
2026-02-11T15:30:39.9850168Z ##[group]Checking out the ref
2026-02-11T15:30:39.9855047Z [command]/usr/bin/git checkout --progress --force -B main refs/remotes/origin/main
2026-02-11T15:30:40.0085925Z branch 'main' set up to track 'origin/main'.
2026-02-11T15:30:40.0087489Z Switched to a new branch 'main'
2026-02-11T15:30:40.0097686Z ##[endgroup]
2026-02-11T15:30:40.0098316Z ##[group]Setting up auth for fetching submodules
2026-02-11T15:30:40.0105342Z [command]/usr/bin/git config --file /__w/_temp/git-credentials-13489718-d7a9-456c-873e-976d23a58097.config http.https://github.com/.extraheader AUTHORIZATION: basic ***
2026-02-11T15:30:40.0142364Z [command]/usr/bin/git config --global include.path /__w/_temp/git-credentials-13489718-d7a9-456c-873e-976d23a58097.config
2026-02-11T15:30:40.0183459Z [command]/usr/bin/git config --global --unset-all url.https://github.com/.insteadOf
2026-02-11T15:30:40.0216757Z [command]/usr/bin/git config --global --add url.https://github.com/.insteadOf git@github.com:
2026-02-11T15:30:40.0254632Z [command]/usr/bin/git config --global --add url.https://github.com/.insteadOf org-230595838@github.com:
2026-02-11T15:30:40.0281647Z ##[endgroup]
2026-02-11T15:30:40.0282269Z ##[group]Fetching submodules
2026-02-11T15:30:40.0286045Z [command]/usr/bin/git submodule sync --recursive
2026-02-11T15:30:40.0498963Z [command]/usr/bin/git -c protocol.version=2 submodule update --init --force --depth=1 --recursive
2026-02-11T15:30:40.0708662Z Submodule 'TaipanStack' (https://github.com/gabrielima7/TaipanStack.git) registered for path 'TaipanStack'
2026-02-11T15:30:40.0734172Z Cloning into '/__w/ImunoEdge/ImunoEdge/TaipanStack'...
2026-02-11T15:30:40.4429895Z Submodule path 'TaipanStack': checked out '788267ef00de0831d0cbe7423802ecc040dd79f8'
2026-02-11T15:30:40.4458640Z [command]/usr/bin/git submodule foreach --recursive git config --local gc.auto 0
2026-02-11T15:30:40.4656708Z Entering 'TaipanStack'
2026-02-11T15:30:40.4705649Z ##[endgroup]
2026-02-11T15:30:40.4706278Z ##[group]Persisting credentials for submodules
2026-02-11T15:30:40.4714562Z [command]/usr/bin/git submodule foreach --recursive sh -c "git config --local --name-only --get-regexp 'url\.https\:\/\/github\.com\/\.insteadOf' && git config --local --unset-all 'url.https://github.com/.insteadOf' || :"
2026-02-11T15:30:40.4907935Z Entering 'TaipanStack'
2026-02-11T15:30:40.4955139Z [command]/usr/bin/git submodule foreach --recursive git config --local --show-origin --name-only --get-regexp remote.origin.url
2026-02-11T15:30:40.5143695Z Entering 'TaipanStack'
2026-02-11T15:30:40.5161146Z file:/__w/ImunoEdge/ImunoEdge/.git/modules/TaipanStack/config	remote.origin.url
2026-02-11T15:30:40.5191411Z [command]/usr/bin/git config --file /__w/ImunoEdge/ImunoEdge/.git/modules/TaipanStack/config includeIf.gitdir:/__w/ImunoEdge/ImunoEdge/.git/modules/TaipanStack.path /__w/_temp/git-credentials-13489718-d7a9-456c-873e-976d23a58097.config
2026-02-11T15:30:40.5225073Z [command]/usr/bin/git config --file /__w/ImunoEdge/ImunoEdge/.git/modules/TaipanStack/config includeIf.gitdir:/github/workspace/.git/modules/TaipanStack.path /github/runner_temp/git-credentials-13489718-d7a9-456c-873e-976d23a58097.config
2026-02-11T15:30:40.5262648Z [command]/usr/bin/git submodule foreach --recursive git config --local --add 'url.https://github.com/.insteadOf' 'git@github.com:'
2026-02-11T15:30:40.5520057Z Entering 'TaipanStack'
2026-02-11T15:30:40.5571282Z [command]/usr/bin/git submodule foreach --recursive git config --local --add 'url.https://github.com/.insteadOf' 'org-230595838@github.com:'
2026-02-11T15:30:40.5762948Z Entering 'TaipanStack'
2026-02-11T15:30:40.5803945Z ##[endgroup]
2026-02-11T15:30:40.5842147Z [command]/usr/bin/git log -1 --format=%H
2026-02-11T15:30:40.5865081Z 22797f30b775dab08a63282bfc3c092003bdea47
2026-02-11T15:30:40.6030726Z ##[group]Run python3 -m pip install --upgrade pip --break-system-packages || python3 -m pip install --upgrade pip || true
2026-02-11T15:30:40.6031608Z [36;1mpython3 -m pip install --upgrade pip --break-system-packages || python3 -m pip install --upgrade pip || true[0m
2026-02-11T15:30:40.6032898Z [36;1mpython3 -m pip install setuptools wheel --break-system-packages || python3 -m pip install setuptools wheel || true[0m
2026-02-11T15:30:40.6033650Z [36;1mpython3 -m pip install -e . --break-system-packages || python3 -m pip install -e .[0m
2026-02-11T15:30:40.6034156Z shell: sh -e {0}
2026-02-11T15:30:40.6034331Z env:
2026-02-11T15:30:40.6034496Z   PYTHON_VERSION_DEFAULT: 3.11
2026-02-11T15:30:40.6034714Z ##[endgroup]
2026-02-11T15:30:41.9221106Z WARNING: The directory '/github/home/.cache/pip' or its parent directory is not owned or is not writable by the current user. The cache has been disabled. Check the permissions and owner of that directory. If executing pip with sudo, you should use sudo's -H flag.
2026-02-11T15:30:41.9637639Z Requirement already satisfied: pip in /usr/lib/python3.12/site-packages (24.0)
2026-02-11T15:30:42.0376254Z Collecting pip
2026-02-11T15:30:42.0616654Z   Downloading pip-26.0.1-py3-none-any.whl.metadata (4.7 kB)
2026-02-11T15:30:42.0685382Z Downloading pip-26.0.1-py3-none-any.whl (1.8 MB)
2026-02-11T15:30:42.0867009Z    ━━━━━━━━━━━━━━━━━━━━━━━━━━━━━━━━━━━━━━━━ 1.8/1.8 MB 115.5 MB/s eta 0:00:00
2026-02-11T15:30:42.1811395Z Installing collected packages: pip
2026-02-11T15:30:42.1812035Z   Attempting uninstall: pip
2026-02-11T15:30:42.1846346Z     Found existing installation: pip 24.0
2026-02-11T15:30:42.1869255Z     Uninstalling pip-24.0:
2026-02-11T15:30:42.2009854Z       Successfully uninstalled pip-24.0
2026-02-11T15:30:43.3513883Z Successfully installed pip-26.0.1
2026-02-11T15:30:43.3516702Z WARNING: Running pip as the 'root' user can result in broken permissions and conflicting behaviour with the system package manager. It is recommended to use a virtual environment instead: https://pip.pypa.io/warnings/venv
2026-02-11T15:30:43.7721914Z WARNING: The directory '/github/home/.cache/pip' or its parent directory is not owned or is not writable by the current user. The cache has been disabled. Check the permissions and owner of that directory. If executing pip with sudo, you should use sudo's -H flag.
2026-02-11T15:30:43.8078785Z Requirement already satisfied: setuptools in /usr/lib/python3.12/site-packages (70.3.0)
2026-02-11T15:30:43.8593126Z Collecting wheel
2026-02-11T15:30:43.8958043Z   Downloading wheel-0.46.3-py3-none-any.whl.metadata (2.4 kB)
2026-02-11T15:30:43.9037567Z Requirement already satisfied: packaging>=24.0 in /usr/lib/python3.12/site-packages (from wheel) (24.0)
2026-02-11T15:30:43.9086573Z Downloading wheel-0.46.3-py3-none-any.whl (30 kB)
2026-02-11T15:30:43.9265173Z Installing collected packages: wheel
2026-02-11T15:30:43.9636810Z Successfully installed wheel-0.46.3
2026-02-11T15:30:43.9641323Z WARNING: Running pip as the 'root' user can result in broken permissions and conflicting behaviour with the system package manager, possibly rendering your system unusable. It is recommended to use a virtual environment instead: https://pip.pypa.io/warnings/venv. Use the --root-user-action option if you know what you are doing and want to suppress this warning.
2026-02-11T15:30:44.2883071Z WARNING: The directory '/github/home/.cache/pip' or its parent directory is not owned or is not writable by the current user. The cache has been disabled. Check the permissions and owner of that directory. If executing pip with sudo, you should use sudo's -H flag.
2026-02-11T15:30:44.3231937Z Obtaining file:///__w/ImunoEdge/ImunoEdge
2026-02-11T15:30:44.3255712Z   Installing build dependencies: started
2026-02-11T15:30:45.0113409Z   Installing build dependencies: finished with status 'done'
2026-02-11T15:30:45.0117778Z   Checking if build backend supports build_editable: started
2026-02-11T15:30:45.3632019Z   Checking if build backend supports build_editable: finished with status 'done'
2026-02-11T15:30:45.3702008Z ERROR: Exception:
2026-02-11T15:30:45.3702282Z Traceback (most recent call last):
2026-02-11T15:30:45.3703056Z   File "/usr/lib/python3.12/site-packages/pip/_internal/cli/base_command.py", line 107, in _run_wrapper
2026-02-11T15:30:45.3704180Z     status = _inner_run()
2026-02-11T15:30:45.3704539Z              ^^^^^^^^^^^^
2026-02-11T15:30:45.3705279Z   File "/usr/lib/python3.12/site-packages/pip/_internal/cli/base_command.py", line 98, in _inner_run
2026-02-11T15:30:45.3706071Z     return self.run(options, args)
2026-02-11T15:30:45.3706361Z            ^^^^^^^^^^^^^^^^^^^^^^^
2026-02-11T15:30:45.3706878Z   File "/usr/lib/python3.12/site-packages/pip/_internal/cli/req_command.py", line 96, in wrapper
2026-02-11T15:30:45.3707455Z     return func(self, options, args)
2026-02-11T15:30:45.3707763Z            ^^^^^^^^^^^^^^^^^^^^^^^^^
2026-02-11T15:30:45.3708280Z   File "/usr/lib/python3.12/site-packages/pip/_internal/commands/install.py", line 392, in run
2026-02-11T15:30:45.3708868Z     requirement_set = resolver.resolve(
2026-02-11T15:30:45.3709176Z                       ^^^^^^^^^^^^^^^^^
2026-02-11T15:30:45.3709778Z   File "/usr/lib/python3.12/site-packages/pip/_internal/resolution/resolvelib/resolver.py", line 79, in resolve
2026-02-11T15:30:45.3710525Z     collected = self.factory.collect_root_requirements(root_reqs)
2026-02-11T15:30:45.3710965Z                 ^^^^^^^^^^^^^^^^^^^^^^^^^^^^^^^^^^^^^^^^^^^^^^^^^
2026-02-11T15:30:45.3711701Z   File "/usr/lib/python3.12/site-packages/pip/_internal/resolution/resolvelib/factory.py", line 538, in collect_root_requirements
2026-02-11T15:30:45.3712589Z     reqs = list(
2026-02-11T15:30:45.3712831Z            ^^^^^
2026-02-11T15:30:45.3713499Z   File "/usr/lib/python3.12/site-packages/pip/_internal/resolution/resolvelib/factory.py", line 494, in _make_requirements_from_install_req
2026-02-11T15:30:45.3714171Z     cand = self._make_base_candidate_from_link(
2026-02-11T15:30:45.3714441Z            ^^^^^^^^^^^^^^^^^^^^^^^^^^^^^^^^^^^^
2026-02-11T15:30:45.3714998Z   File "/usr/lib/python3.12/site-packages/pip/_internal/resolution/resolvelib/factory.py", line 205, in _make_base_candidate_from_link
2026-02-11T15:30:45.3715641Z     self._editable_candidate_cache[link] = EditableCandidate(
2026-02-11T15:30:45.3715968Z                                            ^^^^^^^^^^^^^^^^^^
2026-02-11T15:30:45.3716478Z   File "/usr/lib/python3.12/site-packages/pip/_internal/resolution/resolvelib/candidates.py", line 343, in __init__
2026-02-11T15:30:45.3716973Z     super().__init__(
2026-02-11T15:30:45.3717394Z   File "/usr/lib/python3.12/site-packages/pip/_internal/resolution/resolvelib/candidates.py", line 161, in __init__
2026-02-11T15:30:45.3717892Z     self.dist = self._prepare()
2026-02-11T15:30:45.3718097Z                 ^^^^^^^^^^^^^^^
2026-02-11T15:30:45.3718570Z   File "/usr/lib/python3.12/site-packages/pip/_internal/resolution/resolvelib/candidates.py", line 238, in _prepare
2026-02-11T15:30:45.3719085Z     dist = self._prepare_distribution()
2026-02-11T15:30:45.3719323Z            ^^^^^^^^^^^^^^^^^^^^^^^^^^^^
2026-02-11T15:30:45.3719838Z   File "/usr/lib/python3.12/site-packages/pip/_internal/resolution/resolvelib/candidates.py", line 353, in _prepare_distribution
2026-02-11T15:30:45.3720479Z     return self._factory.preparer.prepare_editable_requirement(self._ireq)
2026-02-11T15:30:45.3720860Z            ^^^^^^^^^^^^^^^^^^^^^^^^^^^^^^^^^^^^^^^^^^^^^^^^^^^^^^^^^^^^^^^
2026-02-11T15:30:45.3721384Z   File "/usr/lib/python3.12/site-packages/pip/_internal/operations/prepare.py", line 713, in prepare_editable_requirement
2026-02-11T15:30:45.3721904Z     dist = _get_prepared_distribution(
2026-02-11T15:30:45.3722133Z            ^^^^^^^^^^^^^^^^^^^^^^^^^^^
2026-02-11T15:30:45.3722802Z   File "/usr/lib/python3.12/site-packages/pip/_internal/operations/prepare.py", line 77, in _get_prepared_distribution
2026-02-11T15:30:45.3723373Z     abstract_dist.prepare_distribution_metadata(
2026-02-11T15:30:45.3724079Z   File "/usr/lib/python3.12/site-packages/pip/_internal/distributions/sdist.py", line 53, in prepare_distribution_metadata
2026-02-11T15:30:45.3724610Z     self.req.editable_sanity_check()
2026-02-11T15:30:45.3725058Z   File "/usr/lib/python3.12/site-packages/pip/_internal/req/req_install.py", line 501, in editable_sanity_check
2026-02-11T15:30:45.3725696Z     if self.editable and not self.supports_pyproject_editable:
2026-02-11T15:30:45.3726015Z                              ^^^^^^^^^^^^^^^^^^^^^^^^^^^^^^^^
2026-02-11T15:30:45.3726324Z   File "/usr/lib/python3.12/functools.py", line 998, in __get__
2026-02-11T15:30:45.3726627Z     val = self.func(instance)
2026-02-11T15:30:45.3726822Z           ^^^^^^^^^^^^^^^^^^^
2026-02-11T15:30:45.3727258Z   File "/usr/lib/python3.12/site-packages/pip/_internal/req/req_install.py", line 237, in supports_pyproject_editable
2026-02-11T15:30:45.3727831Z     return "build_editable" in self.pep517_backend._supported_features()
2026-02-11T15:30:45.3728194Z                                ^^^^^^^^^^^^^^^^^^^^^^^^^^^^^^^^^^^^^^^^^
2026-02-11T15:30:45.3728691Z   File "/usr/lib/python3.12/site-packages/pip/_vendor/pyproject_hooks/_impl.py", line 180, in _supported_features
2026-02-11T15:30:45.3729202Z     return self._call_hook("_supported_features", {})
2026-02-11T15:30:45.3729482Z            ^^^^^^^^^^^^^^^^^^^^^^^^^^^^^^^^^^^^^^^^^^
2026-02-11T15:30:45.3729909Z   File "/usr/lib/python3.12/site-packages/pip/_vendor/pyproject_hooks/_impl.py", line 402, in _call_hook
2026-02-11T15:30:45.3730358Z     raise BackendUnavailable(
2026-02-11T15:30:45.3730767Z pip._vendor.pyproject_hooks._impl.BackendUnavailable: Cannot import 'setuptools.backends._legacy'
2026-02-11T15:30:45.7071986Z WARNING: The directory '/github/home/.cache/pip' or its parent directory is not owned or is not writable by the current user. The cache has been disabled. Check the permissions and owner of that directory. If executing pip with sudo, you should use sudo's -H flag.
2026-02-11T15:30:45.7370847Z error: externally-managed-environment
2026-02-11T15:30:45.7371294Z 
2026-02-11T15:30:45.7371803Z × This environment is externally managed
2026-02-11T15:30:45.7372161Z ╰─> 
2026-02-11T15:30:45.7372814Z     The system-wide python installation should be maintained using the system
2026-02-11T15:30:45.7373329Z     package manager (apk) only.
2026-02-11T15:30:45.7373620Z     
2026-02-11T15:30:45.7373988Z     If the package in question is not packaged already (and hence installable via
2026-02-11T15:30:45.7374625Z     "apk add py3-somepackage"), please consider installing it inside a virtual
2026-02-11T15:30:45.7375091Z     environment, e.g.:
2026-02-11T15:30:45.7375325Z     
2026-02-11T15:30:45.7375543Z     python3 -m venv /path/to/venv
2026-02-11T15:30:45.7375836Z     . /path/to/venv/bin/activate
2026-02-11T15:30:45.7376123Z     pip install mypackage
2026-02-11T15:30:45.7376362Z     
2026-02-11T15:30:45.7376587Z     To exit the virtual environment, run:
2026-02-11T15:30:45.7376882Z     
2026-02-11T15:30:45.7377069Z     deactivate
2026-02-11T15:30:45.7377274Z     
2026-02-11T15:30:45.7377630Z     The virtual environment is not deleted, and can be re-entered by re-sourcing
2026-02-11T15:30:45.7378109Z     the activate file.
2026-02-11T15:30:45.7378331Z     
2026-02-11T15:30:45.7378685Z     To automatically manage virtual environments, consider using pipx (from the
2026-02-11T15:30:45.7379162Z     pipx package).
2026-02-11T15:30:45.7379309Z 
2026-02-11T15:30:45.7380213Z note: If you believe this is a mistake, please contact your Python installation or OS distribution provider. You can override this, at the risk of breaking your Python installation or OS, by passing --break-system-packages.
2026-02-11T15:30:45.7381289Z hint: See PEP 668 for the detailed specification.
2026-02-11T15:30:45.7726660Z ##[error]Process completed with exit code 1.
2026-02-11T15:30:45.7829442Z Post job cleanup.
2026-02-11T15:30:45.7834172Z ##[command]/usr/bin/docker exec  8fb85abd649823f6eb6e253c1baf5d0775be7c3df40da0a4497ecf2ab2f2c359 sh -c "cat /etc/*release | grep ^ID"
2026-02-11T15:30:45.9799198Z [command]/usr/bin/git version
2026-02-11T15:30:45.9850067Z git version 2.45.4
2026-02-11T15:30:45.9927651Z Temporarily overriding HOME='/__w/_temp/558173b3-06e9-4aa6-adea-4b1388f465c5' before making global git config changes
2026-02-11T15:30:45.9929210Z Adding repository directory to the temporary git global config as a safe directory
2026-02-11T15:30:45.9935701Z [command]/usr/bin/git config --global --add safe.directory /__w/ImunoEdge/ImunoEdge
2026-02-11T15:30:45.9961137Z Removing SSH command configuration
2026-02-11T15:30:45.9968985Z [command]/usr/bin/git config --local --name-only --get-regexp core\.sshCommand
2026-02-11T15:30:46.0004056Z [command]/usr/bin/git submodule foreach --recursive sh -c "git config --local --name-only --get-regexp 'core\.sshCommand' && git config --local --unset-all 'core.sshCommand' || :"
2026-02-11T15:30:46.0188198Z Entering 'TaipanStack'
2026-02-11T15:30:46.0235447Z Removing HTTP extra header
2026-02-11T15:30:46.0241464Z [command]/usr/bin/git config --local --name-only --get-regexp http\.https\:\/\/github\.com\/\.extraheader
2026-02-11T15:30:46.0271953Z [command]/usr/bin/git submodule foreach --recursive sh -c "git config --local --name-only --get-regexp 'http\.https\:\/\/github\.com\/\.extraheader' && git config --local --unset-all 'http.https://github.com/.extraheader' || :"
2026-02-11T15:30:46.0454432Z Entering 'TaipanStack'
2026-02-11T15:30:46.0500632Z Removing includeIf entries pointing to credentials config files
2026-02-11T15:30:46.0507702Z [command]/usr/bin/git config --local --name-only --get-regexp ^includeIf\.gitdir:
2026-02-11T15:30:46.0531690Z includeif.gitdir:/__w/ImunoEdge/ImunoEdge/.git.path
2026-02-11T15:30:46.0532872Z includeif.gitdir:/__w/ImunoEdge/ImunoEdge/.git/worktrees/*.path
2026-02-11T15:30:46.0533589Z includeif.gitdir:/github/workspace/.git.path
2026-02-11T15:30:46.0534208Z includeif.gitdir:/github/workspace/.git/worktrees/*.path
2026-02-11T15:30:46.0545054Z [command]/usr/bin/git config --local --get-all includeif.gitdir:/__w/ImunoEdge/ImunoEdge/.git.path
2026-02-11T15:30:46.0568312Z /__w/_temp/git-credentials-13489718-d7a9-456c-873e-976d23a58097.config
2026-02-11T15:30:46.0578443Z [command]/usr/bin/git config --local --unset includeif.gitdir:/__w/ImunoEdge/ImunoEdge/.git.path /__w/_temp/git-credentials-13489718-d7a9-456c-873e-976d23a58097.config
2026-02-11T15:30:46.0623391Z [command]/usr/bin/git config --local --get-all includeif.gitdir:/__w/ImunoEdge/ImunoEdge/.git/worktrees/*.path
2026-02-11T15:30:46.0643130Z /__w/_temp/git-credentials-13489718-d7a9-456c-873e-976d23a58097.config
2026-02-11T15:30:46.0654069Z [command]/usr/bin/git config --local --unset includeif.gitdir:/__w/ImunoEdge/ImunoEdge/.git/worktrees/*.path /__w/_temp/git-credentials-13489718-d7a9-456c-873e-976d23a58097.config
2026-02-11T15:30:46.0695349Z [command]/usr/bin/git config --local --get-all includeif.gitdir:/github/workspace/.git.path
2026-02-11T15:30:46.0713877Z /github/runner_temp/git-credentials-13489718-d7a9-456c-873e-976d23a58097.config
2026-02-11T15:30:46.0725729Z [command]/usr/bin/git config --local --unset includeif.gitdir:/github/workspace/.git.path /github/runner_temp/git-credentials-13489718-d7a9-456c-873e-976d23a58097.config
2026-02-11T15:30:46.0768389Z [command]/usr/bin/git config --local --get-all includeif.gitdir:/github/workspace/.git/worktrees/*.path
2026-02-11T15:30:46.0786404Z /github/runner_temp/git-credentials-13489718-d7a9-456c-873e-976d23a58097.config
2026-02-11T15:30:46.0798449Z [command]/usr/bin/git config --local --unset includeif.gitdir:/github/workspace/.git/worktrees/*.path /github/runner_temp/git-credentials-13489718-d7a9-456c-873e-976d23a58097.config
2026-02-11T15:30:46.0842390Z [command]/usr/bin/git submodule foreach --recursive git config --local --show-origin --name-only --get-regexp remote.origin.url
2026-02-11T15:30:46.1028499Z Entering 'TaipanStack'
2026-02-11T15:30:46.1046317Z file:/__w/ImunoEdge/ImunoEdge/.git/modules/TaipanStack/config	remote.origin.url
2026-02-11T15:30:46.1076245Z [command]/usr/bin/git config --file /__w/ImunoEdge/ImunoEdge/.git/modules/TaipanStack/config --name-only --get-regexp ^includeIf\.gitdir:
2026-02-11T15:30:46.1097393Z includeif.gitdir:/__w/ImunoEdge/ImunoEdge/.git/modules/TaipanStack.path
2026-02-11T15:30:46.1098888Z includeif.gitdir:/github/workspace/.git/modules/TaipanStack.path
2026-02-11T15:30:46.1107571Z [command]/usr/bin/git config --file /__w/ImunoEdge/ImunoEdge/.git/modules/TaipanStack/config --get-all includeif.gitdir:/__w/ImunoEdge/ImunoEdge/.git/modules/TaipanStack.path
2026-02-11T15:30:46.1123867Z /__w/_temp/git-credentials-13489718-d7a9-456c-873e-976d23a58097.config
2026-02-11T15:30:46.1134735Z [command]/usr/bin/git config --file /__w/ImunoEdge/ImunoEdge/.git/modules/TaipanStack/config --unset includeif.gitdir:/__w/ImunoEdge/ImunoEdge/.git/modules/TaipanStack.path /__w/_temp/git-credentials-13489718-d7a9-456c-873e-976d23a58097.config
2026-02-11T15:30:46.1177432Z [command]/usr/bin/git config --file /__w/ImunoEdge/ImunoEdge/.git/modules/TaipanStack/config --get-all includeif.gitdir:/github/workspace/.git/modules/TaipanStack.path
2026-02-11T15:30:46.1195578Z /github/runner_temp/git-credentials-13489718-d7a9-456c-873e-976d23a58097.config
2026-02-11T15:30:46.1205867Z [command]/usr/bin/git config --file /__w/ImunoEdge/ImunoEdge/.git/modules/TaipanStack/config --unset includeif.gitdir:/github/workspace/.git/modules/TaipanStack.path /github/runner_temp/git-credentials-13489718-d7a9-456c-873e-976d23a58097.config
2026-02-11T15:30:46.1249201Z Removing credentials config '/__w/_temp/git-credentials-13489718-d7a9-456c-873e-976d23a58097.config'
2026-02-11T15:30:46.1415241Z Stop and remove container: b37ff8fa695f400b88173e45d3189013_alpine320_cd02eb
2026-02-11T15:30:46.1419601Z ##[command]/usr/bin/docker rm --force 8fb85abd649823f6eb6e253c1baf5d0775be7c3df40da0a4497ecf2ab2f2c359
2026-02-11T15:30:46.3639184Z 8fb85abd649823f6eb6e253c1baf5d0775be7c3df40da0a4497ecf2ab2f2c359
2026-02-11T15:30:46.3675942Z Remove container network: github_network_58ceaa96575f4059ae94084693b365b5
2026-02-11T15:30:46.3680189Z ##[command]/usr/bin/docker network rm github_network_58ceaa96575f4059ae94084693b365b5
2026-02-11T15:30:46.5081779Z github_network_58ceaa96575f4059ae94084693b365b5
2026-02-11T15:30:46.5142186Z Cleaning up orphan processes
